
------------------------------------------------------------------------
[>>>] R08 (R08_adverse_lattice)
------------------------------------------------------------------------
[*] [Gate] R08
[+] [OK] R08

------------------------------------------------------------------------
[>>>] R17 (R17_econometric_baseline)
------------------------------------------------------------------------
[*] [Gate] R17
[+] [OK] R17

------------------------------------------------------------------------
[>>>] R16 (R16_regime_census)
------------------------------------------------------------------------
[*] [Gate] R16
[+] [OK] R16

------------------------------------------------------------------------
[>>>] R04 (R04_isofpr_race)
------------------------------------------------------------------------
[*] [Gate] R04
[+] [OK] R04

------------------------------------------------------------------------
[>>>] R04b (R04b_nu_refinement)
------------------------------------------------------------------------
[*] [Gate] R04b
[+] [OK] R04b

------------------------------------------------------------------------
[>>>] R01 (R01_real_world_backtest)
------------------------------------------------------------------------
[*] [Gate] R01
[+] [OK] R01

------------------------------------------------------------------------
[>>>] R02 (R02_whitening_ljungbox)
------------------------------------------------------------------------
[*] [Gate] R02
[+] [OK] R02

------------------------------------------------------------------------
[>>>] R02b (R02b_iid_arm_resolution)
------------------------------------------------------------------------
[*] [Gate] R02b
[+] [OK] R02b

------------------------------------------------------------------------
[>>>] R02c (R02c_horizon_sweep)
------------------------------------------------------------------------
[*] [Gate] R02c
[+] [OK] R02c

------------------------------------------------------------------------
[>>>] R03 (R03_fpr_explosion)
------------------------------------------------------------------------
[*] [Gate] R03
[+] [OK] R03

------------------------------------------------------------------------
[>>>] R05 (R05_scale_law)
------------------------------------------------------------------------
[*] [Gate] R05
[+] [OK] R05

------------------------------------------------------------------------
[>>>] R06 (R06_validity_map)
------------------------------------------------------------------------
[*] [Gate] R06
[+] [OK] R06

------------------------------------------------------------------------
[>>>] R07 (R07_estimated_mean)
------------------------------------------------------------------------
[*] [Gate] R07

------------------------------------------------------------------------
[>>>] R09 (R09_eprocess_anytime)
------------------------------------------------------------------------
[*] [Gate] R09
[+] [OK] R09

------------------------------------------------------------------------
[>>>] R10 (R10_skew_robustness)
------------------------------------------------------------------------
[*] [Gate] R10
[+] [OK] R10

------------------------------------------------------------------------
[>>>] R11 (R11_multi_detector)
------------------------------------------------------------------------
[*] [Gate] R11
[+] [OK] R11

------------------------------------------------------------------------
[>>>] R12 (R12_gjr_student)
------------------------------------------------------------------------
[*] [Gate] R12
[+] [OK] R12

------------------------------------------------------------------------
[>>>] R13 (R13_oracle_ceiling)
------------------------------------------------------------------------
[*] [Gate] R13
[+] [OK] R13

------------------------------------------------------------------------
[>>>] R14 (R14_crypto_isofpr)
------------------------------------------------------------------------
[*] [Gate] R14
[+] [OK] R14

------------------------------------------------------------------------
[>>>] R15 (R15_cross_sectional)
------------------------------------------------------------------------
[*] [Gate] R15

------------------------------------------------------------------------
[>>>] R18 (R18_ljungbox_power)
------------------------------------------------------------------------
[*] [Gate] R18
[+] [OK] R18

========================================================================
[*] Passed : 19/21
[!] Failed:
  - R07 (gate)
  - R15 (gate)
