2026-09-04 20:16:15 | INFO | PYTHONHASHSEED correctly pinned to 42 before interpreter start.
2026-09-04 20:16:15 | INFO | Python: 3.12.9
2026-09-04 20:16:15 | INFO |   numpy: 1.26.4
2026-09-04 20:16:15 | INFO |   pandas: 2.3.2
2026-09-04 20:16:15 | INFO |   scipy: 1.16.2
2026-09-04 20:16:15 | INFO |   statsmodels: 0.14.5
2026-09-04 20:16:15 | INFO |   matplotlib: 3.10.6
2026-09-04 20:16:15 | INFO |   yfinance: 1.2.0
2026-09-04 20:16:15 | INFO |   pytest: 9.0.3
2026-09-04 20:16:15 | INFO | R15 (b) regenerates v87 Figure 17 (fig:cross_section) and every numeral of L376: the cross-sectional sign monitor on 97 surviving US equities, 2005-2025, under an independence calibration and under a real-window bootstrap.
2026-09-04 20:16:15 | INFO | Worker processes requested: 48. `executor.map` preserves submission order and every task is keyed, so no artefact depends on this number (control C10).
2026-09-04 20:16:15 | INFO | MKL_CBWR = 'COMPATIBLE': the repository's canonical determinism bootstrap. It constrains the BLAS to one instruction-set behaviour, which is NOT the one the submitted campaign ran under. The consequence is measured by control C1 leg 3 below and registered as `R15-mkl-cbwr-rho`.
2026-09-04 20:16:16 | INFO | Panel R15_panel_logreturns.csv: 97 tickers x 5154 days [2005-01-04..2025-06-30], SHA-256 fb426ab0e7e112de61f112952737fd38ea103bd90e1989defa6d33dc086bcf8f (submitted campaign: fb426ab0e7e112de61f112952737fd38ea103bd90e1989defa6d33dc086bcf8f; match: True).
2026-09-04 20:16:16 | INFO | SPECIFICATION: H_ref=500, H_det=750 ('finite real panel: shorter horizon => more distinct, less-overlapping windows', delivered line 173), TARGET_FPR=0.05, N_CAL=20000, N_RACE=2000, MASTER_SEED=42, DET_RATE_FLOOR=0.9, K_GRID=[1, 5, 10, 20, 30, 40, 50, 60, 75, 97] (K_max read from the panel, never typed), C_GRID=[0.1, 0.25, 0.5, 0.75, 1.0], plotted c = C_GRID[1] = 0.25.
2026-09-04 20:16:16 | INFO | SPECIFICATION OF A BRANCH THIS PORT DOES NOT RUN, recorded so the omission is legible: the delivered `--source synthetic` branch carries {'alpha': 0.08, 'beta': 0.9, 'nu': 7.0, 'H_det': 2000, 'K_GRID': (1, 50, 100, 200, 500), 'RHO_GRID': (0.0, 0.05, 0.1, 0.2, 0.3, 0.5)}. It produces Figure 29, which is NOT in v87, and the scope filter of this stream is strictly v87's content. The `--fast` branch is removed outright: a second grid is a second campaign and v87 publishes one.
2026-09-04 20:16:16 | INFO | THE WINDOW POPULATION IS FINITE AND SMALL, and every design effect below follows from it: H_ref + H_det = 1250 on T = 5154 days admits exactly 3905 distinct window starts. N_CAL = 20000 draws therefore enumerate that population about 5.1 times over, and two windows can share up to 1249 of their 1250 days. The calibration and evaluation sets are DISJOINT IN SEED and drawn from the SAME 3905 windows.
2026-09-04 20:16:16 | INFO | C9 source identity: 8 primitives byte-identical to the files that own them (2050 characters compared) -- strict_cusum, bilateral_delay, cusum_max_bilateral, wilson_ci and fraction_stream against Priorite_25c_real_cross_sectional_escape_UPDATED.py, and get_deterministic_seed, seed_sequence_for and rng_for against exp_R13_oracle_ceiling_a.py. Preamble S4.2 forbids hoisting any of them into experiments/common/: strict_cusum, bilateral_delay and wilson_ci all differ between this witness and the R01/R03/R04/R11/R13/R14 copies, so the duplication is deliberate. Deterministic; trigger probability 0 unless a copy has drifted.
2026-09-04 20:16:16 | INFO | C9 ADAPTED ROUTINES. ['worker_null_window_real', 'worker_race_h1_real'] cannot be byte-compared: each takes an injected generator where Priorite_25c_real_cross_sectional_escape_UPDATED.py builds one from an integer seed inside the function body. That is the ONLY line that differs in either. The witness source of each is quoted in full below; the two segments total 1524 characters.
2026-09-04 20:16:16 | INFO | C9 witness SHA-256 of worker_null_window_real: 4bd74fdd7bce0c5be87bf7216699438fe0831109dcb1eaf6673487410f048391
2026-09-04 20:16:16 | INFO | C9 witness source of worker_null_window_real:
def worker_null_window_real(seed, eps_K_full, H_ref, H_det):
    """Windowed REAL null (c=0), byte-for-byte commensurable with worker_race_h1_real:
    a random window, per-window median/std recentring on the H_ref past (non-anticipative),
    no injection. cusum_max > lambda is equivalent to bilateral_delay firing, so this null
    is the exact false-alarm construction of the H1 race pipeline at c=0."""
    rng = np.random.default_rng(seed)
    K, T_full = eps_K_full.shape
    t_start = rng.integers(0, T_full - (H_ref + H_det) + 1)
    w = eps_K_full[:, t_start:t_start + H_ref + H_det]
    med = np.median(w[:, :H_ref], axis=1, keepdims=True)
    std = np.std(w[:, :H_ref], axis=1, keepdims=True); std[std == 0] = 1.0
    z = (w - med) / std
    x = fraction_stream(z)[H_ref:]
    return cusum_max_bilateral(x, 0.0)
2026-09-04 20:16:16 | INFO | C9 witness SHA-256 of worker_race_h1_real: 435269f587adfda59b2d807d160701aec2516e8c71c2654706e90d692a0b1c1e
2026-09-04 20:16:16 | INFO | C9 witness source of worker_race_h1_real:
def worker_race_h1_real(seed, eps_K_full, H_ref, H_det, c, lam_boot):
    rng = np.random.default_rng(seed)
    K, T_full = eps_K_full.shape
    max_start = T_full - (H_ref + H_det)
    t_start = rng.integers(0, max_start + 1)
    eps_window = eps_K_full[:, t_start : t_start + H_ref + H_det]
    
    # Standardisation sur H_ref pour l'injection c*sigma
    med = np.median(eps_window[:, :H_ref], axis=1, keepdims=True)
    std = np.std(eps_window[:, :H_ref], axis=1, keepdims=True)
    std[std == 0] = 1.0
    eps_std = (eps_window - med) / std
    
    # Injection semi-réelle H1
    eps_std[:, H_ref:] += c
    
    x = fraction_stream(eps_std)[H_ref:]
    return bilateral_delay(x, 0.0, lam_boot)
2026-09-04 20:16:16 | INFO | C9 SUPERSEDED load_real_panel: witness segment SHA-256 80c6d657493e58e7123e810626fe5b985c176657347d25af117d5b97e188edf4 (171 characters) -- replaced by an explicit read of data/derived_equities/ with round-trip parsing and a digest.
2026-09-04 20:16:16 | INFO | C9 SUPERSEDED run_experiment: witness segment SHA-256 041818b959854006e88721abd6ba917e48988054cb4d2eb0fb78d2c58f8ed593 (13667 characters) -- the --fast branch and the --source synthetic branch are both out of scope.
2026-09-04 20:16:16 | INFO | C9 SUPERSEDED run_real_experiment: witness segment SHA-256 f3b18af76a24edbe9c1c200ef46c2f48d2d1a0c4c23261b5f7f893e8ad4bf0df (12979 characters) -- restructured: injected generators, pool initialiser, design effects, and no halting gate on a continuous Monte-Carlo value.
2026-09-04 20:16:16 | INFO | C9 SUPERSEDED setup_logger: witness segment SHA-256 98d7c0f92cad2535469cbd9053268cb89f96c35c231f5403b977cae867c2fba1 (704 characters) -- replaced by experiments/common/fair_harness.setup_logging.
2026-09-04 20:16:16 | INFO | C9 SUPERSEDED simulate_panel: witness segment SHA-256 1dd81b4c3c4f7e13931019432b0ac55cdf0c74dc914de7cbcdf4c61e9b5bf9a1 (817 characters) -- synthetic branch only (Figure 29, not in v87); no call site in scope.
2026-09-04 20:16:16 | INFO | C9 SUPERSEDED standardized_t: witness segment SHA-256 bbe1b63b5e67f243f3aeeb0dcde24129181462a69954a82d8522a87d285be7e3 (110 characters) -- synthetic branch only (Figure 29, not in v87); no call site in scope.
2026-09-04 20:16:16 | INFO | C9 SUPERSEDED worker_boot_calib: witness segment SHA-256 abb3a7ef26add152477f73dfe05d6470382b58b7664de78bde9d5a38213c7284 (249 characters) -- synthetic branch only; no call site in scope.
2026-09-04 20:16:16 | INFO | C9 SUPERSEDED worker_race_h0: witness segment SHA-256 7cc3b87182fe4022ad48821016465ec7e7d383df21d8e3721ae0f90f41eb8172 (305 characters) -- synthetic branch only; no call site in scope.
2026-09-04 20:16:16 | INFO | C9 SUPERSEDED worker_race_h1: witness segment SHA-256 430bcf26cb14645fde08d4b0fc2c0b61bc1ad87a07b9921fe554db489dbbe8e1 (290 characters) -- synthetic branch only; no call site in scope.
2026-09-04 20:16:16 | INFO | C9 REPORTED, NOT SETTLED: the R15 prompt's C9 names `simulate_panel` and `standardized_t` among the primitives to carry. Neither has a call site in scope. Both serve the `--source synthetic` branch alone, which produces Figure 29, and Figure 29 is not in v87. They are pinned by digest above and not quoted, which is preamble S4.2's treatment for a superseded routine; the over-specification is carried to docs/audits/AUDIT_R15.md as an open question.
2026-09-04 20:16:16 | INFO | GRID PROVENANCE Priorite_25c_real_cross_sectional_escape_UPDATED.py (SHA-256 04bb704cb54742c71586091b0c7c13d937e5a8d7c0f9abf72bb0c4ea235548fa) line 167: K_GRID = [1, 5, 10, 20, 30, 40, 50, 60, 75, K_max]
2026-09-04 20:16:16 | INFO | GRID PROVENANCE Priorite_25c_real_cross_sectional_escape.py (SHA-256 c8024944b53281087025913d63948969f5a8fe7f788064affdd836d6e7212812) line 167: K_GRID = [1, 20, 50, K_max]
2026-09-04 20:16:16 | INFO | GRID PROVENANCE, resolved against both vendored artefacts. Priorite_25c_real_cross_sectional_escape_UPDATED.py declares the TEN-point grid at line 167 and Priorite_25c_real_cross_sectional_escape_UPDATED.log runs K = 5 and K = 10, which no four-point grid can produce; Priorite_25c_real_cross_sectional_escape.py declares the FOUR-point grid at the same line number and Priorite_25c_real_cross_sectional_escape.log runs K = 1, 20, 50, 97 only. The two runs AGREE EXACTLY at every shared K -- FPR_naive = 0.1115 / FPR_boot = 0.0490 at K = 1 in both -- so they are the same code path on two grids, and the superseded log is timestamped 19:25 against the ten-point 14:16 of the SAME DAY: the four-point run is a later, COARSER re-run, not a predecessor. v87 embeds Fig30_RealCrossSectional_Escape_UPDATED.png, the ten-point figure. The published grid is therefore RECOVERED FROM A SOURCE LINE and is not read off the artefact. docs/DEVIATIONS.md :: R15-grid-provenance records the pair, Class A, no severity.
2026-09-04 20:16:16 | INFO | C1 leg 2: the 3 statements that define the frozen composition are byte-identical to Priorite_25c_real_cross_sectional_escape_UPDATED.py::run_real_experiment -- `cell_seed_base = int(hashlib.md5(f"real_{K}_{MASTER_SEED}".encode()).hexdigest(), 16) % (2**32)` | `rng_diag = np.random.default_rng(cell_seed_base)` | `assets_idx = rng_diag.choice(K_max, size=K, replace=False)`. Deterministic; trigger probability 0.
2026-09-04 20:16:16 | INFO | C1 leg 1: the frozen composition is bit-identical to the witness at all 10 values of K, integer array against integer array, replayed by EXECUTING Priorite_25c_real_cross_sectional_escape_UPDATED.py's own statements rather than by resembling them. Deterministic; trigger probability 0.
2026-09-04 20:16:16 | INFO | Frozen compositions, made inspectable rather than implicit: K=1 -> ['SLB']; K=5 -> ['COST', 'SHW', 'SO', 'MDLZ', 'PSA']; K=10 -> ['GOOGL', 'MMM', 'KLAC', 'GIS', 'SLB']...; K=20 -> ['WM', 'MMM', 'UPS', 'MSFT', 'EMR']...; K=30 -> ['GOOGL', 'COST', 'CSX', 'NEE', 'EXC']...; K=40 -> ['DHR', 'SO', 'INTU', 'CSX', 'AXP']...; K=50 -> ['MDLZ', 'DUK', 'JNJ', 'CAT', 'ADBE']...; K=60 -> ['LLY', 'CB', 'HON', 'ROP', 'NEE']...; K=75 -> ['MMM', 'XOM', 'MCD', 'ITW', 'MU']...; K=97 -> ['JNJ', 'AMD', 'ADP', 'IBM', 'KMB']...
2026-09-04 20:16:16 | INFO | Witness protocol_25c_real_panel_diagnostics_UPDATED.csv: 10 rows, SHA-256 66fb8ca10d7fe338c875988e1006f022abdd4cac96a6464fe265495e6e2f71d0.
2026-09-04 20:16:16 | INFO | Witness protocol_25d_real_cross_sectional_race_UPDATED.csv: 50 rows, SHA-256 3ac200b8e26a9e821e86efd1b16de0cc854a5c5bb1308c1aba3856552f962230.
2026-09-04 20:16:16 | INFO | Witness protocol_25e_covid_natural.csv: 10 rows, SHA-256 e6eb229a822d6d4b0204adeeb747909dab5e502e9cd9b93e94fc9a35e8a81b6b.
2026-09-04 20:16:16 | INFO | Diagnostics K=1: rho_sign_meas=0.0, K_eff_meas=1.0, K_eff_ana=1.0, ljungbox_p_Pt=9.8412e-01, K_eff_meas/K_eff_ana=1.000000. Delivered controls (a) non-anticipativity max recentring diff = 0.00e+00, (g) bounds max|P_t|=0.5000, NaNs=False.
2026-09-04 20:16:16 | INFO | Diagnostics K=5: rho_sign_meas=0.2577415599534342, K_eff_meas=2.461882379915166, K_eff_ana=2.461882379915167, ljungbox_p_Pt=1.9465e-01, K_eff_meas/K_eff_ana=1.000000. Delivered controls (a) non-anticipativity max recentring diff = 0.00e+00, (g) bounds max|P_t|=0.5000, NaNs=False.
2026-09-04 20:16:16 | INFO | Diagnostics K=10: rho_sign_meas=0.2590451404770512, K_eff_meas=3.006299797776757, K_eff_ana=3.001735365386558, ljungbox_p_Pt=1.4686e-01, K_eff_meas/K_eff_ana=1.001521. Delivered controls (a) non-anticipativity max recentring diff = 0.00e+00, (g) bounds max|P_t|=0.5000, NaNs=False.
2026-09-04 20:16:16 | INFO | Diagnostics K=20: rho_sign_meas=0.28810195766064206, K_eff_meas=3.091784464945219, K_eff_ana=3.0893101671948, ljungbox_p_Pt=4.2705e-03, K_eff_meas/K_eff_ana=1.000801. Delivered controls (a) non-anticipativity max recentring diff = 0.00e+00, (g) bounds max|P_t|=0.5000, NaNs=False.
2026-09-04 20:16:16 | INFO | Diagnostics K=30: rho_sign_meas=0.2565631287605355, K_eff_meas=3.556794027204368, K_eff_ana=3.5543630866210356, ljungbox_p_Pt=2.6398e-04, K_eff_meas/K_eff_ana=1.000684. Delivered controls (a) non-anticipativity max recentring diff = 0.00e+00, (g) bounds max|P_t|=0.5000, NaNs=False.
2026-09-04 20:16:16 | INFO | Diagnostics K=40: rho_sign_meas=0.25894598001720637, K_eff_meas=3.6075628422905197, K_eff_ana=3.6039629542072094, ljungbox_p_Pt=1.0865e-04, K_eff_meas/K_eff_ana=1.000999. Delivered controls (a) non-anticipativity max recentring diff = 0.00e+00, (g) bounds max|P_t|=0.5000, NaNs=False.
2026-09-04 20:16:16 | INFO | Diagnostics K=50: rho_sign_meas=0.2535884359346774, K_eff_meas=3.725011576922399, K_eff_ana=3.7241636073027857, ljungbox_p_Pt=3.7368e-04, K_eff_meas/K_eff_ana=1.000228. Delivered controls (a) non-anticipativity max recentring diff = 0.00e+00, (g) bounds max|P_t|=0.5000, NaNs=False.
2026-09-04 20:16:16 | INFO | Diagnostics K=60: rho_sign_meas=0.26016530362274, K_eff_meas=3.672616073161605, K_eff_ana=3.6697802294963813, ljungbox_p_Pt=2.6181e-04, K_eff_meas/K_eff_ana=1.000773. Delivered controls (a) non-anticipativity max recentring diff = 0.00e+00, (g) bounds max|P_t|=0.5000, NaNs=False.
2026-09-04 20:16:16 | INFO | Diagnostics K=75: rho_sign_meas=0.25464259856555704, K_eff_meas=3.7827310980487914, K_eff_ana=3.779565215409527, ljungbox_p_Pt=1.9857e-04, K_eff_meas/K_eff_ana=1.000838. Delivered controls (a) non-anticipativity max recentring diff = 0.00e+00, (g) bounds max|P_t|=0.5000, NaNs=False.
2026-09-04 20:16:16 | INFO | Diagnostics K=97: rho_sign_meas=0.2602304384079964, K_eff_meas=3.7370099487341837, K_eff_ana=3.733336317740861, ljungbox_p_Pt=1.9778e-04, K_eff_meas/K_eff_ana=1.000984. Delivered controls (a) non-anticipativity max recentring diff = 0.00e+00, (g) bounds max|P_t|=0.5000, NaNs=False.
2026-09-04 20:16:16 | INFO | C1: at K = 1 the median split of 5154 (even) values gives exactly 2577 strictly positive returns and 0 ties, so P_t = +-0.5 with zero mean, Var(P_t) = 0.25 and K_eff_meas = 1/(4*0.25) = 1.0 EXACTLY; rho_sign_meas = 0.0 is an identity of a one-stream panel and not a measurement. Deterministic; P(fire | H0) = 0.
2026-09-04 20:16:16 | INFO | C1 leg 3 K=1: reordering bound T*K*eps = 1.144e-12; realised relative differences against the witness -- rho_sign_meas 0.000e+00 (0.00e+00 of bound), K_eff_meas 0.000e+00 (0.00e+00 of bound), K_eff_ana 0.000e+00 (0.00e+00 of bound), ljungbox_p_Pt 0.000e+00 (0.00e+00 of bound).
2026-09-04 20:16:16 | INFO | C1 leg 3 K=5: reordering bound T*K*eps = 5.722e-12; realised relative differences against the witness -- rho_sign_meas 0.000e+00 (0.00e+00 of bound), K_eff_meas 0.000e+00 (0.00e+00 of bound), K_eff_ana 0.000e+00 (0.00e+00 of bound), ljungbox_p_Pt 0.000e+00 (0.00e+00 of bound).
2026-09-04 20:16:16 | INFO | C1 leg 3 K=10: reordering bound T*K*eps = 1.144e-11; realised relative differences against the witness -- rho_sign_meas 3.214e-15 (2.81e-04 of bound), K_eff_meas 0.000e+00 (0.00e+00 of bound), K_eff_ana 2.367e-15 (2.07e-04 of bound), ljungbox_p_Pt 0.000e+00 (0.00e+00 of bound).
2026-09-04 20:16:16 | INFO | C1 leg 3 K=20: reordering bound T*K*eps = 2.289e-11; realised relative differences against the witness -- rho_sign_meas 1.927e-15 (8.42e-05 of bound), K_eff_meas 0.000e+00 (0.00e+00 of bound), K_eff_ana 1.581e-15 (6.91e-05 of bound), ljungbox_p_Pt 0.000e+00 (0.00e+00 of bound).
2026-09-04 20:16:16 | INFO | C1 leg 3 K=30: reordering bound T*K*eps = 3.433e-11; realised relative differences against the witness -- rho_sign_meas 0.000e+00 (0.00e+00 of bound), K_eff_meas 0.000e+00 (0.00e+00 of bound), K_eff_ana 0.000e+00 (0.00e+00 of bound), ljungbox_p_Pt 0.000e+00 (0.00e+00 of bound).
2026-09-04 20:16:16 | INFO | C1 leg 3 K=40: reordering bound T*K*eps = 4.578e-11; realised relative differences against the witness -- rho_sign_meas 4.287e-16 (9.37e-06 of bound), K_eff_meas 0.000e+00 (0.00e+00 of bound), K_eff_ana 4.929e-16 (1.08e-05 of bound), ljungbox_p_Pt 0.000e+00 (0.00e+00 of bound).
2026-09-04 20:16:16 | INFO | C1 leg 3 K=50: reordering bound T*K*eps = 5.722e-11; realised relative differences against the witness -- rho_sign_meas 4.378e-16 (7.65e-06 of bound), K_eff_meas 0.000e+00 (0.00e+00 of bound), K_eff_ana 4.770e-16 (8.34e-06 of bound), ljungbox_p_Pt 0.000e+00 (0.00e+00 of bound).
2026-09-04 20:16:16 | INFO | C1 leg 3 K=60: reordering bound T*K*eps = 6.867e-11; realised relative differences against the witness -- rho_sign_meas 1.280e-15 (1.86e-05 of bound), K_eff_meas 0.000e+00 (0.00e+00 of bound), K_eff_ana 1.089e-15 (1.59e-05 of bound), ljungbox_p_Pt 0.000e+00 (0.00e+00 of bound).
2026-09-04 20:16:16 | INFO | C1 leg 3 K=75: reordering bound T*K*eps = 8.583e-11; realised relative differences against the witness -- rho_sign_meas 6.540e-16 (7.62e-06 of bound), K_eff_meas 0.000e+00 (0.00e+00 of bound), K_eff_ana 5.875e-16 (6.84e-06 of bound), ljungbox_p_Pt 0.000e+00 (0.00e+00 of bound).
2026-09-04 20:16:16 | INFO | C1 leg 3 K=97: reordering bound T*K*eps = 1.110e-10; realised relative differences against the witness -- rho_sign_meas 8.533e-16 (7.69e-06 of bound), K_eff_meas 0.000e+00 (0.00e+00 of bound), K_eff_ana 8.327e-16 (7.50e-06 of bound), ljungbox_p_Pt 0.000e+00 (0.00e+00 of bound).
2026-09-04 20:16:16 | INFO | C1 leg 3: the four RNG-free columns sit inside the mechanism-derived reordering bound at all 10 values of K. Worst realised relative difference per column -- rho_sign_meas 3.214e-15 at K = 10, K_eff_meas 0.000e+00 (bit-identical at every K), K_eff_ana 2.367e-15 at K = 10, ljungbox_p_Pt 0.000e+00 (bit-identical at every K). THE AGREEMENT IS GUARANTEED BY THE FROZEN COMPOSITION and is evidence of port fidelity ALONE: it says nothing whatever about the sampling behaviour of rho or of K_eff, whose only draw was frozen before the campaign began.
2026-09-04 20:16:16 | INFO | C2 -- consistency of the two K_eff estimators. Max relative gap |K_eff_meas - K_eff_ana| / K_eff_ana = 1.520598e-03 at K = 10. It is an EXTREMUM OVER A GRID and therefore gates nothing (S4bis, fourth corollary). Its envelope is derived from SE(rho) ~ 1/sqrt(T) = 1.392925e-02, NEVER from the observed gap: a one-SE move of rho displaces K_eff_ana by 5.194e-02 in relative terms at its widest (K = 75), so the measured gap sits at 0.0293 of one sampling standard error of the input it is a function of.
2026-09-04 20:16:16 | INFO | C4 -- temporal whiteness of P_t, ten Ljung-Box tests at lag 20. THE FAMILY-WISE ARITHMETIC, LOGGED BEFORE ANY INTERPRETATION: reading 10 independent tests at the 5% level as one verdict triggers with probability 1 - 0.95^10 = 0.401 = 40.1% under a true null of whiteness at every K. The publishable statistic is therefore the SWITCH POINT max{K : p >= 0.05}, which is RNG-free and reads one boundary rather than ten tests.
2026-09-04 20:16:16 | INFO | C4: whiteness holds up to K = 10 and fails from K = 20 onward. The p-values in K order: K=1: 9.8412e-01, K=5: 1.9465e-01, K=10: 1.4686e-01, K=20: 4.2705e-03, K=30: 2.6398e-04, K=40: 1.0865e-04, K=50: 3.7368e-04, K=60: 2.6181e-04, K=75: 1.9857e-04, K=97: 1.9778e-04.
2026-09-04 20:16:16 | INFO | C4 KS STATISTIC, DESCRIPTIVE AND NON-NULL-BEARING: D = 0.7053483714150465, p = 1.589494109493783e-05 against Uniform(0,1). IT IS NOT A TEST HERE AND GATES NOTHING. The ten p-values come from nested-in-distribution asset subsets of ONE panel over ONE common 5154-day index -- K = 5 is a subset of the same 97 series as K = 97 -- so they are strongly dependent and the Uniform(0,1) null does not hold even under perfect whiteness. It is persisted because a statistic computed and withheld is worse than one computed and qualified.
2026-09-04 20:16:24 | INFO | Bootstrap [FPR_boot K=1]: B = 2000, moving blocks of 1280 t_start-ordered replicates over n = 2000, 95% percentile interval [0.0305, 0.067] around a mean of 0.0475.
2026-09-04 20:16:24 | INFO | Calibration K=1: lambda_naive=33.5, lambda_boot=38.0, FPR_naive=0.1040, FPR_boot=0.0475 (delivered Control (c) band (0.03, 0.07): inside). q_hat over the 2000 held-out windows: mean 0.5005913333333334, sd 0.02310547628125762, range [0.448, 0.5626666666666666].
2026-09-04 20:16:33 | INFO | Bootstrap [FPR_boot K=5]: B = 2000, moving blocks of 1280 t_start-ordered replicates over n = 2000, 95% percentile interval [0.0, 0.106] around a mean of 0.053.
2026-09-04 20:16:33 | INFO | Calibration K=5: lambda_naive=15.000000000000012, lambda_boot=34.2, FPR_naive=0.5475, FPR_boot=0.0530 (delivered Control (c) band (0.03, 0.07): inside). q_hat over the 2000 held-out windows: mean 0.5031546666666666, sd 0.02041580348282325, range [0.4632, 0.564].
2026-09-04 20:16:42 | INFO | Bootstrap [FPR_boot K=10]: B = 2000, moving blocks of 1280 t_start-ordered replicates over n = 2000, 95% percentile interval [0.0, 0.103] around a mean of 0.0515.
2026-09-04 20:16:42 | INFO | Calibration K=10: lambda_naive=10.599999999999993, lambda_boot=24.599999999999966, FPR_naive=0.5940, FPR_boot=0.0515 (delivered Control (c) band (0.03, 0.07): inside). q_hat over the 2000 held-out windows: mean 0.5042473333333334, sd 0.013144765615948266, range [0.47773333333333334, 0.5448].
2026-09-04 20:16:52 | INFO | Bootstrap [FPR_boot K=20]: B = 2000, moving blocks of 1280 t_start-ordered replicates over n = 2000, 95% percentile interval [0.0485, 0.098] around a mean of 0.05.
2026-09-04 20:16:52 | INFO | Calibration K=20: lambda_naive=7.4999999999999964, lambda_boot=19.900000000000006, FPR_naive=0.9015, FPR_boot=0.0500 (delivered Control (c) band (0.03, 0.07): inside). q_hat over the 2000 held-out windows: mean 0.5023525333333333, sd 0.012287444622093068, range [0.4776, 0.5352666666666667].
2026-09-04 20:17:02 | INFO | Bootstrap [FPR_boot K=30]: B = 2000, moving blocks of 1280 t_start-ordered replicates over n = 2000, 95% percentile interval [0.0045, 0.0945] around a mean of 0.0495.
2026-09-04 20:17:02 | INFO | Calibration K=30: lambda_naive=6.133333333333337, lambda_boot=21.966666666666633, FPR_naive=0.9695, FPR_boot=0.0495 (delivered Control (c) band (0.03, 0.07): inside). q_hat over the 2000 held-out windows: mean 0.5033687333333333, sd 0.012200128718831497, range [0.47773333333333334, 0.5410222222222222].
2026-09-04 20:17:12 | INFO | Bootstrap [FPR_boot K=40]: B = 2000, moving blocks of 1280 t_start-ordered replicates over n = 2000, 95% percentile interval [0.014, 0.103] around a mean of 0.0585.
2026-09-04 20:17:12 | INFO | Calibration K=40: lambda_naive=5.3, lambda_boot=23.54999999999999, FPR_naive=0.9955, FPR_boot=0.0585 (delivered Control (c) band (0.03, 0.07): inside). q_hat over the 2000 held-out windows: mean 0.5030470166666666, sd 0.014699978692647216, range [0.4725, 0.5444333333333333].
2026-09-04 20:17:23 | INFO | Bootstrap [FPR_boot K=50]: B = 2000, moving blocks of 1280 t_start-ordered replicates over n = 2000, 95% percentile interval [0.002, 0.086] around a mean of 0.044.
2026-09-04 20:17:23 | INFO | Calibration K=50: lambda_naive=4.8000000000000025, lambda_boot=18.360000000000014, FPR_naive=0.9830, FPR_boot=0.0440 (delivered Control (c) band (0.03, 0.07): inside). q_hat over the 2000 held-out windows: mean 0.5021123866666667, sd 0.011494366038108415, range [0.47912, 0.5395466666666666].
2026-09-04 20:17:35 | INFO | Bootstrap [FPR_boot K=60]: B = 2000, moving blocks of 1280 t_start-ordered replicates over n = 2000, 95% percentile interval [0.0025, 0.0935] around a mean of 0.0485.
2026-09-04 20:17:35 | INFO | Calibration K=60: lambda_naive=4.349999999999993, lambda_boot=19.835, FPR_naive=1.0000, FPR_boot=0.0485 (delivered Control (c) band (0.03, 0.07): inside). q_hat over the 2000 held-out windows: mean 0.503156488888889, sd 0.012799098847115827, range [0.47544444444444445, 0.5432444444444444].
2026-09-04 20:17:45 | INFO | Bootstrap [FPR_boot K=75]: B = 2000, moving blocks of 1280 t_start-ordered replicates over n = 2000, 95% percentile interval [0.002, 0.077] around a mean of 0.0395.
2026-09-04 20:17:45 | INFO | Calibration K=75: lambda_naive=3.900000000000001, lambda_boot=19.1733333333333, FPR_naive=1.0000, FPR_boot=0.0395 (delivered Control (c) band (0.03, 0.07): inside). q_hat over the 2000 held-out windows: mean 0.5027307022222223, sd 0.011934058985952015, range [0.4774933333333333, 0.5429688888888888].
2026-09-04 20:17:56 | INFO | Bootstrap [FPR_boot K=97]: B = 2000, moving blocks of 1280 t_start-ordered replicates over n = 2000, 95% percentile interval [0.0005, 0.1155] around a mean of 0.058.
2026-09-04 20:17:56 | INFO | Calibration K=97: lambda_naive=3.4329896907216506, lambda_boot=19.474226804123724, FPR_naive=1.0000, FPR_boot=0.0580 (delivered Control (c) band (0.03, 0.07): inside). q_hat over the 2000 held-out windows: mean 0.502701587628866, sd 0.012350667456816664, range [0.47642611683848796, 0.5427628865979381].
2026-09-04 20:17:56 | INFO | C3 -- the uncertainty of FPR_boot. THE R15 PROMPT'S sqrt(2) RULE IS NOT IMPORTED. R04b established a variance doubling for n_cal = n_eval; here N_CAL = 20000 and N_RACE = 2000, so the first-order delta-method variance is p(1-p)/n_r + alpha(1-alpha)/n_c and the multiplier would be sqrt(1 + n_r/n_c) = 1.0488, not 1.4142. Preamble S4bis's fifth corollary forbids importing R04b's rule un-re-derived. NEITHER MULTIPLIER IS CORRECT ANYWAY: with only 3905 distinct windows the two sets are drawn from the SAME population and overlap in DATA by up to 1249 of 1250 days, so the uncertainty is not Monte-Carlo and no fixed multiplier produces it. What is published instead is SE = sqrt(deff_r * p(1-p)/n_r + deff_c * alpha(1-alpha)/n_c) with BOTH design effects measured on the t_start-ordered exceedance indicators. IT GATES NOTHING.
2026-09-04 20:17:56 | INFO | C3 K=1: deff_eval = 7.450992 over 1280 mechanism-fixed lags (n_eff = 268.4 of 2000), deff_calib = 51.194034 over 12799 lags (n_eff = 390.7 of 20000); SE_design = 0.017034, against 0.006726 from the literal sqrt(2) rule and 0.004756 from the bare binomial; 1557 distinct starts used of 3905 available.
2026-09-04 20:17:56 | INFO | C3 K=5: deff_eval = 49.925648 over 1280 mechanism-fixed lags (n_eff = 40.1 of 2000), deff_calib = 473.109494 over 12799 lags (n_eff = 42.3 of 20000); SE_design = 0.048750, against 0.007085 from the literal sqrt(2) rule and 0.005010 from the bare binomial; 1568 distinct starts used of 3905 available.
2026-09-04 20:17:56 | INFO | C3 K=10: deff_eval = 51.183515 over 1280 mechanism-fixed lags (n_eff = 39.1 of 2000), deff_calib = 504.707707 over 12799 lags (n_eff = 39.6 of 20000); SE_design = 0.049485, against 0.006989 from the literal sqrt(2) rule and 0.004942 from the bare binomial; 1553 distinct starts used of 3905 available.
2026-09-04 20:17:56 | INFO | C3 K=20: deff_eval = 12.699585 over 1280 mechanism-fixed lags (n_eff = 157.5 of 2000), deff_calib = 121.415722 over 12799 lags (n_eff = 164.7 of 20000); SE_design = 0.024289, against 0.006892 from the literal sqrt(2) rule and 0.004873 from the bare binomial; 1550 distinct starts used of 3905 available.
2026-09-04 20:17:56 | INFO | C3 K=30: deff_eval = 35.388923 over 1280 mechanism-fixed lags (n_eff = 56.5 of 2000), deff_calib = 402.251770 over 12799 lags (n_eff = 49.7 of 20000); SE_design = 0.042283, against 0.006859 from the literal sqrt(2) rule and 0.004850 from the bare binomial; 1558 distinct starts used of 3905 available.
2026-09-04 20:17:56 | INFO | C3 K=40: deff_eval = 28.072201 over 1280 mechanism-fixed lags (n_eff = 71.2 of 2000), deff_calib = 317.749002 over 12799 lags (n_eff = 62.9 of 20000); SE_design = 0.039086, against 0.007421 from the literal sqrt(2) rule and 0.005248 from the bare binomial; 1546 distinct starts used of 3905 available.
2026-09-04 20:17:56 | INFO | C3 K=50: deff_eval = 39.125180 over 1280 mechanism-fixed lags (n_eff = 51.1 of 2000), deff_calib = 420.118993 over 12799 lags (n_eff = 47.6 of 20000); SE_design = 0.042669, against 0.006486 from the literal sqrt(2) rule and 0.004586 from the bare binomial; 1551 distinct starts used of 3905 available.
2026-09-04 20:17:56 | INFO | C3 K=60: deff_eval = 38.685905 over 1280 mechanism-fixed lags (n_eff = 51.7 of 2000), deff_calib = 385.741972 over 12799 lags (n_eff = 51.8 of 20000); SE_design = 0.042530, against 0.006793 from the literal sqrt(2) rule and 0.004804 from the bare binomial; 1574 distinct starts used of 3905 available.
2026-09-04 20:17:56 | INFO | C3 K=75: deff_eval = 34.526048 over 1280 mechanism-fixed lags (n_eff = 57.9 of 2000), deff_calib = 423.269785 over 12799 lags (n_eff = 47.3 of 20000); SE_design = 0.040746, against 0.006160 from the literal sqrt(2) rule and 0.004355 from the bare binomial; 1556 distinct starts used of 3905 available.
2026-09-04 20:17:56 | INFO | C3 K=97: deff_eval = 53.118511 over 1280 mechanism-fixed lags (n_eff = 37.7 of 2000), deff_calib = 463.719464 over 12799 lags (n_eff = 43.1 of 20000); SE_design = 0.050522, against 0.007392 from the literal sqrt(2) rule and 0.005227 from the bare binomial; 1556 distinct starts used of 3905 available.
2026-09-04 20:17:56 | INFO | THE FPR_naive DECOMPOSITION, AND WHERE IT STOPS BEING IDENTIFIABLE. At K = 1, control C1 establishes rho_sign_meas = 0 and K_eff_meas = 1 EXACTLY, so NO cross-sectional correlation exists there to be ignored -- and yet FPR_naive = 0.1040, 2.1x its nominal level. That excess is NOT attributable to the mechanism the Figure 17 caption names. The measurable marginal channel is q_hat = P(z > 0) on the H_det half against the H_ref median, which the naive calibration fixes at 0.5 by assumption: measured mean 0.500591 (sd 0.023105, range [0.4480, 0.5627]) at K = 1.
2026-09-04 20:17:56 | INFO | THE CROSS-SECTIONAL CHANNEL is reported as the INCREMENT FPR_naive(K) - FPR_naive(1): K=1: +0.0000, K=5: +0.4435, K=10: +0.4900, K=20: +0.7975, K=30: +0.8655, K=40: +0.8915, K=50: +0.8790, K=60: +0.8960, K=75: +0.8960, K=97: +0.8960. THE DECOMPOSITION IS NOT IDENTIFIABLE UNDER v87's DESIGN and this section says so rather than asserting a mechanism: q_hat and rho_sign both move with K along a single arm, there is no arm holding one fixed while the other varies, and the marginal and cross-sectional contributions to FPR_naive cannot be separated from these ten cells. What IS established is the boundary case: at K = 1 the correlation channel is exactly empty and the excess is entirely marginal.
2026-09-04 20:17:56 | INFO | Reference arm c=0.1: ADD_single=469.04170073589535, DetRate=0.6115, n_detected=1223, deff=12.419956.
2026-09-04 20:17:56 | INFO | deff [reference c=0.25]: the estimate is -4.214726 < 1, which would claim more independent readings than the 1999 observations contain; clamped to 1.0.
2026-09-04 20:17:56 | INFO | Reference arm c=0.25: ADD_single=332.7238619309655, DetRate=0.9995, n_detected=1999, deff=1.000000.
2026-09-04 20:17:56 | INFO | deff [reference c=0.5]: the estimate is -3.654826 < 1, which would claim more independent readings than the 2000 observations contain; clamped to 1.0.
2026-09-04 20:17:56 | INFO | Reference arm c=0.5: ADD_single=184.7835, DetRate=1.0, n_detected=2000, deff=1.000000.
2026-09-04 20:17:56 | INFO | deff [reference c=0.75]: the estimate is -5.656634 < 1, which would claim more independent readings than the 2000 observations contain; clamped to 1.0.
2026-09-04 20:17:56 | INFO | Reference arm c=0.75: ADD_single=132.328, DetRate=1.0, n_detected=2000, deff=1.000000.
2026-09-04 20:17:56 | INFO | deff [reference c=1.0]: the estimate is -5.914305 < 1, which would claim more independent readings than the 2000 observations contain; clamped to 1.0.
2026-09-04 20:17:56 | INFO | Reference arm c=1.0: ADD_single=111.1285, DetRate=1.0, n_detected=2000, deff=1.000000.
2026-09-04 20:17:57 | INFO | deff [K=1 c=0.25]: the estimate is -3.760229 < 1, which would claim more independent readings than the 2000 observations contain; clamped to 1.0.
2026-09-04 20:17:57 | INFO | deff [K=1 c=0.5]: the estimate is -1.510085 < 1, which would claim more independent readings than the 2000 observations contain; clamped to 1.0.
2026-09-04 20:17:57 | INFO | deff [K=1 c=0.75]: the estimate is -5.402171 < 1, which would claim more independent readings than the 2000 observations contain; clamped to 1.0.
2026-09-04 20:17:57 | INFO | deff [K=1 c=1.0]: the estimate is -2.275573 < 1, which would claim more independent readings than the 2000 observations contain; clamped to 1.0.
2026-09-04 20:18:04 | INFO | THE K = 1 PAIRING THE MIGRATION BREAKS, reported before its consequence is read. The delivered reference seed string `real_race1_1_{c}_{MASTER_SEED}_{i}` and the delivered panel seed string at K = 1 are the SAME STRING on the SAME sub-panel, so the submitted budget_reduction(K = 1) is exactly 1.0 BY CONSTRUCTION. The migrated keys ('race_h1', k_index, c_index, i) and ('race_h1_ref', c_index, i) separate the two roles, so the regenerated K = 1 cell is an honest estimate of 1 with sampling error: c=0.1: nan, c=0.25: 0.9901523419752389, c=0.5: 0.9986380991755636, c=0.75: 0.9785149389759195, c=1.0: 0.9964983545404819.
2026-09-04 20:18:04 | INFO | COVID natural experiment: onset 2020-02-20 maps to index 3807 (2020-02-20), reference window [2018-02-23..2020-02-19], detection window [2020-02-20..2023-02-09] (750 of the 750 days H_det asks for -- the panel ends 2025-06-30).
2026-09-04 20:18:04 | INFO | COVID K=1: Delay Naive = -1, Delay Boot = -1
2026-09-04 20:18:04 | INFO | COVID K=5: Delay Naive = 655, Delay Boot = -1
2026-09-04 20:18:04 | INFO | COVID K=10: Delay Naive = -1, Delay Boot = -1
2026-09-04 20:18:04 | INFO | COVID K=20: Delay Naive = 291, Delay Boot = -1
2026-09-04 20:18:04 | INFO | COVID K=30: Delay Naive = 562, Delay Boot = -1
2026-09-04 20:18:04 | INFO | COVID K=40: Delay Naive = 398, Delay Boot = -1
2026-09-04 20:18:04 | INFO | COVID K=50: Delay Naive = 505, Delay Boot = -1
2026-09-04 20:18:04 | INFO | COVID K=60: Delay Naive = 489, Delay Boot = -1
2026-09-04 20:18:04 | INFO | COVID K=75: Delay Naive = 21, Delay Boot = -1
2026-09-04 20:18:04 | INFO | COVID K=97: Delay Naive = 15, Delay Boot = -1
2026-09-04 20:18:04 | INFO | C7: the sentinel -1 is returned by `bilateral_delay` iff neither one-sided CUSUM crosses, so it is a NON-DETECTION and never a delay of -1 day. It enters no mean anywhere in this file. lambda_boot is redrawn by the entropy migration, so this gate is live. Deterministic given the regenerated thresholds.
2026-09-04 20:18:04 | INFO | C7: delay_boot == -1 at all 10 values of K, so the claim holds. The NAIVE threshold, by contrast, fires at 8 of 10 values of K ([5, 20, 30, 40, 50, 60, 75, 97]) -- those are FALSE ALARMS of a threshold that already runs at up to 100% false-alarm rate under the null, not detections, and no macro reads delay_naive.
2026-09-04 20:18:04 | INFO | C6 -- no macro and no published aggregate reads a row with add_reliable == 0. 2 of 50 cells are unreliable: [(1, 0.1, 0.6405), (5, 0.1, 0.738)]. Structural; trigger probability 0.
2026-09-04 20:18:04 | INFO | C6 EXTENDED, AND THE FLAG DOES NOT PROPAGATE. `add_reliable` describes the PANEL arm of a cell and says nothing about the REFERENCE arm its budget_reduction divides by. At c = [0.1] the reference arm itself detects at [0.6115], below the 0.9 floor, so ADD_single is CENSORED -- a mean over the detected subset of a cell that mostly does not detect -- and every one of the 8 cells inheriting it is nonetheless flagged reliable. This is REPORTED, not repaired: it does not touch the published c = 0.25 macro, whose reference arm detects at 0.9995.
2026-09-04 20:18:04 | INFO | C5 -- the plateau statistic, ANNOUNCED BEFORE THE REGENERATED VALUE IS READ. v87's Figure 17 caption says the realized budget reduction 'plateaus near 2x (K >= 20)'. The delivered script computes budget_reduction per (K, c) cell at line 311 AND AGGREGATES NOWHERE; the only selection of a magnitude in the whole file is the plotting line 378, `c_target = C_GRID[1]`, and lines 379-380 draw exactly one budget_reduction curve, at that c. With C_GRID = [0.1, 0.25, 0.5, 0.75, 1.0] that c is 0.25. THE PUBLISHED PLATEAU IS THEREFORE THE MEAN OF THE PLOTTED c = 0.25 SERIES OVER K >= 20. It is established by reading the plotting code, not selected among candidates. On the submitted campaign that mean is 2.0086. It is neither the maximum nor the minimum over c, and no macro reads either.
2026-09-04 20:18:04 | INFO | C5: the regenerated plateau is 2.0299065255254365 over the 7 cells [20, 30, 40, 50, 60, 75, 97] at c = 0.25, with a delta-method standard error of 0.049935 propagated from the DESIGN-CORRECTED SEMs of the 7 panel cells and of the shared reference arm (the cells share ADD_single, so they are not independent and a naive sum of variances would understate). Per-cell values: K=20: 2.0581, K=30: 1.9072, K=40: 1.7650, K=50: 2.2026, K=60: 2.0766, K=75: 2.1070, K=97: 2.0927.
2026-09-04 20:18:04 | INFO | THE TWO CANDIDATE CEILINGS OF PANEL B, MEASURED. sqrt(K_eff) at K = 97 is 1.9331 and K_eff is 3.7370. Over the 10 plotted cells at c = 0.25, the realized budget reduction EXCEEDS sqrt(K_eff) at 6 of them ([20, 30, 50, 60, 75, 97]) and exceeds K_eff at 0. The caption's literal reading -- 'bounded by the effective panel size K_eff' -- therefore HOLDS, while the reference line the delivered figure actually draws does NOT bound the curve. That is a clarification of which quantity the sentence names, not a contradiction of it: docs/camera_ready_candidates/R15_v87_budget_bound_referent.md, no register entry.
2026-09-04 20:18:05 | INFO | Bootstrap [ADD K=20 c=0.25]: B = 2000, moving blocks of 1280 t_start-ordered replicates over n = 2000, 95% percentile interval [139.37885, 168.2638625] around a mean of 161.663.
2026-09-04 20:18:05 | INFO | Bootstrap [ADD K=30 c=0.25]: B = 2000, moving blocks of 1280 t_start-ordered replicates over n = 2000, 95% percentile interval [149.822, 174.809675] around a mean of 174.4545.
2026-09-04 20:18:05 | INFO | Bootstrap [ADD K=40 c=0.25]: B = 2000, moving blocks of 1280 t_start-ordered replicates over n = 2000, 95% percentile interval [155.22015, 187.705925] around a mean of 188.5165.
2026-09-04 20:18:05 | INFO | Bootstrap [ADD K=50 c=0.25]: B = 2000, moving blocks of 1280 t_start-ordered replicates over n = 2000, 95% percentile interval [127.00035, 155.11289999999997] around a mean of 151.0565.
2026-09-04 20:18:05 | INFO | Bootstrap [ADD K=60 c=0.25]: B = 2000, moving blocks of 1280 t_start-ordered replicates over n = 2000, 95% percentile interval [132.75492500000001, 159.6765125] around a mean of 160.222.
2026-09-04 20:18:05 | INFO | Bootstrap [ADD K=75 c=0.25]: B = 2000, moving blocks of 1280 t_start-ordered replicates over n = 2000, 95% percentile interval [130.5032875, 158.554525] around a mean of 157.9115.
2026-09-04 20:18:05 | INFO | Bootstrap [ADD K=97 c=0.25]: B = 2000, moving blocks of 1280 t_start-ordered replicates over n = 2000, 95% percentile interval [131.17846250000002, 158.5383875] around a mean of 158.9915.
2026-09-04 20:18:05 | INFO | deff [rho over K >= 5]: the estimate is 0.299654 < 1, which would claim more independent readings than the 9 observations contain; clamped to 1.0.
2026-09-04 20:18:05 | INFO | C8 -- the design effect is a PREREQUISITE of every pooled reading here, and it is computed before one is taken. \RFifteenRhoSign pools 9 cells and the plateau pools 7. The mechanism makes EVERY PAIR of those cells dependent: all 10 compositions are subsets of ONE 97-asset panel over ONE common index, with a mean pairwise Jaccard overlap of 0.2235 (range [0.0000, 0.7732]) among the pooled cells, so the lag count is the full 8 and not a mechanism-derived subset. Kish deff over the K-ordered rho series: 1.000000 (clamped: True), i.e. 9.00 independent readings in 9 cells. CONSEQUENCE, APPLIED: \RFifteenRhoSign IS PUBLISHED AS A POINT STATISTIC WITH ITS DISPERSION AND NO INTERVAL -- min 0.253588, max 0.288102, sd 0.010425 -- because an interval over cells this dependent would advertise precision the design does not hold.
2026-09-04 20:18:05 | INFO | FPR_boot extrema are EXTREMA OVER A GRID (S4bis, fourth corollary): they are descriptive, they ship with an envelope, and they support no gate. Minimum 0.0395 at K = 75 (SE_design 0.040746), maximum 0.0585 at K = 40 (SE_design 0.039086). Reading the wider of the two as a 95% statement over 10 cells would trigger with probability 1 - 0.95^10 = 40.1% under its own null.
2026-09-04 20:18:05 | INFO | THE CAPTION'S `K_eff ~ 3.8` IS 1/rho_hat AND NOT K_eff. L376 reads 'sign correlation rho_hat ~ 0.26 saturates the effective panel near 1/rho_hat ~ 3.8'. 1/rho_hat on this campaign is 3.8314, which rounds to 3.8; the MEASURED effective panel size at K = 97 is K_eff_meas = 3.7370, which rounds to 3.7. The two are different quantities -- 1/rho is the K -> infinity limit of K/(1+(K-1)rho) and K_eff is its value at a finite K -- and the gap is the finite-panel term, not a discrepancy. It is recorded in docs/camera_ready_candidates/R15_v87_budget_bound_referent.md, which already owns the question of which ceiling the caption names; no register entry, because nothing printed is contradicted.
2026-09-04 20:18:05 | INFO | Scatter correlation c=0.1: reading 1, r(budget_reduction, lambda_boot) = -0.990744572848724 over 8 K; reading 2, r(ADD, lambda_boot) = 0.9200142077345851 over 10 K.
2026-09-04 20:18:05 | INFO | Scatter correlation c=0.25 (THE PLOTTED c, C_GRID[1]): reading 1, r(budget_reduction, lambda_boot) = -0.9962104605839599 over 10 K; reading 2, r(ADD, lambda_boot) = 0.9930672431183867 over 10 K.
2026-09-04 20:18:05 | INFO | Scatter correlation c=0.5: reading 1, r(budget_reduction, lambda_boot) = -0.9911511709239162 over 10 K; reading 2, r(ADD, lambda_boot) = 0.9945506795983379 over 10 K.
2026-09-04 20:18:05 | INFO | Scatter correlation c=0.75: reading 1, r(budget_reduction, lambda_boot) = -0.9895660575385442 over 10 K; reading 2, r(ADD, lambda_boot) = 0.9960779581696835 over 10 K.
2026-09-04 20:18:05 | INFO | Scatter correlation c=1.0: reading 1, r(budget_reduction, lambda_boot) = -0.987574664365256 over 10 K; reading 2, r(ADD, lambda_boot) = 0.9970281562213805 over 10 K.
2026-09-04 20:18:05 | INFO | THE CAPTION'S INEQUALITY, EVALUATED AS PRINTED. v87 writes 'r >= 0.99 with bootstrap threshold' -- a RELATION, not a value. At the plotted c = 0.25 the measured coefficient is -0.9962104605839599. The printed relation r >= 0.99 is FALSE (-0.9962 >= 0.99 is False), and the mirrored relation r <= -0.99 is True: THE SIGN IS NEGATIVE, and it is negative for a reason -- budget_reduction is ADD_single / ADD_K, so a HIGHER bootstrap threshold lengthens ADD_K and SHRINKS the ratio. On the ABSOLUTE value the relation |r| >= 0.99 holds here (0.9962) and FAILS on the submitted campaign (0.9894), so `|r| >= 0.99` is NOT a form both campaigns support and `|r| ~ 0.99` is. D2: the printed relation is falsified under both sign conventions on the submitted campaign and under the printed one here, while the qualitative claim it carries -- the point-to-point scatter of panel B is almost entirely explained by variation in the bootstrap threshold -- holds on both. Registered `R15-scatter-sign`, with a camera-ready candidate proposing |r| ~ 0.99.
2026-09-04 20:18:05 | INFO | THE CAPTION'S ATTRIBUTION IS NOT TESTABLE BY THIS DESIGN. 'Point-to-point scatter reflects threshold variations across panel compositions' names COMPOSITIONS as the source. This design draws EXACTLY ONE composition per K, so moving along the abscissa changes K and the composition together and the two are confounded. No composition-resampling arm is added: v87 describes none and the scope filter excludes it. The caption is not false -- compositions do vary -- so no register entry is opened; it earns docs/camera_ready_candidates/R15_v87_scatter_attribution.md, headed NO DEVIATION.
2026-09-04 20:18:05 | INFO | R15_panel_diagnostics.csv: 10 rows, 35 columns.
2026-09-04 20:18:05 | INFO | R15_cross_sectional_race.csv: 50 rows, 24 columns.
2026-09-04 20:18:05 | INFO | R15_covid_natural.csv: 10 rows, 4 columns.
2026-09-04 20:18:05 | INFO | R15_panel_composition.csv: 388 rows, 5 columns.
2026-09-04 20:18:05 | INFO | R15_race_windows.csv: 110000 rows, 6 columns.
2026-09-04 20:18:05 | INFO | R15_scatter_correlation.csv: 5 rows, 7 columns.
2026-09-04 20:18:06 | INFO | Figure written to fig17_cross_section.png. Panel B draws BOTH candidate ceilings: sqrt(K_eff), which is the delivered script's own reference line and the one commensurable with a ratio of delays, and K_eff, which is what the caption's 'bounded by the effective panel size K_eff ~ 3.8' names. Which of the two the realized curve respects is a finding of this stream, not a choice of this plot.
2026-09-04 20:18:06 | INFO | Emitted 15 macros to R15_claims.tex, cardinal prefix \RFifteen per preamble S6. Every value is computed from an object in memory.
2026-09-04 20:18:06 | INFO | ======================== ARTIFACT INTEGRITY MANIFEST ========================
2026-09-04 20:18:06 | INFO | results/R15_cross_sectional/
2026-09-04 20:18:06 | INFO | ├── data/
2026-09-04 20:18:06 | INFO | │   ├── R15_panel_diagnostics.csv           [af306e051875a06af5f7c52c1e1f53411d8133916e30a8eaa4766f197ab7b639]
2026-09-04 20:18:06 | INFO | │   ├── R15_cross_sectional_race.csv        [7c0483a05b471f563b71ae4376b04103212fe2d405245c928b31a08e458b85ca]
2026-09-04 20:18:06 | INFO | │   ├── R15_covid_natural.csv               [087636db3d8fc018895fd13702de408eb75a486fc7c31015319cb61eb79a7e7a]
2026-09-04 20:18:06 | INFO | │   ├── R15_panel_composition.csv           [828d646f7204358480d90208f120214df7600294192f35d7314b18923a0e9503]
2026-09-04 20:18:06 | INFO | │   ├── R15_race_windows.csv                [610deddba45517e0c08dd8f9560103135c8b431a980a50e7db3090840ca0057d]
2026-09-04 20:18:06 | INFO | │   └── R15_scatter_correlation.csv         [13b16bdf8cd504f79b69c437ca111823c2f6179c25f04bd8d084f70012ed9e71]
2026-09-04 20:18:06 | INFO | ├── figures/
2026-09-04 20:18:06 | INFO | │   └── fig17_cross_section.png             [60837f64636bc71c8e1e032ca178152eefbb96a5a6585bd957844cddd43693be]
2026-09-04 20:18:06 | INFO | └── tables/
2026-09-04 20:18:06 | INFO |     └── R15_claims.tex                      [043d7e80ebfcfb0964ec21a0a4202d7b28cdecfa2c4c9d972d2618fdc2933993]
2026-09-04 20:18:06 | INFO | =============================================================================
2026-09-04 20:18:06 | INFO | S3 [rho_sign, mean over K >= 5]: v87 prints 0.26 at 2 decimals; witness 0.26100272704442673; regenerated 0.2610027270444267 -> rounds to 0.26. Class D1.
2026-09-04 20:18:06 | INFO | S3 [K_eff_meas at K = 97]: v87 prints 3.8 at 1 decimals; witness 3.7370099487341837; regenerated 3.7370099487341837 -> rounds to 3.7. Class D0.
2026-09-04 20:18:06 | INFO | S3 [FPR_boot minimum, percent]: v87 prints 4.8 at 1 decimals; witness 4.75; regenerated 3.95 -> rounds to 4.0. Class D2 or worse -- the qualitative claim is examined separately.
2026-09-04 20:18:06 | INFO | S3 [FPR_boot maximum, percent]: v87 prints 6.4 at 1 decimals; witness 6.35; regenerated 5.8500000000000005 -> rounds to 5.9. Class D2 or worse -- the qualitative claim is examined separately.
2026-09-04 20:18:06 | INFO | S3 [whiteness switch point]: v87 prints 10 at 0 decimals; witness 10; regenerated 10.0 -> rounds to 10.0. Class D0.
2026-09-04 20:18:06 | INFO | S3 [budget reduction plateau, c = 0.25, K >= 20]: v87 prints 2.0 at 0 decimals; witness 2.008637287531487; regenerated 2.0299065255254365 -> rounds to 2.0. Class D1.
2026-09-04 20:18:06 | INFO | S3 [scatter correlation |r| at c = 0.25]: v87 prints 0.99 at 2 decimals; witness 0.9893771840917368; regenerated 0.9962104605839599 -> rounds to 1.0. Class D2 or worse -- the qualitative claim is examined separately.
2026-09-04 20:18:06 | INFO | S3 [COVID detections under the bootstrap threshold]: v87 prints 0 at 0 decimals; witness 0; regenerated 0.0 -> rounds to 0.0. Class D0.
2026-09-04 20:18:06 | INFO | S3 [FPR_naive at K = 40]: v87 states an independence null 'reaches ~100% false alarms by K = 40'. Witness 0.9975, regenerated 0.9955. The claim is qualitative and it is read as such.
2026-09-04 20:18:06 | INFO | S3 [scatter correlation, SIGNED]: witness -0.9893771840917368, regenerated -0.9962104605839599. v87 prints the RELATION `r >= 0.99`, not a value, and the relation is false at both signs on both campaigns. D2, `R15-scatter-sign`.
2026-09-04 20:18:06 | INFO | SHA-256 R15_panel_diagnostics.csv                    : af306e051875a06af5f7c52c1e1f53411d8133916e30a8eaa4766f197ab7b639
2026-09-04 20:18:06 | INFO | SHA-256 R15_cross_sectional_race.csv                 : 7c0483a05b471f563b71ae4376b04103212fe2d405245c928b31a08e458b85ca
2026-09-04 20:18:06 | INFO | SHA-256 R15_covid_natural.csv                        : 087636db3d8fc018895fd13702de408eb75a486fc7c31015319cb61eb79a7e7a
2026-09-04 20:18:06 | INFO | SHA-256 R15_panel_composition.csv                    : 828d646f7204358480d90208f120214df7600294192f35d7314b18923a0e9503
2026-09-04 20:18:06 | INFO | SHA-256 R15_race_windows.csv                         : 610deddba45517e0c08dd8f9560103135c8b431a980a50e7db3090840ca0057d
2026-09-04 20:18:06 | INFO | SHA-256 R15_scatter_correlation.csv                  : 13b16bdf8cd504f79b69c437ca111823c2f6179c25f04bd8d084f70012ed9e71
2026-09-04 20:18:06 | INFO | SHA-256 fig17_cross_section.png                      : 60837f64636bc71c8e1e032ca178152eefbb96a5a6585bd957844cddd43693be
2026-09-04 20:18:06 | INFO | SHA-256 R15_claims.tex                               : 043d7e80ebfcfb0964ec21a0a4202d7b28cdecfa2c4c9d972d2618fdc2933993
2026-09-04 20:18:06 | INFO | Execution completed in 110.0s with 48 workers (default arm).
