2026-09-05 07:32:19 | INFO | PYTHONHASHSEED correctly pinned to 42 before interpreter start.
2026-09-05 07:32:19 | INFO | Python: 3.12.9
2026-09-05 07:32:19 | INFO |   numpy: 1.26.4
2026-09-05 07:32:19 | INFO |   pandas: 2.3.2
2026-09-05 07:32:19 | INFO |   scipy: 1.16.2
2026-09-05 07:32:19 | INFO |   pytest: 9.0.3
2026-09-05 07:32:19 | INFO | R16 (a) dates the bull/bear phases of SPY, PFF, VNQ and BWX over 2000-2025 and writes the census that carries v87's most-cited empirical claim: 80% of dated directional episodes out of budget (L57, L87, L329, L374).
2026-09-05 07:32:19 | INFO | Stochastic surface: NONE. The delivered scripts call set_seed(42) and neither draws a random number -- the dating filters, the Sharpe ratios, the Bernoulli divergences and the detectability flags are deterministic functions of the four price series. There is therefore no seed-derivation surface to migrate to a 128-bit SeedSequence, and no unused helper is added to suggest otherwise.
2026-09-05 07:32:19 | INFO | Figure verdict: R16 renders no figure. v87's census paragraphs L329 and L331 carry no \includegraphics and reference only \ref{fig:oracle_frontier}, which belongs to R01's look-ahead oracle backtest.
2026-09-05 07:32:19 | INFO | Dating arm requested: --dating all. Both datings are computed for every ticker on every run by construction: check_sanity cannot be evaluated without the Pagan-Sossounov points, and the canonical arm cannot be built without the Lunde-Timmermann points.
2026-09-05 07:32:19 | INFO | C8 source identity: 7 primitives byte-identical to the files that own them (5696 characters compared) -- the six dating and divergence routines against Priorite_16_regime_census.py, and the Wilson interval against exp_R02_whitening_ljungbox.py. Preamble S4.2 forbids hoisting any of them into experiments/common/, so the duplication is deliberate. Deterministic; trigger probability 0 unless a copy has drifted.
2026-09-05 07:32:19 | INFO | [SPY] Ingestion OK | 6414 trading days | 2000-01-04 to 2025-07-07
2026-09-05 07:32:19 | INFO | [PFF] Ingestion OK | 4403 trading days | 2007-12-27 to 2025-07-07
2026-09-05 07:32:19 | INFO | [VNQ] Ingestion OK | 5014 trading days | 2005-01-04 to 2025-07-07
2026-09-05 07:32:19 | INFO | [BWX] Ingestion OK | 4451 trading days | 2007-10-09 to 2025-07-07
2026-09-05 07:32:19 | INFO | check_sanity on the Pagan-Sossounov MACRO dating, evaluated on ALL FOUR tickers: SPY = False, PFF = False, VNQ = False, BWX = False. The delivered script initialises `sanity_ok = True` and reassigns it only inside its `if ticker == 'SPY'` branch (l.233), so PFF, VNQ and BWX are never tested by it. All four fail the same check.
2026-09-05 07:32:19 | WARNING | [SPY] check_sanity fails on the Pagan-Sossounov MACRO dating: 9 turning points, 8 phases. Under --dating canonical the Lunde-Timmermann substitution applies to SPY only; under --dating symmetric it applies here too; under --dating strict_ps it never applies.
2026-09-05 07:32:19 | WARNING | [PFF] check_sanity fails on the Pagan-Sossounov MACRO dating: 6 turning points, 5 phases. Under --dating canonical the Lunde-Timmermann substitution applies to SPY only; under --dating symmetric it applies here too; under --dating strict_ps it never applies.
2026-09-05 07:32:19 | WARNING | [VNQ] check_sanity fails on the Pagan-Sossounov MACRO dating: 11 turning points, 10 phases. Under --dating canonical the Lunde-Timmermann substitution applies to SPY only; under --dating symmetric it applies here too; under --dating strict_ps it never applies.
2026-09-05 07:32:19 | WARNING | [BWX] check_sanity fails on the Pagan-Sossounov MACRO dating: 12 turning points, 11 phases. Under --dating canonical the Lunde-Timmermann substitution applies to SPY only; under --dating symmetric it applies here too; under --dating strict_ps it never applies.
2026-09-05 07:32:19 | INFO | SPY substitution, canonical arm: check_sanity fails on the Pagan-Sossounov MACRO dating (Pagan-Sossounov yields 8 phases and censors the COVID crash at min_phase = 84), so the canonical arm substitutes lunde_timmermann(lambda_1=0.15, lambda_2=0.15) for SPY's MACRO stream. This is the delivered script's line 237 and is named in line 3 of the vendored data/reference/R16/Priorite_16_regime_census.log. It is carried into the `dating_algorithm` column of every census row and stamped in the counterfactual filenames.
2026-09-05 07:32:19 | INFO | C6 concordance of the two datings. Turning-point agreement between Pagan-Sossounov and Lunde-Timmermann per ticker, at exact date and on a tolerance ladder derived from the filters' own resolution (0, 42, 84) trading days (0 = exact, 42 = MESO min_phase, 84 = MACRO min_phase). Never tuned. Reported with a Wilson interval, DESCRIPTIVE ONLY: two dating algorithms do not coincide, and a gate on their agreement would ring empty.
2026-09-05 07:32:19 | INFO | C6 [SPY] tolerance   0 d: PS->LT 7/9 = 0.778 Wilson [0.453, 0.937] | LT->PS 7/31 = 0.226 Wilson [0.114, 0.398]
2026-09-05 07:32:19 | INFO | C6 [SPY] tolerance  42 d: PS->LT 7/9 = 0.778 Wilson [0.453, 0.937] | LT->PS 7/31 = 0.226 Wilson [0.114, 0.398]
2026-09-05 07:32:19 | INFO | C6 [SPY] tolerance  84 d: PS->LT 7/9 = 0.778 Wilson [0.453, 0.937] | LT->PS 10/31 = 0.323 Wilson [0.186, 0.499]
2026-09-05 07:32:19 | INFO | C6 [PFF] tolerance   0 d: PS->LT 5/6 = 0.833 Wilson [0.436, 0.970] | LT->PS 5/21 = 0.238 Wilson [0.106, 0.451]
2026-09-05 07:32:19 | INFO | C6 [PFF] tolerance  42 d: PS->LT 5/6 = 0.833 Wilson [0.436, 0.970] | LT->PS 6/21 = 0.286 Wilson [0.138, 0.500]
2026-09-05 07:32:19 | INFO | C6 [PFF] tolerance  84 d: PS->LT 5/6 = 0.833 Wilson [0.436, 0.970] | LT->PS 7/21 = 0.333 Wilson [0.172, 0.546]
2026-09-05 07:32:19 | INFO | C6 [VNQ] tolerance   0 d: PS->LT 11/11 = 1.000 Wilson [0.741, 1.000] | LT->PS 11/47 = 0.234 Wilson [0.136, 0.372]
2026-09-05 07:32:19 | INFO | C6 [VNQ] tolerance  42 d: PS->LT 11/11 = 1.000 Wilson [0.741, 1.000] | LT->PS 13/47 = 0.277 Wilson [0.169, 0.418]
2026-09-05 07:32:19 | INFO | C6 [VNQ] tolerance  84 d: PS->LT 11/11 = 1.000 Wilson [0.741, 1.000] | LT->PS 16/47 = 0.340 Wilson [0.222, 0.483]
2026-09-05 07:32:19 | INFO | C6 [BWX] tolerance   0 d: PS->LT 5/12 = 0.417 Wilson [0.193, 0.680] | LT->PS 5/7 = 0.714 Wilson [0.359, 0.918]
2026-09-05 07:32:19 | INFO | C6 [BWX] tolerance  42 d: PS->LT 5/12 = 0.417 Wilson [0.193, 0.680] | LT->PS 5/7 = 0.714 Wilson [0.359, 0.918]
2026-09-05 07:32:19 | INFO | C6 [BWX] tolerance  84 d: PS->LT 5/12 = 0.417 Wilson [0.193, 0.680] | LT->PS 5/7 = 0.714 Wilson [0.359, 0.918]
2026-09-05 07:32:19 | INFO | C6 [all four] tolerance   0 d: PS->LT 28/38 = 0.737 Wilson [0.580, 0.850] | LT->PS 28/106 = 0.264 Wilson [0.190, 0.355]. Pooled across tickers for description only: the four streams are not exchangeable and the pooled interval assumes an independence the turning points of one price series do not have.
2026-09-05 07:32:19 | INFO | C6 [all four] tolerance  42 d: PS->LT 28/38 = 0.737 Wilson [0.580, 0.850] | LT->PS 31/106 = 0.292 Wilson [0.214, 0.385]. Pooled across tickers for description only: the four streams are not exchangeable and the pooled interval assumes an independence the turning points of one price series do not have.
2026-09-05 07:32:19 | INFO | C6 [all four] tolerance  84 d: PS->LT 28/38 = 0.737 Wilson [0.580, 0.850] | LT->PS 38/106 = 0.358 Wilson [0.274, 0.453]. Pooled across tickers for description only: the four streams are not exchangeable and the pooled interval assumes an independence the turning points of one price series do not have.
2026-09-05 07:32:19 | INFO | C6 RESTATEMENT, required: under the canonical arm SPY's census IS the Lunde-Timmermann dating, so SPY's concordance with the census is 100% BY CONSTRUCTION and is an identity, not corroboration. The figures above compare the two ALGORITHMS on SPY's prices and are informative in that sense only. PFF, VNQ and BWX are the three tickers where Pagan-Sossounov survives into the canonical census and where this control carries information about the dating that the census actually uses.
2026-09-05 07:32:19 | INFO | Arms computed and persisted on this invocation: ['canonical', 'strict_ps', 'symmetric']. No exit gate is placed on any of these paths: the 66-phase canonical configuration is the repository's baseline, and the counterfactual arms are measured and reported but gate nothing.
2026-09-05 07:32:19 | INFO | [canonical][SPY] lunde_timmermann: 30 MACRO phases -> 30 phases after the MESO merge.
2026-09-05 07:32:19 | INFO | [canonical][PFF] pagan_sossounov: 5 MACRO phases -> 7 phases after the MESO merge.
2026-09-05 07:32:19 | INFO | [canonical][VNQ] pagan_sossounov: 10 MACRO phases -> 18 phases after the MESO merge.
2026-09-05 07:32:19 | INFO | [canonical][BWX] pagan_sossounov: 11 MACRO phases -> 11 phases after the MESO merge.
2026-09-05 07:32:19 | INFO | [canonical] 66 phases: SPY 30 (lunde_timmermann), PFF 7 (pagan_sossounov), VNQ 18 (pagan_sossounov), BWX 11 (pagan_sossounov)
2026-09-05 07:32:19 | INFO | C5 degeneracies on the canonical arm, counted even at zero: T_days_zero = 0, ann_vol_zero = 0, q_phase_degenerate = 0, sharpe_below_1e-12 = 0, sharpe_non_finite = 0. Deterministic; trigger probability 0. A non-finite `sharpe` or `kl` reaching a detectability flag counts the phase out of budget WITHOUT measurement, because `NaN < T_days` is False, and stops the run.
2026-09-05 07:32:19 | INFO | C5 [canonical] persisted-column recount: ADD_min_days non-finite = 0 (the `sharpe == 0 -> np.inf` branch), q_phase in {0, 1} = 0, T_days == 0 = 0. Their defined treatment: an infinite floor is never below T_days, so such a phase counts out of budget by measurement rather than by default; a degenerate q_phase is clipped to [1e-6, 1-1e-6] by compute_kl_sign before the Bernoulli divergence.
2026-09-05 07:32:19 | INFO | [strict_ps][SPY] pagan_sossounov: 8 MACRO phases -> 12 phases after the MESO merge.
2026-09-05 07:32:19 | INFO | [strict_ps][PFF] pagan_sossounov: 5 MACRO phases -> 7 phases after the MESO merge.
2026-09-05 07:32:19 | INFO | [strict_ps][VNQ] pagan_sossounov: 10 MACRO phases -> 18 phases after the MESO merge.
2026-09-05 07:32:19 | INFO | [strict_ps][BWX] pagan_sossounov: 11 MACRO phases -> 11 phases after the MESO merge.
2026-09-05 07:32:19 | INFO | [strict_ps] 48 phases: SPY 12 (pagan_sossounov), PFF 7 (pagan_sossounov), VNQ 18 (pagan_sossounov), BWX 11 (pagan_sossounov)
2026-09-05 07:32:19 | INFO | C5 degeneracies on the strict_ps arm, counted even at zero: T_days_zero = 0, ann_vol_zero = 0, q_phase_degenerate = 0, sharpe_below_1e-12 = 0, sharpe_non_finite = 0. Deterministic; trigger probability 0. A non-finite `sharpe` or `kl` reaching a detectability flag counts the phase out of budget WITHOUT measurement, because `NaN < T_days` is False, and stops the run.
2026-09-05 07:32:19 | INFO | C5 [strict_ps] persisted-column recount: ADD_min_days non-finite = 0 (the `sharpe == 0 -> np.inf` branch), q_phase in {0, 1} = 0, T_days == 0 = 0. Their defined treatment: an infinite floor is never below T_days, so such a phase counts out of budget by measurement rather than by default; a degenerate q_phase is clipped to [1e-6, 1-1e-6] by compute_kl_sign before the Bernoulli divergence.
2026-09-05 07:32:19 | INFO | [symmetric][SPY] lunde_timmermann: 30 MACRO phases -> 30 phases after the MESO merge.
2026-09-05 07:32:19 | INFO | [symmetric][PFF] lunde_timmermann: 20 MACRO phases -> 20 phases after the MESO merge.
2026-09-05 07:32:19 | INFO | [symmetric][VNQ] lunde_timmermann: 46 MACRO phases -> 46 phases after the MESO merge.
2026-09-05 07:32:19 | INFO | [symmetric][BWX] lunde_timmermann: 6 MACRO phases -> 6 phases after the MESO merge.
2026-09-05 07:32:19 | INFO | [symmetric] 102 phases: SPY 30 (lunde_timmermann), PFF 20 (lunde_timmermann), VNQ 46 (lunde_timmermann), BWX 6 (lunde_timmermann)
2026-09-05 07:32:19 | INFO | C5 degeneracies on the symmetric arm, counted even at zero: T_days_zero = 0, ann_vol_zero = 0, q_phase_degenerate = 7, sharpe_below_1e-12 = 0, sharpe_non_finite = 0. Deterministic; trigger probability 0. A non-finite `sharpe` or `kl` reaching a detectability flag counts the phase out of budget WITHOUT measurement, because `NaN < T_days` is False, and stops the run.
2026-09-05 07:32:19 | INFO | C5 [symmetric] persisted-column recount: ADD_min_days non-finite = 0 (the `sharpe == 0 -> np.inf` branch), q_phase in {0, 1} = 7, T_days == 0 = 0. Their defined treatment: an infinite floor is never below T_days, so such a phase counts out of budget by measurement rather than by default; a degenerate q_phase is clipped to [1e-6, 1-1e-6] by compute_kl_sign before the Bernoulli divergence.
2026-09-05 07:32:19 | INFO | C1 partition of the return series. Per ticker: phases contiguous (end_date[k] == start_date[k+1]), sum(T_days) == idx(last end) - idx(first start), and no phase dropped between the dating and the census. The post-onset convention of v87 L392 imposes it by construction. Deterministic; trigger probability 0 under a correct implementation. Failure means the double counting survives, which is a D3 on the 80%.
2026-09-05 07:32:19 | INFO | C1 [canonical][SPY]: 30 phases of the 30 the dating produced (none dropped = True), contiguous = True, sum(T_days) = 6356, idx(last end) - idx(first start) = 6356, margin = 0. Head 56 and tail 1 returns lie outside the covered span: that is the min_edge = 126 censoring of the dating filter, not a hole in the partition.
2026-09-05 07:32:19 | INFO | C1 [canonical][PFF]: 7 phases of the 7 the dating produced (none dropped = True), contiguous = True, sum(T_days) = 3930, idx(last end) - idx(first start) = 3930, margin = 0. Head 294 and tail 178 returns lie outside the covered span: that is the min_edge = 126 censoring of the dating filter, not a hole in the partition.
2026-09-05 07:32:19 | INFO | C1 [canonical][VNQ]: 18 phases of the 18 the dating produced (none dropped = True), contiguous = True, sum(T_days) = 4483, idx(last end) - idx(first start) = 4483, margin = 0. Head 382 and tail 148 returns lie outside the covered span: that is the min_edge = 126 censoring of the dating filter, not a hole in the partition.
2026-09-05 07:32:19 | INFO | C1 [canonical][BWX]: 11 phases of the 11 the dating produced (none dropped = True), contiguous = True, sum(T_days) = 4009, idx(last end) - idx(first start) = 4009, margin = 0. Head 243 and tail 198 returns lie outside the covered span: that is the min_edge = 126 censoring of the dating filter, not a hole in the partition.
2026-09-05 07:32:19 | INFO | C1 [strict_ps][SPY]: 12 phases of the 12 the dating produced (none dropped = True), contiguous = True, sum(T_days) = 5037, idx(last end) - idx(first start) = 5037, margin = 0. Head 693 and tail 683 returns lie outside the covered span: that is the min_edge = 126 censoring of the dating filter, not a hole in the partition.
2026-09-05 07:32:19 | INFO | C1 [strict_ps][PFF]: 7 phases of the 7 the dating produced (none dropped = True), contiguous = True, sum(T_days) = 3930, idx(last end) - idx(first start) = 3930, margin = 0. Head 294 and tail 178 returns lie outside the covered span: that is the min_edge = 126 censoring of the dating filter, not a hole in the partition.
2026-09-05 07:32:19 | INFO | C1 [strict_ps][VNQ]: 18 phases of the 18 the dating produced (none dropped = True), contiguous = True, sum(T_days) = 4483, idx(last end) - idx(first start) = 4483, margin = 0. Head 382 and tail 148 returns lie outside the covered span: that is the min_edge = 126 censoring of the dating filter, not a hole in the partition.
2026-09-05 07:32:19 | INFO | C1 [strict_ps][BWX]: 11 phases of the 11 the dating produced (none dropped = True), contiguous = True, sum(T_days) = 4009, idx(last end) - idx(first start) = 4009, margin = 0. Head 243 and tail 198 returns lie outside the covered span: that is the min_edge = 126 censoring of the dating filter, not a hole in the partition.
2026-09-05 07:32:19 | INFO | C1 [symmetric][SPY]: 30 phases of the 30 the dating produced (none dropped = True), contiguous = True, sum(T_days) = 6356, idx(last end) - idx(first start) = 6356, margin = 0. Head 56 and tail 1 returns lie outside the covered span: that is the min_edge = 126 censoring of the dating filter, not a hole in the partition.
2026-09-05 07:32:19 | INFO | C1 [symmetric][PFF]: 20 phases of the 20 the dating produced (none dropped = True), contiguous = True, sum(T_days) = 4132, idx(last end) - idx(first start) = 4132, margin = 0. Head 92 and tail 178 returns lie outside the covered span: that is the min_edge = 126 censoring of the dating filter, not a hole in the partition.
2026-09-05 07:32:19 | INFO | C1 [symmetric][VNQ]: 46 phases of the 46 the dating produced (none dropped = True), contiguous = True, sum(T_days) = 4949, idx(last end) - idx(first start) = 4949, margin = 0. Head 4 and tail 60 returns lie outside the covered span: that is the min_edge = 126 censoring of the dating filter, not a hole in the partition.
2026-09-05 07:32:19 | INFO | C1 [symmetric][BWX]: 6 phases of the 6 the dating produced (none dropped = True), contiguous = True, sum(T_days) = 4350, idx(last end) - idx(first start) = 4350, margin = 0. Head 97 and tail 3 returns lie outside the covered span: that is the min_edge = 126 censoring of the dating filter, not a hole in the partition.
2026-09-05 07:32:19 | INFO | C7 the example v87 L392 cites. PFF 2020-03-18 log return = -0.18583434620279932 -> -18.6% at the manuscript's printed precision. It CLOSES phase 3 (2013-05-08 -> 2020-03-18) and is EXCLUDED from phase 4 (2020-03-18 -> 2021-12-31), which is what the post-onset convention describes. Excluding it moves that phase's Sharpe 0.913 -> 1.905 and its floor 1810.7 -> 416.2 trading days, i.e. the outlier biases the floor UPWARD, exactly as L392 states. Deterministic; trigger probability 0.
2026-09-05 07:32:19 | INFO | ======================== ARTIFACT INTEGRITY MANIFEST ========================
2026-09-05 07:32:19 | INFO | results/R16_regime_census/
2026-09-05 07:32:19 | INFO | └── data/
2026-09-05 07:32:19 | INFO |     ├── R16_regime_census.csv               [e20112aad86f3227f683ae47587ff9771351db3cfe4343c35e7ffa8b099691d3]
2026-09-05 07:32:19 | INFO |     ├── R16_meso_split_report.csv           [128aa42d418ce400f931f4a62eb40fc6edd76d18a1226cf670b2ccedd57943c3]
2026-09-05 07:32:19 | INFO |     ├── R16_boundary_convention_delta.csv   [62368994ccd2ef3ed79b594fd36579c342519b80e1e7ee3d006b8dbc43b56c3a]
2026-09-05 07:32:19 | INFO |     ├── R16_regime_census_strict_ps.csv     [739f14a148e2352ed8a16a75e35d6aa4366689cee1fa46e0ee2191b28263383d]
2026-09-05 07:32:19 | INFO |     └── R16_regime_census_symmetric.csv     [463f51aa26daf6241b12a0bccbcbea9844b67707a3050561beb9e04a2a6a6d00]
2026-09-05 07:32:19 | INFO | =============================================================================
2026-09-05 07:32:19 | INFO | Cardinality [canonical]: 66 phases, as measured when the port was established.
2026-09-05 07:32:19 | INFO | Cardinality [strict_ps]: 48 phases, as measured when the port was established.
2026-09-05 07:32:19 | INFO | Cardinality [symmetric]: 102 phases, as measured when the port was established.
2026-09-05 07:32:19 | INFO | SHA-256 R16_regime_census.csv                    : e20112aad86f3227f683ae47587ff9771351db3cfe4343c35e7ffa8b099691d3
2026-09-05 07:32:19 | INFO | SHA-256 R16_meso_split_report.csv                : 128aa42d418ce400f931f4a62eb40fc6edd76d18a1226cf670b2ccedd57943c3
2026-09-05 07:32:19 | INFO | SHA-256 R16_boundary_convention_delta.csv        : 62368994ccd2ef3ed79b594fd36579c342519b80e1e7ee3d006b8dbc43b56c3a
2026-09-05 07:32:19 | INFO | SHA-256 R16_regime_census_strict_ps.csv          : 739f14a148e2352ed8a16a75e35d6aa4366689cee1fa46e0ee2191b28263383d
2026-09-05 07:32:19 | INFO | SHA-256 R16_regime_census_symmetric.csv          : 463f51aa26daf6241b12a0bccbcbea9844b67707a3050561beb9e04a2a6a6d00
2026-09-05 07:32:19 | INFO | Execution completed in 0.2s. No parallelism and no stochastic component: R16's worker-count reproducibility axis is vacuous and is stated as such rather than staged. The second axis C9 uses instead is arm isolation -- `--dating strict_ps` and `--dating symmetric` invoked alone must reproduce, byte for byte, the CSVs this default run wrote.
