2026-08-06 16:04:46 | INFO | PYTHONHASHSEED correctly pinned to 42 before interpreter start.
2026-08-06 16:04:46 | INFO | Python: 3.12.9
2026-08-06 16:04:46 | INFO |   numpy: 1.26.4
2026-08-06 16:04:46 | INFO |   pandas: 2.3.2
2026-08-06 16:04:46 | INFO |   scipy: 1.16.2
2026-08-06 16:04:46 | INFO |   statsmodels: 0.14.5
2026-08-06 16:04:46 | INFO |   matplotlib: 3.10.6
2026-08-06 16:04:46 | INFO |   pytest: 9.0.3
2026-08-06 16:04:46 | INFO | R13 (b) renders v87 Figure 14 (fig:oracle_frontier) and emits the macros of L331. The campaign is RE-RUN in memory rather than reloaded from CSV: preamble S7 forbids a disk round trip as a memory bridge, so the figure and every macro below are computed from the objects exp_R13_oracle_ceiling_a.run_campaign returns.
2026-08-06 16:04:46 | INFO | C7 source identity: 6 primitives byte-identical to the files that own them (2645 characters compared) -- wilson_ci, compute_oracle_v2_v3 and check_monotonicity against Priorite_19_oracle_ceiling_parallel.py, and _garch_nll, fit_garch_qmle and compute_gamma_exact against exp_R01_real_world_backtest.py. Preamble S4.2 forbids hoisting any of them into experiments/common/, so the duplication is deliberate. Deterministic; trigger probability 0 unless a copy has drifted.
2026-08-06 16:04:46 | INFO | C7 ADAPTED ROUTINES. ['run_qmle_recovery', 'run_detector_recovery', 'process_episode'] each take an injected generator where Priorite_19_oracle_ceiling_parallel.py builds one from a bare integer seed, so byte identity is not assertable on them and the witness source of each is quoted in full below instead. This is the treatment exp_R11_multi_detector.py gives simulate_garch11. The witness segments total 20884 characters.
2026-08-06 16:04:46 | INFO | C7 witness SHA-256 of run_qmle_recovery: 14c0662cdde4b710c1370db2f18ec011cf492e6a61ee29f73355189ba55590b0
2026-08-06 16:04:46 | INFO | C7 witness source of run_qmle_recovery:
def run_qmle_recovery():
    def simulate_garch11(n, omega, alpha, beta, nu=7.0, seed=42):
        loc_rng = np.random.default_rng(seed)
        sigma2_unc = omega / (1 - alpha - beta)
        eps = np.zeros(n)
        sigma2 = np.zeros(n)
        sigma2[0] = sigma2_unc
        scale = np.sqrt((nu - 2) / nu)
        z = loc_rng.standard_t(df=nu, size=n) * scale
        eps[0] = np.sqrt(sigma2[0]) * z[0]
        for t in range(1, n):
            sigma2[t] = omega + alpha * eps[t-1]**2 + beta * sigma2[t-1]
            sigma2[t] = min(sigma2[t], 1e4 * sigma2_unc)
            eps[t] = np.sqrt(sigma2[t]) * z[t]
        return eps

    targets = [(0.05, 0.90), (0.08, 0.90), (0.10, 0.85), (0.05, 0.94)]
    sigmas = [0.1, 0.0093]
    passes = 0
    
    for a, b in targets:
        for sig in sigmas:
            omega = (sig**2) * (1 - a - b)
            for seed in range(11):
                eps = simulate_garch11(5000, omega, a, b, seed=seed)
                res = fit_garch_qmle(eps)
                w_hat, a_hat, b_hat = res[0] if isinstance(res[0], tuple) else res
                if abs(a_hat - a) < 0.03 and abs(b_hat - b) < 0.05:
                    passes += 1
    
    if passes == 88:
        logging.info("QMLE RECOVERY: PASSED")
        return True
    else:
        logging.error("QMLE RECOVERY: FAILED")
        sys.exit(1)
2026-08-06 16:04:46 | INFO | C7 witness SHA-256 of run_detector_recovery: 8e726d8b8e7cd3fa7249a8ea9761b7e82d59f8314fd14666176e17c9b4f5b12e
2026-08-06 16:04:46 | INFO | C7 witness source of run_detector_recovery:
def run_detector_recovery():
    # MANDATORY SIGN VERIFICATION:
    # under H_1, E[z_t] = (mu_1 - mu_0)/sigma_t, so
    # E[x_t] = sign(mu_1-mu_0) * (mu_1-mu_0)/sigma_t = |mu_1-mu_0|/sigma_t > 0.
    # The drift of x_t is POSITIVE in both market directions (bear AND bull),
    # which is the necessary condition for a 0-reflected CUSUM to take off.
    
    H_tot, H_inj = 4000, 2000
    N_H0, N_H1 = 5000, 500
    
    Z_H0 = rng.standard_normal((N_H0, H_tot))
    
    # Strict coupling of H1 noise to guarantee Monte Carlo symmetry
    Z_base = rng.standard_normal((N_H1, H_tot))
    
    Z_H1_bear = Z_base.copy()
    Z_H1_bear[:, H_inj:] -= 0.5
    
    Z_H1_bull = Z_base.copy()
    Z_H1_bull[:, H_inj:] += 0.5
    
    Z_H1_null = Z_base.copy()
    
    detectors_ctrl = [('D1', 0.00), ('D1', 0.25), ('D2', np.nan), ('D3', np.nan)]
    lambda_grid_ctrl = np.geomspace(1e-3, 200, 200)
    
    records = []
    pass_all = True
    
    for det, delta in detectors_ctrl:
        if det == 'D1' or det == 'D2':
            is_D1 = (det == 'D1')
            dv = delta if is_D1 else 0.0
            
            def calibrate(Z_batch, mu_1):
                sign_d = np.sign(mu_1) if mu_1 != 0 else 1
                X = sign_d * Z_batch if is_D1 else mu_1 * (Z_batch - mu_1/2)
                S_arr = np.zeros(Z_batch.shape[0])
                M_arr_post = np.zeros(Z_batch.shape[0])
                for t in range(H_tot):
                    S_arr = np.maximum(0, S_arr + X[:, t] - dv)
                    if t >= H_inj:
                        M_arr_post = np.maximum(M_arr_post, S_arr)
                return M_arr_post
                
            # Calibrate lambda on H0 post-injection window
            # to absorb the stationary regime and validate the degenerate case (r_null)
            M_H0_bull = calibrate(Z_H0, mu_1=0.5)
            fprs = np.array([(M_H0_bull > l).mean() for l in lambda_grid_ctrl])
            idx_star = np.where(fprs <= 0.05)[0]
            lam_star = lambda_grid_ctrl[idx_star[0]] if len(idx_star)>0 else np.nan
            fpr_val = fprs[idx_star[0]] if len(idx_star)>0 else np.nan
            
            def eval_power(Z_batch, mu_1):
                sign_d = np.sign(mu_1) if mu_1 != 0 else 1
                X = sign_d * Z_batch if is_D1 else mu_1 * (Z_batch - mu_1/2)
                S_arr = np.zeros(Z_batch.shape[0])
                first_alarm = np.full(Z_batch.shape[0], np.nan)
                for t in range(H_tot):
                    S_arr = np.maximum(0, S_arr + X[:, t] - dv)
                    if t >= H_inj:
                        crossed = (S_arr > lam_star) & np.isnan(first_alarm)
                        first_alarm[crossed] = (t + 1) - H_inj
                return first_alarm
                
            tau_bear = eval_power(Z_H1_bear, mu_1=-0.5)
            tau_bull = eval_power(Z_H1_bull, mu_1=0.5)
            tau_null = eval_power(Z_H1_null, mu_1=0.5)
            
            r_bear = (~np.isnan(tau_bear)).mean()
            r_bull = (~np.isnan(tau_bull)).mean()
            r_null = (~np.isnan(tau_null)).mean()
            
        elif det == 'D3':
            lam_star = 1.6449
            fpr_val = 0.05
            def eval_D3(Z_batch, mu_1):
                sign_d = np.sign(mu_1) if mu_1 != 0 else 1
                first_alarm = np.full(Z_batch.shape[0], np.nan)
                S_num = np.zeros(Z_batch.shape[0])
                for t in range(1, H_inj+1):
                    # Strict Clairvoyant test: starts at onset time
                    S_num += Z_batch[:, H_inj + t - 1]
                    Zn = sign_d * S_num / np.sqrt(t)
                    crossed = (Zn > lam_star) & np.isnan(first_alarm)
                    first_alarm[crossed] = t
                Zn_final = sign_d * S_num / np.sqrt(H_inj)
                return first_alarm, Zn_final
                
            tau_bear, _ = eval_D3(Z_H1_bear, mu_1=-0.5)
            tau_bull, _ = eval_D3(Z_H1_bull, mu_1=0.5)
            _, Zn_final_null = eval_D3(Z_H1_null, mu_1=0.5)
            
            r_bear = (~np.isnan(tau_bear)).mean()
            r_bull = (~np.isnan(tau_bull)).mean()
            r_null = (Zn_final_null > 1.6449).mean()
            
        c_pwr = (r_bear >= 0.95) and (r_bull >= 0.95)
        c_sym = abs(r_bear - r_bull) <= 0.03
        if r_bear >= 0.5 and r_bull >= 0.5:
            rtio = np.nanmedian(tau_bear) / np.nanmedian(tau_bull)
            c_sym = c_sym and (0.7 <= rtio <= 1.4)
        c_deg = 0.02 <= r_null <= 0.10
        
        c_pass = c_pwr and c_sym and c_deg
        if not c_pass: pass_all = False
        
        conds = [
            ('H1_bear_ctrl', r_bear, tau_bear, N_H1),
            ('H1_bull_ctrl', r_bull, tau_bull, N_H1),
            ('H1_null_drift_ctrl', r_null, tau_null if det != 'D3' else np.full(N_H1, np.nan), N_H1),
            ('H0_ctrl', fpr_val, np.full(N_H0, np.nan), N_H0)
        ]
        
        for c_name, c_rate, c_tau, c_n in conds:
            c_low, c_high = wilson_ci(c_rate, c_n)
            records.append({
                'detector': det, 'delta': delta, 'delta_opt_ctrl': 0.25,
                'condition': c_name, 'lambda_star_ctrl': lam_star, 'FPR_H_ctrl': fpr_val,
                'detection_rate': c_rate, 'ci_low': c_low, 'ci_high': c_high,
                'median_delay': np.nanmedian(c_tau), 'n_replicates': c_n,
                'power_requirement_met': c_pwr, 'symmetry_requirement_met': c_sym,
                'degenerate_requirement_met': c_deg, 'detector_recovery_pass': c_pass
            })

    pd.DataFrame(records).to_csv(FIGURES_DIR / 'protocol_19e_detector_recovery.csv', index=False)
    
    if pass_all:
        logging.info("DETECTOR RECOVERY: PASSED")
    else:
        logging.error("DETECTOR RECOVERY: FAILED")
        sys.exit(1)
2026-08-06 16:04:46 | INFO | C7 witness SHA-256 of process_episode: 09a468d8a9c06a2815e25447f9f7b5201d17ba631f413160d1f94cf1bdaa89f6
2026-08-06 16:04:46 | INFO | C7 witness source of process_episode:
def process_episode(ep, df_census, df_tick, seed_seq):
    worker_logs = []
    # Legacy seed isolation per worker for legacy SciPy/Statsmodels functions
    legacy_seed = int(seed_seq.generate_state(1)[0]) & 0xFFFFFFFF
    np.random.seed(legacy_seed)
    import random
    random.seed(legacy_seed)
    
    out_19a, out_19b, out_19c, out_19d = [], [], [], []
    # Instantiation of an independent and deterministic RNG via SeedSequence
    loc_rng = np.random.default_rng(seed_seq)
    
    row = df_census[(df_census['ticker'] == ep['ticker']) & (df_census['phase_id'] == ep['phase_id'])]
    if row.empty:
        raise RuntimeError(f"Episode {ep['id']} unresolved in CSV.")
        
    c_row = row.iloc[0]
    st_date, en_date = c_row['start_date'], c_row['end_date']
    T_csv, sr_csv = c_row['T_days'], c_row['sharpe']
    # Original census values, preserved for audit columns *_csv
    # (T_csv/sr_csv might be replaced below by P3 sequential convention).
    T_census_orig, sr_census_orig = c_row['T_days'], c_row['sharpe']
    add_csv, det_csv = c_row['ADD_min_days'], c_row['detectable_flag']
    
    idx_onset = df_tick.index.get_loc(st_date)
    idx_end = df_tick.index.get_loc(en_date)
    
    # R6(a & b) INCOMMENSURABILITY CONFLICT RESOLUTION (EPISTEMOLOGICAL OVERRIDE)
    T_recomp = idx_end - idx_onset
    
    r_ph_strict = df_tick['log_ret'].iloc[idx_onset+1 : idx_end+1]
    sr_recomp = (r_ph_strict.mean() / r_ph_strict.std(ddof=1)) * np.sqrt(252)
    
    if T_recomp != T_csv or abs(sr_recomp - sr_csv) > 1e-3:
        worker_logs.append(("WARNING", f"[{ep['id']}] P16/P3 INCOMMENSURABILITY: T_days {T_csv}->{T_recomp}, Sharpe {sr_csv:.4f}->{sr_recomp:.4f}. SEQUENTIAL OVERRIDE."))
        # Overwriting CSV constants biased by strictly post-onset reality
        T_csv = T_recomp
        sr_csv = sr_recomp
        
    ref_start_idx = max(0, idx_onset - 1000)
    n_ref = idx_onset - ref_start_idx
    if n_ref < 500:
        raise RuntimeError(f"[{ep['id']}] n_ref={n_ref} < 500")
        
    surv_end_idx = min(idx_onset + 3 * T_csv, idx_onset + 750, len(df_tick) - 1)
    r_win = df_tick['log_ret'].iloc[ref_start_idx : surv_end_idx+1].values
    eps_win = r_win - np.mean(r_win)
    
    res_qmle = fit_garch_qmle(eps_win)
    w_hat, a_hat, b_hat = res_qmle[0] if isinstance(res_qmle[0], tuple) else res_qmle
    
    sig2_V1 = np.zeros(len(eps_win))
    sig2_V1[0] = np.var(eps_win)
    for t in range(1, len(eps_win)):
        sig2_V1[t] = w_hat + a_hat * eps_win[t-1]**2 + b_hat * sig2_V1[t-1]
    sig_V1 = np.sqrt(sig2_V1)
    
    idx_rel_onset = idx_onset - ref_start_idx
    idx_rel_end = surv_end_idx - ref_start_idx
    
    sig_V2, n_eff_V2 = compute_oracle_v2_v3(r_win, idx_rel_onset+1, idx_rel_end, False)
    if n_eff_V2 < 8:
        raise RuntimeError(f"[{ep['id']}] V2 n_eff < 8")
        
    sig_V3, _ = compute_oracle_v2_v3(r_win, idx_rel_onset+1, idx_rel_end, True)
    
    oracles_map = {
        'V1': {'sig': sig_V1, 'contam': False, 'w': w_hat, 'a': a_hat, 'b': b_hat},
        'V2': {'sig': sig_V2, 'contam': False, 'w': np.nan, 'a': np.nan, 'b': np.nan},
        'V3': {'sig': sig_V3, 'contam': True, 'w': np.nan, 'a': np.nan, 'b': np.nan}
    }
    
    for o_name, o_data in oracles_map.items():
        sig_arr = o_data['sig']
        sig_surv_chk = sig_arr[idx_rel_onset+1 : idx_rel_end+1]
        if np.any(sig_surv_chk <= 0) or np.any(np.isnan(sig_surv_chk)):
            raise RuntimeError(f"[{ep['id']}] {o_name}: sigma_t <= 0 detected.")
            
        r_ref = r_win[:idx_rel_onset]
        sig_ref = sig_arr[:idx_rel_onset]
        mu_0 = np.mean(r_ref)
        z_ref = (r_ref - mu_0) / sig_ref
        
        p_lb = acorr_ljungbox(z_ref, lags=[20], return_df=True)['lb_pvalue'].iloc[0]
        p_lb2 = acorr_ljungbox(z_ref**2, lags=[20], return_df=True)['lb_pvalue'].iloc[0]
        m_z, s_z, k_z = np.mean(z_ref), np.std(z_ref, ddof=1), stats.kurtosis(z_ref, fisher=False)
        
        is_cert = (p_lb2 >= 0.01) and (0.8 <= s_z <= 1.25)
        if not is_cert:
            worker_logs.append(("WARNING", f"[{ep['id']}] {o_name} not certified."))
            
        idx_rel_phase_end = idx_end - ref_start_idx
        r_ph = r_win[idx_rel_onset+1 : idx_rel_phase_end+1]
        sig_ph = sig_arr[idx_rel_onset+1 : idx_rel_phase_end+1]
        mu_1 = np.mean(r_ph)
        
        D_std = np.mean((mu_1 - mu_0) / sig_ph)
        d_opt = abs(D_std) / 2
        
        KL_p = np.sum(((mu_1 - mu_0)**2) / (2 * sig_ph**2))
        KL_c = T_csv * (sr_csv**2) / 504
        
        r_sv = r_win[idx_rel_onset+1:]
        sig_sv = sig_arr[idx_rel_onset+1:]
        H_ep = int(T_csv)
        
        out_19c.append({
            'episode_id': ep['id'], 'ticker': ep['ticker'], 'phase_id': ep['phase_id'], 'role': ep['role'],
            'sigma_oracle': o_name, 'oracle_contaminated': o_data['contam'],
            'ref_start': df_tick.index[ref_start_idx].strftime('%Y-%m-%d'), 'ref_end': df_tick.index[idx_onset-1].strftime('%Y-%m-%d'),
            'n_ref': n_ref, 'p_lb_z': p_lb, 'p_lb_z2': p_lb2, 'mean_z_ref': m_z, 'std_z_ref': s_z, 'kurt_z_ref': k_z,
            'oracle_certified': is_cert, 'omega': o_data['w'], 'alpha': o_data['a'], 'beta': o_data['b'],
            'persistence': o_data['a'] + o_data['b'], 'gamma_exact': compute_gamma_exact(o_data['a'], o_data['b']) if o_name=='V1' else np.nan,
            'qmle_recovery_pass': True, 'mu_0': mu_0, 'mu_1': mu_1, 'Delta_std': D_std, 'delta_opt': d_opt,
            'sigma_bar_ref': np.mean(sig_ref), 'sigma_bar_phase': np.mean(sig_ph), 'vol_ratio': np.mean(sig_ph)/np.mean(sig_ref),
            'sum_inv_sigma2_phase': np.sum(1 / sig_ph**2), 'KL_path': KL_p, 'KL_corollary': KL_c, 'jensen_ratio': KL_p/KL_c,
            'SR_daily_realized': np.mean(r_ph)/np.std(r_ph, ddof=1), 'sharpe_csv': sr_census_orig, 'sharpe_recomputed': sr_recomp,
            'T_days_csv': T_census_orig, 'T_days_recomputed': T_recomp
        })
        
        # D3 Clairvoyant Floor
        S_n_num = np.cumsum((r_sv - mu_0) / sig_sv**2)
        S_n_den = np.sqrt(np.cumsum(1 / sig_sv**2))
        Zn_real = np.sign(mu_1 - mu_0) * S_n_num / S_n_den
        i_cross = np.where(Zn_real >= 1.6449)[0]
        n_star_real = i_cross[0] + 1 if len(i_cross) > 0 else np.nan
        
        Zn_anal = abs(mu_1 - mu_0) * S_n_den
        ia_cross = np.where(Zn_anal >= 1.6449)[0]
        n_star_anal = ia_cross[0] + 1 if len(ia_cross) > 0 else np.nan
        
        out_19d.append({
            'episode_id': ep['id'], 'ticker': ep['ticker'], 'phase_id': ep['phase_id'], 'role': ep['role'],
            'sigma_oracle': o_name, 'n_star_realized': n_star_real, 'n_star_analytic': n_star_anal,
            'anticonservative': True, 'T_days_phase': T_csv, 'ADD_min_census': add_csv
        })
        
        # Null-B logic
        z_nrm = (z_ref - np.mean(z_ref)) / np.std(z_ref, ddof=1)
        sig_H = sig_sv[:H_ep]
        Z_star = loc_rng.choice(z_nrm, size=(N_BOOT_FPR, H_ep))
        r_nb = mu_0 + sig_H * Z_star
        
        base_grid = np.geomspace(1e-3, 200, 200)
        
        # GARCH Isolation (CRN & Acceleration): 1 unique ARL computation instead of 11 redundancies
        if o_name == 'V1':
            ra_arl = np.zeros((N_BOOT_ARL, H_ARL))
            sa_arl = np.zeros((N_BOOT_ARL, H_ARL))
            bs = 500
            for b in range(N_BOOT_ARL // bs):
                Za = loc_rng.choice(z_nrm, size=(bs, H_ARL + 500))
                ea = np.zeros((bs, H_ARL + 500))
                sa2 = np.zeros((bs, H_ARL + 500))
                sa2[:, 0] = o_data['w'] / (1 - o_data['a'] - o_data['b'])
                for t in range(1, H_ARL + 500):
                    sa2[:, t] = o_data['w'] + o_data['a'] * ea[:, t-1]**2 + o_data['b'] * sa2[:, t-1]
                    ea[:, t] = np.sqrt(sa2[:, t]) * Za[:, t]
                sa_arl[b*bs:(b+1)*bs, :] = np.sqrt(sa2[:, 500:])
                ra_arl[b*bs:(b+1)*bs, :] = mu_0 + ea[:, 500:]
        
        for d_id in ['D1', 'D2']:
            deltas = [0.0, 0.05, 0.10, 0.15, 0.20, 0.25, 0.30, 0.40, 0.50, d_opt] if d_id == 'D1' else [np.nan]
            
            for d_val in deltas:
                if d_id == 'D1':
                    X_nb = np.sign(mu_1 - mu_0) * (r_nb - mu_0) / sig_H
                    X_real = np.sign(mu_1 - mu_0) * (r_sv - mu_0) / sig_sv
                    dv = d_val
                else:
                    X_nb = (mu_1 - mu_0) * (r_nb - (mu_0 + mu_1)/2) / (sig_H**2)
                    X_real = (mu_1 - mu_0) * (r_sv - (mu_0 + mu_1)/2) / (sig_sv**2)
                    dv = 0.0
                    
                S_nb = np.zeros(N_BOOT_FPR)
                M_nb = np.zeros(N_BOOT_FPR)
                for t in range(H_ep):
                    S_nb = np.maximum(0, S_nb + X_nb[:, t] - dv)
                    M_nb = np.maximum(M_nb, S_nb)
                    
                S_real = 0.0
                M_real = np.zeros(len(r_sv))
                for t in range(len(r_sv)):
                    S_real = max(0, S_real + X_real[t] - dv)
                    M_real[t] = S_real
                    
                max_M = np.max(M_nb)
                grid = np.geomspace(1e-3, max_M * 1.1, 200) if max_M > 200 else base_grid
                
                fpr_vals = np.array([(M_nb > l).mean() for l in grid])
                
                arl_vals = np.full(200, np.nan)
                arl_cens = np.full(200, False)
                arl_frac = np.zeros(200)
                arl_avail = False
                
                if o_name == 'V1':
                    arl_avail = True
                    tau_arl = np.full((N_BOOT_ARL, 200), H_ARL)
                    
                    if d_id == 'D1':
                        Xa = np.sign(mu_1 - mu_0) * (ra_arl - mu_0) / sa_arl
                    else:
                        Xa = (mu_1 - mu_0) * (ra_arl - (mu_0 + mu_1)/2) / (sa_arl**2)
                        
                    Sa = np.zeros(N_BOOT_ARL)
                    for t in range(H_ARL):
                        Sa = np.maximum(0, Sa + Xa[:, t] - dv)
                        # CPU Vectorization via Broadcasting
                        mask = (Sa[:, None] > grid) & (tau_arl == H_ARL)
                        tau_arl[mask] = t + 1
                                
                    arl_raw = np.mean(tau_arl, axis=0)
                    arl_frac = np.mean(tau_arl == H_ARL, axis=0)
                    arl_cens = arl_frac > 0.05
                    arl_vals = arl_raw.copy()
                    arl_vals[arl_cens] = np.nan
                    
                check_monotonicity(fpr_vals, arl_vals, d_id)
                
                tau_grid = np.full(200, np.nan)
                date_grid = []
                for i, l in enumerate(grid):
                    idx_c = np.where(M_real > l)[0]
                    if len(idx_c) > 0:
                        tau_grid[i] = idx_c[0] + 1
                        date_grid.append(df_tick.index[idx_onset + 1 + idx_c[0]].strftime('%Y-%m-%d'))
                    else:
                        date_grid.append(np.nan)
                        
                for i in range(200):
                    cl, ch = wilson_ci(fpr_vals[i], N_BOOT_FPR)
                    out_19a.append({
                        'episode_id': ep['id'], 'ticker': ep['ticker'], 'phase_id': ep['phase_id'],
                        'sigma_oracle': o_name, 'oracle_contaminated': o_data['contam'], 'detector': d_id,
                        'delta': d_val, 'lambda': grid[i], 'FPR_H': fpr_vals[i], 'FPR_H_ci_low': cl, 'FPR_H_ci_high': ch,
                        'ARL0': arl_vals[i], 'arl0_available': arl_avail, 'arl0_right_censored': arl_cens[i],
                        'arl0_censored_frac': arl_frac[i], 'tau_realized_days': tau_grid[i], 'alarm_date': date_grid[i],
                        'T_days_phase': T_csv
                    })
                    
                # OP Extraction
                i_op1 = np.where(fpr_vals <= 0.05)[0]
                i_op2 = np.where(arl_vals >= 20)[0] if arl_avail else []
                i_op2b = np.where(arl_vals >= 252)[0] if arl_avail else []
                i_op3 = np.where(tau_grid <= T_csv)[0]
                
                ops = [
                    ('OP1_isoFPR5_H', i_op1[0] if len(i_op1)>0 else -1),
                    ('OP2_ARL0_20', i_op2[0] if len(i_op2)>0 else -1),
                    ('OP2b_ARL0_252', i_op2b[0] if len(i_op2b)>0 else -1),
                    ('OP3_breakeven', i_op3[-1] if len(i_op3)>0 else -1)
                ]
                
                bk_ex = len(i_op3) > 0
                for op_name, op_idx in ops:
                    at = op_idx != -1
                    out_19b.append({
                        'episode_id': ep['id'], 'ticker': ep['ticker'], 'phase_id': ep['phase_id'], 'role': ep['role'],
                        'sigma_oracle': o_name, 'oracle_contaminated': o_data['contam'], 'oracle_certified': is_cert,
                        'detector': d_id, 'delta': d_val, 'operating_point': op_name,
                        'lambda_star': grid[op_idx] if at else np.nan, 'FPR_H': fpr_vals[op_idx] if at else np.nan,
                        'ARL0': arl_vals[op_idx] if at else np.nan, 'tau_realized_days': tau_grid[op_idx] if at else np.nan,
                        'alarm_date': date_grid[op_idx] if at else np.nan, 'T_days_phase': T_csv,
                        'alarm_within_T': (tau_grid[op_idx] <= T_csv) if at and not np.isnan(tau_grid[op_idx]) else False,
                        'ADD_min_census': add_csv, 'detectable_flag_census': det_csv, 'op_attainable': at, 'breakeven_exists': bk_ex
                    })
    return out_19a, out_19b, out_19c, out_19d, worker_logs
2026-08-06 16:04:46 | INFO | QMLE recovery: 4 (alpha, beta) targets x 2 unconditional scales x 11 replicates = 88 cells, 5000 observations each, standardized Student-t(7) innovations.
2026-08-06 16:04:46 | INFO | S4bis, BEFORE the result is read: the redesigned gate is a family of m = 2 equivalence tests, one per parameter, at a per-test level of 0.001. Its family-wise trigger probability under the null 'the mean margin is zero' is bounded by 1 - (1 - 0.001)^2 = 0.19990%. The delivered gate 'all 88 per-cell comparisons hold' has no computable trigger probability at all, which is why it is replaced rather than kept alongside.
2026-08-06 16:04:46 | INFO | Convergence caveat, stated before the fits are read: fit_garch_qmle declares `converged = res.success and max(|a - 0.05|, |b - 0.90|) > 1e-6`, so a fit that lands exactly on the (0.05, 0.90) initialiser is reported NON-converged. Two of the eight parameter cells target (0.05, 0.90) and (0.05, 0.94), where a genuine solution can sit within 1e-6 of the initialiser. Every non-converged cell is logged individually below and stops the run: shipping the initialiser as a fit is the degraded path preamble S4.3 forbids.
2026-08-06 16:04:57 | INFO | QMLE recovery: all 88 cells converged; no fit was replaced by the (0.05, 0.90) initialiser.
2026-08-06 16:04:57 | INFO | QMLE recovery, DESCRIPTIVE: 86 of 88 cells satisfy the delivered per-cell tolerances |alpha_hat - alpha| < 0.03 and |beta_hat - beta| < 0.05, i.e. 0.9773 Wilson 95% [0.9209, 0.9937]. This count GATES NOTHING; it is the delivered statistic, reported so that the redesign can be compared against it.
2026-08-06 16:04:57 | INFO | QMLE recovery GATE [alpha]: mean margin +0.001289, Monte-Carlo standard error 0.001126 over 88 cells, |mean| + 3.0902 * SE = 0.004769 against the delivered tolerance 0.03. Requirement met: True.
2026-08-06 16:04:57 | INFO | QMLE recovery BIAS, descriptive only: t = +1.1449 on 87 degrees of freedom, two-sided p = 0.2554 under the null that the estimator recovers alpha in the mean. This is NOT the gate: a finite-sample bias of the quasi-likelihood estimator is a property of the estimator, not a port error, and gating on its absence would be the empty-ringing control S4bis describes.
2026-08-06 16:04:57 | INFO | QMLE recovery GATE [beta]: mean margin -0.004787, Monte-Carlo standard error 0.001415 over 88 cells, |mean| + 3.0902 * SE = 0.009159 against the delivered tolerance 0.05. Requirement met: True.
2026-08-06 16:04:57 | INFO | QMLE recovery BIAS, descriptive only: t = -3.3836 on 87 degrees of freedom, two-sided p = 0.001074 under the null that the estimator recovers beta in the mean. This is NOT the gate: a finite-sample bias of the quasi-likelihood estimator is a property of the estimator, not a port error, and gating on its absence would be the empty-ringing control S4bis describes.
2026-08-06 16:04:57 | INFO | QMLE recovery gate: both equivalence statements hold. The oracle GARCH fit is admissible as a measurement instrument at this sample size.
2026-08-06 16:04:57 | INFO | Detector recovery: 5000 H0 streams and 500 H1 streams of 4000 steps, drift injected at step 2000, shift +/-0.5 standard deviations. Under H1, E[x_t] = |mu_1 - mu_0| / sigma_t > 0 in BOTH market directions, which is the condition a zero-reflected CUSUM needs to take off; the bear and bull arms exist to measure that the sign convention delivers it.
2026-08-06 16:04:57 | INFO | S4bis, BEFORE the result is read: the redesigned gate is a family of m = 12 equivalence tests -- three requirements on each of four detectors -- at a per-condition level of 0.001, so its family-wise trigger probability under a requirement met exactly at its boundary is bounded by 1 - (1 - 0.001)^12 = 1.19342%, below the 5% ceiling S4bis fixes. The level is derived from that ceiling and from nothing else: 1 - (1 - 0.005)^12 = 5.83772% would exceed it.
2026-08-06 16:04:58 | INFO | Detector recovery [D1, delta = 0.0]: lambda* = 147.176438 at FPR_H = 0.0412; detection rate bear 1.0000 (upper 1.0000), bull 1.0000 (upper 1.0000), degenerate 0.0340 (interval [0.0164, 0.0690]), median-delay ratio 0.9620, bear/bull gap 0.0000 +/- 0.0000. Delivered point verdicts: power True, symmetry True, degenerate True. Interval-resolved failures: power False, symmetry False, degenerate False.
2026-08-06 16:04:58 | INFO | Detector recovery [D1, delta = 0.25]: lambda* = 16.175510 at FPR_H = 0.0384; detection rate bear 1.0000 (upper 1.0000), bull 1.0000 (upper 1.0000), degenerate 0.0320 (interval [0.0151, 0.0664]), median-delay ratio 1.0392, bear/bull gap 0.0000 +/- 0.0000. Delivered point verdicts: power True, symmetry True, degenerate True. Interval-resolved failures: power False, symmetry False, degenerate False.
2026-08-06 16:04:58 | INFO | Detector recovery [D2, delta = nan]: lambda* = 8.238274 at FPR_H = 0.0326; detection rate bear 1.0000 (upper 1.0000), bull 1.0000 (upper 1.0000), degenerate 0.0280 (interval [0.0126, 0.0611]), median-delay ratio 1.0189, bear/bull gap 0.0000 +/- 0.0000. Delivered point verdicts: power True, symmetry True, degenerate True. Interval-resolved failures: power False, symmetry False, degenerate False.
2026-08-06 16:04:58 | INFO | Detector recovery [D3, delta = nan]: lambda* = 1.644900 at FPR_H = 0.0500; detection rate bear 1.0000 (upper 1.0000), bull 1.0000 (upper 1.0000), degenerate 0.0540 (interval [0.0303, 0.0944]), median-delay ratio 1.0000, bear/bull gap 0.0000 +/- 0.0000. Delivered point verdicts: power True, symmetry True, degenerate True. Interval-resolved failures: power False, symmetry False, degenerate False.
2026-08-06 16:04:58 | INFO | Detector recovery, DESCRIPTIVE: the delivered point-estimate conjunction fails on 0 of 4 detectors. That count GATES NOTHING.
2026-08-06 16:04:58 | INFO | Detector recovery gate: none of the 12 conditions is resolved as violated. The two CUSUM increments and the clairvoyant score recover a known drift in both market directions and hold their level on the degenerate arm.
2026-08-06 16:04:58 | INFO | Episode E1 [TARGET] = COVID-19 crash, 2020: SPY phase 22, 2020-02-19 -> 2020-03-23, T_days = 23, ADD_min_census = 42.07506613243134, detectable_flag_census = False.
2026-08-06 16:04:58 | INFO | Episode E2 [POSITIVE CONTROL A] = 2009 recovery: SPY phase 15, 2009-03-09 -> 2010-04-23, T_days = 284, ADD_min_census = 227.28012075441202, detectable_flag_census = True.
2026-08-06 16:04:58 | INFO | Episode E3 [POSITIVE CONTROL B] = 2019 advance: SPY phase 21, 2018-12-24 -> 2020-02-19, T_days = 289, ADD_min_census = 223.04011300388913, detectable_flag_census = True.
2026-08-06 16:04:58 | INFO | Episode E4 [NEGATIVE CONTROL] = 2011 correction: SPY phase 18, 2011-04-29 -> 2011-10-03, T_days = 108, ADD_min_census = 462.2937606776731, detectable_flag_census = False.
2026-08-06 16:04:58 | INFO | [SPY] Ingestion OK | 6414 trading days | 2000-01-04 to 2025-07-07
2026-08-06 16:04:58 | INFO | Seeding: one 128-bit SeedSequence per episode, keyed on the episode identifier alone through an md5 condensate of the key. The campaign's output is therefore independent of the worker count, which is the second reproducibility axis of control C8. The delivered `np.random.seed(legacy_seed)` and `random.seed(legacy_seed)` pins are NOT reproduced: the only third-party consumers inside a worker are acorr_ljungbox, which evaluates a closed-form chi-square tail, and SLSQP, which is deterministic from its initialiser -- neither draws a random number, so the pins had no call site.
2026-08-06 16:06:01 | INFO | C6 [E1]: census T_days = 23 == recomputed 23; census sharpe = -5.99037987487635 == recomputed -5.990379874876351 to within 1e-3 (difference -8.882e-16). ADD_min_census = 42.07506613243134, detectable_flag_census = False. The delivered SEQUENTIAL OVERRIDE branch would have fired here and rewritten the census values in place; it does not fire.
2026-08-06 16:06:01 | INFO | [E1] oracle GARCH(1,1) QMLE on 1070 centered returns: omega = 4.1649471932219516e-06, alpha = 0.273725, beta = 0.696358, persistence = 0.970083, gamma_exact = 45.35500709733116; converged = True.
2026-08-06 16:06:01 | INFO | C4 [E1] the ARL0 null is NOT frozen: it regenerates 5000 GARCH paths of 5000 steps from (omega, alpha, beta) = (4.1649471932219516e-06, 0.273725, 0.696358) after a 500-step burn-in, and it is the null that SELECTS lambda at OP2b_ARL0_252. The frozen path of the Figure 14 caption is the FPR_H null alone.
2026-08-06 16:06:01 | INFO | C4 [E1] V1 D1 cancellation: max |X_nb - sign(Delta) * Z*| = 8.882e-16 over 460000 entries. The frozen path cancels ALGEBRAICALLY on the standardized-mean arm and binds only on the likelihood-ratio arm, where sigma_t enters squared and does not.
2026-08-06 16:06:01 | INFO | C4 [E1] V2 D1 cancellation: max |X_nb - sign(Delta) * Z*| = 8.882e-16 over 460000 entries. The frozen path cancels ALGEBRAICALLY on the standardized-mean arm and binds only on the likelihood-ratio arm, where sigma_t enters squared and does not.
2026-08-06 16:06:01 | WARNING | [E1] V3 not certified: p_lb_z2 = 0.0001931745653362718 (requires >= 0.01), std_z_ref = 0.9748275398852556 (requires [0.8, 1.25]).
2026-08-06 16:06:01 | INFO | C4 [E1] V3 D1 cancellation: max |X_nb - sign(Delta) * Z*| = 4.441e-16 over 460000 entries. The frozen path cancels ALGEBRAICALLY on the standardized-mean arm and binds only on the likelihood-ratio arm, where sigma_t enters squared and does not.
2026-08-06 16:06:04 | INFO | C6 [E2]: census T_days = 284 == recomputed 284; census sharpe = 2.577425029051642 == recomputed 2.5774250290516423 to within 1e-3 (difference +4.441e-16). ADD_min_census = 227.28012075441202, detectable_flag_census = True. The delivered SEQUENTIAL OVERRIDE branch would have fired here and rewritten the census values in place; it does not fire.
2026-08-06 16:06:04 | INFO | [E2] oracle GARCH(1,1) QMLE on 1751 centered returns: omega = 1.6235772021107164e-06, alpha = 0.101796, beta = 0.890089, persistence = 0.991885, gamma_exact = 111.78329803047265; converged = True.
2026-08-06 16:06:04 | INFO | C4 [E2] the ARL0 null is NOT frozen: it regenerates 5000 GARCH paths of 5000 steps from (omega, alpha, beta) = (1.6235772021107164e-06, 0.101796, 0.890089) after a 500-step burn-in, and it is the null that SELECTS lambda at OP2b_ARL0_252. The frozen path of the Figure 14 caption is the FPR_H null alone.
2026-08-06 16:06:04 | INFO | C4 [E2] V1 D1 cancellation: max |X_nb - sign(Delta) * Z*| = 8.882e-16 over 5680000 entries. The frozen path cancels ALGEBRAICALLY on the standardized-mean arm and binds only on the likelihood-ratio arm, where sigma_t enters squared and does not.
2026-08-06 16:06:04 | WARNING | [E2] V2 not certified: p_lb_z2 = 0.006155945667286848 (requires >= 0.01), std_z_ref = 1.0555860824573449 (requires [0.8, 1.25]).
2026-08-06 16:06:04 | INFO | C4 [E2] V2 D1 cancellation: max |X_nb - sign(Delta) * Z*| = 8.882e-16 over 5680000 entries. The frozen path cancels ALGEBRAICALLY on the standardized-mean arm and binds only on the likelihood-ratio arm, where sigma_t enters squared and does not.
2026-08-06 16:06:04 | WARNING | [E2] V3 not certified: p_lb_z2 = 0.0008677284701815778 (requires >= 0.01), std_z_ref = 0.9887277916788672 (requires [0.8, 1.25]).
2026-08-06 16:06:04 | INFO | C4 [E2] V3 D1 cancellation: max |X_nb - sign(Delta) * Z*| = 4.441e-16 over 5680000 entries. The frozen path cancels ALGEBRAICALLY on the standardized-mean arm and binds only on the likelihood-ratio arm, where sigma_t enters squared and does not.
2026-08-06 16:06:05 | INFO | C6 [E3]: census T_days = 289 == recomputed 289; census sharpe = 2.60180820588281 == recomputed 2.6018082058828105 to within 1e-3 (difference +4.441e-16). ADD_min_census = 223.04011300388913, detectable_flag_census = True. The delivered SEQUENTIAL OVERRIDE branch would have fired here and rewritten the census values in place; it does not fire.
2026-08-06 16:06:05 | INFO | [E3] oracle GARCH(1,1) QMLE on 1751 centered returns: omega = 4.830531360672635e-06, alpha = 0.241961, beta = 0.7185, persistence = 0.960461, gamma_exact = 28.877495077560116; converged = True.
2026-08-06 16:06:05 | INFO | C4 [E3] the ARL0 null is NOT frozen: it regenerates 5000 GARCH paths of 5000 steps from (omega, alpha, beta) = (4.830531360672635e-06, 0.241961, 0.7185) after a 500-step burn-in, and it is the null that SELECTS lambda at OP2b_ARL0_252. The frozen path of the Figure 14 caption is the FPR_H null alone.
2026-08-06 16:06:05 | INFO | C4 [E3] V1 D1 cancellation: max |X_nb - sign(Delta) * Z*| = 8.882e-16 over 5780000 entries. The frozen path cancels ALGEBRAICALLY on the standardized-mean arm and binds only on the likelihood-ratio arm, where sigma_t enters squared and does not.
2026-08-06 16:06:05 | WARNING | [E3] V2 not certified: p_lb_z2 = 0.0021757532110252185 (requires >= 0.01), std_z_ref = 1.0610766027929048 (requires [0.8, 1.25]).
2026-08-06 16:06:05 | INFO | C4 [E3] V2 D1 cancellation: max |X_nb - sign(Delta) * Z*| = 8.882e-16 over 5780000 entries. The frozen path cancels ALGEBRAICALLY on the standardized-mean arm and binds only on the likelihood-ratio arm, where sigma_t enters squared and does not.
2026-08-06 16:06:05 | WARNING | [E3] V3 not certified: p_lb_z2 = 4.6893151046415045e-06 (requires >= 0.01), std_z_ref = 0.9824184823625828 (requires [0.8, 1.25]).
2026-08-06 16:06:05 | INFO | C4 [E3] V3 D1 cancellation: max |X_nb - sign(Delta) * Z*| = 4.441e-16 over 5780000 entries. The frozen path cancels ALGEBRAICALLY on the standardized-mean arm and binds only on the likelihood-ratio arm, where sigma_t enters squared and does not.
2026-08-06 16:06:05 | INFO | C6 [E4]: census T_days = 108 == recomputed 108; census sharpe = -1.8072063807399914 == recomputed -1.8072063807399916 to within 1e-3 (difference -2.220e-16). ADD_min_census = 462.2937606776731, detectable_flag_census = False. The delivered SEQUENTIAL OVERRIDE branch would have fired here and rewritten the census values in place; it does not fire.
2026-08-06 16:06:05 | INFO | [E4] oracle GARCH(1,1) QMLE on 1325 centered returns: omega = 2.7881169729120916e-06, alpha = 0.109116, beta = 0.879943, persistence = 0.989059, gamma_exact = 77.82885033520874; converged = True.
2026-08-06 16:06:05 | INFO | C4 [E4] the ARL0 null is NOT frozen: it regenerates 5000 GARCH paths of 5000 steps from (omega, alpha, beta) = (2.7881169729120916e-06, 0.109116, 0.879943) after a 500-step burn-in, and it is the null that SELECTS lambda at OP2b_ARL0_252. The frozen path of the Figure 14 caption is the FPR_H null alone.
2026-08-06 16:06:05 | INFO | C4 [E4] V1 D1 cancellation: max |X_nb - sign(Delta) * Z*| = 4.441e-16 over 2160000 entries. The frozen path cancels ALGEBRAICALLY on the standardized-mean arm and binds only on the likelihood-ratio arm, where sigma_t enters squared and does not.
2026-08-06 16:06:05 | WARNING | [E4] V2 not certified: p_lb_z2 = 0.0008445133594689343 (requires >= 0.01), std_z_ref = 1.047278061932586 (requires [0.8, 1.25]).
2026-08-06 16:06:05 | INFO | C4 [E4] V2 D1 cancellation: max |X_nb - sign(Delta) * Z*| = 4.441e-16 over 2160000 entries. The frozen path cancels ALGEBRAICALLY on the standardized-mean arm and binds only on the likelihood-ratio arm, where sigma_t enters squared and does not.
2026-08-06 16:06:05 | WARNING | [E4] V3 not certified: p_lb_z2 = 0.00026794321037878224 (requires >= 0.01), std_z_ref = 0.9840726938118013 (requires [0.8, 1.25]).
2026-08-06 16:06:05 | INFO | C4 [E4] V3 D1 cancellation: max |X_nb - sign(Delta) * Z*| = 4.441e-16 over 2160000 entries. The frozen path cancels ALGEBRAICALLY on the standardized-mean arm and binds only on the likelihood-ratio arm, where sigma_t enters squared and does not.
2026-08-06 16:06:05 | INFO | C1 -- one published pair, one row. v87 L331 prints '3 trading days ... phase false-alarm probability 1.3%' as two quantities of ONE operating point. If the pair needed two rows it would be a conflation and a D3. Deterministic; trigger probability 0 if the manuscript and the campaign agree.
2026-08-06 16:06:05 | INFO | C1 [covid_lr] ONE ROW: episode_id = E1, detector = D2 (likelihood_ratio), delta = nan, sigma_oracle = V1, operating_point = OP2b_ARL0_252 -> tau_realized_days = 3.0, FPR_H = 0.01105. lambda* = 8.238273918829101, ARL0 = 293.1022, arl0_censored_frac = 0.0, oracle_certified = True, oracle_contaminated = False. v87: "detects it in 3 trading days (likelihood-ratio increments, phase false-alarm probability 1.3%)".
2026-08-06 16:06:05 | INFO | C1 [covid_lr] THRESHOLD NEIGHBOURHOOD on the 200-point grid, indices 145-149 of 200, selected index 147:
2026-08-06 16:06:05 | INFO | C1 [covid_lr]   idx 145: lambda = 7.287180796209435, FPR_H = 0.01485, ARL0 = 226.0884, arl0_censored_frac = 0.0, tau = 3.0
2026-08-06 16:06:05 | INFO | C1 [covid_lr]   idx 146: lambda = 7.748147617024632, FPR_H = 0.0114, ARL0 = 250.2844, arl0_censored_frac = 0.0, tau = 3.0
2026-08-06 16:06:05 | INFO | C1 [covid_lr]   idx 147: lambda = 8.238273918829101, FPR_H = 0.01105, ARL0 = 293.1022, arl0_censored_frac = 0.0, tau = 3.0 <== selected
2026-08-06 16:06:05 | INFO | C1 [covid_lr]   idx 148: lambda = 8.759404249414942, FPR_H = 0.00945, ARL0 = 321.3612, arl0_censored_frac = 0.0, tau = 3.0
2026-08-06 16:06:05 | INFO | C1 [covid_lr]   idx 149: lambda = 9.313499837545299, FPR_H = 0.00895, ARL0 = 350.9762, arl0_censored_frac = 0.0, tau = 4.0
2026-08-06 16:06:05 | INFO | C1 [covid_std_mean] ONE ROW: episode_id = E1, detector = D1 (standardized_mean), delta = 0.0, sigma_oracle = V1, operating_point = OP2b_ARL0_252 -> tau_realized_days = 16.0. lambda* = 15.213167424961057, ARL0 = 275.4664, arl0_censored_frac = 0.0, oracle_certified = True, oracle_contaminated = False. v87: "to 16 days (standardized-mean CUSUM)".
2026-08-06 16:06:05 | INFO | C1 [covid_std_mean] THRESHOLD NEIGHBOURHOOD on the 200-point grid, indices 155-159 of 200, selected index 157:
2026-08-06 16:06:05 | INFO | C1 [covid_std_mean]   idx 155: lambda = 13.456836055829003, FPR_H = 0.01055, ARL0 = 221.7694, arl0_censored_frac = 0.0, tau = 13.0
2026-08-06 16:06:05 | INFO | C1 [covid_std_mean]   idx 156: lambda = 14.30807813536043, FPR_H = 0.0067, ARL0 = 248.192, arl0_censored_frac = 0.0, tau = 16.0
2026-08-06 16:06:05 | INFO | C1 [covid_std_mean]   idx 157: lambda = 15.213167424961057, FPR_H = 0.00405, ARL0 = 275.4664, arl0_censored_frac = 0.0, tau = 16.0 <== selected
2026-08-06 16:06:05 | INFO | C1 [covid_std_mean]   idx 158: lambda = 16.175510149607252, FPR_H = 0.00255, ARL0 = 308.3572, arl0_censored_frac = 0.0, tau = 16.0
2026-08-06 16:06:05 | INFO | C1 [covid_std_mean]   idx 159: lambda = 17.19872800260837, FPR_H = 0.0015, ARL0 = 343.6858, arl0_censored_frac = 0.0, tau = 22.0
2026-08-06 16:06:05 | INFO | C1 [jensen] ONE ROW: episode_id = E1, sigma_oracle = V1, jensen_ratio = 10.644703353357015 (KL_path = 17.431693853715583 over KL_corollary = 1.637593202465164), oracle_certified = True. v87: "the path divergence is 10.6x the unconditional budget". The other two oracles of the same episode give V2 = 1.5505379400771193 (certified True), V3 = 1.5833080903223522 (certified False): the published ratio is SPECIFIC to one oracle of three.
2026-08-06 16:06:05 | INFO | Threshold grid origin: 0 (episode, oracle, detector) cells took the data-dependent branch `geomspace(1e-3, 1.1 * max(M_nb), 200)` because their bootstrap maximum exceeded 200.0; the remaining cells used the static grid. A redraw can move the grid itself on a rescaled cell, which is why the branch is persisted per row in `lambda_grid_rescaled` rather than inferred.
2026-08-06 16:06:05 | INFO | Figure 14 panel (A) E1: SPY phase 22, T = 23 d, delta_opt = 0.4285355425525495, curves drawn ['D2', 'D1 delta=0', 'D1 delta_opt'].
2026-08-06 16:06:05 | INFO | Figure 14 panel (B) E2: SPY phase 15, T = 284 d, delta_opt = 0.11780271207474304, curves drawn ['D2', 'D1 delta=0', 'D1 delta_opt'].
2026-08-06 16:06:05 | INFO | Figure 14 panel (C) E3: SPY phase 21, T = 289 d, delta_opt = 0.07742696831671235, curves drawn ['D2', 'D1 delta=0', 'D1 delta_opt'].
2026-08-06 16:06:05 | INFO | Figure 14 panel (D) E4: SPY phase 18, T = 108 d, delta_opt = 0.07973820362382887, curves drawn ['D2', 'D1 delta=0', 'D1 delta_opt'].
2026-08-06 16:06:06 | INFO | Figure 14 written to fig14_oracle_frontier.png: V1 only, three curves per panel (likelihood-ratio; standardized-mean at delta = 0 and at delta_opt), dotted phase-end rule. Cosmetic divergence from the submitted PNG, per preamble S6: bold left-aligned panel titles prefixed (A)-(D). No numerical value moves on that account.
2026-08-06 16:06:06 | INFO | \RThirteenArlZeroCensoredFrac is bound to the censored fraction of the PUBLISHED row -- E1 / D2 / V1 / OP2b_ARL0_252 -- which is 0.0. The campaign-wide distribution over the 6750 rows whose ARL0 survived the 5% censoring rule is: min 0.0, median 0.0, mean 0.0003613037037037037, max 0.0496. Over ALL 8800 rows where the ARL0 null was run, including the suppressed ones, the mean censored fraction is 0.20525343181818181.
2026-08-06 16:06:06 | INFO | Verdict macro for E1 [TARGET] at OP1_isoFPR5_H on V1: delta = 0 -> detected_within_T (FPR_H = 0.04405, tau = 6.0), delta_opt = 0.4285355425525495 -> detected_within_T (FPR_H = 0.0331, tau = 4.0). Macro body: "detected / detected".
2026-08-06 16:06:06 | INFO | Verdict macro for E2 [POSITIVE CONTROL A] at OP1_isoFPR5_H on V1: delta = 0 -> detected_within_T (FPR_H = 0.03525, tau = 210.0), delta_opt = 0.11780271207474304 -> alarm_beyond_T (FPR_H = 0.0372, tau = 485.0). Macro body: "detected / alarm beyond $T$".
2026-08-06 16:06:06 | INFO | Verdict macro for E3 [POSITIVE CONTROL B] at OP1_isoFPR5_H on V1: delta = 0 -> alarm_beyond_T (FPR_H = 0.03605, tau = 423.0), delta_opt = 0.07742696831671235 -> no_alarm (FPR_H = 0.0421, tau = nan). Macro body: "alarm beyond $T$ / no alarm".
2026-08-06 16:06:06 | INFO | Verdict macro for E4 [NEGATIVE CONTROL] at OP1_isoFPR5_H on V1: delta = 0 -> no_alarm (FPR_H = 0.04015, tau = nan), delta_opt = 0.07973820362382887 -> no_alarm (FPR_H = 0.0465, tau = nan). Macro body: "no alarm / no alarm".
2026-08-06 16:06:06 | INFO | Emitted 12 macros to R13_claims.tex, prefix \RThirteen per preamble S6's ordinal-in-English rule; \RThirteenth appears nowhere. Every value is computed from an object in memory. No macro names ADD_min or the Sharpe ceiling: R16 owns both.
2026-08-06 16:06:06 | INFO | SHA-256 R13_oracle_frontier.csv              : 4fbf6b7d1786a3afc400961dc214573fb7fc7c561c08df97f4c72cc3ad72230d
2026-08-06 16:06:07 | INFO | SHA-256 R13_oracle_operating_points.csv      : c6b90ea9ad55b8d33b5966561021b1b9cf893bedefe2dc726a6bfb2481eff546
2026-08-06 16:06:07 | INFO | SHA-256 R13_oracle_diagnostics.csv           : 380b5fadf0e383c18fc6351089ea8c56dde9a7fe7b1e8f16edce8e4de8320861
2026-08-06 16:06:07 | INFO | SHA-256 R13_clairvoyant_floor.csv            : 8539d7002750fe4e940114040b5239e2cf7c171e803cfb013507a0356b3993db
2026-08-06 16:06:07 | INFO | SHA-256 R13_detector_recovery.csv            : 44765f6dd83e96d432bf4f296e1c61300d79db14262bce21fa46e54437d2e6c5
2026-08-06 16:06:07 | INFO | SHA-256 R13_qmle_recovery.csv                : 058b583a8c7ceb54dd2512bc05fa26900ad1cba7398016bcae49c804ef28d897
2026-08-06 16:06:07 | INFO | Re-run reconciliation: all 6 CSVs re-serialise to the digests exp_R13_oracle_ceiling_a wrote. The figure and the macros describe the persisted campaign.
2026-08-06 16:06:07 | INFO | SHA-256 fig14_oracle_frontier.png            : f23c8411dbb882ee2d62ef5843007af7d5d8ecff094eecf0ca8acfd725a80c3c
2026-08-06 16:06:07 | INFO | SHA-256 R13_claims.tex                       : 249954c3168fbcb2532c999b0406da20414f5bfccfbd7c8efca266fdf4fd0c18
2026-08-06 16:06:07 | INFO | Execution completed in 80.3s.
