2026-08-20 04:33:48 | INFO | PYTHONHASHSEED correctly pinned to 42 before interpreter start.
2026-08-20 04:33:48 | INFO | Python: 3.12.9
2026-08-20 04:33:48 | INFO |   numpy: 1.26.4
2026-08-20 04:33:48 | INFO |   pandas: 2.3.2
2026-08-20 04:33:48 | INFO |   scipy: 1.16.2
2026-08-20 04:33:48 | INFO |   statsmodels: 0.14.5
2026-08-20 04:33:48 | INFO |   matplotlib: 3.10.6
2026-08-20 04:33:48 | INFO |   joblib: 1.4.2
2026-08-20 04:33:48 | INFO |   pytest: 9.0.3
2026-08-20 04:33:48 | INFO | R12 measures v87 Figure 12 (fig:leverage) and Figure 13 (fig:fat_tails) and the two paragraphs at L349 and L353: what a symmetric GARCH standardisation costs when the stream carries GJR leverage, and what happens to both pipelines as the Student-t innovations approach the fourth-moment singularity. Experiment A is 15 leverage points x 10000 streams of 7000 steps at nu = 100.0; Experiment B is 16 degrees of freedom x 1000 streams of 10000 steps at a drift of c = 1.0.
2026-08-20 04:33:48 | INFO | FIGURE NUMBERING. `fig:leverage` is Figure 12 and `fig:fat_tails` is Figure 13, established by counting \label{fig:...} in submission order in the frozen articleB_whitening_v87.tex. That count places fig:anytime at 9, fig:oracle_frontier at 14 and fig:multi_detector at 15, which is the numbering R09, R13 and R11 already ship, so the three streams agree.
2026-08-20 04:33:48 | INFO | ENTROPY. Keys carry ROLE AND INDEX ONLY, never gamma_lev and never nu: ('R12', 'expA', s) for Experiment A's Data arm and its identity witness, ('R12', 'expA_concept_indep', gamma_index, s) for the PUBLISHED Concept arm -- an integer index, never the float grid value -- ('R12', 'expB', s) for Experiment B, and ('R12', 'c9_bootstrap', r) / ('R12', 'envelope', name, r) for the resampling. The witness keys on the process parameter itself (int(gamma_lev*1000) + s*17 at l.131, int(nu*100) + s*23 at l.194), so both campaigns are redrawn: pre-classified Class A / D2 as `R12-campaign-redraw`.
2026-08-20 04:33:48 | INFO | WHY EXPERIMENT A HAS TWO CONCEPT ARMS, STATED BEFORE ANY NUMBER. Under a key carrying no grid coordinate the Concept stream of Experiment A is BIT-IDENTICAL at all 15 gamma_lev, because simulate_gjr_garch draws its innovations before the variance recursion and nu and n are held fixed across the grid. Publishing 'leverage-invariant' on that arm would make v87's sentence true MECHANICALLY. The CRN arm is therefore kept as an identity witness with its degeneracy asserted (C8) and the published arm pays an index into its key.
2026-08-20 04:33:48 | INFO | C6 (i) CARRIED PRIMITIVES: 3 byte-identical to Priorite_10_robustness_gjr_student.py (1160 characters compared, trailing whitespace included) -- simulate_gjr_garch, compute_gamma_exact, strict_cusum. Repository policy forbids hoisting any of them into experiments/common/, so the duplication is deliberate. Deterministic; trigger probability 0 unless a copy has drifted.
2026-08-20 04:33:48 | INFO | C6 (ii) ADAPTED ROUTINES ['_worker_expA', '_worker_expB'] each take an injected SeedSequence keyed on role and index where Priorite_10_robustness_gjr_student.py derives an integer seed from the process parameter, and each drops the two vestigial legacy global seeds, so byte identity is not assertable on them and the witness source of each is quoted IN FULL below, totalling 3380 characters.
2026-08-20 04:33:48 | INFO | C6 witness SHA-256 of _worker_expA: 5709a48d45a166e01ec85f78797815630a3de0c4166673bd430086711fe10c24
2026-08-20 04:33:48 | INFO | C6 witness source of _worker_expA:
def _worker_expA(params):
    gamma_lev, s, n_total, omega, alpha, beta, nu, lambda_iid, delta_P, lambda_c, delta_c = params
    
    seed = int(gamma_lev * 1000) + s * 17
    # 4. Lock legacy global states to prevent third-party library drift (e.g., Ljung-Box)
    np.random.seed(seed & 0xFFFFFFFF)
    random.seed(seed & 0xFFFFFFFF)
    
    eps = simulate_gjr_garch(n_total, omega, alpha, gamma_lev, beta, nu=nu, seed=seed)
    
    eps_warmup = eps[:2000]
    eps_test = eps[2000:7000]
    
    # --- Econometric Baseline (Pseudo-QMLE Filter) ---
    # The misspecified econometrician fits a SYMMETRIC GARCH(1,1).
    # Asymptotically, this converges to alpha_sym = alpha + gamma_lev / 2.
    alpha_sym = alpha + gamma_lev / 2.0
    
    # 1. Filter the WARMUP set to lock the econometric parameters ex-ante
    sigma2_warmup = np.zeros(len(eps_warmup))
    sigma2_warmup[0] = omega / (1 - alpha_sym - beta)
    for t in range(1, len(eps_warmup)):
        sigma2_warmup[t] = omega + alpha_sym * eps_warmup[t-1]**2 + beta * sigma2_warmup[t-1]
    
    z2_warmup = (eps_warmup**2) / sigma2_warmup
    mu_z2 = np.mean(z2_warmup)
    sig_z2 = np.std(z2_warmup)
    
    # 2. Filter the TEST set using the continuous state
    sigma2_test = np.zeros(len(eps_test))
    sigma2_test[0] = sigma2_warmup[-1]
    for t in range(1, len(eps_test)):
        sigma2_test[t] = omega + alpha_sym * eps_test[t-1]**2 + beta * sigma2_test[t-1]
        
    # Standardize strictly with ex-ante parameters
    z2_test = (eps_test**2) / sigma2_test
    e_data = (z2_test - mu_z2) / sig_z2
    
    # CUSUM calibrated for i.i.d. (no Gamma multiplier)
    al_data = strict_cusum(e_data, delta_P, lambda_iid)
    
    # --- Concept Pipeline ---
    s_concept = (eps_test > 0).astype(float) - 0.5
    al_concept = strict_cusum(s_concept, delta_c, lambda_c)
    
    # --- Ljung-Box Diagnostics ---
    lb_data = acorr_ljungbox(z2_test, lags=[20], return_df=True)['lb_pvalue'].iloc[0]
    lb_concept = acorr_ljungbox(s_concept, lags=[20], return_df=True)['lb_pvalue'].iloc[0]
    
    return {
        "gamma_lev": gamma_lev, 
        "fp_data": 1 if al_data != -1 else 0, 
        "fp_concept": 1 if al_concept != -1 else 0,
        "lb_reject_data": 1 if lb_data < 0.05 else 0,
        "lb_reject_concept": 1 if lb_concept < 0.05 else 0
    }
2026-08-20 04:33:48 | INFO | C6 witness SHA-256 of _worker_expB: c707942e79f0efebad116a9c57004e0977d767ebb59b4525160c58d92d6bc462
2026-08-20 04:33:48 | INFO | C6 witness source of _worker_expB:
def _worker_expB(params):
    nu, s, n_total, omega, alpha, beta, c, lambda_iid, delta_P, lambda_c, delta_c = params
    
    sigma_unc = np.sqrt(omega / (1 - alpha - beta))
    Delta = c * sigma_unc
    gamma_exact = compute_gamma_exact(alpha, beta)
    
    seed = int(nu * 100) + s * 23
    # 4. Lock legacy global states to prevent third-party library drift
    np.random.seed(seed & 0xFFFFFFFF)
    random.seed(seed & 0xFFFFFFFF)
    
    eps = simulate_gjr_garch(n_total, omega, alpha, 0.0, beta, nu=nu, seed=seed)
    
    f_warmup = eps[:2000]**2
    mu_f = np.mean(f_warmup)
    sig_f = max(np.std(f_warmup), 1e-8)
    
    eps_shifted = eps.copy()
    eps_shifted[2000:] += Delta
    eps_test = eps_shifted[2000:]
    
    e_data = (eps_test**2 - mu_f) / sig_f
    al_data = strict_cusum(e_data, delta_P, lambda_iid * gamma_exact)
    
    s_concept = (eps_test > 0).astype(float) - 0.5
    al_concept = strict_cusum(s_concept, delta_c, lambda_c)
    
    return {
        "nu": nu,
        "al_data": al_data,
        "al_concept": al_concept
    }
2026-08-20 04:33:48 | INFO | C6 (ii-bis) SUPERSEDED ROUTINES ['run_experiment_A', 'run_experiment_B', 'setup_logging', 'export_requirements'], pinned by SHA-256 rather than quoted: `run_experiment_A` and `run_experiment_B` carry the three self-anchored literal gates this port removes as gates (l.301-309 the ref_fpr_data / ref_lb_data equality lists, l.315 the Concept bound gate, l.459 the det_rate equality gate) and the ProcessPoolExecutor decomposition that joblib.Parallel over fixed chunks replaces; `setup_logging` and `export_requirements` are replaced by experiments/common/fair_harness.py and experiments/common/fair_env.log_environment. Their segments total 14035 characters, and the digests below pin exactly those bytes. Repository policy forbids the phrase at Priorite_10_robustness_gjr_student.py l.463 from reaching this log, which is why they are pinned and not reproduced.
2026-08-20 04:33:48 | INFO | C6 witness SHA-256 of run_experiment_A: 4f851de738165aab234eddf5290b57363b25915dbca8ab41a55c1e5260e69437
2026-08-20 04:33:48 | INFO | C6 witness SHA-256 of run_experiment_B: 4d56e6ae99caaf916135c9ddbc33e9a1fd650ddc64e8ab0593b7165e2dc6e2d6
2026-08-20 04:33:48 | INFO | C6 witness SHA-256 of setup_logging: 62ec1b21bb71b0e63f5bbbb9709018424e4b3a1820e3e6f5d98c83f49819eb3e
2026-08-20 04:33:48 | INFO | C6 witness SHA-256 of export_requirements: d97014f1aaf2cf8eddf0fef7aa758ec66eef6132014224efcc185f88d367689e
2026-08-20 04:33:49 | INFO | C6 (iii) STATEMENT IDENTITY: 29 statements extracted from the witness AST and found verbatim in exp_R12_gjr_student.py -- the two symmetric-filter recursions, the standardisation of the squared residual, the two CUSUM calls of each worker, the sign stream, the warm-up moments, the drift magnitude and the exact penalty. Deterministic; trigger probability 0 unless a copy has drifted.
2026-08-20 04:33:49 | INFO | C1 `det_rate_concept` is the computed expression `len(d_concept) / n_seeds`, located in this file's own AST: a single site, a division whose numerator is `len` over a filtered frame and whose denominator is the replicate count. It is the witness's own l.381, `det_rate_concept = len(d_concept) / n_seeds` over `d_concept = subset[subset["al_concept"] >= 0]`, and it is NOT a literal. Corroboration travels with it and is logged after the campaign: ADD_Concept varies over the same grid, which is incompatible with an absence of detection though it does not by itself establish that the rate is computed. Deterministic; trigger probability 0; failure is a D3.
2026-08-20 04:33:49 | INFO | ==============================================================================
2026-08-20 04:33:49 | INFO | DERIVATIONS (repository policy), ONE LINE EACH, BEFORE ANY NUMBER IS READ
2026-08-20 04:33:49 | INFO | ==============================================================================
2026-08-20 04:33:49 | INFO | GJR STATIONARITY. Under innovations symmetric about zero, E[1{eps_(t-1) < 0}] = 1/2, so the second-moment condition of the GJR recursion is alpha + gamma_lev/2 + beta < 1. On this grid it runs from 0.8500 at gamma_lev = 0.0 to 0.9900 at gamma_lev = 0.28: the grid is driven to the EDGE of the stationary region, 0.0100 from the boundary. Every unconditional quantity of the last grid point is therefore estimated on a process whose autocovariances decay at rate 0.99^h.
2026-08-20 04:33:49 | INFO | THE SYMMETRIC FILTER AND THE VARIANCE TARGET. The baseline runs h_t = omega + alpha_sym eps_(t-1)^2 + beta h_(t-1) with alpha_sym = alpha + gamma_lev/2, and the DGP's own unconditional variance solves sigma2_unc = omega / (1 - alpha_sym - beta) because E[eps^2 1{eps<0}] = E[eps^2]/2 under a symmetric law. E[h_t] therefore obeys the SAME recursion as E[sigma2_t] and matches the unconditional variance EXACTLY: the filter is unbiased in the mean and misspecified in the dynamics, which is what isolates leverage leakage from a level error. The witness sets omega = 0.04 * (1 - alpha_sym - beta) at every grid point (l.252-253), so sigma2_unc = 0.04 on all fifteen and the grid is variance-targeted.
2026-08-20 04:33:49 | INFO | OPEN QUESTION, POSED AND NOT SETTLED. v87 L349 calls alpha_sym the symmetric GARCH(1,1) 'population limit'. Mean-matching is what the paragraph above derives; a 'population limit' in the QMLE sense is the Gaussian pseudo-true parameter of Bollerslev & Wooldridge (1992), the minimiser of the expected quasi-log-likelihood. The two need not coincide, and NO measurement in this stream decides which one alpha_sym is: the witness never fits anything, it substitutes alpha + gamma_lev/2 in closed form. The question is recorded in AUDIT_R12.md and left open.
2026-08-20 04:33:49 | INFO | EXPERIMENT B FOURTH-MOMENT BOUNDARY. E[eps^4] < inf iff alpha^2 * 3(nu-2)/(nu-4) + 2*alpha*beta + beta^2 < 1; at (alpha, beta) = (0.05, 0.85) that is 0.0025 k(nu) + 0.0850 + 0.722500 < 1, i.e. k(nu) < 77.0000, giving nu* = 4.081081. ONLY [4.05, 4.01] of the sixteen grid points sit beyond it, while the detection collapse begins near nu = 5.5-6. The distance between the two is REPORTED AS DERIVED and NO MECHANISM IS ATTRIBUTED to it (repository policy).
2026-08-20 04:33:49 | INFO | THE SAME MISALIGNMENT IS ALREADY ON THE RECORD, AND THE RULING IS CITED RATHER THAN RE-DERIVED. R02c established exactly this shape on the i.i.d. arm -- the eighth moment of eps is infinite up to nu <= 8, yet the measured over-rejection has already disappeared at nu = 7 -- and `docs/DEVIATIONS.md` entry `R02c-mechanism-constraints` records it with the same 'mechanism not identified' ruling. R12 does not invent a new causal attribution here; it cross-references that entry.
2026-08-20 04:33:49 | INFO | EXPERIMENT B DATA THRESHOLD. compute_gamma_exact(0.05, 0.85) = 2.22077922077922, so the Data CUSUM runs at lambda_iid * Gamma = 65.0 * 2.2208 = 144.3506493506493. The Concept CUSUM runs at lambda_c = 10.0 with NO penalty multiplier, which is the asymmetry Figure 13 exists to show. Experiment A's Data CUSUM carries no multiplier either (witness l.167): at nu = 100.0 the innovations are pseudo-Gaussian and the witness calibrates the baseline for i.i.d. -- Gamma there would be 142.1429 at the symmetric filter of the last grid point, and is deliberately not applied.
2026-08-20 04:33:49 | INFO | EXPERIMENT B DRIFT. sigma_unc = sqrt(omega / (1 - alpha - beta)) = 0.2 and Delta = c * sigma_unc = 0.2 at c = 1.0. The Data statistic monitors (eps + Delta)^2, whose mean shift is Delta^2 = 0.04000000000000001 against a warm-up standard deviation of the squared residual that DIVERGES as nu -> 4: that ratio is the whole content of the 'stochastic syncope'.
2026-08-20 04:33:49 | INFO | LJUNG-BOX FAMILY ARITHMETIC (S4bis). Experiment A reads 15 grid points on 2 arms = 30 simultaneous calibration readings. Under a perfectly calibrated null at the 0.05 level the probability that AT LEAST ONE rejects is 1 - 0.95^30 = 0.7854, i.e. 78.5%, far above the 5% ceiling S4bis fixes. 'No test rejects' is therefore NOT usable as a binary gate and control C5 substitutes a KS calibration test of the p-value distribution.
2026-08-20 04:33:49 | INFO | DESIGN EFFECT, ASSIGNED WHEREVER A STANDARD ERROR IS FORMED (S4bis, sixth corollary). WITHIN a grid cell the 10000 (Experiment A) and 1000 (Experiment B) streams carry distinct seed indices and are mutually independent, so a within-cell mean carries deff = 1.0 exactly. ACROSS grid points the CRN key makes every reading paired, so no pooled or cross-grid quantity is read before its deff is measured: controls C8 (Experiment A Concept), C4 (Experiment B detection rates) and C9 (the invariance slope) each measure it.
2026-08-20 04:33:49 | INFO | ==============================================================================
2026-08-20 04:33:49 | INFO | ==============================================================================
2026-08-20 04:33:49 | INFO | CONTROL DESIGN, FIXED BEFORE THE FIRST NUMBER IS READ (S4bis, S4.10)
2026-08-20 04:33:49 | INFO | ==============================================================================
2026-08-20 04:33:49 | INFO | C1 -- `det_rate_concept` IS COMPUTED, NOT A LITERAL. Asserted on this file's own AST and, independently, in tests/test_R12_claims.py. Deterministic; trigger probability 0; failure is a D3 because the flatness of the Concept arm would then be unmeasured.
2026-08-20 04:33:49 | INFO | C2 -- THE CENSORING RULE, STATED BEFORE THE REGENERATED FRAME IS READ. `ADD_Data` and `SEM_Data` are written only where det_rate_data >= 0.5, which is the witness's own rule (l.384-389) and the rule the published figure censors on. `ADD_Data_Raw` carries the conditional delay at EVERY nu, because v87 L353 explicitly publishes the censored domain -- 'the surviving minority carries survivorship-biased delays of 2,400--3,000 steps'. The witness leaves the DISPERSION of exactly those published values missing, so `SEM_Data_Raw` is added on the surviving streams of every cell. Without it S3's rule -- a printed bound is breached at D3 only if the regenerated 95% interval excludes it -- cannot be evaluated on the one range v87 prints for the censored domain. Deterministic; trigger probability 0.
2026-08-20 04:33:49 | INFO | C3 -- TASK BOUNDARY, AS A READ AND NOT AS A MEASUREMENT. The claim behind `expA_argarch_boundary.csv` -- that the property holds at the MEDIAN threshold and not at the ZERO threshold -- is v87 L302, which is R07's mission statement, and R07 has already delivered it on a certified campaign. Rebuilding it here would put a third pair of numbers behind one printed sentence and would infer a design from the two output numbers it then reproduces. C3 therefore READS R07's phi = 0.15 cell at float_precision='round_trip' and prints it beside the orphan witness, states the gap, and leaves it unexplained. NO MACRO, NO REGISTER ENTRY. Deterministic. R12's own negative witnesses are the cells it actually runs: gamma_lev = 0.0 (leverage-free) and nu = 10.0 (light-tailed).
2026-08-20 04:33:49 | INFO | C4 -- MONOTONICITY, WITH ITS DOMAIN DECLARED BEFORE THE DATA IS READ. v87 L353 states 'detection decays monotonically' with NO domain restriction, and the submitted witness is ALREADY non-monotone at nu = 4.75 (0.398 > 0.382) and nu = 4.05 (0.372 > 0.347), both inside the censored domain. The gate is therefore declared on det_rate_data over the UNCENSORED domain (det_rate_data >= 0.5) and nowhere else. RESTRICTING THE DOMAIN IS THIS REPOSITORY'S CHOICE, NOT v87'S FORMULATION: it salvages the region where the quantity is a reliable mean rather than a survivorship-biased one, and AUDIT_R12.md says so in those words. Censored inversions are characterised with their PAIRED standard errors and never corrected. An inversion in the uncensored region is a D3.
2026-08-20 04:33:49 | INFO | C5 -- LJUNG-BOX CALIBRATION, NOT A BINARY GATE. 1 - 0.95^30 = 0.7854 is computed and logged above, BEFORE interpretation. The reading is a two-sided Kolmogorov-Smirnov test of the 30 exact binomial p-values against Uniform(0,1), reported for the whole family and separately per arm, and the 30 individual p-values are persisted in R12_leverage_fpr.csv as DESCRIPTIVE columns (S4bis point 3). NOTHING IS GATED ON IT, and the reason is stated in the same breath: the Data arm's rejection rate climbing to 24.6% IS v87's own printed claim, so a uniformity test on that arm rejects precisely because the manuscript is right, and a gate would be a gate on the paper's thesis rather than on the calibration of the instrument.
2026-08-20 04:33:49 | INFO | C6 -- `ast` SOURCE IDENTITY, three layers, run before any campaign so a transcription error costs no compute. Deterministic; trigger probability 0 unless a copy has drifted.
2026-08-20 04:33:49 | INFO | C7 -- REPRODUCIBILITY, TWO AXES. (1) two successive runs, SHA-256 identical on every CSV, PNG and .tex; (2) a run at a different `--n-jobs` against the default, byte-identical, since NUM_CHUNKS_A = 25 and NUM_CHUNKS_B = 10 fix the decomposition and every stream carries its own key. Verified outside the process, from the digests this log records.
2026-08-20 04:33:49 | INFO | C8 -- THE CRN CONCEPT ARM IS DEGENERATE, AND IT IS ASSERTED RATHER THAN OBSERVED. On 50 seeds the SHA-256 of the monitored binary stream (eps[2000:7000] > 0) must be IDENTICAL at all 15 gamma_lev under the key ('R12', 'expA', s), with sys.exit(1) otherwise. The Kish design effect is measured on BOTH Concept arms: 15 by construction on the CRN arm, near 1 on the independent one. Deterministic; trigger probability 0 unless the generator or the key has changed.
2026-08-20 04:33:49 | INFO | C9 -- LEVERAGE INVARIANCE AS A SLOPE, BECAUSE A RANGE HAS NO NULL. v87's 'leverage-invariant' is tested by an OLS slope of the INDEPENDENT-arm Concept FPR on gamma_lev against a null of zero slope, with a seed-cluster bootstrap standard error over 2000 replicates. GATE AT 0.01, two-sided; trigger probability under its own null is exactly 0.01. The four range macros ship with their own seed bootstrap envelopes at the 95% level, marked DESCRIPTIVE and gating nothing: a max minus a min over a noisy grid is an extremum statistic and has no stable sampling distribution (S4bis, fourth corollary).
2026-08-20 04:33:49 | INFO | C10 -- THE DGP VARIANCE CLAMP, MEASURED RATHER THAN ASSUMED. `simulate_gjr_garch` l.106 caps sigma2[t] <= 1e4 * sigma2_unc. At gamma_lev = 0.28 the persistence is 0.99 and near nu = 4 the innovations are extreme, so the clamp is a silent execution path that could mechanically produce the published collapse -- exactly the degraded path the epistemic asymmetry rule requires be excluded before any D0/D1. The primitive is carried VERBATIM; the binding rate is measured by a separate instrumented copy on 200 streams per grid point, each asserted to return a bit-identical eps, and lands in R12_diagnostics.csv and the audit ONLY. Reported, not gated.
2026-08-20 04:33:49 | INFO | C11 -- LEGACY-GLOBAL INERTNESS, ASSERTED RATHER THAN ASSUMED. The witness locks np.random and random at l.133-134 and l.196-197 and nothing downstream reads either. Each worker is evaluated TWICE under deliberately different global states and must return bit-identical output; that is what justifies dropping the two calls rather than carrying them. Deterministic; trigger probability 0.
2026-08-20 04:33:49 | INFO | STREAM-LEVEL FAMILY-WISE TRIGGER PROBABILITY, LOGGED ONCE BEFORE ANY RESULT IS READ. Exactly ONE gate of this stream consumes entropy -- C9's two-sided slope test at 0.01 -- so the probability that a gate fires on a compliant campaign is 0.0100, below the 5% ceiling S4bis fixes. C4's monotonicity reading is a qualitative D3 criterion on a pre-declared domain rather than a level test, and C1, C2, C6, C7, C8, C10 and C11 are deterministic. No level is chosen after a result is seen.
2026-08-20 04:33:49 | INFO | HALT CONDITION. Two live candidates. (1) C1 failing: the Concept flatness would then be unmeasured, D3. (2) The regenerated censored delay range leaving the rounding bracket [2350, 3050) with its own 95% interval excluding the bound -- v87 prints 2,400--3,000 ROUNDED TO THE HUNDREDS, and the witness's own 2443.18 and 3005.28 both round onto those numerals, so 3005 is not a contradiction and the bracket is the watch item. Either fires and the run stops: no parameter, tolerance, seed or bound is moved to reconcile.
2026-08-20 04:33:49 | INFO | Worker processes requested: -1. NUM_CHUNKS_A = 25, NUM_CHUNKS_B = 10, NUM_CHUNKS_CLAMP = 4 are fixed, so neither value can move a number.
2026-08-20 04:33:49 | INFO | ==============================================================================
2026-08-20 04:33:49 | INFO | C11 LEGACY-GLOBAL INERTNESS: _worker_expA at gamma_lev = 0.28 and _worker_expB at nu = 4.01 each return bit-identical output under two deliberately different np.random / random global states (A: {'gamma_lev': 0.28, 'fp_data': 0, 'fp_concept': 0, 'lb_reject_data': 0, 'lb_reject_concept': 0}; B: {'nu': 4.01, 'al_data': -1, 'al_concept': 34}). The witness's np.random.seed(seed & 0xFFFFFFFF) and random.seed(seed & 0xFFFFFFFF) at l.133-134 and l.196-197 are therefore inert, and dropping them under the entropy migration moves nothing. Deterministic; trigger probability 0. Note what this does NOT establish: it is a statement about these two workers and the statsmodels version logged above, not about acorr_ljungbox in general.
2026-08-20 04:33:49 | INFO | C3 TASK BOUNDARY, AS A READ. R07 `R07_estmean_lb_fpr.csv` at phi = 0.15, read float_precision='round_trip': NAIVE Ljung-Box rejection 0.9979 (Wilson [0.9967916061274641, 0.9986260082950161], N = 10000), ORACLE 0.0492 (Wilson [0.045131271500572244, 0.05361494143042977]). That is the certified measurement of v87 L302's claim -- the property holds at the conditional median and fails at the naive zero threshold -- and it is R07's mission statement, not R12's.
2026-08-20 04:33:49 | INFO | C3 ORPHAN WITNESS [Naive Sign (0 threshold)] rejection_rate = 1.0, interval [0.996173241514445, 1.0], read float_precision='round_trip' from data/reference/R12/orphans/expA_argarch_boundary.csv.
2026-08-20 04:33:49 | INFO | C3 ORPHAN WITNESS [Centered Sign (Median)] rejection_rate = 0.045, interval [0.03379951228563171, 0.059682837936223455], read float_precision='round_trip' from data/reference/R12/orphans/expA_argarch_boundary.csv.
2026-08-20 04:33:49 | INFO | C3 INTERVAL RECOVERY [Naive Sign (0 threshold)] from the counts 1000/1000 alone: Wilson at z = Phi^-1(0.975) = 1.959963984540054 gives [0.996173241514445, 1.0], which is BIT-IDENTICAL to the vendored bounds. The rounder z = 1.96 gives [0.9961731014136095, 1.0], missing the low bound by 1.401e-07. What this recovers is the INTERVAL CONSTRUCTION and the sample size, and NOT the data-generating process: nothing here fixes the stream length, the innovation law, the AR coefficient or the conditional-mean estimator behind the two rates.
2026-08-20 04:33:49 | INFO | C3 INTERVAL RECOVERY [Centered Sign (Median)] from the counts 45/1000 alone: Wilson at z = Phi^-1(0.975) = 1.959963984540054 gives [0.03379951228563171, 0.059682837936223455], which is BIT-IDENTICAL to the vendored bounds. The rounder z = 1.96 gives [0.033799334842846314, 0.05968314287076907], missing the low bound by 1.774e-07. What this recovers is the INTERVAL CONSTRUCTION and the sample size, and NOT the data-generating process: nothing here fixes the stream length, the innovation law, the AR coefficient or the conditional-mean estimator behind the two rates.
2026-08-20 04:33:49 | INFO | C3 THE GAP, STATED AND LEFT UNEXPLAINED. The orphan reads 1.000 / 0.045 where R07's certified campaign reads 0.9979 / 0.0492 at phi = 0.15. The two pairs are close and they are NOT the same measurement: the orphan carries N = 1000 against R07's 10000, and no producing script for it exists anywhere in the delivery (see data/reference/R12/orphans/README.md for the grep). With the design unknown, the difference cannot be attributed -- sample size, horizon, innovation law, estimator and lag count are all unfixed -- and repository policy forbids inventing a mechanism. NO MACRO IS EMITTED AND NO REGISTER ENTRY IS OPENED on this comparison.
2026-08-20 04:33:49 | INFO | C3 R12'S OWN NEGATIVE WITNESSES are the cells it actually runs: gamma_lev = 0.0 (the leverage-free case, where the symmetric filter is correctly specified and the baseline must hold its level) and nu = 10.0 (the light-tailed case, where the fourth moment is finite and the Data pipeline must detect). Both are measured, both are in the published CSVs, and both are classified D0-D3 against v87.
2026-08-20 04:33:49 | INFO | C3b `expB_race_condition.csv` IS PRODUCED AND NOT CITED. 1000 rows, seed 0-999 with 1000 distinct values. `delay_frozen` is populated on all 1000 rows (min 35, max 356, mean 76.149); `delay_arf` is EMPTY on 999 of 1000 rows, the single populated row being seed 492 at 216.0. Reported as measured; THE MECHANISM IS NOT ATTRIBUTED (S4.5) -- with no producing code a missing value cannot be told from a censored run, an unwritten column or an aborted arm. v87 cites no frozen-versus-ARF race at L349, at L353 or in either caption, so there is no reconstruction, no camera-ready candidate and no register entry: a candidate must attach to a manuscript sentence.
2026-08-20 04:36:42 | INFO | Experiment A [expA] completed in 173.7s: 15 x 10000 = 150000 streams of 7000 steps over 375 fixed chunks.
