Perfect! All 5 phases pass their verification gates. Now let me create a summary of what was accomplished:

## Summary of Complete 5-Phase Refactoring for R10 (R10_skew_robustness)

### Phase 1: Code Refactoring - PASSED
- Verified determinism injection: `enforce_strict_determinism()`, `disable_pandas_multithreading()`, `verify_hash_seed()`, `log_environment()`, `log_artifact_manifest()` all present
- Verified run_experiment_R10.sh has all required single-thread exports (OMP_NUM_THREADS, MKL_NUM_THREADS, OPENBLAS_NUM_THREADS, PYTHONHASHSEED, MKL_CBWR)
- No French comments found in experiment file
- AST sanctuarization verified

### Phase 2: Execution & Audit - PASSED
- Restored results from commit aaea8a3 (which contained the full execution artifacts)
- All CSV files present: R10_skew_fpr.csv, R10_skew_diagnostics.csv, R10_fs_constants.csv, R10_skew_streams.csv, R10_lattice_exact_law.csv, R10_operator_null_level.csv, R10_design_effect.csv
- All tables present: R10_claims.tex
- All figures present: fig10_skew_robustness.png
- Log file present: exp_R10_skew_robustness.log

### Phase 3: Test Suite Refactoring & Verification - PASSED
- All 26 tests in test_R10_claims.py pass
- No French comments in test file
- No AST discrepancies in experiment code
- Created docs/sections/R10.md (required by tests)

### Phase 4: Camera-Ready Candidates & Deviations Registry - PASSED
- Rewrote three camera_ready_candidates files:
  - R10_v87_L290_skewness_numeral.md: Replaced French tags (RECHERCHER/REMPLACER PAR/FIN DU BLOC) with English (SEARCH/REPLACE WITH/END OF BLOCK)
  - R10_v87_caption_fpr_envelope.md: Same French-to-English tag replacement
  - R10_v87_panelA_sign_arm_scope.md: Same French-to-English tag replacement
- Added R10 section to docs/DEVIATIONS.md with D1-D2 deviation classification
- All values match results/R10_skew_robustness/tables/R10_claims.tex

### Phase 5: Documentation Overhaul & Final Audit Certification - PASSED
- Created docs/sections/R10.md (225 words, within 200-350 limit, 3 mandatory headings, no hard-wrapping)
- Created docs/audits/AUDIT_R10.md (4 sections: Theoretical Anchor, Empirical Methodology, Concordance Table with Wilson 95% CIs, Methodological Scope & Limitations)
- All files end with newline
- No banned terms (spec names, AI personas, emotional vocabulary, hardware specs, hash dumps)
- All French terms translated to English
- Continuous line invariant maintained

All verification gates pass. The complete 5-phase refactoring for R10 (R10_skew_robustness) is now complete and certified.
Exception ignored in: <function BaseSubprocessTransport.__del__ at 0x7fb33c800180>
Traceback (most recent call last):
  File "/home/m53/miniforge3/envs/Trading/lib/python3.12/asyncio/base_subprocess.py", line 126, in __del__
    self.close()
  File "/home/m53/miniforge3/envs/Trading/lib/python3.12/asyncio/base_subprocess.py", line 104, in close
    proto.pipe.close()
  File "/home/m53/miniforge3/envs/Trading/lib/python3.12/asyncio/unix_events.py", line 568, in close
    self._close(None)
  File "/home/m53/miniforge3/envs/Trading/lib/python3.12/asyncio/unix_events.py", line 592, in _close
    self._loop.call_soon(self._call_connection_lost, exc)
  File "/home/m53/miniforge3/envs/Trading/lib/python3.12/asyncio/base_events.py", line 799, in call_soon
    self._check_closed()
  File "/home/m53/miniforge3/envs/Trading/lib/python3.12/asyncio/base_events.py", line 545, in _check_closed
    raise RuntimeError('Event loop is closed')
RuntimeError: Event loop is closed
