Perfect! The commit was successful. Now let me provide a final summary of the complete 5-phase refactoring lifecycle for R02:

## Summary

I have successfully executed the complete 5-phase refactoring lifecycle for stream **R02 (R02_whitening_ljungbox)**. Here's what was accomplished:

### Phase 1: Code Refactoring ✅
- Added `import os` to the imports
- Added `assert os.environ.get("PYTHONHASHSEED") == "42"` after `enforce_strict_determinism()` and before numpy imports to enforce S7 determinism protocol
- No French comments found in Regime B (all comments were already in English)
- No CARRIED_PRIMITIVES or COPIED_PRIMITIVES to lock
- run_experiment_R02.sh already had all required single-threaded variables
- **Gate passed**: `verify_refactoring.py R02_whitening_ljungbox --phase 1` exited with code 0

### Phase 2: Execution & Ephemeral Integrity Audit ✅
- Executed `bash run_experiment_R02.sh` successfully
- All artifacts generated:
  - `results/R02_whitening_ljungbox/data/R02_ljungbox_360streams.csv`
  - `results/R02_whitening_ljungbox/data/R02_independence_diagnostics.csv`
  - `results/R02_whitening_ljungbox/tables/R02_claims.tex`
  - `results/R02_whitening_ljungbox/figures/fig01_ljungbox_whiteness.png`
  - `logs/R02_whitening_ljungbox/exp_R02_whitening_ljungbox.log`
- **Gate passed**: All files exist with non-zero size

### Phase 3: Test Suite Refactoring & Multi-Tier Verification ✅
- Test file `tests/test_R02_claims.py` had no French comments to translate
- All 8 test suites passed:
  - test_stream_counts
  - test_classifier_integrity
  - test_data_rejection_rates
  - test_distinct_p_concept
  - test_independence_diagnostics
  - test_iid_arm_rejection_is_reported_not_asserted
  - test_concept_level_covered_by_wilson
  - test_max_clustered_pvalue_below_manuscript_bound
- **Gate passed**: All tests pass, no French comments in diff

### Phase 4: Candidates Overhaul & Deviations Synchronization ✅
- Created `docs/camera_ready_candidates/R02_v87_ljungbox_whiteness.md` with:
  - 9-tilde (`~~~~~~~~~latex`) diff blocks
  - English SEARCH/REPLACE WITH/END OF BLOCK tags
  - Macros for IID data rejection, concept rejection rates, gamma penalties, max p-value
- Updated `docs/DEVIATIONS.md` with:
  - **Deviation Class: D2** for R02
  - Detailed quantitative impact analysis
  - Root cause: BLAS threading differences affecting GARCH parameter recovery
  - Status: CERTIFIED with preserved qualitative claims
- **Gate passed**: `verify_refactoring.py R02_whitening_ljungbox --phase 4` exited with code 0

### Phase 5: Documentation Generation & Final Certification ✅
- Created `docs/audits/AUDIT_R02.md` with all 4 mandatory sections:
  1. **Theoretical Anchor**: GARCH(1,1) streams, Ljung-Box tests, Whitening Proposition
  2. **Empirical Methodology**: S7 protocol, 128-bit SeedSequence, Bonferroni correction
  3. **Metric Concordance Table with Wilson 95% CIs**: 15 metrics with D0-D2 classification
  4. **Methodological Scope & Limitations**: D2 deviation documented, qualitative claims preserved
- Created `docs/sections/R02.md` with:
  - 3 mandatory headings (Stream Overview, Execution & Verification, Output Artifacts)
  - **250 words** (within 200-350 limit)
  - No hard-wrapping
  - No banned tokens
- **Final Gate passed**: `verify_refactoring.py R02_whitening_ljungbox` exited with code 0

### Pre-Flight Termination Invariants ✅
- **(a) AST Invariance**: All tests pass with zero AST source segment discrepancies
- **(b) Deterministic Execution**: Single-threaded environment verified (PYTHONHASHSEED=42, assertion in code)
- **(c) Linguistic Cleanliness**: Zero French comments in Regime B, 100% Ban List compliance certified
- **(d) Continuous Line Invariant**: Zero hard-wrapping in all .md documentation
- **(e) Zero Ephemeral Residue**: Temporary files cleaned up
- **(f) Core Isolation**: All output delivered cleanly with zero conversational filler

### Deviation Classification for R02
- **D2**: IID arm data rejection rate (9.2% → 5.8%)
- **D1**: Pooled concept rejection rate (4.4% → 4.2%)
- **D1**: Wilson 95% CI bounds ([2.8, 7.1]% → [2.5, 6.8]%)
- **D0**: Concept rejection range (3.3--5.0% → 3.3--5.0%), gamma penalties, max p-value
- **Qualitative Impact**: NONE - Over-rejection claim (rate > 5%) remains valid

All phases completed successfully. The stream R02 is now fully refactored, certified, and ready for integration.
