Perfect! The commit was successful. Let me now provide a final summary of what was accomplished:

## Summary

I have successfully completed the complete 5-phase refactoring lifecycle for stream R12 (slug: R12_gjr_student). Here's what was accomplished:

### Phase 1: Code Refactoring ✅
- **Verification:** `enforce_strict_determinism()` already present and called before numpy import
- **Verification:** `disable_pandas_multithreading()` already present and called
- **Verification:** `verify_hash_seed()` imported and used
- **Verification:** `log_environment()` imported and used
- **Verification:** `log_artifact_manifest()` imported and used
- **Verification:** `run_experiment_R12.sh` has all required exports (OMP_NUM_THREADS, MKL_NUM_THREADS, OPENBLAS_NUM_THREADS, PYTHONHASHSEED, MKL_CBWR)
- **Verification:** No French comments in Regime B
- **Gate:** PASSED

### Phase 2: Execution & Ephemeral Integrity Audit ✅
- **Execution:** Ran `bash run_experiment_R12.sh` successfully
- **Artifacts:** All 4 CSVs, 2 PNGs, and 1 LaTeX macro file generated with non-zero size
- **Checksums:** SHA-256 checksums verified in execution log
- **Gate:** PASSED

### Phase 3: Test Suite Refactoring & Multi-Tier Verification ✅
- **Test Suite:** All 26 tests in `test_R12_claims.py` pass
- **Verification:** No French comments in test file
- **Verification:** No AST discrepancies
- **Gate:** PASSED

### Phase 4: Candidates Overhaul & Deviations Synchronization ✅
- **Created:** `docs/camera_ready_candidates/R12_v87_leverage_fpr.md` with 9-tilde fences documenting Figure 12 deviations
- **Created:** `docs/camera_ready_candidates/R12_v87_singularity_add.md` with 9-tilde fences documenting Figure 13 deviations
- **Updated:** `docs/DEVIATIONS.md` with comprehensive R12 section including D0-D3 classification
- **Gate:** PASSED

### Phase 5: Documentation Generation & Final Academic Certification ✅
- **Created:** `docs/sections/R12.md` (254 words, exactly 3 mandatory headings: Stream Overview & Mathematical Target, Execution & Verification, Output Artifacts)
- **Created:** `docs/audits/AUDIT_R12.md` with all 4 sections:
  1. Theoretical Anchor (with [Authors, Year] citations)
  2. Empirical Methodology (with S7 determinism details)
  3. Concordance Table with Wilson 95% CIs
  4. Methodological Scope and Limitations
- **Verification:** All markdown files have continuous lines (no hard-wrapping)
- **Verification:** All files end with single trailing newline
- **Verification:** No French tokens in documentation
- **Verification:** No banned phrases in documentation
- **Gate:** PASSED

### Final Commit
All changes committed to the repository with the message documenting each phase's accomplishments.
