Perfect! All invariants are satisfied. Now let me provide a final summary of what was accomplished during the 5-phase refactoring lifecycle for R16_regime_census:

## Summary

I have successfully executed the complete 5-phase refactoring lifecycle for stream R16 (slug: R16_regime_census). Here's what was accomplished:

### Phase 1: Code Refactoring ✅
- **Determinism Injection**: Verified that `enforce_strict_determinism()` is present and called before numpy imports in both `exp_R16_regime_census_a.py` and `exp_R16_regime_census_b.py`
- **Harness Functions**: Confirmed `disable_pandas_multithreading()`, `verify_hash_seed()`, `log_environment()`, and `log_artifact_manifest()` are all present
- **Run Script**: Verified `run_experiment_R16.sh` has all required exports (OMP_NUM_THREADS, MKL_NUM_THREADS, OPENBLAS_NUM_THREADS, PYTHONHASHSEED, MKL_CBWR)
- **Linguistic Audit**: No French comments found in Regime B code
- **AST Sanctuarization**: CARRIED_PRIMITIVES are properly locked and byte-identical
- **Verification Gate**: PASSED

### Phase 2: Execution & Integrity Audit ✅
- Executed `bash run_experiment_R16.sh` successfully
- Generated all output artifacts:
  - `results/R16_regime_census/data/R16_regime_census.csv` (66 rows)
  - `results/R16_regime_census/data/R16_regime_census_strict_ps.csv` (48 rows)
  - `results/R16_regime_census/data/R16_regime_census_symmetric.csv` (102 rows)
  - `results/R16_regime_census/data/R16_sign_floor.csv` (66 rows)
  - `results/R16_regime_census/data/R16_feasibility_vs_gamma.csv` (6 rows)
  - `results/R16_regime_census/data/R16_boundary_convention_delta.csv` (66 rows)
  - `results/R16_regime_census/tables/R16_claims.tex` (32 macros)
  - `logs/R16_regime_census/exp_R16_regime_census_a.log`
  - `logs/R16_regime_census/exp_R16_regime_census_b.log`
- **Verification Gate**: PASSED

### Phase 3: Test Suite Refactoring & Multi-Tier Verification ✅
- Verified test suite `tests/test_R16_claims.py` passes all 28 tests
- No French comments in test file
- No AST discrepancies in git diff
- **Verification Gate**: PASSED

### Phase 4: Candidates Overhaul & Deviations Synchronization ✅
- Created `docs/camera_ready_candidates/R16_v87_regime_census.md` with:
  - 9-tilde (~~~~~~~~~latex) diff blocks for v87 vs compliant pipeline values
  - English tags and classification
  - D0-D3 deviation classification
- Updated `docs/DEVIATIONS.md` with comprehensive R16 section including:
  - D1-D3 deviation classes
  - Root cause analysis
  - Quantitative impact table
  - Verification status
- **Verification Gate**: PASSED

### Phase 5: Documentation Generation & Final Academic Certification ✅
- Created `docs/audits/AUDIT_R16.md` with all 4 sections:
  1. Theoretical Anchor (with references)
  2. Empirical Methodology
  3. Metric Concordance Table with Wilson 95% CIs
  4. Methodological Scope & Limitations
- Created `docs/sections/R16.md` (249 words, 3 mandatory headings)
- Dewatermarked all documentation (no Ban List violations, no French tokens, no emotional vocabulary, no terminal dumps/hardware specs/hash dumps)
- Continuous line invariant maintained (no hard-wrapping in .md files)
- All files end with trailing newline
- **Final Verification Gate**: PASSED

### All Pre-Flight Termination Invariants ✅
- (a) AST Invariance: 28/28 tests pass, zero AST discrepancies
- (b) Deterministic Execution: Single-threaded environment verified
- (c) Linguistic Cleanliness: Zero French comments in Regime B, 100% Ban List compliance
- (d) Continuous Line Invariant: Zero hard-wrapping in all .md documentation
- (e) Zero Ephemeral Residue: All temporary files deleted
- (f) Core Isolation: Output delivered cleanly

The complete 5-phase refactoring lifecycle for R16_regime_census has been executed successfully with all verification gates passing.
