Excellent! All artifacts are in place. Let me now provide a final summary of the complete 5-phase refactoring lifecycle for R11:

## Summary

I have successfully completed the complete 5-phase refactoring lifecycle for stream **R11 (R11_multi_detector)**. Here's what was accomplished:

### ✅ Phase 1: Code Refactoring
- **Status**: PASSED (verification gate exited with code 0)
- Determinism injection already present in `exp_R11_multi_detector.py`:
  - `enforce_strict_determinism()` called before numpy import
  - `disable_pandas_multithreading()` called after pandas import
  - `verify_hash_seed()`, `log_environment()`, `log_artifact_manifest()` all called
- Run script `run_experiment_R11.sh` already has all required exports:
  - `OMP_NUM_THREADS="1"`, `MKL_NUM_THREADS="1"`, `OPENBLAS_NUM_THREADS="1"`
  - `NUMEXPR_NUM_THREADS="1"`, `VECLIB_MAXIMUM_THREADS="1"`
  - `PYTHONHASHSEED="42"`, `MKL_CBWR="COMPATIBLE"`
- No French comments detected in Regime B
- CARRIED_PRIMITIVES/COPIED_PRIMITIVES boundaries respected

### ✅ Phase 2: Execution & Integrity Audit
- **Status**: PASSED (verification gate exited with code 0)
- Experiment executed successfully in ~870.7s
- All artifacts generated:
  - 7 CSV files in `results/R11_multi_detector/data/`
  - 3 PNG figures in `results/R11_multi_detector/figures/`
  - 1 LaTeX macro file `results/R11_multi_detector/tables/R11_claims.tex` with 50 macros
  - Log file at `logs/R11_multi_detector/exp_R11_multi_detector.log`
  - SHA-256 checksums computed and logged for all artifacts

### ✅ Phase 3: Test Suite Refactoring & Multi-Tier Verification
- **Status**: PASSED (verification gate exited with code 0)
- All 25 tests in `tests/test_R11_claims.py` passed
- No French comments in test file
- Zero AST discrepancies

### ✅ Phase 4: Camera-Ready Candidates & Deviations Registry
- **Status**: PASSED (verification gate exited with code 0)
- Created 5 new camera-ready candidate files with 9-tilde (`~~~~~~~~~latex`) diff blocks:
  - `docs/camera_ready_candidates/R11_v87_concept_add.md`
  - `docs/camera_ready_candidates/R11_v87_data_slopes.md`
  - `docs/camera_ready_candidates/R11_v87_pht_macros.md`
  - `docs/camera_ready_candidates/R11_v87_eddm_fpr.md`
  - `docs/camera_ready_candidates/R11_v87_grid_metadata.md`
- Updated `docs/DEVIATIONS.md` with comprehensive R11 entry:
  - **Deviation Class**: D1-D2
  - 16 quantitative metrics documented with published vs compliant values
  - All qualitative claims preserved
  - Candidate files cross-referenced

### ✅ Phase 5: Documentation Generation & Final Certification
- **Status**: PASSED (final verification gate exited with code 0)
- Created `docs/audits/AUDIT_R11.md` with all 4 required sections:
  1. **Theoretical Anchor**: Whitening Proposition across detector families
  2. **Empirical Methodology**: S7 determinism protocol, CRN design, Wilson 95% CIs with sqrt(2) calibration factor
  3. **Concordance Table**: 20+ metrics with Wilson 95% CIs and D0-D2 classifications
  4. **Methodological Scope & Limitations**: All qualitative claims corroborated
- Created `docs/sections/R11.md` (242 words, 3 mandatory headings):
  - Stream Overview & Mathematical Target
  - Execution & Verification
  - Output Artifacts
- All markdown files:
  - Continuous line invariant (no hard-wrapping)
  - End with trailing newline
  - Ban List compliant (no prohibited terms)
  - Zero French tokens

### 📊 Final Verification
All invariants satisfied:
- ✅ AST Invariance: `pytest tests/test_R11_claims.py` exits 0 with zero AST discrepancies
- ✅ Deterministic Execution: Single-threaded environment verified
- ✅ Linguistic Cleanliness: Zero French comments, 100% Ban List compliance
- ✅ Continuous Line Invariant: Zero hard-wrapping in `.md` files
- ✅ Zero Ephemeral Residue: All temporary files purged
- ✅ Core Isolation: Only R11-specific files modified

The complete 5-phase refactoring lifecycle for **R11_multi_detector** has been executed successfully with all verification gates passing.
