2026-08-01 14:08:37 | INFO | PYTHONHASHSEED correctly pinned to 42 before interpreter start.
2026-08-01 14:08:37 | INFO | Python: 3.12.9
2026-08-01 14:08:37 | INFO |   numpy: 1.26.4
2026-08-01 14:08:37 | INFO |   pandas: 2.3.2
2026-08-01 14:08:37 | INFO |   scipy: 1.16.2
2026-08-01 14:08:37 | INFO |   matplotlib: 3.10.6
2026-08-01 14:08:37 | INFO | Driving steps a and b in this process; their frames are received in memory and no CSV is read back (SPECS 1.6).
2026-08-01 15:09:54 | INFO | --- Appendix B, budget 2e5 ---
2026-08-01 15:09:54 | INFO | [appB] H = 200000, lambda_iid_H = 128.63, rho = 0.250, grid reach 22.5 w* (2.5x the dead-band turning point of 9 w*)
2026-08-01 15:09:54 | INFO | [appB] censoring max 0.25%, detection min 99.75%, hold-out FPR 0.045 to 0.058
2026-08-01 15:09:54 | INFO | [appB] lambda*/Gamma = [132.1, 126.8, 135.0, 150.7, 179.2] against lambda_iid = 128.6; departure from the rule -1.4% to +39.3%
2026-08-01 15:09:54 | INFO | [appB] Eq. (5) with kappa = 0: median error 5.3%, max 13.0%; Gamma <= 4 median 4.0%, max 7.8%
2026-08-01 15:09:54 | INFO | [appB] dropping the rho*w term: measurement exceeds prediction by 30% to 139%
2026-08-01 15:09:54 | INFO | [appB] kappa on the saturated branch = [5, 16, 49, 53, 263] steps at increasing Gamma
2026-08-01 15:09:54 | INFO | [appB] near the crossover the two agree to 4%; on the far ramp the measurement falls 6% to 10% below
2026-08-01 15:09:54 | INFO | [appB] SD/ADD max 0.94 at Gamma = 20; MED/ADD min 0.76; median sits 1% to 17% below the prediction
2026-08-01 15:09:54 | INFO | [appB] ramp exponents 0.68-0.70 measured against 0.71-0.72 predicted by Eq. (5) over the same range
2026-08-01 15:09:54 | INFO | [appB] on the alternative rule w >= w*_predicted the measured exponents would be 0.66-0.69. Both rules are in the CSV; v87 prints the applied-threshold figures above.
2026-08-01 15:09:54 | INFO | [appB] rho*w carries 57% of the prediction at the widest ramp
2026-08-01 15:09:54 | INFO | --- Appendix B, budget 3e6 ---
2026-08-01 15:09:54 | INFO | [appB] H = 3000000, lambda_iid_H = 282.54, rho = 0.250, grid reach 225.0 w* (25.0x the dead-band turning point of 9 w*)
2026-08-01 15:09:54 | INFO | [appB] censoring max 0.25%, detection min 99.75%, hold-out FPR 0.025 to 0.048
2026-08-01 15:09:54 | INFO | [appB] lambda*/Gamma = [326.5, 327.6, 379.0, 436.5, 555.0] against lambda_iid = 282.5; departure from the rule +15.6% to +96.4%
2026-08-01 15:09:54 | INFO | [appB] Eq. (5) with kappa = 0: median error 4.6%, max 63.7%; Gamma <= 4 median 3.3%, max 5.8%
2026-08-01 15:09:54 | INFO | [appB] dropping the rho*w term: measurement exceeds prediction by 29% to 439%
2026-08-01 15:09:54 | INFO | [appB] kappa on the saturated branch = [3, 6, 127, 2266, 653] steps at increasing Gamma
2026-08-01 15:09:54 | INFO | [appB] near the crossover the two agree to 21%; on the far ramp the measurement falls 2% to 10% below
2026-08-01 15:09:54 | INFO | [appB] SD/ADD max 7.23 at Gamma = 12; MED/ADD min 0.54; median sits 3% to 19% below the prediction
2026-08-01 15:09:54 | INFO | [appB] ramp exponents 0.72-0.78 measured against 0.77-0.78 predicted by Eq. (5) over the same range
2026-08-01 15:09:54 | INFO | [appB] on the alternative rule w >= w*_predicted the measured exponents would be 0.72-0.78. Both rules are in the CSV; v87 prints the applied-threshold figures above.
2026-08-01 15:09:54 | INFO | [appB] rho*w carries 78% of the prediction at the widest ramp
2026-08-01 15:09:54 | INFO | --- control (e): the moment boundary ---
2026-08-01 15:09:54 | INFO | [control e] closed form at alpha = 0.08, standardized t_7: E[eps^6] is finite up to beta = 0.874405, i.e. Gamma = 7.0793. E[eps^4] survives much further, to beta = 0.907117, Gamma = 41.5843.
2026-08-01 15:09:54 | INFO | [control e] largest finite moment order at Gamma = 20 is 4 + 0.7931.
2026-08-01 15:09:54 | INFO | [control e] THIS EXPERIMENT SWEEPS NO nu. Every campaign runs standardized t_7, so no output of R05 can attribute the degradation of the recalibration rule to the loss of a moment: what R05 measures is that the departure from lambda_iid x Gamma grows with Gamma and with the horizon, and what the closed form above supplies is a boundary that happens to fall inside the same range of Gamma. The coincidence is an association. Establishing the mechanism would need an arm varying nu at fixed Gamma, and this experiment has none.
2026-08-01 15:09:54 | INFO | [control e] v87 app:scaling glosses E[eps^6] as 'the second moment of the monitored statistic eps^2'. E[eps^6] is the THIRD moment of eps^2; the second is E[eps^4], whose boundary sits at Gamma = 41.6, far outside the grid. The numeral 7.1 is reproduced; the description attached to it is not.
2026-08-01 15:09:54 | INFO | --- control (f): the budget effect on the recalibration rule ---
2026-08-01 15:09:54 | INFO | [control f] margins by Gamma at 2e5: [2.7, -1.4, 4.9, 17.2, 39.3]
2026-08-01 15:09:54 | INFO | [control f] margins by Gamma at 3e6: [15.6, 15.9, 34.2, 54.5, 96.4]
2026-08-01 15:09:54 | INFO | [control f] the span widens from [-1.4, +39.3]% at H = 200000 to [+15.6, +96.4]% at H = 3000000. The degradation with the horizon that v87 asserts is visible in these two budgets.
2026-08-01 15:09:55 | INFO | Wrote results/R05_scale_law/figures/fig05_scale_law_orthogonality.png (panel A abrupt, panel B gradual)
2026-08-01 15:09:55 | INFO | Wrote results/R05_scale_law/tables/R05_claims.tex
2026-08-01 15:09:55 | INFO | --- Deviation classification against v87 (published -> regenerated) ---
2026-08-01 15:09:55 | INFO | quantity                            published  regenerated  degree  source
2026-08-01 15:09:55 | INFO | abrupt_slope                            23.70      26.0016      D2  R05_abrupt_add_vs_gamma.csv, OLS of ADD_Data on Gamma
2026-08-01 15:09:55 | INFO | abrupt_intercept                        38.00      32.1980      D2  R05_abrupt_add_vs_gamma.csv, OLS of ADD_Data on Gamma
2026-08-01 15:09:55 | INFO | sqrt_rule_fpr_pct                       31.00      24.5000      D2  R05_abrupt_add_vs_gamma.csv, FPR_rule_xSqrtGamma max
2026-08-01 15:09:55 | INFO | scaling_median_error_pct                 5.40       5.3465      D2  R05_ramp_multigamma_2e5.csv, ADD_Data vs Eq. (5)
2026-08-01 15:09:55 | INFO | recalib_margin_min_pct_2e5               7.00      -1.4207      D2  R05_ramp_multigamma_2e5.csv, lambda_star_Data/Gamma
2026-08-01 15:09:55 | INFO | recalib_margin_max_pct_2e5              29.00      39.2886      D2  R05_ramp_multigamma_2e5.csv, lambda_star_Data/Gamma
2026-08-01 15:09:55 | INFO | lambda_iid_2e5                         129.50     128.6319      D2  R05_ramp_multigamma_2e5.csv, lambda_iid_H
2026-08-01 15:09:55 | INFO | grid_reach_wstar_2e5                    22.50      22.5010      D1  R05_ramp_multigamma_2e5.csv, w_over_wstar_predicted max
2026-08-01 15:09:55 | INFO | censoring_max_pct_2e5                    1.30       0.2500      D2  R05_ramp_multigamma_2e5.csv, censored_Data max
2026-08-01 15:09:55 | INFO | detection_min_pct_2e5                   98.70      99.7500      D2  R05_ramp_multigamma_2e5.csv, DetRate_Data min
2026-08-01 15:09:55 | INFO | lambda_over_gamma_min_2e5              138.00     126.8044      D2  R05_ramp_multigamma_2e5.csv, lambda_star_Data/Gamma
2026-08-01 15:09:55 | INFO | lambda_over_gamma_max_2e5              167.00     179.1696      D2  R05_ramp_multigamma_2e5.csv, lambda_star_Data/Gamma
2026-08-01 15:09:55 | INFO | sd_over_add_max_2e5                      3.20       0.9409      D2  R05_ramp_multigamma_2e5.csv, SEM_Data and DetRate_Data
2026-08-01 15:09:55 | INFO | med_over_add_min_2e5                     0.68       0.7586      D2  R05_ramp_multigamma_2e5.csv, MED_Data/ADD_Data
2026-08-01 15:09:55 | INFO | rho_w_share_pct_2e5                     58.00      57.2597      D2  R05_ramp_multigamma_2e5.csv, widest w
2026-08-01 15:09:55 | INFO | exponent_min_2e5                         0.65       0.6799      D2  R05_ramp_multigamma_2e5.csv, ramp fit on w_delta_applied
2026-08-01 15:09:55 | INFO | exponent_max_2e5                         0.71       0.6978      D2  R05_ramp_multigamma_2e5.csv, ramp fit on w_delta_applied
2026-08-01 15:09:55 | INFO | model_exponent_min_2e5                   0.71       0.7087      D1  R05_ramp_multigamma_2e5.csv, Eq. (5) fit on w_delta_applied
2026-08-01 15:09:55 | INFO | model_exponent_max_2e5                   0.73       0.7190      D2  R05_ramp_multigamma_2e5.csv, Eq. (5) fit on w_delta_applied
2026-08-01 15:09:55 | INFO | lambda_iid_3e6                         303.00     282.5363      D2  R05_ramp_multigamma_3e6.csv, lambda_iid_H
2026-08-01 15:09:55 | INFO | grid_reach_wstar_3e6                   225.00     225.0000      D1  R05_ramp_multigamma_3e6.csv, w_over_wstar_predicted max
2026-08-01 15:09:55 | INFO | low_gamma_max_error_pct_3e6              5.70       5.7976      D2  R05_ramp_multigamma_3e6.csv, Gamma <= 4 vs Eq. (5)
2026-08-01 15:09:55 | INFO | rho_w_share_pct_3e6                     78.00      78.1060      D1  R05_ramp_multigamma_3e6.csv, widest w
2026-08-01 15:09:55 | INFO | recalib_margin_max_pct_3e6              96.00      96.4359      D1  R05_ramp_multigamma_3e6.csv, lambda_star_Data/Gamma
2026-08-01 15:09:55 | INFO | sixth_moment_gamma                       7.10       7.0793      D1  closed form, no Monte Carlo
2026-08-01 15:09:55 | INFO | moment_margin_at_gamma_max               0.80       0.7931      D1  closed form, no Monte Carlo
2026-08-01 15:09:55 | INFO | lambda_iid_ladder_77k                  102.80     111.0251      D2  R05_lambda_iid_horizon.csv, H = 77000
2026-08-01 15:09:55 | INFO | Wrote results/R05_scale_law/data/R05_deviation_classification.csv (27 rows)
2026-08-01 15:09:55 | INFO | Degrees: {'D2': 20, 'D1': 7}
2026-08-01 15:09:55 | INFO | Step c elapsed: 3677.7 s
