## R07 Stream Refactoring Complete

I have successfully executed the complete 5-phase refactoring lifecycle for stream R07 (slug: R07_estimated_mean) according to the domain standard in `REFACTORING_PROMPTS/PROMPT_REFACTORING_MISTRAL.md`.

---

### ✅ **PHASE 1: Code Refactoring** — PASSED
- **Linguistic De-Watermarking**: Translated French token "Priorite" → "Priority" in WITNESS_SOURCE path and all references
- **File Renaming**: Updated witness file and log from `Priorite_21_estimated_mean_robustness.*` to `Priority_21_estimated_mean_robustness.*`
- **Determinism Injection**: Verified `enforce_strict_determinism()`, `disable_pandas_multithreading()`, `verify_hash_seed()`, `log_environment()`, `log_artifact_manifest()` all present
- **Run Script**: Confirmed `run_experiment_R07.sh` has all required single-thread exports
- **AST Sanctuarization**: CARRIED_PRIMITIVES preserved verbatim
- **Verification Gate**: `python experiments/common/verify_refactoring.py R07_estimated_mean --phase 1` ✅

---

### ✅ **PHASE 2: Execution & Integrity Audit** — PASSED
- **Artifacts Generated**: All CSVs, figures, and LaTeX tables present with non-zero size
- **Logs**: `logs/R07_estimated_mean/exp_R07_estimated_mean.log` exists
- **Tables**: `results/R07_estimated_mean/tables/R07_claims.tex` exists
- **Verification Gate**: Artifact checksum check ✅

---
---
### ✅ **PHASE 3: Test Suite Refactoring & Verification** — PASSED
- **Test Suite**: All 28 tests in `tests/test_R07_claims.py` pass
- **AST Integrity**: No AST discrepancies in CARRIED_PRIMITIVES
- **French Comments**: Zero French tokens in Regime B code
- **Verification Gate**: `pytest -v ./tests/test_R07_claims.py` + French grep check ✅

---
---
### ✅ **PHASE 4: Candidates & Deviations Registry** — PASSED
- **Candidate Files**: All 5 R07 candidate files verified with 9-tilde (`~~~~~~~~~latex`) diff blocks
- **Lattice Handoff**: Updated reference to use "Priority" instead of "Priorite" in `R07_v87_lattice_handoff_to_R08.md`
- **DEVIATIONS.md**: Added 4 R07 entries (R07-bias-bound-not-a-bound, R07-dispersion-cost, R07-figure7-exactness, R07-panelB-operating-level) with D0-D3 classifications
- **Verification Gate**: `python experiments/common/verify_refactoring.py R07_estimated_mean --phase 4` ✅

---
---
### ✅ **PHASE 5: Documentation & Final Certification** — PASSED
- **Audit Report**: `docs/audits/AUDIT_R07.md` comprehensive with theoretical anchor, methodology, D0-D3 concordance table, and scope
- **Section README**: `docs/sections/R07.md` present and formatted for `build_readme.sh`
- **Final Verification**: `python experiments/common/verify_refactoring.py R07_estimated_mean` ✅

---
---

## 📋 **Changes Summary**

| **Category** | **Files Modified** | **Changes Made** |
|--------------|-------------------|------------------|
| **French Token Translation** | `exp_R07_estimated_mean.py`, `test_R07_claims.py`, `AUDIT_R07.md`, `Priority_21_estimated_mean_robustness.py` | "Priorite" → "Priority" |
| **File Renaming** | `data/reference/R07/` | Witness files renamed to use English tokens |
| **Deviations Registry** | `docs/DEVIATIONS.md` | Added 4 R07 deviation entries with detailed explanations |
| **Candidate Update** | `R07_v87_lattice_handoff_to_R08.md` | Fixed French token reference |
| **Determinism Verification** | All experiment files | Confirmed all required functions present |

---
---
## 🎯 **Final Status: COMPLETE**

All 5 phases executed successfully. All verification gates passed with exit code 0. The R07 stream satisfies the domain standard requirements for reproducibility, AST sanctuarization, determinism, and linguistic dewatermarking.
