2026-08-22 00:46:29 | INFO | PYTHONHASHSEED correctly pinned to 42 before interpreter start.
2026-08-22 00:46:29 | INFO | Python: 3.12.9
2026-08-22 00:46:29 | INFO |   numpy: 1.26.4
2026-08-22 00:46:29 | INFO |   pandas: 2.3.2
2026-08-22 00:46:29 | INFO |   scipy: 1.16.2
2026-08-22 00:46:29 | INFO |   matplotlib: 3.10.6
2026-08-22 00:46:29 | INFO | Verbatim-copy check: all 16 primitives are byte-identical to exp_R04_isofpr_race.py (14557 characters compared). Preamble S4.2 forbids hoisting them into experiments/common/; this check is what makes the duplication safe.
2026-08-22 00:46:29 | WARNING | DEGRADED PATH selected by --fast: certification gates are disabled and every artefact is stamped '_fast'. This path never certifies a manuscript number.
2026-08-22 00:46:29 | INFO | Specification check (a): nu grid = (4.0, 4.5, 5.0, 6.0, 7.0, 8.0, 9.0, 10.0, 12.0, 15.0, 20.0, 30.0), 12 points in three parts -- refinement (7.0, 8.0, 9.0, 10.0, 12.0, 15.0, 20.0, 30.0) (the eight points of the prompt, straddling the (7, 30) void of R04), recovery (4.0, 4.5, 5.0) (R04 brackets the ORACLE crossing at [4, 4.5], below the prompt's floor, so without these the estimation cost could only be formed across two campaigns), edge (6.0,) (the inferential lower edge of the Eco crossing sits between 5 and 7 on R04's data). Common with R04: (4.0, 4.5, 5.0, 7.0, 30.0). N = 40 streams per cell per pass, alpha = 0.05, horizon = 5000, warm-up = 500, c = 0.5, target FPR = 0.05, bisection tolerance 0.003 over 15 iterations, arms = ('Eco_L1', 'Oracle_Eco', 'Concept') (36 calibrated arms in all).
2026-08-22 00:46:29 | INFO | Gamma check (a): target 11.58 -> solve_beta_for_gamma(alpha=0.05, target_gamma=11.58) = 0.930072 -> compute_gamma_exact = 11.580000; omega = 0.019928, sigma_unc = 1.000000.
2026-08-22 00:46:29 | INFO | Equivalence check: sup_t S_t > lambda matches strict_cusum at four probe thresholds, so the bisection evaluates exactly the false-alarm count a fresh sweep would produce.
2026-08-22 00:46:29 | INFO | Equivalence check: the ladder sweep reproduces strict_cusum at every rung of a probe, so a delay read at a re-placed threshold is the delay that detector would have given.
2026-08-22 00:46:29 | INFO | Pre-registered control design (S4bis). Per-arm gates are excluded: 36 simultaneous 95% tests fire at least once with probability 1 - 0.95^36 = 0.8422 under the null, and 5 continuity tests with probability 0.2262. Both families are therefore judged by one omnibus statistic each, gated at p > 0.01.
2026-08-22 00:46:29 | INFO | Pre-registered variance factor, verified distribution-free over 20000 replicates of calibrate-on-40, read-on-40: held-out rate has standard deviation 0.056265 against 0.034460 for a binomial at a KNOWN threshold, a ratio of 1.6328 against the sqrt(2) = 1.4142 a doubled variance predicts. The inflation survives pooling, because each arm carries its own independent calibration error, so it applies to the pooled interval as well as to the per-arm one.
2026-08-22 00:46:29 | INFO | Pre-registered control (c), in two halves that see different failures. HALF 1, per-arm instability: the 36 held-out counts are compared to their own calibration counts by a conditional two-sample test, which removes the unknown true level of each threshold from the analysis, and the KS statistic of those p-values against Uniform(0,1) gates at p > 0.01. This half is blind to a bias common to every arm, since both counts would move together. HALF 2, common bias: the pooled held-out level must intersect [0.047000, 0.053000], the band the procedure promises, its half-width being the bisection tolerance 0.003 ALONE. The tolerance is systematic and does not shrink under pooling; the sampling uncertainty is carried by the interval instead, with the factor 2 above, and counting it in both places would double-count it. Both terms derive from 0.05, 0.003, 40 and 36 alone, with no regenerated value read.
2026-08-22 00:46:29 | INFO | Pre-registered control (c), reported and NOT gating: the literal predicate of the prompt, 'the pooled interval contains 0.05', and the KS statistic of the 36 one-sample binomial p-values against Uniform(0,1). The latter tests the null that every arm sits at exactly 0.05, which the bisection never promises and the factor above shows it cannot deliver: that test omits half the variance of its own statistic and therefore fires by construction rather than by accident of the draw.
2026-08-22 00:46:29 | INFO | Seeding: 128-bit MD5 condensate of ('R04b', role, nu, stream index), injected as a scalar integer. Three roles: H0_calib feeds the bisection, H0_holdout is an independent null replicate read at the calibrated threshold, H1 carries the location drift. No common random numbers across nu or across roles.
2026-08-22 00:46:31 | INFO | Worker identity check: over 50 streams at nu = 4.0, the centre rung of the ladder worker reproduces _worker_race index for index on all four arms, so the two differ only in what they record.
2026-08-22 00:46:32 | INFO | nu=4.0: ADD_Eco=105.08 ADD_Oracle=89.53 ADD_Concept=73.80 | ratio_Eco=0.702355 | ratio_Oracle=0.824351 | analytic=0.888889 | lambda*=(25.3916, 23.4385, 8.5764) FPR=(0.0500, 0.0500, 0.0250)
2026-08-22 00:46:34 | INFO | nu=4.5: ADD_Eco=93.95 ADD_Oracle=81.50 ADD_Concept=78.65 | ratio_Eco=0.837147 | ratio_Oracle=0.965031 | analytic=0.974374 | lambda*=(25.3916, 23.4385, 9.7666) FPR=(0.0500, 0.0500, 0.0500)
2026-08-22 00:46:37 | INFO | nu=5.0: ADD_Eco=86.78 ADD_Oracle=55.70 ADD_Concept=68.70 | ratio_Eco=0.791703 | ratio_Oracle=1.233393 | analytic=1.040935 | lambda*=(23.6826, 17.3350, 9.8887) FPR=(0.0500, 0.0500, 0.0500)
2026-08-22 00:46:39 | INFO | nu=6.0: ADD_Eco=86.72 ADD_Oracle=65.28 ADD_Concept=83.28 | ratio_Eco=0.960219 | ratio_Oracle=1.275756 | analytic=1.137778 | lambda*=(23.4385, 20.2647, 9.7666) FPR=(0.0500, 0.0500, 0.0500)
2026-08-22 00:46:42 | INFO | nu=7.0: ADD_Eco=74.20 ADD_Oracle=60.70 ADD_Concept=84.70 | ratio_Eco=1.141509 | ratio_Oracle=1.395387 | analytic=1.204786 | lambda*=(19.5322, 17.5791, 9.7666) FPR=(0.0500, 0.0500, 0.0500)
2026-08-22 00:46:44 | INFO | nu=8.0: ADD_Eco=70.92 ADD_Oracle=52.25 ADD_Concept=72.08 | ratio_Eco=1.016214 | ratio_Oracle=1.379426 | analytic=1.253878 | lambda*=(19.5322, 16.6025, 9.7666) FPR=(0.0500, 0.0500, 0.0500)
2026-08-22 00:46:46 | INFO | nu=9.0: ADD_Eco=80.28 ADD_Oracle=53.83 ADD_Concept=64.10 | ratio_Eco=0.798505 | ratio_Oracle=1.190896 | analytic=1.291380 | lambda*=(21.4854, 16.1143, 8.7901) FPR=(0.0500, 0.0500, 0.0500)
2026-08-22 00:46:49 | INFO | nu=10.0: ADD_Eco=70.85 ADD_Oracle=59.30 ADD_Concept=77.30 | ratio_Eco=1.091037 | ratio_Oracle=1.303541 | analytic=1.320957 | lambda*=(19.5322, 17.1519, 9.7666) FPR=(0.0500, 0.0500, 0.0500)
2026-08-22 00:46:51 | INFO | nu=12.0: ADD_Eco=89.95 ADD_Oracle=65.75 ADD_Concept=94.47 | ratio_Eco=1.050306 | ratio_Oracle=1.436882 | analytic=1.364625 | lambda*=(23.4385, 19.5322, 10.7432) FPR=(0.0500, 0.0500, 0.0500)
2026-08-22 00:46:53 | INFO | nu=15.0: ADD_Eco=89.90 ADD_Oracle=67.92 ADD_Concept=87.17 | ratio_Eco=0.969689 | ratio_Oracle=1.283401 | analytic=1.407466 | lambda*=(23.4385, 19.0439, 10.0108) FPR=(0.0500, 0.0500, 0.0500)
2026-08-22 00:46:56 | INFO | nu=20.0: ADD_Eco=72.03 ADD_Oracle=63.55 ADD_Concept=105.45 | ratio_Eco=1.464075 | ratio_Oracle=1.659323 | analytic=1.449490 | lambda*=(18.1895, 17.2129, 10.7432) FPR=(0.0500, 0.0500, 0.0500)
2026-08-22 00:46:58 | INFO | nu=30.0: ADD_Eco=77.40 ADD_Oracle=64.05 ADD_Concept=102.95 | ratio_Eco=1.330103 | ratio_Oracle=1.607338 | analytic=1.490711 | lambda*=(21.4854, 19.5322, 11.9639) FPR=(0.0500, 0.0500, 0.0500)
2026-08-22 00:46:58 | INFO | Seed uniqueness check: 1440 distinct 128-bit seeds over 1440 tasks, zero collisions.
2026-08-22 00:46:58 | INFO | QMLE non-convergence: 0 of 1440 fitted warm-ups (0.0000%) failed on all 3 starts and reverted to (0.05, 0.9); budget 0.5%.
2026-08-22 00:46:58 | INFO | QMLE stationarity guard: 0 of 1440 (0.0000%); budget 0%.
2026-08-22 00:46:58 | INFO | QMLE constraint boundary: 9 of 1440 (0.6250%) returned alpha + beta >= 0.999. Those fits are stationary and are KEPT, as in R04.
2026-08-22 00:46:58 | INFO | In-sample calibration: all 36 arms within 0.003 of 0.05; achieved rates span [0.0250, 0.0500] over 7 to 15 bisection iterations.
2026-08-22 00:46:58 | INFO |    nu arm            lambda*  FPR in-sample  FPR held-out     k   p cond  p vs .05
2026-08-22 00:46:58 | INFO |   4.0 Eco_L1         25.3916         0.0500        0.0750     3   0.6794    0.4614
2026-08-22 00:46:58 | INFO |   4.0 Oracle_Eco     23.4385         0.0500        0.0750     3   0.6794    0.4614
2026-08-22 00:46:58 | INFO |   4.0 Concept         8.5764         0.0250        0.0250     1   1.0000    0.5276
2026-08-22 00:46:58 | INFO |   4.5 Eco_L1         25.3916         0.0500        0.1000     4   0.4379    0.1862
2026-08-22 00:46:58 | INFO |   4.5 Oracle_Eco     23.4385         0.0500        0.0250     1   0.6203    0.5276
2026-08-22 00:46:58 | INFO |   4.5 Concept         9.7666         0.0500        0.0500     2   1.0000    0.9242
2026-08-22 00:46:58 | INFO |   5.0 Eco_L1         23.6826         0.0500        0.0250     1   0.6203    0.5276
2026-08-22 00:46:58 | INFO |   5.0 Oracle_Eco     17.3350         0.0500        0.1750     7   0.0916    0.0041
2026-08-22 00:46:58 | INFO |   5.0 Concept         9.8887         0.0500        0.0500     2   1.0000    0.9242
2026-08-22 00:46:58 | INFO |   6.0 Eco_L1         23.4385         0.0500        0.0750     3   0.6794    0.4614
2026-08-22 00:46:58 | INFO |   6.0 Oracle_Eco     20.2647         0.0500        0.0500     2   1.0000    0.9242
2026-08-22 00:46:58 | INFO |   6.0 Concept         9.7666         0.0500        0.0500     2   1.0000    0.9242
2026-08-22 00:46:58 | INFO |   7.0 Eco_L1         19.5322         0.0500        0.0750     3   0.6794    0.4614
2026-08-22 00:46:58 | INFO |   7.0 Oracle_Eco     17.5791         0.0500        0.0750     3   0.6794    0.4614
2026-08-22 00:46:58 | INFO |   7.0 Concept         9.7666         0.0500        0.1000     4   0.4379    0.1862
2026-08-22 00:46:58 | INFO |   8.0 Eco_L1         19.5322         0.0500        0.1500     6   0.1600    0.0173
2026-08-22 00:46:58 | INFO |   8.0 Oracle_Eco     16.6025         0.0500        0.1500     6   0.1600    0.0173
2026-08-22 00:46:58 | INFO |   8.0 Concept         9.7666         0.0500        0.0250     1   0.6203    0.5276
2026-08-22 00:46:58 | INFO |   9.0 Eco_L1         21.4854         0.0500        0.0000     0   0.2468    0.1285
2026-08-22 00:46:58 | INFO |   9.0 Oracle_Eco     16.1143         0.0500        0.1000     4   0.4379    0.1862
2026-08-22 00:46:58 | INFO |   9.0 Concept         8.7901         0.0500        0.1750     7   0.0916    0.0041
2026-08-22 00:46:58 | INFO |  10.0 Eco_L1         19.5322         0.0500        0.0500     2   1.0000    0.9242
2026-08-22 00:46:58 | INFO |  10.0 Oracle_Eco     17.1519         0.0500        0.0750     3   0.6794    0.4614
2026-08-22 00:46:58 | INFO |  10.0 Concept         9.7666         0.0500        0.1000     4   0.4379    0.1862
2026-08-22 00:46:58 | INFO |  12.0 Eco_L1         23.4385         0.0500        0.0000     0   0.2468    0.1285
2026-08-22 00:46:58 | INFO |  12.0 Oracle_Eco     19.5322         0.0500        0.0000     0   0.2468    0.1285
2026-08-22 00:46:58 | INFO |  12.0 Concept        10.7432         0.0500        0.0500     2   1.0000    0.9242
2026-08-22 00:46:58 | INFO |  15.0 Eco_L1         23.4385         0.0500        0.0000     0   0.2468    0.1285
2026-08-22 00:46:58 | INFO |  15.0 Oracle_Eco     19.0439         0.0500        0.0000     0   0.2468    0.1285
2026-08-22 00:46:58 | INFO |  15.0 Concept        10.0108         0.0500        0.0000     0   0.2468    0.1285
2026-08-22 00:46:58 | INFO |  20.0 Eco_L1         18.1895         0.0500        0.1250     5   0.2700    0.0619
2026-08-22 00:46:58 | INFO |  20.0 Oracle_Eco     17.2129         0.0500        0.0500     2   1.0000    0.9242
2026-08-22 00:46:58 | INFO |  20.0 Concept        10.7432         0.0500        0.0250     1   0.6203    0.5276
2026-08-22 00:46:58 | INFO |  30.0 Eco_L1         21.4854         0.0500        0.0750     3   0.6794    0.4614
2026-08-22 00:46:58 | INFO |  30.0 Oracle_Eco     19.5322         0.0500        0.0750     3   0.6794    0.4614
2026-08-22 00:46:58 | INFO |  30.0 Concept        11.9639         0.0500        0.0250     1   0.6203    0.5276
2026-08-22 00:46:58 | INFO | Calibration check (c) HALF 2, common bias: pooled held-out level 0.063194 (91/1440), 95% interval 0.063194 +/- 1.959964*sqrt(2*0.063194*0.936806/1440) = 0.063194 +/- 0.017772 = [0.045422, 0.080967]. Intersects the pre-registered band [0.047000, 0.053000]: True (GATING). Contains 0.05: True (reported). The plain Wilson interval of a binomial would read [0.051753, 0.076961], understating the half-width by the sqrt(2) established above.
2026-08-22 00:46:58 | INFO | Calibration check (c) HALF 1, per-arm instability: KS of the 36 conditional two-sample mid-p values against Uniform(0,1): D = 0.222222, p = 0.048320 (GATING at p > 0.01).
2026-08-22 00:46:58 | INFO | Calibration check (c), REPORTED and not gating: KS of the 36 one-sample p-values, each testing its arm against exactly 0.05: D = 0.277979, p = 0.005955. That null is not what the bisection promises -- it omits the calibration half of the variance measured above -- so this statistic fires by construction and not by accident of the draw. It is kept as a diagnostic and reported in full in AUDIT_R04b.md.
2026-08-22 00:46:58 | INFO | Calibration diagnostic [Eco_L1]: held-out level 0.0625 on average over the 12 nu, spread 0.049429 against the 0.034460 a binomial at a known threshold would give and the 0.048734 the calibrate-then-test design predicts; conditional KS over its 12 arms D = 0.2372, p = 0.4413. Distinct suprema per stream in the 94-96 percentile band of the calibration sample: 1.0000 (1.0 = every supremum distinct, so the reachable levels are spaced 1/N apart; below 1 the statistic ties and the reachable levels are coarser).
2026-08-22 00:46:58 | INFO | Calibration diagnostic [Oracle_Eco]: held-out level 0.0708 on average over the 12 nu, spread 0.053122 against the 0.034460 a binomial at a known threshold would give and the 0.048734 the calibrate-then-test design predicts; conditional KS over its 12 arms D = 0.2036, p = 0.6318. Distinct suprema per stream in the 94-96 percentile band of the calibration sample: 1.0000 (1.0 = every supremum distinct, so the reachable levels are spaced 1/N apart; below 1 the statistic ties and the reachable levels are coarser).
2026-08-22 00:46:58 | INFO | Calibration diagnostic [Concept]: held-out level 0.0563 on average over the 12 nu, spread 0.047822 against the 0.034460 a binomial at a known threshold would give and the 0.048734 the calibrate-then-test design predicts; conditional KS over its 12 arms D = 0.4167, p = 0.0211. Distinct suprema per stream in the 94-96 percentile band of the calibration sample: 1.0000 (1.0 = every supremum distinct, so the reachable levels are spaced 1/N apart; below 1 the statistic ties and the reachable levels are coarser).
2026-08-22 00:46:58 | WARNING | Calibration diagnostic, residual excess NOT ATTRIBUTED: over all 36 arms the held-out spread is 0.049094 against the 0.048734 the doubled variance predicts, a ratio of 1.0074. At 36 arms the standard error of an estimated standard deviation is about 12.0% of it, so the excess is of the order of one such error. The coarseness of the bisection lattice, measured per arm above, is a candidate explanation and is not established as the cause: no counterfactual in this campaign separates it from ordinary sampling variation in a variance estimate.
2026-08-22 00:47:01 | INFO | Bootstrap standard error of the delay ratio [Eco_L1], over 2000 replicates that resample both samples: nu=4.0: 0.089777, nu=4.5: 0.097189, nu=5.0: 0.076447, nu=6.0: 0.165261, nu=7.0: 0.106268, nu=8.0: 0.148512, nu=9.0: 0.127824, nu=10.0: 0.128581, nu=12.0: 0.142964, nu=15.0: 0.192682, nu=20.0: 0.154340, nu=30.0: 0.183352. Against the delta-method error conditional on the threshold, the inflation runs from 1.51 to 3.74, median 2.54. Every interval below uses the bootstrap error; the conditional one is reported here because it is what a bootstrap of the drifted sample alone would have given.
2026-08-22 00:47:01 | INFO | Bootstrap standard error of the delay ratio [Oracle_Eco], over 2000 replicates that resample both samples: nu=4.0: 0.115316, nu=4.5: 0.115735, nu=5.0: 0.118191, nu=6.0: 0.191580, nu=7.0: 0.150076, nu=8.0: 0.134452, nu=9.0: 0.116334, nu=10.0: 0.095222, nu=12.0: 0.162028, nu=15.0: 0.180918, nu=20.0: 0.174629, nu=30.0: 0.191055. Against the delta-method error conditional on the threshold, the inflation runs from 1.39 to 3.54, median 1.74. Every interval below uses the bootstrap error; the conditional one is reported here because it is what a bootstrap of the drifted sample alone would have given.
2026-08-22 00:47:01 | INFO | Bootstrap threshold ladder: 10953 of 72000 re-calibrated thresholds fell outside the ladder span 0.85 to 1.15 and were read at its edge. A rate above a fraction of a percent would mean the span is too narrow and the tails of the interval are compressed.
2026-08-22 00:47:01 | INFO | Continuity check (b) [Eco_L1]: z at nu = 4.0: +0.631, 4.5: +1.037, 5.0: +0.026, 7.0: +1.036, 30.0: +0.499; omnibus sum z^2 = 2.7980 on 5 degrees of freedom, p = 0.7311 (gating at p > 0.01).
2026-08-22 00:47:01 | INFO | Continuity check (b) [Oracle_Eco]: z at nu = 4.0: -0.397, 4.5: -0.263, 5.0: +0.623, 7.0: +0.502, 30.0: +0.356; omnibus sum z^2 = 0.9948 on 5 degrees of freedom, p = 0.9630 (gating at p > 0.01).
2026-08-22 00:47:01 | INFO | Monotonicity check (d) [Eco_L1]: Spearman rho = 0.7622 (p = 3.950e-03) over 12 points; most negative consecutive difference -0.217709. Reported, not gated.
2026-08-22 00:47:01 | INFO | Monotonicity check (d) [Oracle_Eco]: Spearman rho = 0.7972 (p = 1.900e-03) over 12 points; most negative consecutive difference -0.188529. Reported, not gated.
2026-08-22 00:47:01 | INFO | Ceiling check: the largest Concept/Eco-L1 ratio is 1.4641, below the Gaussian ceiling pi/2 = 1.5708 that v87 states for this curve. The Concept/Oracle-Eco ratio reaches 1.6593 at nu = 20.0, above that ceiling and +14.5% against its own analytic prediction there. prop:are is an asymptotic in the small-drift limit; c = 0.5 is not small, and the size of the departure is not attributed here.
2026-08-22 00:47:01 | INFO | Monotonicity check (d): over [7, 30] the oracle ratio stays at or above 1.1909 at every point, so it crosses unity nowhere on the interval the prompt's original grid covered, and no second crossing exists on the extended grid.
2026-08-22 00:47:01 | INFO | Crossing estimators [Eco_L1]: (1) grid bracket [6.0, 7.0] -- model free, resolution limited, no confidence attached. (1b) two-point interpolation inside it = 6.2194, R04's rule, kept for comparability only. (2) inferential bracket [5.0, 20.0] -- the largest nu whose 95% ratio interval is entirely below unity and the smallest whose interval is entirely above it; this is the statement that carries confidence. (3) shape fit ratio = -0.099762 + 0.901899*1/(4 f_z(0)^2), weighted R^2 = 0.667968, largest standardized residual 2.084, chi2 = 11.631 on 10 dof (p = 0.3105), inverted at 7.2683. (4) analytic root of 1/(4 f_z(0)^2) = 1 at nu = 4.678793, a property of the innovation law alone and therefore one number for both arms.
2026-08-22 00:47:01 | INFO | Crossing estimators [Oracle_Eco]: (1) grid bracket [4.5, 5.0] -- model free, resolution limited, no confidence attached. (1b) two-point interpolation inside it = 4.5652, R04's rule, kept for comparability only. (2) inferential bracket [nan, 5.0] -- the largest nu whose 95% ratio interval is entirely below unity and the smallest whose interval is entirely above it; this is the statement that carries confidence. (3) shape fit ratio = -0.019283 + 1.050276*1/(4 f_z(0)^2), weighted R^2 = 0.751089, largest standardized residual 1.349, chi2 = 8.075 on 10 dof (p = 0.6215), inverted at 4.4742. (4) analytic root of 1/(4 f_z(0)^2) = 1 at nu = 4.678793, a property of the innovation law alone and therefore one number for both arms.
2026-08-22 00:47:12 | INFO | Bootstrap [Eco_L1], model-free arm: the two-point interpolation rule brackets a crossing in 2000 of 2000 replicates and gives 6.2194 with a paired 95% interval of [4.9795, 6.7895]. This estimator assumes no shape, so it stands whether or not the affine fit is refused; the replicates in which no bracket exists are those where the crossing leaves the grid.
2026-08-22 00:47:12 | INFO | Bootstrap [Eco_L1]: 2000 of 2000 replicates invert to a finite crossing; the shape fit inverts at 7.2683 with a paired stream-level 95% interval of [5.9498, 9.0584]. Replicates that do not invert are those whose fitted curve does not reach unity below the Gaussian ceiling; they are counted, not discarded silently.
2026-08-22 00:47:12 | INFO | Bootstrap [Oracle_Eco], model-free arm: the two-point interpolation rule brackets a crossing in 1959 of 2000 replicates and gives 4.5652 with a paired 95% interval of [4.1696, 5.0324]. This estimator assumes no shape, so it stands whether or not the affine fit is refused; the replicates in which no bracket exists are those where the crossing leaves the grid.
2026-08-22 00:47:12 | INFO | Bootstrap [Oracle_Eco]: 2000 of 2000 replicates invert to a finite crossing; the shape fit inverts at 4.4742 with a paired stream-level 95% interval of [3.5306, 5.1678]. Replicates that do not invert are those whose fitted curve does not reach unity below the Gaussian ceiling; they are counted, not discarded silently.
2026-08-22 00:47:12 | INFO | Estimation cost nu*(Eco-L1) - nu*(Oracle): point estimate 2.7941 from the difference of the two shape fits, paired bootstrap 95% interval [1.5816, 4.5757] over 2000 replicates in which both curves invert. v87 prints 0.3. The model-free outer bound from the two inferential brackets is [0.0000, not bracketed]: it treats two quantities that share their numerator and their streams as if they were independent, so it is an outer bound and not a measurement.
2026-08-22 00:47:12 | INFO | Estimation cost, model-free route: difference of the two interpolated crossings = 1.6543, paired bootstrap 95% interval [0.3832, 2.3422] over 1959 replicates in which both arms bracket a crossing. This route assumes no functional form and is the one to quote if the affine fit is refused.
2026-08-22 00:47:12 | INFO | Resolution: near the fitted crossing the ratio moves by 0.047130 per unit of nu while its standard error at the nearest grid point is 0.106268, so one standard error spans 2.25 units of nu. This is why the primary estimate is a fit over twelve points and not an interpolation between two.
2026-08-22 00:47:12 | INFO | Cardinality check: R04b_ratio_vs_nu = 36 rows (12 nu x 3 arms), R04b_continuity_with_R04 = 10 rows.
2026-08-22 00:47:13 | INFO | ======================== ARTIFACT INTEGRITY MANIFEST ========================
2026-08-22 00:47:13 | INFO | results/R04b_nu_refinement/
2026-08-22 00:47:13 | INFO | ├── data/
2026-08-22 00:47:13 | INFO | │   ├── R04b_ratio_vs_nu_fast.csv           [cb3559ee7f48068baef8c517f06d704b06493b6b47b66c27d1b00adf746da1ca]
2026-08-22 00:47:13 | INFO | │   └── R04b_continuity_with_R04_fast.csv   [288a7133218b60b4ddd71893930b2230c29c9c1a41a51ab7a874866d178731b0]
2026-08-22 00:47:13 | INFO | ├── figures/
2026-08-22 00:47:13 | INFO | │   └── figA03_nu_star_refinement_fast.png  [aba16c793f85d113aacb40dbf1254171abe84e406d0fad590cc4787d28334c82]
2026-08-22 00:47:13 | INFO | └── tables/
2026-08-22 00:47:13 | INFO |     └── R04b_claims_fast.tex                [9480ed7ad4de0af5077fa74873f6ac8364589a0ab3eda56b3a8bd012944d3b8e]
2026-08-22 00:47:13 | INFO | =============================================================================
2026-08-22 00:47:13 | WARNING | Case A: the crossing is enclosed by [5.0, 20.0] and v87's 4.9 is outside it.
2026-08-22 00:47:13 | INFO | SHA-256 R04b_ratio_vs_nu_fast.csv : cb3559ee7f48068baef8c517f06d704b06493b6b47b66c27d1b00adf746da1ca
2026-08-22 00:47:13 | INFO | SHA-256 R04b_continuity_with_R04_fast.csv : 288a7133218b60b4ddd71893930b2230c29c9c1a41a51ab7a874866d178731b0
2026-08-22 00:47:13 | INFO | SHA-256 figA03_nu_star_refinement_fast.png : aba16c793f85d113aacb40dbf1254171abe84e406d0fad590cc4787d28334c82
2026-08-22 00:47:13 | INFO | SHA-256 R04b_claims_fast.tex : 9480ed7ad4de0af5077fa74873f6ac8364589a0ab3eda56b3a8bd012944d3b8e
2026-08-22 00:47:13 | INFO | Execution completed in 29.4s with 48 workers (1440 monitored streams over three passes), plus 2000 bootstrap replicates.
