2026-09-04 20:16:02 | INFO | PYTHONHASHSEED correctly pinned to 42 before interpreter start.
2026-09-04 20:16:02 | INFO | Python: 3.12.9
2026-09-04 20:16:02 | INFO |   numpy: 1.26.4
2026-09-04 20:16:02 | INFO |   pandas: 2.3.2
2026-09-04 20:16:02 | INFO |   scipy: 1.16.2
2026-09-04 20:16:02 | INFO |   statsmodels: 0.14.5
2026-09-04 20:16:02 | INFO |   matplotlib: 3.10.6
2026-09-04 20:16:02 | INFO |   pytest: 9.0.3
2026-09-04 20:16:02 | INFO | R14 measures v87 Figure 16 (fig:crypto_race) and the numerals of L345: an iso-FPR race between the recentred sign-CUSUM and a CUSUM on the honestly standardized GARCH residual, on daily Bitcoin and Ethereum returns and on their quasi-Gaussian t_30 synthetic controls.
2026-09-04 20:16:02 | WARNING | LEGACY-SEEDS ARM. The delivered RandomState(100 / 200 / 201 / 300) draws are restored and every output is stamped '_legacy_seeds'. This arm CERTIFIES NO v87 VALUE. It exists to separate the effect of the entropy migration from a transcription error in this port, which is a question about the port and not an exploration of how far a published result holds. It is executed unconditionally by run_experiment_R14.sh, after the default arm: running a diagnostic only when a result looks wrong turns the diagnostic into an instrument of selection.
2026-09-04 20:16:02 | INFO | ETH IS A PUBLISHED CLAIM HERE. The Figure 16 caption says nothing about Ethereum, but L345 publishes its Ljung-Box p, its 72 onsets, the failure of its recentred sign stream to pass whiteness, and the failure of its synthetic control to recover the light-tailed ordering. Preamble S3's asymmetry rule applies in the manuscript's disfavour there: v87 states its own limitation, so reproducing the failure reproduces a self-critical claim and takes ordinary scrutiny.
2026-09-04 20:16:02 | INFO | C6 source identity: 10 primitives byte-identical to the files that own them (3670 characters compared) -- _garch_nll, fit_garch_qmle, strict_cusum, bilateral_delay, bisect_fpr, wilson_ci and compute_onsets against Priorite_24d_crypto_isofpr_race.py, and get_deterministic_seed, seed_sequence_for and rng_for against exp_R13_oracle_ceiling_a.py. Control S4.2 forbids hoisting any of them into experiments/common/: a machine diff shows _garch_nll, fit_garch_qmle, strict_cusum and wilson_ci all differ between this witness and the R01/R03/R04/R04b/R11/R13 copies, so the duplication is deliberate and mutualising it would move published values. Deterministic; trigger probability 0 unless a copy has drifted.
2026-09-04 20:16:02 | INFO | C6 ADAPTED ROUTINES. ['generate_synthetic_garch', 'parse_crypto_csv'] cannot be byte-compared -- generate_synthetic_garch takes an injected generator where Priorite_24d_crypto_isofpr_race.py builds a RandomState from a bare integer seed, and parse_crypto_csv gains float_precision='round_trip', which preamble S3 makes the reading protocol of every numeric CSV in this repository. The witness source of each is quoted in full below instead; the two segments total 1492 characters.
2026-09-04 20:16:02 | INFO | C6 witness SHA-256 of generate_synthetic_garch: b20144303db1b2bc0a8dfec3f04ddaf1b9cd0f4b998511ba867f45915349c9d4
2026-09-04 20:16:02 | INFO | C6 witness source of generate_synthetic_garch:
def generate_synthetic_garch(length, var_emp, nu=30, seed=42):
    rng = np.random.RandomState(seed)
    alpha, beta = 0.05, 0.90
    omega = var_emp * (1.0 - alpha - beta)
    
    # Standardized student-t to variance 1
    z = rng.standard_t(df=nu, size=length) * np.sqrt((nu - 2.0) / nu)
    
    eps = np.zeros(length)
    s2 = np.zeros(length)
    s2[0] = var_emp
    eps[0] = np.sqrt(s2[0]) * z[0]
    
    for t in range(1, length):
        s2[t] = omega + alpha * eps[t-1]**2 + beta * s2[t-1]
        eps[t] = np.sqrt(s2[t]) * z[t]
        
    return eps
2026-09-04 20:16:02 | INFO | C6 witness SHA-256 of parse_crypto_csv: 39436975808d724212497c69fa9dc71442b8d7d6e842528e617d51216f67f05e
2026-09-04 20:16:02 | INFO | C6 witness source of parse_crypto_csv:
def parse_crypto_csv(filepath):
    df = pd.read_csv(filepath, sep=',', quotechar='"')
    if df['Log_Return'].dtype == object:
        df['Log_Return'] = df['Log_Return'].astype(str).str.replace('"', '').str.replace(',', '.')
    df['Log_Return'] = pd.to_numeric(df['Log_Return'], errors='coerce')
    df['Date'] = pd.to_datetime(df['Date'])
    
    # 1.11: Topologic chaos purge via index (RangeIndex natively preserves exact numerical footprint)
    df = df[~df.index.duplicated(keep='first')].sort_index()
    
    # 1.12: API alignment on index
    if isinstance(df.index, pd.DatetimeIndex):
        df.index = df.index.tz_localize(None)
        df.index = pd.to_datetime(df.index.date)
        
    nans = df['Log_Return'].isna().sum()
    if nans > 0:
        logger.warning(f"Control (g) Notice: Dropped {nans} NaNs from {Path(filepath).name}")
        
    return df.dropna(subset=['Log_Return']).reset_index(drop=True)
2026-09-04 20:16:02 | INFO | C6 SUPERSEDED ROUTINES, named rather than quoted: compute_sha256 (replaced by experiments/common/fair_harness.compute_sha256); evaluate_arm (restructured: injected dither, per-onset delays, design effect, C8); get_data_path (three-way cwd / BASE_DIR / Data/yf search, replaced by an explicit source); log_and_export_requirements (replaced by fair_env.log_environment plus requirements/R14.txt); main (the halting direction gate of Control (d) becomes a measurement); plot_results (the '__none__' sentinel source is removed; panels are an explicit spec); run_diagnostics (restructured: the QMLE assertion of S4.3 and the C4 moment derivation); run_qmle_recovery_test (restructured: injected generators and the C3 reporting obligation); setup_logging (replaced by experiments/common/fair_harness.setup_logging); verify_invariants (gates on 12 literals the delivered run itself produced; see C1 and C5).
2026-09-04 20:16:02 | INFO | C10 entropy migration, on Priorite_24d_crypto_isofpr_race.py: no np.random.<distribution> call exists anywhere in the witness -- the only np.random members it touches are ['RandomState', 'seed'] -- and it constructs 3 RandomState instances. Its module-level np.random.seed(42) and random.seed(42) are therefore set and never consumed, which is what licenses dropping them here. Static; trigger probability 0.
2026-09-04 20:16:03 | INFO | C10 entropy migration, on this script: no draw touches the global NumPy stream, and np.random.RandomState appears only inside ['dither_vector', 'synth_generator', 'qmle_innovation_streams']. Every migrated draw is keyed by rng_for on its role and index alone -- never on a process parameter -- which institutes common random numbers: every cross-source and cross-magnitude comparison below is PAIRED, and every pooled interval therefore carries its design effect (S4bis, third corollary).
2026-09-04 20:16:03 | INFO | SHA-256 btc_usd_daily.csv      : a9c84c890cac7284f6330e3ab4d4aed70a9a5e01ec04a8fc0c9ba8999e79c3f4
2026-09-04 20:16:03 | INFO | BTC: 4215 daily returns, 2015-01-02 to 2026-07-17.
2026-09-04 20:16:03 | INFO | SHA-256 eth_usd_daily.csv      : f44703a75e4510e906ab1cda6e0a50d96e232bc80aba4ef5105ce6ae94c049f1
2026-09-04 20:16:03 | INFO | ETH: 3172 daily returns, 2017-11-10 to 2026-07-17.
2026-09-04 20:16:03 | INFO | C3 -- QMLE recovery: 20 GARCH(1,1) streams of 2000 steps at (alpha, beta) = (0.05, 0.9), unconditional variance 0.0001, standard-normal innovations. The fallback, frozen and non-converged counters are logged and persisted EVEN AT ZERO: a counter reported only when it is non-zero establishes nothing about the runs where it is not.
2026-09-04 20:16:03 | INFO | C3 QMLE recovery: median bias = 0.0336, fallback fraction = 0.0000, frozen fraction = 0.0000, 20/20 converged. Worst bias 0.1156, best 0.0114.
2026-09-04 20:16:03 | INFO | C3 GATE, stated before it is read: the delivered admissibility band is median bias < 0.05 and fallback fraction < 0.1. It is a band on the INSTRUMENT, not on a published claim, and the null distribution of a median over 20 simulations has no closed form, so no trigger probability is quoted for it. If it fires, the failure is characterised and reported; preamble S4.10 forbids reseeding until it passes.
2026-09-04 20:16:03 | INFO | Diagnostic BTC: nu_hat = 2.7791143512276766, Var(z_hat) = 1.0475457229902985, lag-10 Ljung-Box p = 0.15436618003792157 on the recentred sign stream, (omega, alpha, beta) = (5.049330571235363e-05, 0.11141517070293522, 0.8474922355971132).
2026-09-04 20:16:03 | INFO | C4 [BTC] moment condition, derived at run time: for a standardized Student-t, E|z|^p < inf iff p < nu, so the variance exists iff nu > 2 and the fourth moment iff nu > 4. At nu_hat = 2.779114 the variance exists and the fourth moment DOES NOT exist.
2026-09-04 20:16:03 | INFO | C4 [BTC] consequence: with E[z^4] infinite, the GARCH penalty Gamma -- which is a functional of the autocorrelation of eps^2 and therefore needs a finite fourth moment of z -- and the chi-square limit of a Ljung-Box on SQUARED residuals are both unjustified on the `Data` pipeline v87 contrasts against. STATED PRECISELY: the Ljung-Box actually computed here is on the SIGN stream, which is bounded, so its own chi-square approximation is untouched by this. The caveat is about the Data pipeline, not about this diagnostic, and Figure 16 is what that regime illustrates.
2026-09-04 20:16:04 | INFO | Diagnostic ETH: nu_hat = 3.2497912498017185, Var(z_hat) = 1.027160192203695, lag-10 Ljung-Box p = 0.018785617996181257 on the recentred sign stream, (omega, alpha, beta) = (4.3502923784035586e-05, 0.06396681553468135, 0.9143762515420853).
2026-09-04 20:16:04 | INFO | C4 [ETH] moment condition, derived at run time: for a standardized Student-t, E|z|^p < inf iff p < nu, so the variance exists iff nu > 2 and the fourth moment iff nu > 4. At nu_hat = 3.249791 the variance exists and the fourth moment DOES NOT exist.
2026-09-04 20:16:04 | INFO | C4 [ETH] consequence: with E[z^4] infinite, the GARCH penalty Gamma -- which is a functional of the autocorrelation of eps^2 and therefore needs a finite fourth moment of z -- and the chi-square limit of a Ljung-Box on SQUARED residuals are both unjustified on the `Data` pipeline v87 contrasts against. STATED PRECISELY: the Ljung-Box actually computed here is on the SIGN stream, which is bounded, so its own chi-square approximation is untouched by this. The caveat is about the Data pipeline, not about this diagnostic, and Figure 16 is what that regime illustrates.
2026-09-04 20:16:04 | INFO | G1: nu_hat = [2.7791143512276766, 3.2497912498017185] against the 4.7 ceiling, Var(z_hat) = [1.0475457229902985, 1.027160192203695] inside [0.7, 1.4].
2026-09-04 20:16:04 | INFO | Onsets: BTC 106, ETH 72. Synthetic controls: t_30 GARCH(1,1) matched on the empirical variances {'BTC': 0.0012287690108111387, 'ETH': 0.0020087296727675638}, evaluated at the SAME onsets as their real counterparts.
2026-09-04 20:16:04 | INFO | Placebo dither: 106 values in [-1e-6, 1e-6], SHA-256 1e0bea93241e77f67b0ab43807a860c4105924e58ece52f287e8895ee9b8fd99, the delivered RandomState(100).uniform(-1e-6, 1e-6, N), whose first N values are the same for every N.
2026-09-04 20:16:04 | INFO | --- Real_BTC: 106 monthly onsets, H_ref = 500, H_det = 500, one series shared by both arms ---
2026-09-04 20:16:04 | INFO | C8 non-anticipativity [Real_BTC], first onset 516: the full pre-onset vector ['alpha', 'beta', 'eps_last', 'med_hat', 'mu_hat', 'omega', 'q_hat_ref', 's2_last'] is bit-identical after r[onset:] += 100. The identity is TAUTOLOGICAL BY SLICING -- the reference window is r[onset - 500 : onset] and cannot reach past `onset` -- and is recorded as a structural assertion, trigger probability 0, not as evidence of anything.
2026-09-04 20:16:05 | INFO | C3 [Real_BTC] QMLE audit over 106 pre-onset fits: non-converged = 0/106, frozen to the (0.05, 0.90) initialiser = 0/106, fallback fraction = 0.0000. Logged even at zero.
2026-09-04 20:16:05 | INFO | Concept deviation ceiling [Real_BTC]: max |dev| = 0.500000 against the delivered 1.0.
2026-09-04 20:16:05 | INFO | C2 [Real_BTC] iso-FPR: Concept lambda* = 11.231463134765626 realizes 5/106 = 0.04716981132075472; Eco lambda* = 34.18067041015625 realizes 5/106 = 0.04716981132075472; |difference| = 0.
2026-09-04 20:16:05 | INFO | C9 [Real_BTC / Concept / c = 0.1]: n_detected = 44/106, deff = 1.282757 over 24 mechanism-fixed lags (clamped = False), n_eff = 34.3011, SEM = 15.147892 -> SEM_design = 17.156332, DetRate interval [0.325869, 0.510259] -> design-corrected [0.267040, 0.580251].
2026-09-04 20:16:05 | INFO | deff [Real_BTC / Eco / c = 0.1]: the estimate is 0.270611 < 1, which would claim more independent readings than the 56 observations contain; clamped to 1.0.
2026-09-04 20:16:05 | INFO | C9 [Real_BTC / Eco / c = 0.1]: n_detected = 56/106, deff = 1.000000 over 24 mechanism-fixed lags (clamped = True), n_eff = 56.0000, SEM = 11.991656 -> SEM_design = 11.991656, DetRate interval [0.433952, 0.620672] -> design-corrected [0.399993, 0.652978].
2026-09-04 20:16:05 | INFO | deff [Real_BTC / Concept / c = 0.15]: the estimate is 0.274781 < 1, which would claim more independent readings than the 59 observations contain; clamped to 1.0.
2026-09-04 20:16:05 | INFO | C9 [Real_BTC / Concept / c = 0.15]: n_detected = 59/106, deff = 1.000000 over 24 mechanism-fixed lags (clamped = True), n_eff = 59.0000, SEM = 17.238102 -> SEM_design = 17.238102, DetRate interval [0.461699, 0.647549] -> design-corrected [0.430268, 0.676019].
2026-09-04 20:16:05 | INFO | C9 [Real_BTC / Eco / c = 0.15]: n_detected = 69/106, deff = 1.009000 over 24 mechanism-fixed lags (clamped = False), n_eff = 68.3845, SEM = 12.081027 -> SEM_design = 12.135271, DetRate interval [0.556366, 0.734963] -> design-corrected [0.532691, 0.753139].
2026-09-04 20:16:05 | INFO | deff [Real_BTC / Concept / c = 0.2]: the estimate is 0.689911 < 1, which would claim more independent readings than the 89 observations contain; clamped to 1.0.
2026-09-04 20:16:05 | INFO | C9 [Real_BTC / Concept / c = 0.2]: n_detected = 89/106, deff = 1.000000 over 24 mechanism-fixed lags (clamped = True), n_eff = 89.0000, SEM = 14.492429 -> SEM_design = 14.492429, DetRate interval [0.758100, 0.897390] -> design-corrected [0.749616, 0.901525].
2026-09-04 20:16:05 | INFO | C9 [Real_BTC / Eco / c = 0.2]: n_detected = 84/106, deff = 1.581341 over 24 mechanism-fixed lags (clamped = False), n_eff = 53.1195, SEM = 11.695839 -> SEM_design = 14.707678, DetRate interval [0.705696, 0.858754] -> design-corrected [0.665580, 0.879879].
2026-09-04 20:16:05 | INFO | C9 [Real_BTC / Concept / c = 0.25]: n_detected = 104/106, deff = 2.396247 over 24 mechanism-fixed lags (clamped = False), n_eff = 43.4012, SEM = 11.301274 -> SEM_design = 17.494165, DetRate interval [0.933801, 0.994810] -> design-corrected [0.886911, 0.997108].
2026-09-04 20:16:05 | INFO | deff [Real_BTC / Eco / c = 0.25]: the estimate is 0.130031 < 1, which would claim more independent readings than the 95 observations contain; clamped to 1.0.
2026-09-04 20:16:05 | INFO | C9 [Real_BTC / Eco / c = 0.25]: n_detected = 95/106, deff = 1.000000 over 24 mechanism-fixed lags (clamped = True), n_eff = 95.0000, SEM = 10.370977 -> SEM_design = 10.370977, DetRate interval [0.823678, 0.941060] -> design-corrected [0.818765, 0.942890].
2026-09-04 20:16:05 | INFO | deff [Real_BTC / Concept / c = 0.35]: the estimate is -0.590072 < 1, which would claim more independent readings than the 106 observations contain; clamped to 1.0.
2026-09-04 20:16:05 | INFO | C9 [Real_BTC / Concept / c = 0.35]: n_detected = 106/106, deff = 1.000000 over 24 mechanism-fixed lags (clamped = True), n_eff = 106.0000, SEM = 6.042562 -> SEM_design = 6.042562, DetRate interval [0.965027, 1.000000] -> design-corrected [0.965027, 1.000000].
2026-09-04 20:16:05 | INFO | deff [Real_BTC / Eco / c = 0.35]: the estimate is -0.297252 < 1, which would claim more independent readings than the 106 observations contain; clamped to 1.0.
2026-09-04 20:16:05 | INFO | C9 [Real_BTC / Eco / c = 0.35]: n_detected = 106/106, deff = 1.000000 over 24 mechanism-fixed lags (clamped = True), n_eff = 106.0000, SEM = 6.993700 -> SEM_design = 6.993700, DetRate interval [0.965027, 1.000000] -> design-corrected [0.965027, 1.000000].
2026-09-04 20:16:06 | INFO | deff [Real_BTC / Concept / c = 0.5]: the estimate is 0.053495 < 1, which would claim more independent readings than the 106 observations contain; clamped to 1.0.
2026-09-04 20:16:06 | INFO | C9 [Real_BTC / Concept / c = 0.5]: n_detected = 106/106, deff = 1.000000 over 24 mechanism-fixed lags (clamped = True), n_eff = 106.0000, SEM = 3.807337 -> SEM_design = 3.807337, DetRate interval [0.965027, 1.000000] -> design-corrected [0.965027, 1.000000].
2026-09-04 20:16:06 | INFO | deff [Real_BTC / Eco / c = 0.5]: the estimate is 0.062053 < 1, which would claim more independent readings than the 106 observations contain; clamped to 1.0.
2026-09-04 20:16:06 | INFO | C9 [Real_BTC / Eco / c = 0.5]: n_detected = 106/106, deff = 1.000000 over 24 mechanism-fixed lags (clamped = True), n_eff = 106.0000, SEM = 3.194434 -> SEM_design = 3.194434, DetRate interval [0.965027, 1.000000] -> design-corrected [0.965027, 1.000000].
2026-09-04 20:16:06 | INFO | deff [Real_BTC / Concept / c = 0.6]: the estimate is 0.964029 < 1, which would claim more independent readings than the 106 observations contain; clamped to 1.0.
2026-09-04 20:16:06 | INFO | C9 [Real_BTC / Concept / c = 0.6]: n_detected = 106/106, deff = 1.000000 over 24 mechanism-fixed lags (clamped = True), n_eff = 106.0000, SEM = 2.813323 -> SEM_design = 2.813323, DetRate interval [0.965027, 1.000000] -> design-corrected [0.965027, 1.000000].
2026-09-04 20:16:06 | INFO | deff [Real_BTC / Eco / c = 0.6]: the estimate is 0.831641 < 1, which would claim more independent readings than the 106 observations contain; clamped to 1.0.
2026-09-04 20:16:06 | INFO | C9 [Real_BTC / Eco / c = 0.6]: n_detected = 106/106, deff = 1.000000 over 24 mechanism-fixed lags (clamped = True), n_eff = 106.0000, SEM = 2.301978 -> SEM_design = 2.301978, DetRate interval [0.965027, 1.000000] -> design-corrected [0.965027, 1.000000].
2026-09-04 20:16:06 | INFO | C9 [Real_BTC / Concept / c = 0.75]: n_detected = 106/106, deff = 1.215996 over 24 mechanism-fixed lags (clamped = False), n_eff = 87.1713, SEM = 2.114205 -> SEM_design = 2.331380, DetRate interval [0.965027, 1.000000] -> design-corrected [0.957792, 1.000000].
2026-09-04 20:16:06 | INFO | deff [Real_BTC / Eco / c = 0.75]: the estimate is 0.934721 < 1, which would claim more independent readings than the 106 observations contain; clamped to 1.0.
2026-09-04 20:16:06 | INFO | C9 [Real_BTC / Eco / c = 0.75]: n_detected = 106/106, deff = 1.000000 over 24 mechanism-fixed lags (clamped = True), n_eff = 106.0000, SEM = 1.609663 -> SEM_design = 1.609663, DetRate interval [0.965027, 1.000000] -> design-corrected [0.965027, 1.000000].
2026-09-04 20:16:06 | INFO | C9 [Real_BTC / Concept / c = 1.0]: n_detected = 106/106, deff = 1.088761 over 24 mechanism-fixed lags (clamped = False), n_eff = 97.3584, SEM = 1.447088 -> SEM_design = 1.509946, DetRate interval [0.965027, 1.000000] -> design-corrected [0.962041, 1.000000].
2026-09-04 20:16:06 | INFO | C9 [Real_BTC / Eco / c = 1.0]: n_detected = 106/106, deff = 2.627070 over 24 mechanism-fixed lags (clamped = False), n_eff = 40.3491, SEM = 1.099698 -> SEM_design = 1.782416, DetRate interval [0.965027, 1.000000] -> design-corrected [0.913071, 1.000000].
2026-09-04 20:16:06 | INFO | C9 [Real_BTC / Concept / c = 1.25]: n_detected = 106/106, deff = 1.093556 over 24 mechanism-fixed lags (clamped = False), n_eff = 96.9315, SEM = 0.952264 -> SEM_design = 0.995813, DetRate interval [0.965027, 1.000000] -> design-corrected [0.961880, 1.000000].
2026-09-04 20:16:06 | INFO | C9 [Real_BTC / Eco / c = 1.25]: n_detected = 106/106, deff = 4.250005 over 24 mechanism-fixed lags (clamped = False), n_eff = 24.9411, SEM = 0.831319 -> SEM_design = 1.713809, DetRate interval [0.965027, 1.000000] -> design-corrected [0.866535, 1.000000].
2026-09-04 20:16:06 | INFO | C9 [Real_BTC / Concept / c = 1.5]: n_detected = 106/106, deff = 1.479410 over 24 mechanism-fixed lags (clamped = False), n_eff = 71.6502, SEM = 0.717763 -> SEM_design = 0.873022, DetRate interval [0.965027, 1.000000] -> design-corrected [0.949114, 1.000000].
2026-09-04 20:16:06 | INFO | C9 [Real_BTC / Eco / c = 1.5]: n_detected = 106/106, deff = 6.551079 over 24 mechanism-fixed lags (clamped = False), n_eff = 16.1805, SEM = 0.636633 -> SEM_design = 1.629466, DetRate interval [0.965027, 1.000000] -> design-corrected [0.808138, 1.000000].
2026-09-04 20:16:06 | INFO | --- Real_ETH: 72 monthly onsets, H_ref = 500, H_det = 500, one series shared by both arms ---
2026-09-04 20:16:06 | INFO | C8 non-anticipativity [Real_ETH], first onset 507: the full pre-onset vector ['alpha', 'beta', 'eps_last', 'med_hat', 'mu_hat', 'omega', 'q_hat_ref', 's2_last'] is bit-identical after r[onset:] += 100. The identity is TAUTOLOGICAL BY SLICING -- the reference window is r[onset - 500 : onset] and cannot reach past `onset` -- and is recorded as a structural assertion, trigger probability 0, not as evidence of anything.
2026-09-04 20:16:07 | INFO | C3 [Real_ETH] QMLE audit over 72 pre-onset fits: non-converged = 0/72, frozen to the (0.05, 0.90) initialiser = 0/72, fallback fraction = 0.0000. Logged even at zero.
2026-09-04 20:16:07 | INFO | Concept deviation ceiling [Real_ETH]: max |dev| = 0.500000 against the delivered 1.0.
2026-09-04 20:16:07 | INFO | C2 [Real_ETH] iso-FPR: Concept lambda* = 7.80000509446585 realizes 3/72 = 0.041666666666666664; Eco lambda* = 39.81696944588852 realizes 3/72 = 0.041666666666666664; |difference| = 0.
2026-09-04 20:16:07 | INFO | C9 [Real_ETH / Concept / c = 0.1]: n_detected = 31/72, deff = 3.544599 over 24 mechanism-fixed lags (clamped = False), n_eff = 8.7457, SEM = 25.797950 -> SEM_design = 48.570073, DetRate interval [0.322579, 0.545567] -> design-corrected [0.177387, 0.726111].
2026-09-04 20:16:07 | INFO | C9 [Real_ETH / Eco / c = 0.1]: n_detected = 35/72, deff = 1.371741 over 24 mechanism-fixed lags (clamped = False), n_eff = 25.5150, SEM = 16.665275 -> SEM_design = 19.518593, DetRate interval [0.374327, 0.599302] -> design-corrected [0.307119, 0.668738].
2026-09-04 20:16:07 | INFO | deff [Real_ETH / Concept / c = 0.15]: the estimate is 0.508446 < 1, which would claim more independent readings than the 43 observations contain; clamped to 1.0.
2026-09-04 20:16:07 | INFO | C9 [Real_ETH / Concept / c = 0.15]: n_detected = 43/72, deff = 1.000000 over 24 mechanism-fixed lags (clamped = True), n_eff = 43.0000, SEM = 12.261254 -> SEM_design = 12.261254, DetRate interval [0.481807, 0.702789] -> design-corrected [0.448569, 0.729929].
2026-09-04 20:16:08 | INFO | deff [Real_ETH / Eco / c = 0.15]: the estimate is 0.819194 < 1, which would claim more independent readings than the 41 observations contain; clamped to 1.0.
2026-09-04 20:16:08 | INFO | C9 [Real_ETH / Eco / c = 0.15]: n_detected = 41/72, deff = 1.000000 over 24 mechanism-fixed lags (clamped = True), n_eff = 41.0000, SEM = 11.530345 -> SEM_design = 11.530345, DetRate interval [0.454433, 0.677421] -> design-corrected [0.418447, 0.708544].
2026-09-04 20:16:08 | INFO | deff [Real_ETH / Concept / c = 0.2]: the estimate is -0.512368 < 1, which would claim more independent readings than the 63 observations contain; clamped to 1.0.
2026-09-04 20:16:08 | INFO | C9 [Real_ETH / Concept / c = 0.2]: n_detected = 63/72, deff = 1.000000 over 24 mechanism-fixed lags (clamped = True), n_eff = 63.0000, SEM = 17.016253 -> SEM_design = 17.016253, DetRate interval [0.779189, 0.932822] -> design-corrected [0.771288, 0.935609].
2026-09-04 20:16:08 | INFO | C9 [Real_ETH / Eco / c = 0.2]: n_detected = 52/72, deff = 1.863502 over 24 mechanism-fixed lags (clamped = False), n_eff = 27.9044, SEM = 9.408092 -> SEM_design = 12.843001, DetRate interval [0.609536, 0.812397] -> design-corrected [0.537221, 0.853443].
2026-09-04 20:16:08 | INFO | deff [Real_ETH / Concept / c = 0.25]: the estimate is -0.711218 < 1, which would claim more independent readings than the 70 observations contain; clamped to 1.0.
2026-09-04 20:16:08 | INFO | C9 [Real_ETH / Concept / c = 0.25]: n_detected = 70/72, deff = 1.000000 over 24 mechanism-fixed lags (clamped = True), n_eff = 70.0000, SEM = 15.924625 -> SEM_design = 15.924625, DetRate interval [0.904258, 0.992349] -> design-corrected [0.902840, 0.992472].
2026-09-04 20:16:08 | INFO | deff [Real_ETH / Eco / c = 0.25]: the estimate is -0.489455 < 1, which would claim more independent readings than the 64 observations contain; clamped to 1.0.
2026-09-04 20:16:08 | INFO | C9 [Real_ETH / Eco / c = 0.25]: n_detected = 64/72, deff = 1.000000 over 24 mechanism-fixed lags (clamped = True), n_eff = 64.0000, SEM = 12.632641 -> SEM_design = 12.632641, DetRate interval [0.795771, 0.942612] -> design-corrected [0.788911, 0.944826].
2026-09-04 20:16:08 | INFO | deff [Real_ETH / Concept / c = 0.35]: the estimate is -0.058727 < 1, which would claim more independent readings than the 72 observations contain; clamped to 1.0.
2026-09-04 20:16:08 | INFO | C9 [Real_ETH / Concept / c = 0.35]: n_detected = 72/72, deff = 1.000000 over 24 mechanism-fixed lags (clamped = True), n_eff = 72.0000, SEM = 9.270930 -> SEM_design = 9.270930, DetRate interval [0.949349, 1.000000] -> design-corrected [0.949349, 1.000000].
2026-09-04 20:16:08 | INFO | deff [Real_ETH / Eco / c = 0.35]: the estimate is -0.847716 < 1, which would claim more independent readings than the 72 observations contain; clamped to 1.0.
2026-09-04 20:16:08 | INFO | C9 [Real_ETH / Eco / c = 0.35]: n_detected = 72/72, deff = 1.000000 over 24 mechanism-fixed lags (clamped = True), n_eff = 72.0000, SEM = 8.591784 -> SEM_design = 8.591784, DetRate interval [0.949349, 1.000000] -> design-corrected [0.949349, 1.000000].
2026-09-04 20:16:08 | INFO | deff [Real_ETH / Concept / c = 0.5]: the estimate is 0.955237 < 1, which would claim more independent readings than the 72 observations contain; clamped to 1.0.
2026-09-04 20:16:08 | INFO | C9 [Real_ETH / Concept / c = 0.5]: n_detected = 72/72, deff = 1.000000 over 24 mechanism-fixed lags (clamped = True), n_eff = 72.0000, SEM = 3.338639 -> SEM_design = 3.338639, DetRate interval [0.949349, 1.000000] -> design-corrected [0.949349, 1.000000].
2026-09-04 20:16:08 | INFO | deff [Real_ETH / Eco / c = 0.5]: the estimate is -0.575711 < 1, which would claim more independent readings than the 72 observations contain; clamped to 1.0.
2026-09-04 20:16:08 | INFO | C9 [Real_ETH / Eco / c = 0.5]: n_detected = 72/72, deff = 1.000000 over 24 mechanism-fixed lags (clamped = True), n_eff = 72.0000, SEM = 3.594006 -> SEM_design = 3.594006, DetRate interval [0.949349, 1.000000] -> design-corrected [0.949349, 1.000000].
2026-09-04 20:16:08 | INFO | deff [Real_ETH / Concept / c = 0.6]: the estimate is 0.530194 < 1, which would claim more independent readings than the 72 observations contain; clamped to 1.0.
2026-09-04 20:16:08 | INFO | C9 [Real_ETH / Concept / c = 0.6]: n_detected = 72/72, deff = 1.000000 over 24 mechanism-fixed lags (clamped = True), n_eff = 72.0000, SEM = 2.766082 -> SEM_design = 2.766082, DetRate interval [0.949349, 1.000000] -> design-corrected [0.949349, 1.000000].
2026-09-04 20:16:08 | INFO | deff [Real_ETH / Eco / c = 0.6]: the estimate is -0.372688 < 1, which would claim more independent readings than the 72 observations contain; clamped to 1.0.
2026-09-04 20:16:08 | INFO | C9 [Real_ETH / Eco / c = 0.6]: n_detected = 72/72, deff = 1.000000 over 24 mechanism-fixed lags (clamped = True), n_eff = 72.0000, SEM = 2.734922 -> SEM_design = 2.734922, DetRate interval [0.949349, 1.000000] -> design-corrected [0.949349, 1.000000].
2026-09-04 20:16:08 | INFO | C9 [Real_ETH / Concept / c = 0.75]: n_detected = 72/72, deff = 1.107571 over 24 mechanism-fixed lags (clamped = False), n_eff = 65.0071, SEM = 1.993376 -> SEM_design = 2.097853, DetRate interval [0.949349, 1.000000] -> design-corrected [0.944204, 1.000000].
2026-09-04 20:16:08 | INFO | deff [Real_ETH / Eco / c = 0.75]: the estimate is -0.230262 < 1, which would claim more independent readings than the 72 observations contain; clamped to 1.0.
2026-09-04 20:16:08 | INFO | C9 [Real_ETH / Eco / c = 0.75]: n_detected = 72/72, deff = 1.000000 over 24 mechanism-fixed lags (clamped = True), n_eff = 72.0000, SEM = 1.770154 -> SEM_design = 1.770154, DetRate interval [0.949349, 1.000000] -> design-corrected [0.949349, 1.000000].
2026-09-04 20:16:08 | INFO | deff [Real_ETH / Concept / c = 1.0]: the estimate is 0.707797 < 1, which would claim more independent readings than the 72 observations contain; clamped to 1.0.
2026-09-04 20:16:08 | INFO | C9 [Real_ETH / Concept / c = 1.0]: n_detected = 72/72, deff = 1.000000 over 24 mechanism-fixed lags (clamped = True), n_eff = 72.0000, SEM = 1.139979 -> SEM_design = 1.139979, DetRate interval [0.949349, 1.000000] -> design-corrected [0.949349, 1.000000].
2026-09-04 20:16:08 | INFO | deff [Real_ETH / Eco / c = 1.0]: the estimate is -0.002887 < 1, which would claim more independent readings than the 72 observations contain; clamped to 1.0.
2026-09-04 20:16:08 | INFO | C9 [Real_ETH / Eco / c = 1.0]: n_detected = 72/72, deff = 1.000000 over 24 mechanism-fixed lags (clamped = True), n_eff = 72.0000, SEM = 1.099933 -> SEM_design = 1.099933, DetRate interval [0.949349, 1.000000] -> design-corrected [0.949349, 1.000000].
2026-09-04 20:16:08 | INFO | deff [Real_ETH / Concept / c = 1.25]: the estimate is 0.234463 < 1, which would claim more independent readings than the 72 observations contain; clamped to 1.0.
2026-09-04 20:16:08 | INFO | C9 [Real_ETH / Concept / c = 1.25]: n_detected = 72/72, deff = 1.000000 over 24 mechanism-fixed lags (clamped = True), n_eff = 72.0000, SEM = 0.610583 -> SEM_design = 0.610583, DetRate interval [0.949349, 1.000000] -> design-corrected [0.949349, 1.000000].
2026-09-04 20:16:08 | INFO | deff [Real_ETH / Eco / c = 1.25]: the estimate is 0.552719 < 1, which would claim more independent readings than the 72 observations contain; clamped to 1.0.
2026-09-04 20:16:08 | INFO | C9 [Real_ETH / Eco / c = 1.25]: n_detected = 72/72, deff = 1.000000 over 24 mechanism-fixed lags (clamped = True), n_eff = 72.0000, SEM = 0.729332 -> SEM_design = 0.729332, DetRate interval [0.949349, 1.000000] -> design-corrected [0.949349, 1.000000].
2026-09-04 20:16:08 | INFO | deff [Real_ETH / Concept / c = 1.5]: the estimate is 0.302613 < 1, which would claim more independent readings than the 72 observations contain; clamped to 1.0.
2026-09-04 20:16:08 | INFO | C9 [Real_ETH / Concept / c = 1.5]: n_detected = 72/72, deff = 1.000000 over 24 mechanism-fixed lags (clamped = True), n_eff = 72.0000, SEM = 0.484543 -> SEM_design = 0.484543, DetRate interval [0.949349, 1.000000] -> design-corrected [0.949349, 1.000000].
2026-09-04 20:16:08 | INFO | C9 [Real_ETH / Eco / c = 1.5]: n_detected = 72/72, deff = 1.010855 over 24 mechanism-fixed lags (clamped = False), n_eff = 71.2268, SEM = 0.601166 -> SEM_design = 0.604420, DetRate interval [0.949349, 1.000000] -> design-corrected [0.948827, 1.000000].
2026-09-04 20:16:08 | INFO | --- Synth_BTC: 106 monthly onsets, H_ref = 500, H_det = 500, one series shared by both arms ---
2026-09-04 20:16:08 | INFO | C8 non-anticipativity [Synth_BTC], first onset 516: the full pre-onset vector ['alpha', 'beta', 'eps_last', 'med_hat', 'mu_hat', 'omega', 'q_hat_ref', 's2_last'] is bit-identical after r[onset:] += 100. The identity is TAUTOLOGICAL BY SLICING -- the reference window is r[onset - 500 : onset] and cannot reach past `onset` -- and is recorded as a structural assertion, trigger probability 0, not as evidence of anything.
2026-09-04 20:16:09 | INFO | C3 [Synth_BTC] QMLE audit over 106 pre-onset fits: non-converged = 0/106, frozen to the (0.05, 0.90) initialiser = 0/106, fallback fraction = 0.0000. Logged even at zero.
2026-09-04 20:16:09 | INFO | Concept deviation ceiling [Synth_BTC]: max |dev| = 0.500000 against the delivered 1.0.
2026-09-04 20:16:09 | INFO | C2 [Synth_BTC] iso-FPR: Concept lambda* = 8.79005810546875 realizes 5/106 = 0.04716981132075472; Eco lambda* = 27.344736328125 realizes 5/106 = 0.04716981132075472; |difference| = 0.
2026-09-04 20:16:09 | INFO | deff [Synth_BTC / Concept / c = 0.1]: the estimate is 0.624081 < 1, which would claim more independent readings than the 40 observations contain; clamped to 1.0.
2026-09-04 20:16:09 | INFO | C9 [Synth_BTC / Concept / c = 0.1]: n_detected = 40/106, deff = 1.000000 over 24 mechanism-fixed lags (clamped = True), n_eff = 40.0000, SEM = 20.058804 -> SEM_design = 20.058804, DetRate interval [0.290898, 0.472398] -> design-corrected [0.244219, 0.531990].
2026-09-04 20:16:09 | INFO | C9 [Synth_BTC / Eco / c = 0.1]: n_detected = 40/106, deff = 3.968098 over 24 mechanism-fixed lags (clamped = False), n_eff = 10.0804, SEM = 17.677747 -> SEM_design = 35.214223, DetRate interval [0.290898, 0.472398] -> design-corrected [0.154338, 0.668060].
2026-09-04 20:16:10 | INFO | C9 [Synth_BTC / Concept / c = 0.15]: n_detected = 67/106, deff = 1.386120 over 24 mechanism-fixed lags (clamped = False), n_eff = 48.3364, SEM = 14.490847 -> SEM_design = 17.060594, DetRate interval [0.537154, 0.717758] -> design-corrected [0.491142, 0.753561].
2026-09-04 20:16:10 | INFO | deff [Synth_BTC / Eco / c = 0.15]: the estimate is 0.407795 < 1, which would claim more independent readings than the 89 observations contain; clamped to 1.0.
2026-09-04 20:16:10 | INFO | C9 [Synth_BTC / Eco / c = 0.15]: n_detected = 89/106, deff = 1.000000 over 24 mechanism-fixed lags (clamped = True), n_eff = 89.0000, SEM = 12.805709 -> SEM_design = 12.805709, DetRate interval [0.758100, 0.897390] -> design-corrected [0.749616, 0.901525].
2026-09-04 20:16:10 | INFO | C9 [Synth_BTC / Concept / c = 0.2]: n_detected = 81/106, deff = 3.978941 over 24 mechanism-fixed lags (clamped = False), n_eff = 20.3572, SEM = 13.398789 -> SEM_design = 26.726945, DetRate interval [0.674986, 0.834840] -> design-corrected [0.547952, 0.896483].
2026-09-04 20:16:10 | INFO | deff [Synth_BTC / Eco / c = 0.2]: the estimate is 0.862608 < 1, which would claim more independent readings than the 101 observations contain; clamped to 1.0.
2026-09-04 20:16:10 | INFO | C9 [Synth_BTC / Eco / c = 0.2]: n_detected = 101/106, deff = 1.000000 over 24 mechanism-fixed lags (clamped = True), n_eff = 101.0000, SEM = 10.366689 -> SEM_design = 10.366689, DetRate interval [0.894301, 0.979686] -> design-corrected [0.892396, 0.980080].
2026-09-04 20:16:10 | INFO | C9 [Synth_BTC / Concept / c = 0.25]: n_detected = 88/106, deff = 2.792167 over 24 mechanism-fixed lags (clamped = False), n_eff = 31.5167, SEM = 11.044268 -> SEM_design = 18.454726, DetRate interval [0.747482, 0.889800] -> design-corrected [0.665463, 0.923168].
2026-09-04 20:16:10 | INFO | C9 [Synth_BTC / Eco / c = 0.25]: n_detected = 106/106, deff = 2.880116 over 24 mechanism-fixed lags (clamped = False), n_eff = 36.8041, SEM = 7.729453 -> SEM_design = 13.117581, DetRate interval [0.965027, 1.000000] -> design-corrected [0.905489, 1.000000].
2026-09-04 20:16:10 | INFO | C9 [Synth_BTC / Concept / c = 0.35]: n_detected = 106/106, deff = 1.796844 over 24 mechanism-fixed lags (clamped = False), n_eff = 58.9923, SEM = 6.778996 -> SEM_design = 9.087002, DetRate interval [0.965027, 1.000000] -> design-corrected [0.938863, 1.000000].
2026-09-04 20:16:10 | INFO | C9 [Synth_BTC / Eco / c = 0.35]: n_detected = 106/106, deff = 1.477264 over 24 mechanism-fixed lags (clamped = False), n_eff = 71.7543, SEM = 4.248940 -> SEM_design = 5.164279, DetRate interval [0.965027, 1.000000] -> design-corrected [0.949184, 1.000000].
2026-09-04 20:16:10 | INFO | deff [Synth_BTC / Concept / c = 0.5]: the estimate is 0.886555 < 1, which would claim more independent readings than the 106 observations contain; clamped to 1.0.
2026-09-04 20:16:10 | INFO | C9 [Synth_BTC / Concept / c = 0.5]: n_detected = 106/106, deff = 1.000000 over 24 mechanism-fixed lags (clamped = True), n_eff = 106.0000, SEM = 3.895150 -> SEM_design = 3.895150, DetRate interval [0.965027, 1.000000] -> design-corrected [0.965027, 1.000000].
2026-09-04 20:16:10 | INFO | deff [Synth_BTC / Eco / c = 0.5]: the estimate is 0.557363 < 1, which would claim more independent readings than the 106 observations contain; clamped to 1.0.
2026-09-04 20:16:10 | INFO | C9 [Synth_BTC / Eco / c = 0.5]: n_detected = 106/106, deff = 1.000000 over 24 mechanism-fixed lags (clamped = True), n_eff = 106.0000, SEM = 2.171749 -> SEM_design = 2.171749, DetRate interval [0.965027, 1.000000] -> design-corrected [0.965027, 1.000000].
2026-09-04 20:16:10 | INFO | deff [Synth_BTC / Concept / c = 0.6]: the estimate is 0.767410 < 1, which would claim more independent readings than the 106 observations contain; clamped to 1.0.
2026-09-04 20:16:10 | INFO | C9 [Synth_BTC / Concept / c = 0.6]: n_detected = 106/106, deff = 1.000000 over 24 mechanism-fixed lags (clamped = True), n_eff = 106.0000, SEM = 2.800296 -> SEM_design = 2.800296, DetRate interval [0.965027, 1.000000] -> design-corrected [0.965027, 1.000000].
2026-09-04 20:16:10 | INFO | deff [Synth_BTC / Eco / c = 0.6]: the estimate is 0.410938 < 1, which would claim more independent readings than the 106 observations contain; clamped to 1.0.
2026-09-04 20:16:10 | INFO | C9 [Synth_BTC / Eco / c = 0.6]: n_detected = 106/106, deff = 1.000000 over 24 mechanism-fixed lags (clamped = True), n_eff = 106.0000, SEM = 1.582056 -> SEM_design = 1.582056, DetRate interval [0.965027, 1.000000] -> design-corrected [0.965027, 1.000000].
2026-09-04 20:16:10 | INFO | deff [Synth_BTC / Concept / c = 0.75]: the estimate is 0.361206 < 1, which would claim more independent readings than the 106 observations contain; clamped to 1.0.
2026-09-04 20:16:10 | INFO | C9 [Synth_BTC / Concept / c = 0.75]: n_detected = 106/106, deff = 1.000000 over 24 mechanism-fixed lags (clamped = True), n_eff = 106.0000, SEM = 1.556642 -> SEM_design = 1.556642, DetRate interval [0.965027, 1.000000] -> design-corrected [0.965027, 1.000000].
2026-09-04 20:16:10 | INFO | deff [Synth_BTC / Eco / c = 0.75]: the estimate is 0.582949 < 1, which would claim more independent readings than the 106 observations contain; clamped to 1.0.
2026-09-04 20:16:10 | INFO | C9 [Synth_BTC / Eco / c = 0.75]: n_detected = 106/106, deff = 1.000000 over 24 mechanism-fixed lags (clamped = True), n_eff = 106.0000, SEM = 1.120900 -> SEM_design = 1.120900, DetRate interval [0.965027, 1.000000] -> design-corrected [0.965027, 1.000000].
2026-09-04 20:16:10 | INFO | deff [Synth_BTC / Concept / c = 1.0]: the estimate is 0.776585 < 1, which would claim more independent readings than the 106 observations contain; clamped to 1.0.
2026-09-04 20:16:10 | INFO | C9 [Synth_BTC / Concept / c = 1.0]: n_detected = 106/106, deff = 1.000000 over 24 mechanism-fixed lags (clamped = True), n_eff = 106.0000, SEM = 0.776013 -> SEM_design = 0.776013, DetRate interval [0.965027, 1.000000] -> design-corrected [0.965027, 1.000000].
2026-09-04 20:16:10 | INFO | deff [Synth_BTC / Eco / c = 1.0]: the estimate is 0.826301 < 1, which would claim more independent readings than the 106 observations contain; clamped to 1.0.
2026-09-04 20:16:10 | INFO | C9 [Synth_BTC / Eco / c = 1.0]: n_detected = 106/106, deff = 1.000000 over 24 mechanism-fixed lags (clamped = True), n_eff = 106.0000, SEM = 0.690587 -> SEM_design = 0.690587, DetRate interval [0.965027, 1.000000] -> design-corrected [0.965027, 1.000000].
2026-09-04 20:16:10 | INFO | deff [Synth_BTC / Concept / c = 1.25]: the estimate is 0.471639 < 1, which would claim more independent readings than the 106 observations contain; clamped to 1.0.
2026-09-04 20:16:10 | INFO | C9 [Synth_BTC / Concept / c = 1.25]: n_detected = 106/106, deff = 1.000000 over 24 mechanism-fixed lags (clamped = True), n_eff = 106.0000, SEM = 0.531638 -> SEM_design = 0.531638, DetRate interval [0.965027, 1.000000] -> design-corrected [0.965027, 1.000000].
2026-09-04 20:16:10 | INFO | deff [Synth_BTC / Eco / c = 1.25]: the estimate is 0.868636 < 1, which would claim more independent readings than the 106 observations contain; clamped to 1.0.
2026-09-04 20:16:10 | INFO | C9 [Synth_BTC / Eco / c = 1.25]: n_detected = 106/106, deff = 1.000000 over 24 mechanism-fixed lags (clamped = True), n_eff = 106.0000, SEM = 0.461375 -> SEM_design = 0.461375, DetRate interval [0.965027, 1.000000] -> design-corrected [0.965027, 1.000000].
2026-09-04 20:16:10 | INFO | deff [Synth_BTC / Concept / c = 1.5]: the estimate is 0.770147 < 1, which would claim more independent readings than the 106 observations contain; clamped to 1.0.
2026-09-04 20:16:10 | INFO | C9 [Synth_BTC / Concept / c = 1.5]: n_detected = 106/106, deff = 1.000000 over 24 mechanism-fixed lags (clamped = True), n_eff = 106.0000, SEM = 0.378466 -> SEM_design = 0.378466, DetRate interval [0.965027, 1.000000] -> design-corrected [0.965027, 1.000000].
2026-09-04 20:16:10 | INFO | deff [Synth_BTC / Eco / c = 1.5]: the estimate is 0.996091 < 1, which would claim more independent readings than the 106 observations contain; clamped to 1.0.
2026-09-04 20:16:10 | INFO | C9 [Synth_BTC / Eco / c = 1.5]: n_detected = 106/106, deff = 1.000000 over 24 mechanism-fixed lags (clamped = True), n_eff = 106.0000, SEM = 0.326531 -> SEM_design = 0.326531, DetRate interval [0.965027, 1.000000] -> design-corrected [0.965027, 1.000000].
2026-09-04 20:16:10 | INFO | --- Synth_ETH: 72 monthly onsets, H_ref = 500, H_det = 500, one series shared by both arms ---
2026-09-04 20:16:10 | INFO | C8 non-anticipativity [Synth_ETH], first onset 507: the full pre-onset vector ['alpha', 'beta', 'eps_last', 'med_hat', 'mu_hat', 'omega', 'q_hat_ref', 's2_last'] is bit-identical after r[onset:] += 100. The identity is TAUTOLOGICAL BY SLICING -- the reference window is r[onset - 500 : onset] and cannot reach past `onset` -- and is recorded as a structural assertion, trigger probability 0, not as evidence of anything.
2026-09-04 20:16:11 | INFO | C3 [Synth_ETH] QMLE audit over 72 pre-onset fits: non-converged = 0/72, frozen to the (0.05, 0.90) initialiser = 0/72, fallback fraction = 0.0000. Logged even at zero.
2026-09-04 20:16:11 | INFO | Concept deviation ceiling [Synth_ETH]: max |dev| = 0.500000 against the delivered 1.0.
2026-09-04 20:16:12 | INFO | C2 [Synth_ETH] iso-FPR: Concept lambda* = 5.600015639661101 realizes 4/72 = 0.05555555555555555; Eco lambda* = 35.10222542946882 realizes 4/72 = 0.05555555555555555; |difference| = 0.
2026-09-04 20:16:12 | INFO | deff [Synth_ETH / Concept / c = 0.1]: the estimate is 0.447646 < 1, which would claim more independent readings than the 43 observations contain; clamped to 1.0.
2026-09-04 20:16:12 | INFO | C9 [Synth_ETH / Concept / c = 0.1]: n_detected = 43/72, deff = 1.000000 over 24 mechanism-fixed lags (clamped = True), n_eff = 43.0000, SEM = 17.866047 -> SEM_design = 17.866047, DetRate interval [0.481807, 0.702789] -> design-corrected [0.448569, 0.729929].
2026-09-04 20:16:12 | INFO | deff [Synth_ETH / Eco / c = 0.1]: the estimate is 0.877077 < 1, which would claim more independent readings than the 21 observations contain; clamped to 1.0.
2026-09-04 20:16:12 | INFO | C9 [Synth_ETH / Eco / c = 0.1]: n_detected = 21/72, deff = 1.000000 over 20 mechanism-fixed lags (clamped = True), n_eff = 21.0000, SEM = 18.443393 -> SEM_design = 18.443393, DetRate interval [0.199381, 0.405057] -> design-corrected [0.142263, 0.505503].
2026-09-04 20:16:12 | INFO | deff [Synth_ETH / Concept / c = 0.15]: the estimate is 0.490996 < 1, which would claim more independent readings than the 54 observations contain; clamped to 1.0.
2026-09-04 20:16:12 | INFO | C9 [Synth_ETH / Concept / c = 0.15]: n_detected = 54/72, deff = 1.000000 over 24 mechanism-fixed lags (clamped = True), n_eff = 54.0000, SEM = 13.275561 -> SEM_design = 13.275561, DetRate interval [0.639065, 0.835609] -> design-corrected [0.620577, 0.846216].
2026-09-04 20:16:12 | INFO | C9 [Synth_ETH / Eco / c = 0.15]: n_detected = 42/72, deff = 1.108989 over 24 mechanism-fixed lags (clamped = False), n_eff = 37.8723, SEM = 17.062452 -> SEM_design = 17.968219, DetRate interval [0.468077, 0.690148] -> design-corrected [0.425852, 0.725466].
2026-09-04 20:16:12 | INFO | deff [Synth_ETH / Concept / c = 0.2]: the estimate is -1.311667 < 1, which would claim more independent readings than the 71 observations contain; clamped to 1.0.
2026-09-04 20:16:12 | INFO | C9 [Synth_ETH / Concept / c = 0.2]: n_detected = 71/72, deff = 1.000000 over 24 mechanism-fixed lags (clamped = True), n_eff = 71.0000, SEM = 12.408499 -> SEM_design = 12.408499, DetRate interval [0.925434, 0.997544] -> design-corrected [0.924752, 0.997568].
2026-09-04 20:16:12 | INFO | C9 [Synth_ETH / Eco / c = 0.2]: n_detected = 62/72, deff = 1.459716 over 24 mechanism-fixed lags (clamped = False), n_eff = 42.4740, SEM = 12.300983 -> SEM_design = 14.861890, DetRate interval [0.762868, 0.922773] -> design-corrected [0.727157, 0.935164].
2026-09-04 20:16:12 | INFO | deff [Synth_ETH / Concept / c = 0.25]: the estimate is 0.128082 < 1, which would claim more independent readings than the 72 observations contain; clamped to 1.0.
2026-09-04 20:16:12 | INFO | C9 [Synth_ETH / Concept / c = 0.25]: n_detected = 72/72, deff = 1.000000 over 24 mechanism-fixed lags (clamped = True), n_eff = 72.0000, SEM = 12.418386 -> SEM_design = 12.418386, DetRate interval [0.949349, 1.000000] -> design-corrected [0.949349, 1.000000].
2026-09-04 20:16:12 | INFO | deff [Synth_ETH / Eco / c = 0.25]: the estimate is 0.888074 < 1, which would claim more independent readings than the 65 observations contain; clamped to 1.0.
2026-09-04 20:16:12 | INFO | C9 [Synth_ETH / Eco / c = 0.25]: n_detected = 65/72, deff = 1.000000 over 24 mechanism-fixed lags (clamped = True), n_eff = 65.0000, SEM = 9.823160 -> SEM_design = 9.823160, DetRate interval [0.812650, 0.952104] -> design-corrected [0.806798, 0.953806].
2026-09-04 20:16:12 | INFO | deff [Synth_ETH / Concept / c = 0.35]: the estimate is -0.627294 < 1, which would claim more independent readings than the 72 observations contain; clamped to 1.0.
2026-09-04 20:16:12 | INFO | C9 [Synth_ETH / Concept / c = 0.35]: n_detected = 72/72, deff = 1.000000 over 24 mechanism-fixed lags (clamped = True), n_eff = 72.0000, SEM = 6.871716 -> SEM_design = 6.871716, DetRate interval [0.949349, 1.000000] -> design-corrected [0.949349, 1.000000].
2026-09-04 20:16:12 | INFO | deff [Synth_ETH / Eco / c = 0.35]: the estimate is -0.377907 < 1, which would claim more independent readings than the 72 observations contain; clamped to 1.0.
2026-09-04 20:16:12 | INFO | C9 [Synth_ETH / Eco / c = 0.35]: n_detected = 72/72, deff = 1.000000 over 24 mechanism-fixed lags (clamped = True), n_eff = 72.0000, SEM = 7.487167 -> SEM_design = 7.487167, DetRate interval [0.949349, 1.000000] -> design-corrected [0.949349, 1.000000].
2026-09-04 20:16:12 | INFO | C9 [Synth_ETH / Concept / c = 0.5]: n_detected = 72/72, deff = 1.273684 over 24 mechanism-fixed lags (clamped = False), n_eff = 56.5289, SEM = 2.226380 -> SEM_design = 2.512639, DetRate interval [0.949349, 1.000000] -> design-corrected [0.936368, 1.000000].
2026-09-04 20:16:12 | INFO | deff [Synth_ETH / Eco / c = 0.5]: the estimate is -0.748080 < 1, which would claim more independent readings than the 72 observations contain; clamped to 1.0.
2026-09-04 20:16:12 | INFO | C9 [Synth_ETH / Eco / c = 0.5]: n_detected = 72/72, deff = 1.000000 over 24 mechanism-fixed lags (clamped = True), n_eff = 72.0000, SEM = 3.551004 -> SEM_design = 3.551004, DetRate interval [0.949349, 1.000000] -> design-corrected [0.949349, 1.000000].
2026-09-04 20:16:12 | INFO | deff [Synth_ETH / Concept / c = 0.6]: the estimate is 0.680407 < 1, which would claim more independent readings than the 72 observations contain; clamped to 1.0.
2026-09-04 20:16:12 | INFO | C9 [Synth_ETH / Concept / c = 0.6]: n_detected = 72/72, deff = 1.000000 over 24 mechanism-fixed lags (clamped = True), n_eff = 72.0000, SEM = 1.559106 -> SEM_design = 1.559106, DetRate interval [0.949349, 1.000000] -> design-corrected [0.949349, 1.000000].
2026-09-04 20:16:12 | INFO | deff [Synth_ETH / Eco / c = 0.6]: the estimate is -0.590746 < 1, which would claim more independent readings than the 72 observations contain; clamped to 1.0.
2026-09-04 20:16:12 | INFO | C9 [Synth_ETH / Eco / c = 0.6]: n_detected = 72/72, deff = 1.000000 over 24 mechanism-fixed lags (clamped = True), n_eff = 72.0000, SEM = 2.461504 -> SEM_design = 2.461504, DetRate interval [0.949349, 1.000000] -> design-corrected [0.949349, 1.000000].
2026-09-04 20:16:12 | INFO | deff [Synth_ETH / Concept / c = 0.75]: the estimate is 0.901246 < 1, which would claim more independent readings than the 72 observations contain; clamped to 1.0.
2026-09-04 20:16:12 | INFO | C9 [Synth_ETH / Concept / c = 0.75]: n_detected = 72/72, deff = 1.000000 over 24 mechanism-fixed lags (clamped = True), n_eff = 72.0000, SEM = 1.212397 -> SEM_design = 1.212397, DetRate interval [0.949349, 1.000000] -> design-corrected [0.949349, 1.000000].
2026-09-04 20:16:12 | INFO | deff [Synth_ETH / Eco / c = 0.75]: the estimate is -0.626950 < 1, which would claim more independent readings than the 72 observations contain; clamped to 1.0.
2026-09-04 20:16:12 | INFO | C9 [Synth_ETH / Eco / c = 0.75]: n_detected = 72/72, deff = 1.000000 over 24 mechanism-fixed lags (clamped = True), n_eff = 72.0000, SEM = 1.431431 -> SEM_design = 1.431431, DetRate interval [0.949349, 1.000000] -> design-corrected [0.949349, 1.000000].
2026-09-04 20:16:12 | INFO | deff [Synth_ETH / Concept / c = 1.0]: the estimate is 0.786240 < 1, which would claim more independent readings than the 72 observations contain; clamped to 1.0.
2026-09-04 20:16:12 | INFO | C9 [Synth_ETH / Concept / c = 1.0]: n_detected = 72/72, deff = 1.000000 over 24 mechanism-fixed lags (clamped = True), n_eff = 72.0000, SEM = 0.980367 -> SEM_design = 0.980367, DetRate interval [0.949349, 1.000000] -> design-corrected [0.949349, 1.000000].
2026-09-04 20:16:12 | INFO | deff [Synth_ETH / Eco / c = 1.0]: the estimate is 0.189688 < 1, which would claim more independent readings than the 72 observations contain; clamped to 1.0.
2026-09-04 20:16:12 | INFO | C9 [Synth_ETH / Eco / c = 1.0]: n_detected = 72/72, deff = 1.000000 over 24 mechanism-fixed lags (clamped = True), n_eff = 72.0000, SEM = 0.785659 -> SEM_design = 0.785659, DetRate interval [0.949349, 1.000000] -> design-corrected [0.949349, 1.000000].
2026-09-04 20:16:12 | INFO | deff [Synth_ETH / Concept / c = 1.25]: the estimate is 0.329447 < 1, which would claim more independent readings than the 72 observations contain; clamped to 1.0.
2026-09-04 20:16:12 | INFO | C9 [Synth_ETH / Concept / c = 1.25]: n_detected = 72/72, deff = 1.000000 over 24 mechanism-fixed lags (clamped = True), n_eff = 72.0000, SEM = 0.695507 -> SEM_design = 0.695507, DetRate interval [0.949349, 1.000000] -> design-corrected [0.949349, 1.000000].
2026-09-04 20:16:12 | INFO | deff [Synth_ETH / Eco / c = 1.25]: the estimate is 0.301570 < 1, which would claim more independent readings than the 72 observations contain; clamped to 1.0.
2026-09-04 20:16:12 | INFO | C9 [Synth_ETH / Eco / c = 1.25]: n_detected = 72/72, deff = 1.000000 over 24 mechanism-fixed lags (clamped = True), n_eff = 72.0000, SEM = 0.581420 -> SEM_design = 0.581420, DetRate interval [0.949349, 1.000000] -> design-corrected [0.949349, 1.000000].
2026-09-04 20:16:12 | INFO | deff [Synth_ETH / Concept / c = 1.5]: the estimate is 0.019935 < 1, which would claim more independent readings than the 72 observations contain; clamped to 1.0.
2026-09-04 20:16:12 | INFO | C9 [Synth_ETH / Concept / c = 1.5]: n_detected = 72/72, deff = 1.000000 over 24 mechanism-fixed lags (clamped = True), n_eff = 72.0000, SEM = 0.351818 -> SEM_design = 0.351818, DetRate interval [0.949349, 1.000000] -> design-corrected [0.949349, 1.000000].
2026-09-04 20:16:12 | INFO | deff [Synth_ETH / Eco / c = 1.5]: the estimate is 0.945614 < 1, which would claim more independent readings than the 72 observations contain; clamped to 1.0.
2026-09-04 20:16:12 | INFO | C9 [Synth_ETH / Eco / c = 1.5]: n_detected = 72/72, deff = 1.000000 over 24 mechanism-fixed lags (clamped = True), n_eff = 72.0000, SEM = 0.436780 -> SEM_design = 0.436780, DetRate interval [0.949349, 1.000000] -> design-corrected [0.949349, 1.000000].
2026-09-04 20:16:12 | INFO | C2 -- the two arms of a source must realize the SAME false-alarm rate on the same placebo windows; without it the race is not iso-FPR and no speed comparison is interpretable. Exact equality, per source; deterministic, trigger probability 0 given the data.
2026-09-04 20:16:12 | INFO | C2 SCOPE, fixed before the run and read clause by clause off v87: the sources whose SPEED comparison the manuscript publishes are ['Real_BTC', 'Synth_BTC', 'Synth_ETH'] -- L345's 'the sign filter leads across the reliable range' on Real_BTC, its 'inverts the ordering to Eco-L1-faster' on the t_30 control, and its 'the synthetic control does not recover the light-tailed ordering at its 72 onsets' on Synth_ETH. v87 makes no delay and no ordering claim about REAL Ethereum. A failed match on one of the three stops the run; a failed match anywhere else makes that source's speed comparison uninterpretable and is reported, not repaired.
2026-09-04 20:16:12 | INFO | C2 [Real_BTC]: both arms at 0.04716981132075472 = 5/106 over all 22 rows.
2026-09-04 20:16:12 | INFO | C2 [Real_ETH]: both arms at 0.041666666666666664 = 3/72 over all 22 rows.
2026-09-04 20:16:12 | INFO | C2 [Synth_BTC]: both arms at 0.04716981132075472 = 5/106 over all 22 rows.
2026-09-04 20:16:12 | INFO | C2 [Synth_ETH]: both arms at 0.05555555555555555 = 4/72 over all 22 rows.
2026-09-04 20:16:12 | INFO | C2 FRAGILITY, logged whatever the outcome. `bisect_fpr` stops when |f - 0.05| <= 0.005, and f can only take values k/N. At N = 106 that admits exactly k = 5 (0.047170), so the BTC agreement is FORCED by the tolerance. At N = 72 it admits NO integer k -- 0.041667 and 0.055556 straddle the band -- so the bisection exhausts its 40 iterations and the ETH agreement is an OUTCOME OF THE BISECTION DYNAMICS, not a constraint the calibration enforces. The two agreements are not the same kind of fact and the audit reports them separately.
2026-09-04 20:16:12 | INFO | C1 -- no macro and no aggregate reads a cell with add_reliable == False. v87's L635 caption renders those cells as hollow markers precisely because their ADD is conditional on a detection rate below 0.9. Structural; trigger probability 0.
2026-09-04 20:16:12 | INFO | C1 [Real_BTC] pairwise-reliable grid: [0.35, 0.5, 0.6, 0.75, 1.0, 1.25, 1.5] (7 of 11 magnitudes). A magnitude qualifies when BOTH arms reach DetRate >= 0.9; no literal `c >= 0.35` is typed.
2026-09-04 20:16:12 | INFO | C1 [Real_ETH] pairwise-reliable grid: [0.35, 0.5, 0.6, 0.75, 1.0, 1.25, 1.5] (7 of 11 magnitudes). A magnitude qualifies when BOTH arms reach DetRate >= 0.9; no literal `c >= 0.35` is typed.
2026-09-04 20:16:12 | INFO | C1 [Synth_BTC] pairwise-reliable grid: [0.35, 0.5, 0.6, 0.75, 1.0, 1.25, 1.5] (7 of 11 magnitudes). A magnitude qualifies when BOTH arms reach DetRate >= 0.9; no literal `c >= 0.35` is typed.
2026-09-04 20:16:12 | INFO | C1 [Synth_ETH] pairwise-reliable grid: [0.25, 0.35, 0.5, 0.6, 0.75, 1.0, 1.25, 1.5] (8 of 11 magnitudes). A magnitude qualifies when BOTH arms reach DetRate >= 0.9; no literal `c >= 0.35` is typed.
2026-09-04 20:16:12 | INFO | C1: 25 of 88 cells are unreliable. The derived rule `both arms reach DetRate >= 0.9` selects [0.35, 0.5, 0.6, 0.75, 1.0, 1.25, 1.5] on Real_BTC and [0.35, 0.5, 0.6, 0.75, 1.0, 1.25, 1.5] on Synth_BTC, which is the range the delivered `c >= 0.35` literal hard-codes; the rule reproduces it without typing it.
2026-09-04 20:16:12 | INFO | C5 [Real_BTC] ADD_Concept / ADD_Eco at each pairwise-reliable magnitude: c = 0.35: 0.740713, c = 0.5: 0.794573, c = 0.6: 0.837873, c = 0.75: 0.851008, c = 1.0: 0.896472, c = 1.25: 0.949538, c = 1.5: 1.007429 | mean 0.8682292705270857
2026-09-04 20:16:12 | INFO | C5 [Real_ETH] ADD_Concept / ADD_Eco at each pairwise-reliable magnitude: c = 0.35: 0.574001, c = 0.5: 0.514016, c = 0.6: 0.525597, c = 0.75: 0.530348, c = 1.0: 0.540342, c = 1.25: 0.560841, c = 1.5: 0.587892 | mean 0.5475768490805182
2026-09-04 20:16:12 | INFO | C5 [Synth_BTC] ADD_Concept / ADD_Eco at each pairwise-reliable magnitude: c = 0.35: 1.142613, c = 0.5: 1.098005, c = 0.6: 1.068699, c = 0.75: 1.039907, c = 1.0: 0.981844, c = 1.25: 1.008972, c = 1.5: 1.082080 | mean 1.0603026678597007
2026-09-04 20:16:12 | INFO | C5 [Synth_ETH] ADD_Concept / ADD_Eco at each pairwise-reliable magnitude: c = 0.25: 0.737450, c = 0.35: 0.549362, c = 0.5: 0.475487, c = 0.6: 0.481890, c = 0.75: 0.490896, c = 1.0: 0.531557, c = 1.25: 0.533359, c = 1.5: 0.534738 | mean 0.5418423397760349
2026-09-04 20:16:12 | INFO | C5 -- the direction of the ordering, CHARACTERISED AND NOT CORRECTED. The delivered Control (d) reads the synthetic ratio at min(reliable c) and exits when it is at or below 1.05; a minimum over a grid is an extremum statistic with no sampling distribution, which S4bis's fourth corollary bans outright, and the R14 prompt's own C5 says characterise, do not correct. What replaces it: the ratio at every pairwise-reliable magnitude, its mean, and a paired moving-block bootstrap envelope. NOTHING HALTS ON IT except a falsified qualitative claim of v87.
2026-09-04 20:16:12 | INFO | C5 FAMILY-WISE ARITHMETIC, logged BEFORE the result is read: over the 7 paired magnitudes of Real_BTC, a sign test has trigger probability 2 * 0.5^7 = 0.015625 under exchangeability of the two arms, i.e. 1.56%. The same arithmetic for the per-magnitude envelope: reading a 95% band as a maximum over 7 points would trigger with probability 1 - 0.95^7 = 30.17% under its own null, which is why the extrema below are DESCRIPTIVE and gate nothing.
2026-09-04 20:16:12 | INFO | C5 [Real_BTC] paired moving-block bootstrap: B = 2000, block = 24 onsets, one resampled index vector shared by both arms and all 7 magnitudes. Mean ratio 0.8682292705270857, 95% percentile interval [0.8350803750442194, 0.8936608935052103], 6 of 7 magnitudes below parity.
2026-09-04 20:16:13 | INFO | C5 [Real_ETH] paired moving-block bootstrap: B = 2000, block = 24 onsets, one resampled index vector shared by both arms and all 7 magnitudes. Mean ratio 0.5475768490805182, 95% percentile interval [0.5089892254986887, 0.5581140658807116], 7 of 7 magnitudes below parity.
2026-09-04 20:16:13 | INFO | C5 [Synth_BTC] paired moving-block bootstrap: B = 2000, block = 24 onsets, one resampled index vector shared by both arms and all 7 magnitudes. Mean ratio 1.0603026678597007, 95% percentile interval [1.0233935901806936, 1.1108025543981848], 1 of 7 magnitudes below parity.
2026-09-04 20:16:13 | INFO | C5 [Synth_ETH] paired moving-block bootstrap: B = 2000, block = 24 onsets, one resampled index vector shared by both arms and all 8 magnitudes. Mean ratio 0.5418423397760349, 95% percentile interval [0.4915122813152795, 0.5728238824207214], 8 of 8 magnitudes below parity.
2026-09-04 20:16:13 | INFO | S3 -- a moved numeral and a falsified claim are different thresholds and are evaluated separately. On L345's synthetic control the QUALITATIVE claim is that the t_30 control INVERTS the ordering to Eco-L1-faster, so its falsification condition is that the 95% interval of the regenerated mean ratio lies ENTIRELY BELOW 1. The printed numeral 1.06 is a different question: it is D2 when the interval excludes 1.06 while the claim still holds. An interval that excludes 1.06 and covers 1 is a D2 on the numeral and falsifies nothing. A single magnitude below 1 falsifies nothing at all: v87 itself prints the range 0.98-1.14, which already contains a point on the other side of parity.
2026-09-04 20:16:13 | INFO | S3 D3 TEST [Real_BTC]: v87's qualitative claim is that the sign filter leads across the reliable range (ratio below 1). Regenerated mean ratio 0.8682292705270857, 95% interval [0.8350803750442194, 0.8936608935052103]. The interval lies entirely on the wrong side of parity: False.
2026-09-04 20:16:13 | INFO | S3 D3 TEST [Synth_BTC]: v87's qualitative claim is that the quasi-Gaussian control inverts the ordering to Eco-L1-faster (ratio above 1). Regenerated mean ratio 1.0603026678597007, 95% interval [1.0233935901806936, 1.1108025543981848]. The interval lies entirely on the wrong side of parity: False.
2026-09-04 20:16:13 | INFO | S3 D2 TEST [Real_BTC]: v87 prints the mean ratio 0.87. The regenerated 95% interval [0.8350803750442194, 0.8936608935052103] excludes it: False.
2026-09-04 20:16:13 | INFO | S3 D2 TEST [Synth_BTC]: v87 prints the mean ratio 1.06. The regenerated 95% interval [1.0233935901806936, 1.1108025543981848] excludes it: False.
2026-09-04 20:16:13 | INFO | The two magnitudes L345 NAMES: ratio 0.7407126611068993 at c = 0.35 and 1.0074285714285713 at c = 1.5. They are read at the named grid points and never at an argmin, so they carry a stable sampling distribution. The minimum of the regenerated ratio over the reliable grid sits at c = 0.35; if that is not 0.35 it is a finding to report, not a reason to rename a macro.
2026-09-04 20:16:13 | INFO | R14_crypto_diagnostics_legacy_seeds.csv: 2 rows, 12 columns.
2026-09-04 20:16:13 | INFO | R14_crypto_isofpr_race_legacy_seeds.csv: 88 rows, 26 columns.
2026-09-04 20:16:13 | INFO | R14_qmle_recovery_legacy_seeds.csv: 7 rows, 2 columns.
2026-09-04 20:16:13 | INFO | R14_onset_delays_legacy_seeds.csv: 7832 rows, 8 columns.
2026-09-04 20:16:13 | INFO | C1: the pairwise-reliable grids re-derive identically from R14_crypto_isofpr_race_legacy_seeds.csv, and every aggregate above was taken over them.
2026-09-04 20:16:13 | INFO | Figure 16 panel (A) Real_BTC: 106 onsets, realized FPR 0.04716981132075472, 15 of 22 cells reliable and drawn filled, the rest hollow on a dashed connector, band = SEM_design.
2026-09-04 20:16:13 | INFO | Figure 16 panel (B) Synth_BTC: 106 onsets, realized FPR 0.04716981132075472, 16 of 22 cells reliable and drawn filled, the rest hollow on a dashed connector, band = SEM_design.
2026-09-04 20:16:13 | INFO | Figure 16 written to fig16_crypto_race_legacy_seeds.png. Cosmetic divergence from the submitted Fig28_Crypto_HeavyTail_Race.png, per preamble S6: bold horizontally centred panel titles prefixed (A) and (B), the panel subject named in the title, and the band drawn at SEM_design rather than SEM. No numerical value moves on that account.
2026-09-04 20:16:13 | INFO | Emitted 17 macros to R14_claims_legacy_seeds.tex, cardinal prefix \RFourteen per preamble S6. Every value is computed from an object in memory.
2026-09-04 20:16:13 | INFO | ======================== ARTIFACT INTEGRITY MANIFEST ========================
2026-09-04 20:16:13 | INFO | results/R14_crypto_isofpr/
2026-09-04 20:16:13 | INFO | ├── data/
2026-09-04 20:16:13 | INFO | │   ├── R14_crypto_diagnostics_legacy_seeds.csv  [dae40d534e9f8a42b8b3cbe7147c617d238bdfcabda54b8653ce52f53e4988bc]
2026-09-04 20:16:13 | INFO | │   ├── R14_crypto_isofpr_race_legacy_seeds.csv  [46dcd8e95252fe18050665df7fb320ff2d419640e99686117411dc57aa8ae0fa]
2026-09-04 20:16:13 | INFO | │   ├── R14_qmle_recovery_legacy_seeds.csv  [e269fbaa9c90d965cb132d4cd8ce3dc9e772ab3c7195dbe10b99f7102fc2019b]
2026-09-04 20:16:13 | INFO | │   └── R14_onset_delays_legacy_seeds.csv   [b3ac6a3fac1ecc56afc4dc07709b69a3e2376150be6007f6dd29378b025efc89]
2026-09-04 20:16:13 | INFO | ├── figures/
2026-09-04 20:16:13 | INFO | │   └── fig16_crypto_race_legacy_seeds.png  [69965f7ef2069591439c5c482b2dfb434dec0a599f2a753a845f92bb44d31bb6]
2026-09-04 20:16:13 | INFO | └── tables/
2026-09-04 20:16:13 | INFO |     └── R14_claims_legacy_seeds.tex         [08a8b822f9af3df720ea97708de9be2994a044251428c86d8e06f57eef82b2ae]
2026-09-04 20:16:13 | INFO | =============================================================================
2026-09-04 20:16:13 | INFO | Witness protocol_24a_crypto_diagnostics.csv: 2 rows, SHA-256 9940385c6180aad8db1eea795433aa6b5a42957250fec82f6efd073e1e01bf20.
2026-09-04 20:16:14 | INFO | Witness protocol_24b_crypto_isofpr_race.csv: 88 rows, SHA-256 1d589cd3d3a0fdc8b3bd2c599f540f884f4151fa5161ea89777327f365d94d06.
2026-09-04 20:16:14 | INFO | Witness protocol_24c_qmle_recovery_crypto.csv: 2 rows, SHA-256 c5bf3ca2b92a8799b143c8b29ec47ad7756daee26741a440214f8fb634221c23.
2026-09-04 20:16:14 | INFO | Witness [Real_BTC]: pairwise-reliable grid [0.35, 0.5, 0.6, 0.75, 1.0, 1.25, 1.5] (7 magnitudes), ratios [0.7407126611068993, 0.794573229355838, 0.8378734043953152, 0.8510075982821275, 0.8964715825058103, 0.9495378466150388, 1.0074285714285713], mean 0.8682292705270857.
2026-09-04 20:16:14 | INFO | Witness [Synth_BTC]: pairwise-reliable grid [0.35, 0.5, 0.6, 0.75, 1.0, 1.25, 1.5] (7 magnitudes), ratios [1.1426127128069126, 1.098004615175784, 1.0686985172981878, 1.0399070945945947, 0.9818435754189944, 1.0089717046238786, 1.082080455099553], mean 1.0603026678597007.
2026-09-04 20:16:14 | INFO | Witness [Synth_ETH]: pairwise-reliable grid [0.25, 0.35, 0.5, 0.6, 0.75, 1.0, 1.25, 1.5] (8 magnitudes), ratios [0.7374496291664495, 0.5493623051487955, 0.4754866091028831, 0.4818900533186247, 0.49089619295341685, 0.5315572470662862, 0.5333588957055214, 0.534737785746302], mean 0.5418423397760349.
2026-09-04 20:16:14 | INFO | Witness Synth_ETH: mean ratio 0.5418423397760349 over 8 pairwise-reliable magnitudes -- the submitted campaign's own evidence for L345's 'the synthetic control does not recover the light-tailed ordering at its 72 onsets'.
2026-09-04 20:16:14 | INFO | S3 [nu_hat BTC]: v87 prints 2.78 at 2 decimals; witness 2.7791143512276766; regenerated 2.7791143512276766 -> rounds to 2.78. Class D0.
2026-09-04 20:16:14 | INFO | S3 [iso-FPR BTC, percent]: v87 prints 4.7 at 1 decimals; witness 4.716981132075472; regenerated 4.716981132075472 -> rounds to 4.7. Class D0.
2026-09-04 20:16:14 | INFO | S3 [Ljung-Box p, ETH]: v87 prints 0.019 at 3 decimals; witness 0.018785617996181257; regenerated 0.018785617996181257 -> rounds to 0.019. Class D0.
2026-09-04 20:16:14 | INFO | S3 [onsets BTC]: v87 prints 106 at 0 decimals; witness 106; regenerated 106.0 -> rounds to 106.0. Class D0.
2026-09-04 20:16:14 | INFO | S3 [onsets ETH]: v87 prints 72 at 0 decimals; witness 72; regenerated 72.0 -> rounds to 72.0. Class D0.
2026-09-04 20:16:14 | INFO | S3 [Real_BTC ratio at c = 0.35]: v87 prints 0.74 at 2 decimals; witness 0.7407126611068993; regenerated 0.7407126611068993 -> rounds to 0.74. Class D0.
2026-09-04 20:16:14 | INFO | S3 [Real_BTC ratio at c = 1.5]: v87 prints 1.01 at 2 decimals; witness 1.0074285714285713; regenerated 1.0074285714285713 -> rounds to 1.01. Class D0.
2026-09-04 20:16:14 | INFO | S3 [Real_BTC mean ratio]: v87 prints 0.87 at 2 decimals; witness 0.8682292705270857; regenerated 0.8682292705270857 -> rounds to 0.87. Class D0.
2026-09-04 20:16:14 | INFO | S3 [Synth_BTC mean ratio]: v87 prints 1.06 at 2 decimals; witness 1.0603026678597007; regenerated 1.0603026678597007 -> rounds to 1.06. Class D0.
2026-09-04 20:16:14 | INFO | S3 [Synth_BTC ratio minimum]: v87 prints 0.98 at 2 decimals; witness 0.9818435754189944; regenerated 0.9818435754189944 -> rounds to 0.98. Class D0.
2026-09-04 20:16:14 | INFO | S3 [Synth_BTC ratio maximum]: v87 prints 1.14 at 2 decimals; witness 1.1426127128069126; regenerated 1.1426127128069126 -> rounds to 1.14. Class D0.
2026-09-04 20:16:14 | INFO | S3 [QMLE median bias]: no v87 numeral; witness 0.033618304213452764, regenerated 0.033618304213452764. The entropy migration redraws the twenty recovery streams, so this moves by construction and is pre-classified Class A / D2 under `R14-campaign-redraw`.
2026-09-04 20:16:14 | INFO | S3 [QMLE fallback fraction]: witness 0.0, regenerated 0.0 (control C3, reported even at zero).
2026-09-04 20:16:14 | INFO | S3 [unreliable cells]: v87 prints no such count; the R14 prompt states 25 of 88. Witness 25 of 88, regenerated 25 of 88.
2026-09-04 20:16:14 | INFO | S3 [ETH synthetic control]: L345 states that the synthetic control does not recover the light-tailed ordering at ETH's onsets. Witness mean ratio 0.5418423397760349 over 8 magnitudes; regenerated 0.5418423397760349 over 8 magnitudes, 95% interval [0.4915122813152795, 0.5728238824207214]. The claim is v87's own limitation, so reproducing it reproduces a self-critical statement.
2026-09-04 20:16:14 | INFO | SHA-256 R14_crypto_diagnostics_legacy_seeds.csv  : dae40d534e9f8a42b8b3cbe7147c617d238bdfcabda54b8653ce52f53e4988bc
2026-09-04 20:16:14 | INFO | SHA-256 R14_crypto_isofpr_race_legacy_seeds.csv  : 46dcd8e95252fe18050665df7fb320ff2d419640e99686117411dc57aa8ae0fa
2026-09-04 20:16:14 | INFO | SHA-256 R14_qmle_recovery_legacy_seeds.csv       : e269fbaa9c90d965cb132d4cd8ce3dc9e772ab3c7195dbe10b99f7102fc2019b
2026-09-04 20:16:14 | INFO | SHA-256 R14_onset_delays_legacy_seeds.csv        : b3ac6a3fac1ecc56afc4dc07709b69a3e2376150be6007f6dd29378b025efc89
2026-09-04 20:16:14 | INFO | SHA-256 fig16_crypto_race_legacy_seeds.png       : 69965f7ef2069591439c5c482b2dfb434dec0a599f2a753a845f92bb44d31bb6
2026-09-04 20:16:14 | INFO | SHA-256 R14_claims_legacy_seeds.tex              : 08a8b822f9af3df720ea97708de9be2994a044251428c86d8e06f57eef82b2ae
2026-09-04 20:16:14 | INFO | Execution completed in 11.2s (legacy-seeds diagnostic arm).
