2026-09-04 20:15:49 | INFO | PYTHONHASHSEED correctly pinned to 42 before interpreter start.
2026-09-04 20:15:49 | INFO | Python: 3.12.9
2026-09-04 20:15:49 | INFO |   numpy: 1.26.4
2026-09-04 20:15:49 | INFO |   pandas: 2.3.2
2026-09-04 20:15:49 | INFO |   scipy: 1.16.2
2026-09-04 20:15:49 | INFO |   statsmodels: 0.14.5
2026-09-04 20:15:49 | INFO |   matplotlib: 3.10.6
2026-09-04 20:15:49 | INFO |   pytest: 9.0.3
2026-09-04 20:15:49 | INFO | R14 measures v87 Figure 16 (fig:crypto_race) and the numerals of L345: an iso-FPR race between the recentred sign-CUSUM and a CUSUM on the honestly standardized GARCH residual, on daily Bitcoin and Ethereum returns and on their quasi-Gaussian t_30 synthetic controls.
2026-09-04 20:15:49 | INFO | ETH IS A PUBLISHED CLAIM HERE. The Figure 16 caption says nothing about Ethereum, but L345 publishes its Ljung-Box p, its 72 onsets, the failure of its recentred sign stream to pass whiteness, and the failure of its synthetic control to recover the light-tailed ordering. Preamble S3's asymmetry rule applies in the manuscript's disfavour there: v87 states its own limitation, so reproducing the failure reproduces a self-critical claim and takes ordinary scrutiny.
2026-09-04 20:15:49 | INFO | C6 source identity: 10 primitives byte-identical to the files that own them (3670 characters compared) -- _garch_nll, fit_garch_qmle, strict_cusum, bilateral_delay, bisect_fpr, wilson_ci and compute_onsets against Priorite_24d_crypto_isofpr_race.py, and get_deterministic_seed, seed_sequence_for and rng_for against exp_R13_oracle_ceiling_a.py. Control S4.2 forbids hoisting any of them into experiments/common/: a machine diff shows _garch_nll, fit_garch_qmle, strict_cusum and wilson_ci all differ between this witness and the R01/R03/R04/R04b/R11/R13 copies, so the duplication is deliberate and mutualising it would move published values. Deterministic; trigger probability 0 unless a copy has drifted.
2026-09-04 20:15:49 | INFO | C6 ADAPTED ROUTINES. ['generate_synthetic_garch', 'parse_crypto_csv'] cannot be byte-compared -- generate_synthetic_garch takes an injected generator where Priorite_24d_crypto_isofpr_race.py builds a RandomState from a bare integer seed, and parse_crypto_csv gains float_precision='round_trip', which preamble S3 makes the reading protocol of every numeric CSV in this repository. The witness source of each is quoted in full below instead; the two segments total 1492 characters.
2026-09-04 20:15:49 | INFO | C6 witness SHA-256 of generate_synthetic_garch: b20144303db1b2bc0a8dfec3f04ddaf1b9cd0f4b998511ba867f45915349c9d4
2026-09-04 20:15:49 | INFO | C6 witness source of generate_synthetic_garch:
def generate_synthetic_garch(length, var_emp, nu=30, seed=42):
    rng = np.random.RandomState(seed)
    alpha, beta = 0.05, 0.90
    omega = var_emp * (1.0 - alpha - beta)
    
    # Standardized student-t to variance 1
    z = rng.standard_t(df=nu, size=length) * np.sqrt((nu - 2.0) / nu)
    
    eps = np.zeros(length)
    s2 = np.zeros(length)
    s2[0] = var_emp
    eps[0] = np.sqrt(s2[0]) * z[0]
    
    for t in range(1, length):
        s2[t] = omega + alpha * eps[t-1]**2 + beta * s2[t-1]
        eps[t] = np.sqrt(s2[t]) * z[t]
        
    return eps
2026-09-04 20:15:49 | INFO | C6 witness SHA-256 of parse_crypto_csv: 39436975808d724212497c69fa9dc71442b8d7d6e842528e617d51216f67f05e
2026-09-04 20:15:49 | INFO | C6 witness source of parse_crypto_csv:
def parse_crypto_csv(filepath):
    df = pd.read_csv(filepath, sep=',', quotechar='"')
    if df['Log_Return'].dtype == object:
        df['Log_Return'] = df['Log_Return'].astype(str).str.replace('"', '').str.replace(',', '.')
    df['Log_Return'] = pd.to_numeric(df['Log_Return'], errors='coerce')
    df['Date'] = pd.to_datetime(df['Date'])
    
    # 1.11: Topologic chaos purge via index (RangeIndex natively preserves exact numerical footprint)
    df = df[~df.index.duplicated(keep='first')].sort_index()
    
    # 1.12: API alignment on index
    if isinstance(df.index, pd.DatetimeIndex):
        df.index = df.index.tz_localize(None)
        df.index = pd.to_datetime(df.index.date)
        
    nans = df['Log_Return'].isna().sum()
    if nans > 0:
        logger.warning(f"Control (g) Notice: Dropped {nans} NaNs from {Path(filepath).name}")
        
    return df.dropna(subset=['Log_Return']).reset_index(drop=True)
2026-09-04 20:15:49 | INFO | C6 SUPERSEDED ROUTINES, named rather than quoted: compute_sha256 (replaced by experiments/common/fair_harness.compute_sha256); evaluate_arm (restructured: injected dither, per-onset delays, design effect, C8); get_data_path (three-way cwd / BASE_DIR / Data/yf search, replaced by an explicit source); log_and_export_requirements (replaced by fair_env.log_environment plus requirements/R14.txt); main (the halting direction gate of Control (d) becomes a measurement); plot_results (the '__none__' sentinel source is removed; panels are an explicit spec); run_diagnostics (restructured: the QMLE assertion of S4.3 and the C4 moment derivation); run_qmle_recovery_test (restructured: injected generators and the C3 reporting obligation); setup_logging (replaced by experiments/common/fair_harness.setup_logging); verify_invariants (gates on 12 literals the delivered run itself produced; see C1 and C5).
2026-09-04 20:15:49 | INFO | C10 entropy migration, on Priorite_24d_crypto_isofpr_race.py: no np.random.<distribution> call exists anywhere in the witness -- the only np.random members it touches are ['RandomState', 'seed'] -- and it constructs 3 RandomState instances. Its module-level np.random.seed(42) and random.seed(42) are therefore set and never consumed, which is what licenses dropping them here. Static; trigger probability 0.
2026-09-04 20:15:49 | INFO | C10 entropy migration, on this script: no draw touches the global NumPy stream, and np.random.RandomState appears only inside ['dither_vector', 'synth_generator', 'qmle_innovation_streams']. Every migrated draw is keyed by rng_for on its role and index alone -- never on a process parameter -- which institutes common random numbers: every cross-source and cross-magnitude comparison below is PAIRED, and every pooled interval therefore carries its design effect (S4bis, third corollary).
2026-09-04 20:15:49 | INFO | SHA-256 btc_usd_daily.csv      : a9c84c890cac7284f6330e3ab4d4aed70a9a5e01ec04a8fc0c9ba8999e79c3f4
2026-09-04 20:15:50 | INFO | BTC: 4215 daily returns, 2015-01-02 to 2026-07-17.
2026-09-04 20:15:50 | INFO | SHA-256 eth_usd_daily.csv      : f44703a75e4510e906ab1cda6e0a50d96e232bc80aba4ef5105ce6ae94c049f1
2026-09-04 20:15:50 | INFO | ETH: 3172 daily returns, 2017-11-10 to 2026-07-17.
2026-09-04 20:15:50 | INFO | C3 -- QMLE recovery: 20 GARCH(1,1) streams of 2000 steps at (alpha, beta) = (0.05, 0.9), unconditional variance 0.0001, standard-normal innovations. The fallback, frozen and non-converged counters are logged and persisted EVEN AT ZERO: a counter reported only when it is non-zero establishes nothing about the runs where it is not.
2026-09-04 20:15:50 | INFO | C3 QMLE recovery: median bias = 0.0228, fallback fraction = 0.0000, frozen fraction = 0.0000, 20/20 converged. Worst bias 0.0911, best 0.0072.
2026-09-04 20:15:50 | INFO | C3 GATE, stated before it is read: the delivered admissibility band is median bias < 0.05 and fallback fraction < 0.1. It is a band on the INSTRUMENT, not on a published claim, and the null distribution of a median over 20 simulations has no closed form, so no trigger probability is quoted for it. If it fires, the failure is characterised and reported; preamble S4.10 forbids reseeding until it passes.
2026-09-04 20:15:50 | INFO | Diagnostic BTC: nu_hat = 2.7791143512276766, Var(z_hat) = 1.0475457229902985, lag-10 Ljung-Box p = 0.15436618003792157 on the recentred sign stream, (omega, alpha, beta) = (5.049330571235363e-05, 0.11141517070293522, 0.8474922355971132).
2026-09-04 20:15:50 | INFO | C4 [BTC] moment condition, derived at run time: for a standardized Student-t, E|z|^p < inf iff p < nu, so the variance exists iff nu > 2 and the fourth moment iff nu > 4. At nu_hat = 2.779114 the variance exists and the fourth moment DOES NOT exist.
2026-09-04 20:15:50 | INFO | C4 [BTC] consequence: with E[z^4] infinite, the GARCH penalty Gamma -- which is a functional of the autocorrelation of eps^2 and therefore needs a finite fourth moment of z -- and the chi-square limit of a Ljung-Box on SQUARED residuals are both unjustified on the `Data` pipeline v87 contrasts against. STATED PRECISELY: the Ljung-Box actually computed here is on the SIGN stream, which is bounded, so its own chi-square approximation is untouched by this. The caveat is about the Data pipeline, not about this diagnostic, and Figure 16 is what that regime illustrates.
2026-09-04 20:15:51 | INFO | Diagnostic ETH: nu_hat = 3.2497912498017185, Var(z_hat) = 1.027160192203695, lag-10 Ljung-Box p = 0.018785617996181257 on the recentred sign stream, (omega, alpha, beta) = (4.3502923784035586e-05, 0.06396681553468135, 0.9143762515420853).
2026-09-04 20:15:51 | INFO | C4 [ETH] moment condition, derived at run time: for a standardized Student-t, E|z|^p < inf iff p < nu, so the variance exists iff nu > 2 and the fourth moment iff nu > 4. At nu_hat = 3.249791 the variance exists and the fourth moment DOES NOT exist.
2026-09-04 20:15:51 | INFO | C4 [ETH] consequence: with E[z^4] infinite, the GARCH penalty Gamma -- which is a functional of the autocorrelation of eps^2 and therefore needs a finite fourth moment of z -- and the chi-square limit of a Ljung-Box on SQUARED residuals are both unjustified on the `Data` pipeline v87 contrasts against. STATED PRECISELY: the Ljung-Box actually computed here is on the SIGN stream, which is bounded, so its own chi-square approximation is untouched by this. The caveat is about the Data pipeline, not about this diagnostic, and Figure 16 is what that regime illustrates.
2026-09-04 20:15:51 | INFO | G1: nu_hat = [2.7791143512276766, 3.2497912498017185] against the 4.7 ceiling, Var(z_hat) = [1.0475457229902985, 1.027160192203695] inside [0.7, 1.4].
2026-09-04 20:15:51 | INFO | Onsets: BTC 106, ETH 72. Synthetic controls: t_30 GARCH(1,1) matched on the empirical variances {'BTC': 0.0012287690108111387, 'ETH': 0.0020087296727675638}, evaluated at the SAME onsets as their real counterparts.
2026-09-04 20:15:51 | INFO | Placebo dither: 106 values in [-1e-6, 1e-6], SHA-256 fca22139684a9ddbd0596dde522b38e6ec5a803bca715d5dd365388d5f5de0be, keyed on the onset index alone, so it is bit-identical across the four sources and between calibration and race.
2026-09-04 20:15:51 | INFO | --- Real_BTC: 106 monthly onsets, H_ref = 500, H_det = 500, one series shared by both arms ---
2026-09-04 20:15:51 | INFO | C8 non-anticipativity [Real_BTC], first onset 516: the full pre-onset vector ['alpha', 'beta', 'eps_last', 'med_hat', 'mu_hat', 'omega', 'q_hat_ref', 's2_last'] is bit-identical after r[onset:] += 100. The identity is TAUTOLOGICAL BY SLICING -- the reference window is r[onset - 500 : onset] and cannot reach past `onset` -- and is recorded as a structural assertion, trigger probability 0, not as evidence of anything.
2026-09-04 20:15:52 | INFO | C3 [Real_BTC] QMLE audit over 106 pre-onset fits: non-converged = 0/106, frozen to the (0.05, 0.90) initialiser = 0/106, fallback fraction = 0.0000. Logged even at zero.
2026-09-04 20:15:52 | INFO | Concept deviation ceiling [Real_BTC]: max |dev| = 0.500000 against the delivered 1.0.
2026-09-04 20:15:52 | INFO | C2 [Real_BTC] iso-FPR: Concept lambda* = 11.231463134765626 realizes 5/106 = 0.04716981132075472; Eco lambda* = 34.18067041015625 realizes 5/106 = 0.04716981132075472; |difference| = 0.
2026-09-04 20:15:52 | INFO | C9 [Real_BTC / Concept / c = 0.1]: n_detected = 44/106, deff = 1.282757 over 24 mechanism-fixed lags (clamped = False), n_eff = 34.3011, SEM = 15.147892 -> SEM_design = 17.156332, DetRate interval [0.325869, 0.510259] -> design-corrected [0.267040, 0.580251].
2026-09-04 20:15:52 | INFO | deff [Real_BTC / Eco / c = 0.1]: the estimate is 0.270611 < 1, which would claim more independent readings than the 56 observations contain; clamped to 1.0.
2026-09-04 20:15:52 | INFO | C9 [Real_BTC / Eco / c = 0.1]: n_detected = 56/106, deff = 1.000000 over 24 mechanism-fixed lags (clamped = True), n_eff = 56.0000, SEM = 11.991656 -> SEM_design = 11.991656, DetRate interval [0.433952, 0.620672] -> design-corrected [0.399993, 0.652978].
2026-09-04 20:15:52 | INFO | deff [Real_BTC / Concept / c = 0.15]: the estimate is 0.274781 < 1, which would claim more independent readings than the 59 observations contain; clamped to 1.0.
2026-09-04 20:15:52 | INFO | C9 [Real_BTC / Concept / c = 0.15]: n_detected = 59/106, deff = 1.000000 over 24 mechanism-fixed lags (clamped = True), n_eff = 59.0000, SEM = 17.238102 -> SEM_design = 17.238102, DetRate interval [0.461699, 0.647549] -> design-corrected [0.430268, 0.676019].
2026-09-04 20:15:52 | INFO | C9 [Real_BTC / Eco / c = 0.15]: n_detected = 69/106, deff = 1.009000 over 24 mechanism-fixed lags (clamped = False), n_eff = 68.3845, SEM = 12.081027 -> SEM_design = 12.135271, DetRate interval [0.556366, 0.734963] -> design-corrected [0.532691, 0.753139].
2026-09-04 20:15:52 | INFO | deff [Real_BTC / Concept / c = 0.2]: the estimate is 0.689911 < 1, which would claim more independent readings than the 89 observations contain; clamped to 1.0.
2026-09-04 20:15:52 | INFO | C9 [Real_BTC / Concept / c = 0.2]: n_detected = 89/106, deff = 1.000000 over 24 mechanism-fixed lags (clamped = True), n_eff = 89.0000, SEM = 14.492429 -> SEM_design = 14.492429, DetRate interval [0.758100, 0.897390] -> design-corrected [0.749616, 0.901525].
2026-09-04 20:15:52 | INFO | C9 [Real_BTC / Eco / c = 0.2]: n_detected = 84/106, deff = 1.581341 over 24 mechanism-fixed lags (clamped = False), n_eff = 53.1195, SEM = 11.695839 -> SEM_design = 14.707678, DetRate interval [0.705696, 0.858754] -> design-corrected [0.665580, 0.879879].
2026-09-04 20:15:52 | INFO | C9 [Real_BTC / Concept / c = 0.25]: n_detected = 104/106, deff = 2.396247 over 24 mechanism-fixed lags (clamped = False), n_eff = 43.4012, SEM = 11.301274 -> SEM_design = 17.494165, DetRate interval [0.933801, 0.994810] -> design-corrected [0.886911, 0.997108].
2026-09-04 20:15:52 | INFO | deff [Real_BTC / Eco / c = 0.25]: the estimate is 0.130031 < 1, which would claim more independent readings than the 95 observations contain; clamped to 1.0.
2026-09-04 20:15:52 | INFO | C9 [Real_BTC / Eco / c = 0.25]: n_detected = 95/106, deff = 1.000000 over 24 mechanism-fixed lags (clamped = True), n_eff = 95.0000, SEM = 10.370977 -> SEM_design = 10.370977, DetRate interval [0.823678, 0.941060] -> design-corrected [0.818765, 0.942890].
2026-09-04 20:15:52 | INFO | deff [Real_BTC / Concept / c = 0.35]: the estimate is -0.590072 < 1, which would claim more independent readings than the 106 observations contain; clamped to 1.0.
2026-09-04 20:15:52 | INFO | C9 [Real_BTC / Concept / c = 0.35]: n_detected = 106/106, deff = 1.000000 over 24 mechanism-fixed lags (clamped = True), n_eff = 106.0000, SEM = 6.042562 -> SEM_design = 6.042562, DetRate interval [0.965027, 1.000000] -> design-corrected [0.965027, 1.000000].
2026-09-04 20:15:52 | INFO | deff [Real_BTC / Eco / c = 0.35]: the estimate is -0.297252 < 1, which would claim more independent readings than the 106 observations contain; clamped to 1.0.
2026-09-04 20:15:52 | INFO | C9 [Real_BTC / Eco / c = 0.35]: n_detected = 106/106, deff = 1.000000 over 24 mechanism-fixed lags (clamped = True), n_eff = 106.0000, SEM = 6.993700 -> SEM_design = 6.993700, DetRate interval [0.965027, 1.000000] -> design-corrected [0.965027, 1.000000].
2026-09-04 20:15:53 | INFO | deff [Real_BTC / Concept / c = 0.5]: the estimate is 0.053495 < 1, which would claim more independent readings than the 106 observations contain; clamped to 1.0.
2026-09-04 20:15:53 | INFO | C9 [Real_BTC / Concept / c = 0.5]: n_detected = 106/106, deff = 1.000000 over 24 mechanism-fixed lags (clamped = True), n_eff = 106.0000, SEM = 3.807337 -> SEM_design = 3.807337, DetRate interval [0.965027, 1.000000] -> design-corrected [0.965027, 1.000000].
2026-09-04 20:15:53 | INFO | deff [Real_BTC / Eco / c = 0.5]: the estimate is 0.062053 < 1, which would claim more independent readings than the 106 observations contain; clamped to 1.0.
2026-09-04 20:15:53 | INFO | C9 [Real_BTC / Eco / c = 0.5]: n_detected = 106/106, deff = 1.000000 over 24 mechanism-fixed lags (clamped = True), n_eff = 106.0000, SEM = 3.194434 -> SEM_design = 3.194434, DetRate interval [0.965027, 1.000000] -> design-corrected [0.965027, 1.000000].
2026-09-04 20:15:53 | INFO | deff [Real_BTC / Concept / c = 0.6]: the estimate is 0.964029 < 1, which would claim more independent readings than the 106 observations contain; clamped to 1.0.
2026-09-04 20:15:53 | INFO | C9 [Real_BTC / Concept / c = 0.6]: n_detected = 106/106, deff = 1.000000 over 24 mechanism-fixed lags (clamped = True), n_eff = 106.0000, SEM = 2.813323 -> SEM_design = 2.813323, DetRate interval [0.965027, 1.000000] -> design-corrected [0.965027, 1.000000].
2026-09-04 20:15:53 | INFO | deff [Real_BTC / Eco / c = 0.6]: the estimate is 0.831641 < 1, which would claim more independent readings than the 106 observations contain; clamped to 1.0.
2026-09-04 20:15:53 | INFO | C9 [Real_BTC / Eco / c = 0.6]: n_detected = 106/106, deff = 1.000000 over 24 mechanism-fixed lags (clamped = True), n_eff = 106.0000, SEM = 2.301978 -> SEM_design = 2.301978, DetRate interval [0.965027, 1.000000] -> design-corrected [0.965027, 1.000000].
2026-09-04 20:15:53 | INFO | C9 [Real_BTC / Concept / c = 0.75]: n_detected = 106/106, deff = 1.215996 over 24 mechanism-fixed lags (clamped = False), n_eff = 87.1713, SEM = 2.114205 -> SEM_design = 2.331380, DetRate interval [0.965027, 1.000000] -> design-corrected [0.957792, 1.000000].
2026-09-04 20:15:53 | INFO | deff [Real_BTC / Eco / c = 0.75]: the estimate is 0.934721 < 1, which would claim more independent readings than the 106 observations contain; clamped to 1.0.
2026-09-04 20:15:53 | INFO | C9 [Real_BTC / Eco / c = 0.75]: n_detected = 106/106, deff = 1.000000 over 24 mechanism-fixed lags (clamped = True), n_eff = 106.0000, SEM = 1.609663 -> SEM_design = 1.609663, DetRate interval [0.965027, 1.000000] -> design-corrected [0.965027, 1.000000].
2026-09-04 20:15:53 | INFO | C9 [Real_BTC / Concept / c = 1.0]: n_detected = 106/106, deff = 1.088761 over 24 mechanism-fixed lags (clamped = False), n_eff = 97.3584, SEM = 1.447088 -> SEM_design = 1.509946, DetRate interval [0.965027, 1.000000] -> design-corrected [0.962041, 1.000000].
2026-09-04 20:15:53 | INFO | C9 [Real_BTC / Eco / c = 1.0]: n_detected = 106/106, deff = 2.627070 over 24 mechanism-fixed lags (clamped = False), n_eff = 40.3491, SEM = 1.099698 -> SEM_design = 1.782416, DetRate interval [0.965027, 1.000000] -> design-corrected [0.913071, 1.000000].
2026-09-04 20:15:53 | INFO | C9 [Real_BTC / Concept / c = 1.25]: n_detected = 106/106, deff = 1.093556 over 24 mechanism-fixed lags (clamped = False), n_eff = 96.9315, SEM = 0.952264 -> SEM_design = 0.995813, DetRate interval [0.965027, 1.000000] -> design-corrected [0.961880, 1.000000].
2026-09-04 20:15:53 | INFO | C9 [Real_BTC / Eco / c = 1.25]: n_detected = 106/106, deff = 4.250005 over 24 mechanism-fixed lags (clamped = False), n_eff = 24.9411, SEM = 0.831319 -> SEM_design = 1.713809, DetRate interval [0.965027, 1.000000] -> design-corrected [0.866535, 1.000000].
2026-09-04 20:15:53 | INFO | C9 [Real_BTC / Concept / c = 1.5]: n_detected = 106/106, deff = 1.479410 over 24 mechanism-fixed lags (clamped = False), n_eff = 71.6502, SEM = 0.717763 -> SEM_design = 0.873022, DetRate interval [0.965027, 1.000000] -> design-corrected [0.949114, 1.000000].
2026-09-04 20:15:53 | INFO | C9 [Real_BTC / Eco / c = 1.5]: n_detected = 106/106, deff = 6.551079 over 24 mechanism-fixed lags (clamped = False), n_eff = 16.1805, SEM = 0.636633 -> SEM_design = 1.629466, DetRate interval [0.965027, 1.000000] -> design-corrected [0.808138, 1.000000].
2026-09-04 20:15:53 | INFO | --- Real_ETH: 72 monthly onsets, H_ref = 500, H_det = 500, one series shared by both arms ---
2026-09-04 20:15:53 | INFO | C8 non-anticipativity [Real_ETH], first onset 507: the full pre-onset vector ['alpha', 'beta', 'eps_last', 'med_hat', 'mu_hat', 'omega', 'q_hat_ref', 's2_last'] is bit-identical after r[onset:] += 100. The identity is TAUTOLOGICAL BY SLICING -- the reference window is r[onset - 500 : onset] and cannot reach past `onset` -- and is recorded as a structural assertion, trigger probability 0, not as evidence of anything.
2026-09-04 20:15:54 | INFO | C3 [Real_ETH] QMLE audit over 72 pre-onset fits: non-converged = 0/72, frozen to the (0.05, 0.90) initialiser = 0/72, fallback fraction = 0.0000. Logged even at zero.
2026-09-04 20:15:54 | INFO | Concept deviation ceiling [Real_ETH]: max |dev| = 0.500000 against the delivered 1.0.
2026-09-04 20:15:54 | INFO | C2 [Real_ETH] iso-FPR: Concept lambda* = 7.799994544332583 realizes 4/72 = 0.05555555555555555; Eco lambda* = 39.81696944588852 realizes 3/72 = 0.041666666666666664; |difference| = 0.0138889.
2026-09-04 20:15:54 | INFO | C9 [Real_ETH / Concept / c = 0.1]: n_detected = 30/72, deff = 3.444906 over 24 mechanism-fixed lags (clamped = False), n_eff = 8.7085, SEM = 26.683168 -> SEM_design = 49.525179, DetRate interval [0.309852, 0.531923] -> design-corrected [0.168225, 0.716124].
2026-09-04 20:15:54 | INFO | C9 [Real_ETH / Eco / c = 0.1]: n_detected = 35/72, deff = 1.371741 over 24 mechanism-fixed lags (clamped = False), n_eff = 25.5150, SEM = 16.665275 -> SEM_design = 19.518593, DetRate interval [0.374327, 0.599302] -> design-corrected [0.307119, 0.668738].
2026-09-04 20:15:55 | INFO | deff [Real_ETH / Concept / c = 0.15]: the estimate is 0.634197 < 1, which would claim more independent readings than the 43 observations contain; clamped to 1.0.
2026-09-04 20:15:55 | INFO | C9 [Real_ETH / Concept / c = 0.15]: n_detected = 43/72, deff = 1.000000 over 24 mechanism-fixed lags (clamped = True), n_eff = 43.0000, SEM = 12.524429 -> SEM_design = 12.524429, DetRate interval [0.481807, 0.702789] -> design-corrected [0.448569, 0.729929].
2026-09-04 20:15:55 | INFO | deff [Real_ETH / Eco / c = 0.15]: the estimate is 0.819194 < 1, which would claim more independent readings than the 41 observations contain; clamped to 1.0.
2026-09-04 20:15:55 | INFO | C9 [Real_ETH / Eco / c = 0.15]: n_detected = 41/72, deff = 1.000000 over 24 mechanism-fixed lags (clamped = True), n_eff = 41.0000, SEM = 11.530345 -> SEM_design = 11.530345, DetRate interval [0.454433, 0.677421] -> design-corrected [0.418447, 0.708544].
2026-09-04 20:15:55 | INFO | deff [Real_ETH / Concept / c = 0.2]: the estimate is -0.569304 < 1, which would claim more independent readings than the 63 observations contain; clamped to 1.0.
2026-09-04 20:15:55 | INFO | C9 [Real_ETH / Concept / c = 0.2]: n_detected = 63/72, deff = 1.000000 over 24 mechanism-fixed lags (clamped = True), n_eff = 63.0000, SEM = 16.952778 -> SEM_design = 16.952778, DetRate interval [0.779189, 0.932822] -> design-corrected [0.771288, 0.935609].
2026-09-04 20:15:55 | INFO | C9 [Real_ETH / Eco / c = 0.2]: n_detected = 52/72, deff = 1.863502 over 24 mechanism-fixed lags (clamped = False), n_eff = 27.9044, SEM = 9.408092 -> SEM_design = 12.843001, DetRate interval [0.609536, 0.812397] -> design-corrected [0.537221, 0.853443].
2026-09-04 20:15:55 | INFO | deff [Real_ETH / Concept / c = 0.25]: the estimate is -0.683375 < 1, which would claim more independent readings than the 70 observations contain; clamped to 1.0.
2026-09-04 20:15:55 | INFO | C9 [Real_ETH / Concept / c = 0.25]: n_detected = 70/72, deff = 1.000000 over 24 mechanism-fixed lags (clamped = True), n_eff = 70.0000, SEM = 15.957322 -> SEM_design = 15.957322, DetRate interval [0.904258, 0.992349] -> design-corrected [0.902840, 0.992472].
2026-09-04 20:15:55 | INFO | deff [Real_ETH / Eco / c = 0.25]: the estimate is -0.489455 < 1, which would claim more independent readings than the 64 observations contain; clamped to 1.0.
2026-09-04 20:15:55 | INFO | C9 [Real_ETH / Eco / c = 0.25]: n_detected = 64/72, deff = 1.000000 over 24 mechanism-fixed lags (clamped = True), n_eff = 64.0000, SEM = 12.632641 -> SEM_design = 12.632641, DetRate interval [0.795771, 0.942612] -> design-corrected [0.788911, 0.944826].
2026-09-04 20:15:55 | INFO | deff [Real_ETH / Concept / c = 0.35]: the estimate is -0.057590 < 1, which would claim more independent readings than the 72 observations contain; clamped to 1.0.
2026-09-04 20:15:55 | INFO | C9 [Real_ETH / Concept / c = 0.35]: n_detected = 72/72, deff = 1.000000 over 24 mechanism-fixed lags (clamped = True), n_eff = 72.0000, SEM = 9.294178 -> SEM_design = 9.294178, DetRate interval [0.949349, 1.000000] -> design-corrected [0.949349, 1.000000].
2026-09-04 20:15:55 | INFO | deff [Real_ETH / Eco / c = 0.35]: the estimate is -0.847716 < 1, which would claim more independent readings than the 72 observations contain; clamped to 1.0.
2026-09-04 20:15:55 | INFO | C9 [Real_ETH / Eco / c = 0.35]: n_detected = 72/72, deff = 1.000000 over 24 mechanism-fixed lags (clamped = True), n_eff = 72.0000, SEM = 8.591784 -> SEM_design = 8.591784, DetRate interval [0.949349, 1.000000] -> design-corrected [0.949349, 1.000000].
2026-09-04 20:15:55 | INFO | deff [Real_ETH / Concept / c = 0.5]: the estimate is 0.941701 < 1, which would claim more independent readings than the 72 observations contain; clamped to 1.0.
2026-09-04 20:15:55 | INFO | C9 [Real_ETH / Concept / c = 0.5]: n_detected = 72/72, deff = 1.000000 over 24 mechanism-fixed lags (clamped = True), n_eff = 72.0000, SEM = 3.331362 -> SEM_design = 3.331362, DetRate interval [0.949349, 1.000000] -> design-corrected [0.949349, 1.000000].
2026-09-04 20:15:55 | INFO | deff [Real_ETH / Eco / c = 0.5]: the estimate is -0.575711 < 1, which would claim more independent readings than the 72 observations contain; clamped to 1.0.
2026-09-04 20:15:55 | INFO | C9 [Real_ETH / Eco / c = 0.5]: n_detected = 72/72, deff = 1.000000 over 24 mechanism-fixed lags (clamped = True), n_eff = 72.0000, SEM = 3.594006 -> SEM_design = 3.594006, DetRate interval [0.949349, 1.000000] -> design-corrected [0.949349, 1.000000].
2026-09-04 20:15:55 | INFO | deff [Real_ETH / Concept / c = 0.6]: the estimate is 0.561824 < 1, which would claim more independent readings than the 72 observations contain; clamped to 1.0.
2026-09-04 20:15:55 | INFO | C9 [Real_ETH / Concept / c = 0.6]: n_detected = 72/72, deff = 1.000000 over 24 mechanism-fixed lags (clamped = True), n_eff = 72.0000, SEM = 2.764032 -> SEM_design = 2.764032, DetRate interval [0.949349, 1.000000] -> design-corrected [0.949349, 1.000000].
2026-09-04 20:15:55 | INFO | deff [Real_ETH / Eco / c = 0.6]: the estimate is -0.372688 < 1, which would claim more independent readings than the 72 observations contain; clamped to 1.0.
2026-09-04 20:15:55 | INFO | C9 [Real_ETH / Eco / c = 0.6]: n_detected = 72/72, deff = 1.000000 over 24 mechanism-fixed lags (clamped = True), n_eff = 72.0000, SEM = 2.734922 -> SEM_design = 2.734922, DetRate interval [0.949349, 1.000000] -> design-corrected [0.949349, 1.000000].
2026-09-04 20:15:55 | INFO | C9 [Real_ETH / Concept / c = 0.75]: n_detected = 72/72, deff = 1.089962 over 24 mechanism-fixed lags (clamped = False), n_eff = 66.0574, SEM = 1.985668 -> SEM_design = 2.073062, DetRate interval [0.949349, 1.000000] -> design-corrected [0.945043, 1.000000].
2026-09-04 20:15:55 | INFO | deff [Real_ETH / Eco / c = 0.75]: the estimate is -0.230262 < 1, which would claim more independent readings than the 72 observations contain; clamped to 1.0.
2026-09-04 20:15:55 | INFO | C9 [Real_ETH / Eco / c = 0.75]: n_detected = 72/72, deff = 1.000000 over 24 mechanism-fixed lags (clamped = True), n_eff = 72.0000, SEM = 1.770154 -> SEM_design = 1.770154, DetRate interval [0.949349, 1.000000] -> design-corrected [0.949349, 1.000000].
2026-09-04 20:15:55 | INFO | deff [Real_ETH / Concept / c = 1.0]: the estimate is 0.642850 < 1, which would claim more independent readings than the 72 observations contain; clamped to 1.0.
2026-09-04 20:15:55 | INFO | C9 [Real_ETH / Concept / c = 1.0]: n_detected = 72/72, deff = 1.000000 over 24 mechanism-fixed lags (clamped = True), n_eff = 72.0000, SEM = 1.121479 -> SEM_design = 1.121479, DetRate interval [0.949349, 1.000000] -> design-corrected [0.949349, 1.000000].
2026-09-04 20:15:55 | INFO | deff [Real_ETH / Eco / c = 1.0]: the estimate is -0.002887 < 1, which would claim more independent readings than the 72 observations contain; clamped to 1.0.
2026-09-04 20:15:55 | INFO | C9 [Real_ETH / Eco / c = 1.0]: n_detected = 72/72, deff = 1.000000 over 24 mechanism-fixed lags (clamped = True), n_eff = 72.0000, SEM = 1.099933 -> SEM_design = 1.099933, DetRate interval [0.949349, 1.000000] -> design-corrected [0.949349, 1.000000].
2026-09-04 20:15:55 | INFO | deff [Real_ETH / Concept / c = 1.25]: the estimate is 0.178509 < 1, which would claim more independent readings than the 72 observations contain; clamped to 1.0.
2026-09-04 20:15:55 | INFO | C9 [Real_ETH / Concept / c = 1.25]: n_detected = 72/72, deff = 1.000000 over 24 mechanism-fixed lags (clamped = True), n_eff = 72.0000, SEM = 0.612353 -> SEM_design = 0.612353, DetRate interval [0.949349, 1.000000] -> design-corrected [0.949349, 1.000000].
2026-09-04 20:15:55 | INFO | deff [Real_ETH / Eco / c = 1.25]: the estimate is 0.552719 < 1, which would claim more independent readings than the 72 observations contain; clamped to 1.0.
2026-09-04 20:15:55 | INFO | C9 [Real_ETH / Eco / c = 1.25]: n_detected = 72/72, deff = 1.000000 over 24 mechanism-fixed lags (clamped = True), n_eff = 72.0000, SEM = 0.729332 -> SEM_design = 0.729332, DetRate interval [0.949349, 1.000000] -> design-corrected [0.949349, 1.000000].
2026-09-04 20:15:55 | INFO | deff [Real_ETH / Concept / c = 1.5]: the estimate is 0.202919 < 1, which would claim more independent readings than the 72 observations contain; clamped to 1.0.
2026-09-04 20:15:55 | INFO | C9 [Real_ETH / Concept / c = 1.5]: n_detected = 72/72, deff = 1.000000 over 24 mechanism-fixed lags (clamped = True), n_eff = 72.0000, SEM = 0.478568 -> SEM_design = 0.478568, DetRate interval [0.949349, 1.000000] -> design-corrected [0.949349, 1.000000].
2026-09-04 20:15:55 | INFO | C9 [Real_ETH / Eco / c = 1.5]: n_detected = 72/72, deff = 1.010855 over 24 mechanism-fixed lags (clamped = False), n_eff = 71.2268, SEM = 0.601166 -> SEM_design = 0.604420, DetRate interval [0.949349, 1.000000] -> design-corrected [0.948827, 1.000000].
2026-09-04 20:15:55 | INFO | --- Synth_BTC: 106 monthly onsets, H_ref = 500, H_det = 500, one series shared by both arms ---
2026-09-04 20:15:55 | INFO | C8 non-anticipativity [Synth_BTC], first onset 516: the full pre-onset vector ['alpha', 'beta', 'eps_last', 'med_hat', 'mu_hat', 'omega', 'q_hat_ref', 's2_last'] is bit-identical after r[onset:] += 100. The identity is TAUTOLOGICAL BY SLICING -- the reference window is r[onset - 500 : onset] and cannot reach past `onset` -- and is recorded as a structural assertion, trigger probability 0, not as evidence of anything.
2026-09-04 20:15:56 | INFO | C3 [Synth_BTC] QMLE audit over 106 pre-onset fits: non-converged = 0/106, frozen to the (0.05, 0.90) initialiser = 0/106, fallback fraction = 0.0000. Logged even at zero.
2026-09-04 20:15:56 | INFO | Concept deviation ceiling [Synth_BTC]: max |dev| = 0.500000 against the delivered 1.0.
2026-09-04 20:15:57 | INFO | C2 [Synth_BTC] iso-FPR: Concept lambda* = 9.99997218480706 realizes 5/106 = 0.04716981132075472; Eco lambda* = 32.22754638671875 realizes 5/106 = 0.04716981132075472; |difference| = 0.
2026-09-04 20:15:57 | INFO | C9 [Synth_BTC / Concept / c = 0.1]: n_detected = 30/106, deff = 1.926923 over 24 mechanism-fixed lags (clamped = False), n_eff = 15.5689, SEM = 23.170419 -> SEM_design = 32.163703, DetRate interval [0.206025, 0.375190] -> design-corrected [0.121014, 0.530908].
2026-09-04 20:15:57 | INFO | deff [Synth_BTC / Eco / c = 0.1]: the estimate is 0.631532 < 1, which would claim more independent readings than the 30 observations contain; clamped to 1.0.
2026-09-04 20:15:57 | INFO | C9 [Synth_BTC / Eco / c = 0.1]: n_detected = 30/106, deff = 1.000000 over 24 mechanism-fixed lags (clamped = True), n_eff = 30.0000, SEM = 19.581020 -> SEM_design = 19.581020, DetRate interval [0.206025, 0.375190] -> design-corrected [0.153894, 0.461404].
2026-09-04 20:15:57 | INFO | deff [Synth_BTC / Concept / c = 0.15]: the estimate is 0.933158 < 1, which would claim more independent readings than the 36 observations contain; clamped to 1.0.
2026-09-04 20:15:57 | INFO | C9 [Synth_BTC / Concept / c = 0.15]: n_detected = 36/106, deff = 1.000000 over 24 mechanism-fixed lags (clamped = True), n_eff = 36.0000, SEM = 22.551159 -> SEM_design = 22.551159, DetRate interval [0.256490, 0.433973] -> design-corrected [0.207222, 0.502950].
2026-09-04 20:15:57 | INFO | C9 [Synth_BTC / Eco / c = 0.15]: n_detected = 70/106, deff = 5.133733 over 24 mechanism-fixed lags (clamped = False), n_eff = 13.6353, SEM = 12.263048 -> SEM_design = 27.785299, DetRate interval [0.566027, 0.743510] -> design-corrected [0.400315, 0.849937].
2026-09-04 20:15:57 | INFO | deff [Synth_BTC / Concept / c = 0.2]: the estimate is 0.183014 < 1, which would claim more independent readings than the 54 observations contain; clamped to 1.0.
2026-09-04 20:15:57 | INFO | C9 [Synth_BTC / Concept / c = 0.2]: n_detected = 54/106, deff = 1.000000 over 24 mechanism-fixed lags (clamped = True), n_eff = 54.0000, SEM = 17.457767 -> SEM_design = 17.457767, DetRate interval [0.415615, 0.602593] -> design-corrected [0.379975, 0.637640].
2026-09-04 20:15:57 | INFO | C9 [Synth_BTC / Eco / c = 0.2]: n_detected = 89/106, deff = 5.000461 over 24 mechanism-fixed lags (clamped = False), n_eff = 17.7984, SEM = 10.528414 -> SEM_design = 23.543335, DetRate interval [0.758100, 0.897390] -> design-corrected [0.613385, 0.945281].
2026-09-04 20:15:57 | INFO | deff [Synth_BTC / Concept / c = 0.25]: the estimate is 0.317381 < 1, which would claim more independent readings than the 85 observations contain; clamped to 1.0.
2026-09-04 20:15:57 | INFO | C9 [Synth_BTC / Concept / c = 0.25]: n_detected = 85/106, deff = 1.000000 over 24 mechanism-fixed lags (clamped = True), n_eff = 85.0000, SEM = 13.190190 -> SEM_design = 13.190190, DetRate interval [0.716047, 0.866611] -> design-corrected [0.704931, 0.872736].
2026-09-04 20:15:57 | INFO | C9 [Synth_BTC / Eco / c = 0.25]: n_detected = 102/106, deff = 3.067518 over 24 mechanism-fixed lags (clamped = False), n_eff = 33.2516, SEM = 8.380095 -> SEM_design = 14.677176, DetRate interval [0.906966, 0.985229] -> design-corrected [0.836594, 0.992188].
2026-09-04 20:15:57 | INFO | deff [Synth_BTC / Concept / c = 0.35]: the estimate is 0.446480 < 1, which would claim more independent readings than the 106 observations contain; clamped to 1.0.
2026-09-04 20:15:57 | INFO | C9 [Synth_BTC / Concept / c = 0.35]: n_detected = 106/106, deff = 1.000000 over 24 mechanism-fixed lags (clamped = True), n_eff = 106.0000, SEM = 8.309527 -> SEM_design = 8.309527, DetRate interval [0.965027, 1.000000] -> design-corrected [0.965027, 1.000000].
2026-09-04 20:15:57 | INFO | C9 [Synth_BTC / Eco / c = 0.35]: n_detected = 106/106, deff = 2.399736 over 24 mechanism-fixed lags (clamped = False), n_eff = 44.1715, SEM = 4.161430 -> SEM_design = 6.446505, DetRate interval [0.965027, 1.000000] -> design-corrected [0.919991, 1.000000].
2026-09-04 20:15:57 | INFO | deff [Synth_BTC / Concept / c = 0.5]: the estimate is 0.795093 < 1, which would claim more independent readings than the 106 observations contain; clamped to 1.0.
2026-09-04 20:15:57 | INFO | C9 [Synth_BTC / Concept / c = 0.5]: n_detected = 106/106, deff = 1.000000 over 24 mechanism-fixed lags (clamped = True), n_eff = 106.0000, SEM = 4.172501 -> SEM_design = 4.172501, DetRate interval [0.965027, 1.000000] -> design-corrected [0.965027, 1.000000].
2026-09-04 20:15:57 | INFO | C9 [Synth_BTC / Eco / c = 0.5]: n_detected = 106/106, deff = 1.969807 over 24 mechanism-fixed lags (clamped = False), n_eff = 53.8124, SEM = 2.145598 -> SEM_design = 3.011343, DetRate interval [0.965027, 1.000000] -> design-corrected [0.933370, 1.000000].
2026-09-04 20:15:57 | INFO | deff [Synth_BTC / Concept / c = 0.6]: the estimate is 0.525320 < 1, which would claim more independent readings than the 106 observations contain; clamped to 1.0.
2026-09-04 20:15:57 | INFO | C9 [Synth_BTC / Concept / c = 0.6]: n_detected = 106/106, deff = 1.000000 over 24 mechanism-fixed lags (clamped = True), n_eff = 106.0000, SEM = 2.616768 -> SEM_design = 2.616768, DetRate interval [0.965027, 1.000000] -> design-corrected [0.965027, 1.000000].
2026-09-04 20:15:57 | INFO | C9 [Synth_BTC / Eco / c = 0.6]: n_detected = 106/106, deff = 1.174453 over 24 mechanism-fixed lags (clamped = False), n_eff = 90.2548, SEM = 1.490436 -> SEM_design = 1.615218, DetRate interval [0.965027, 1.000000] -> design-corrected [0.959175, 1.000000].
2026-09-04 20:15:57 | INFO | deff [Synth_BTC / Concept / c = 0.75]: the estimate is 0.382349 < 1, which would claim more independent readings than the 106 observations contain; clamped to 1.0.
2026-09-04 20:15:57 | INFO | C9 [Synth_BTC / Concept / c = 0.75]: n_detected = 106/106, deff = 1.000000 over 24 mechanism-fixed lags (clamped = True), n_eff = 106.0000, SEM = 1.735310 -> SEM_design = 1.735310, DetRate interval [0.965027, 1.000000] -> design-corrected [0.965027, 1.000000].
2026-09-04 20:15:57 | INFO | deff [Synth_BTC / Eco / c = 0.75]: the estimate is 0.757628 < 1, which would claim more independent readings than the 106 observations contain; clamped to 1.0.
2026-09-04 20:15:57 | INFO | C9 [Synth_BTC / Eco / c = 0.75]: n_detected = 106/106, deff = 1.000000 over 24 mechanism-fixed lags (clamped = True), n_eff = 106.0000, SEM = 1.042209 -> SEM_design = 1.042209, DetRate interval [0.965027, 1.000000] -> design-corrected [0.965027, 1.000000].
2026-09-04 20:15:57 | INFO | deff [Synth_BTC / Concept / c = 1.0]: the estimate is 0.550241 < 1, which would claim more independent readings than the 106 observations contain; clamped to 1.0.
2026-09-04 20:15:57 | INFO | C9 [Synth_BTC / Concept / c = 1.0]: n_detected = 106/106, deff = 1.000000 over 24 mechanism-fixed lags (clamped = True), n_eff = 106.0000, SEM = 0.966397 -> SEM_design = 0.966397, DetRate interval [0.965027, 1.000000] -> design-corrected [0.965027, 1.000000].
2026-09-04 20:15:57 | INFO | deff [Synth_BTC / Eco / c = 1.0]: the estimate is 0.907641 < 1, which would claim more independent readings than the 106 observations contain; clamped to 1.0.
2026-09-04 20:15:57 | INFO | C9 [Synth_BTC / Eco / c = 1.0]: n_detected = 106/106, deff = 1.000000 over 24 mechanism-fixed lags (clamped = True), n_eff = 106.0000, SEM = 0.627564 -> SEM_design = 0.627564, DetRate interval [0.965027, 1.000000] -> design-corrected [0.965027, 1.000000].
2026-09-04 20:15:57 | INFO | deff [Synth_BTC / Concept / c = 1.25]: the estimate is 0.878351 < 1, which would claim more independent readings than the 106 observations contain; clamped to 1.0.
2026-09-04 20:15:57 | INFO | C9 [Synth_BTC / Concept / c = 1.25]: n_detected = 106/106, deff = 1.000000 over 24 mechanism-fixed lags (clamped = True), n_eff = 106.0000, SEM = 0.635141 -> SEM_design = 0.635141, DetRate interval [0.965027, 1.000000] -> design-corrected [0.965027, 1.000000].
2026-09-04 20:15:58 | INFO | C9 [Synth_BTC / Eco / c = 1.25]: n_detected = 106/106, deff = 2.020213 over 24 mechanism-fixed lags (clamped = False), n_eff = 52.4697, SEM = 0.499240 -> SEM_design = 0.709590, DetRate interval [0.965027, 1.000000] -> design-corrected [0.931782, 1.000000].
2026-09-04 20:15:58 | INFO | deff [Synth_BTC / Concept / c = 1.5]: the estimate is 0.572086 < 1, which would claim more independent readings than the 106 observations contain; clamped to 1.0.
2026-09-04 20:15:58 | INFO | C9 [Synth_BTC / Concept / c = 1.5]: n_detected = 106/106, deff = 1.000000 over 24 mechanism-fixed lags (clamped = True), n_eff = 106.0000, SEM = 0.510817 -> SEM_design = 0.510817, DetRate interval [0.965027, 1.000000] -> design-corrected [0.965027, 1.000000].
2026-09-04 20:15:58 | INFO | C9 [Synth_BTC / Eco / c = 1.5]: n_detected = 106/106, deff = 3.279108 over 24 mechanism-fixed lags (clamped = False), n_eff = 32.3259, SEM = 0.447316 -> SEM_design = 0.810013, DetRate interval [0.965027, 1.000000] -> design-corrected [0.893786, 1.000000].
2026-09-04 20:15:58 | INFO | --- Synth_ETH: 72 monthly onsets, H_ref = 500, H_det = 500, one series shared by both arms ---
2026-09-04 20:15:58 | INFO | C8 non-anticipativity [Synth_ETH], first onset 507: the full pre-onset vector ['alpha', 'beta', 'eps_last', 'med_hat', 'mu_hat', 'omega', 'q_hat_ref', 's2_last'] is bit-identical after r[onset:] += 100. The identity is TAUTOLOGICAL BY SLICING -- the reference window is r[onset - 500 : onset] and cannot reach past `onset` -- and is recorded as a structural assertion, trigger probability 0, not as evidence of anything.
2026-09-04 20:15:58 | INFO | C3 [Synth_ETH] QMLE audit over 72 pre-onset fits: non-converged = 0/72, frozen to the (0.05, 0.90) initialiser = 0/72, fallback fraction = 0.0000. Logged even at zero.
2026-09-04 20:15:58 | INFO | Concept deviation ceiling [Synth_ETH]: max |dev| = 0.500000 against the delivered 1.0.
2026-09-04 20:15:59 | INFO | C2 [Synth_ETH] iso-FPR: Concept lambda* = 8.399946764489549 realizes 4/72 = 0.05555555555555555; Eco lambda* = 32.38973190648285 realizes 4/72 = 0.05555555555555555; |difference| = 0.
2026-09-04 20:15:59 | INFO | C9 [Synth_ETH / Concept / c = 0.1]: n_detected = 14/72, deff = 1.881049 over 13 mechanism-fixed lags (clamped = False), n_eff = 7.4427, SEM = 34.072343 -> SEM_design = 46.730677, DetRate interval [0.119515, 0.300328] -> design-corrected [0.045198, 0.551731].
2026-09-04 20:15:59 | INFO | deff [Synth_ETH / Eco / c = 0.1]: the estimate is 0.573094 < 1, which would claim more independent readings than the 25 observations contain; clamped to 1.0.
2026-09-04 20:15:59 | INFO | C9 [Synth_ETH / Eco / c = 0.1]: n_detected = 25/72, deff = 1.000000 over 24 mechanism-fixed lags (clamped = True), n_eff = 25.0000, SEM = 23.407904 -> SEM_design = 23.407904, DetRate interval [0.247534, 0.462387] -> design-corrected [0.192633, 0.542509].
2026-09-04 20:15:59 | INFO | deff [Synth_ETH / Concept / c = 0.15]: the estimate is 0.648367 < 1, which would claim more independent readings than the 34 observations contain; clamped to 1.0.
2026-09-04 20:15:59 | INFO | C9 [Synth_ETH / Concept / c = 0.15]: n_detected = 34/72, deff = 1.000000 over 24 mechanism-fixed lags (clamped = True), n_eff = 34.0000, SEM = 23.502494 -> SEM_design = 23.502494, DetRate interval [0.361265, 0.585993] -> design-corrected [0.315956, 0.634128].
2026-09-04 20:15:59 | INFO | deff [Synth_ETH / Eco / c = 0.15]: the estimate is 0.355139 < 1, which would claim more independent readings than the 40 observations contain; clamped to 1.0.
2026-09-04 20:15:59 | INFO | C9 [Synth_ETH / Eco / c = 0.15]: n_detected = 40/72, deff = 1.000000 over 24 mechanism-fixed lags (clamped = True), n_eff = 40.0000, SEM = 17.264830 -> SEM_design = 17.264830, DetRate interval [0.440874, 0.664609] -> design-corrected [0.403519, 0.697857].
2026-09-04 20:15:59 | INFO | C9 [Synth_ETH / Concept / c = 0.2]: n_detected = 55/72, deff = 1.745001 over 24 mechanism-fixed lags (clamped = False), n_eff = 31.5186, SEM = 19.367671 -> SEM_design = 25.584400, DetRate interval [0.654012, 0.847033] -> design-corrected [0.592335, 0.878106].
2026-09-04 20:15:59 | INFO | deff [Synth_ETH / Eco / c = 0.2]: the estimate is 0.028561 < 1, which would claim more independent readings than the 60 observations contain; clamped to 1.0.
2026-09-04 20:15:59 | INFO | C9 [Synth_ETH / Eco / c = 0.2]: n_detected = 60/72, deff = 1.000000 over 24 mechanism-fixed lags (clamped = True), n_eff = 60.0000, SEM = 16.452291 -> SEM_design = 16.452291, DetRate interval [0.730893, 0.902006] -> design-corrected [0.719684, 0.906868].
2026-09-04 20:15:59 | INFO | C9 [Synth_ETH / Concept / c = 0.25]: n_detected = 62/72, deff = 1.740077 over 24 mechanism-fixed lags (clamped = False), n_eff = 35.6306, SEM = 16.057102 -> SEM_design = 21.181242, DetRate interval [0.762868, 0.922773] -> design-corrected [0.712501, 0.939433].
2026-09-04 20:15:59 | INFO | deff [Synth_ETH / Eco / c = 0.25]: the estimate is -0.112574 < 1, which would claim more independent readings than the 72 observations contain; clamped to 1.0.
2026-09-04 20:15:59 | INFO | C9 [Synth_ETH / Eco / c = 0.25]: n_detected = 72/72, deff = 1.000000 over 24 mechanism-fixed lags (clamped = True), n_eff = 72.0000, SEM = 10.959712 -> SEM_design = 10.959712, DetRate interval [0.949349, 1.000000] -> design-corrected [0.949349, 1.000000].
2026-09-04 20:15:59 | INFO | C9 [Synth_ETH / Concept / c = 0.35]: n_detected = 69/72, deff = 2.199255 over 24 mechanism-fixed lags (clamped = False), n_eff = 31.3743, SEM = 12.948354 -> SEM_design = 19.202258, DetRate interval [0.884507, 0.985729] -> design-corrected [0.825539, 0.991134].
2026-09-04 20:16:00 | INFO | deff [Synth_ETH / Eco / c = 0.35]: the estimate is -0.082490 < 1, which would claim more independent readings than the 72 observations contain; clamped to 1.0.
2026-09-04 20:16:00 | INFO | C9 [Synth_ETH / Eco / c = 0.35]: n_detected = 72/72, deff = 1.000000 over 24 mechanism-fixed lags (clamped = True), n_eff = 72.0000, SEM = 6.224919 -> SEM_design = 6.224919, DetRate interval [0.949349, 1.000000] -> design-corrected [0.949349, 1.000000].
2026-09-04 20:16:00 | INFO | C9 [Synth_ETH / Concept / c = 0.5]: n_detected = 72/72, deff = 3.315301 over 24 mechanism-fixed lags (clamped = False), n_eff = 21.7175, SEM = 5.831611 -> SEM_design = 10.618179, DetRate interval [0.949349, 1.000000] -> design-corrected [0.849702, 1.000000].
2026-09-04 20:16:00 | INFO | deff [Synth_ETH / Eco / c = 0.5]: the estimate is 0.189167 < 1, which would claim more independent readings than the 72 observations contain; clamped to 1.0.
2026-09-04 20:16:00 | INFO | C9 [Synth_ETH / Eco / c = 0.5]: n_detected = 72/72, deff = 1.000000 over 24 mechanism-fixed lags (clamped = True), n_eff = 72.0000, SEM = 2.827369 -> SEM_design = 2.827369, DetRate interval [0.949349, 1.000000] -> design-corrected [0.949349, 1.000000].
2026-09-04 20:16:00 | INFO | C9 [Synth_ETH / Concept / c = 0.6]: n_detected = 72/72, deff = 2.148068 over 24 mechanism-fixed lags (clamped = False), n_eff = 33.5185, SEM = 3.540494 -> SEM_design = 5.189051, DetRate interval [0.949349, 1.000000] -> design-corrected [0.897177, 1.000000].
2026-09-04 20:16:00 | INFO | deff [Synth_ETH / Eco / c = 0.6]: the estimate is 0.360536 < 1, which would claim more independent readings than the 72 observations contain; clamped to 1.0.
2026-09-04 20:16:00 | INFO | C9 [Synth_ETH / Eco / c = 0.6]: n_detected = 72/72, deff = 1.000000 over 24 mechanism-fixed lags (clamped = True), n_eff = 72.0000, SEM = 2.224217 -> SEM_design = 2.224217, DetRate interval [0.949349, 1.000000] -> design-corrected [0.949349, 1.000000].
2026-09-04 20:16:00 | INFO | C9 [Synth_ETH / Concept / c = 0.75]: n_detected = 72/72, deff = 1.472549 over 24 mechanism-fixed lags (clamped = False), n_eff = 48.8948, SEM = 2.390447 -> SEM_design = 2.900775, DetRate interval [0.949349, 1.000000] -> design-corrected [0.927157, 1.000000].
2026-09-04 20:16:00 | INFO | deff [Synth_ETH / Eco / c = 0.75]: the estimate is 0.568039 < 1, which would claim more independent readings than the 72 observations contain; clamped to 1.0.
2026-09-04 20:16:00 | INFO | C9 [Synth_ETH / Eco / c = 0.75]: n_detected = 72/72, deff = 1.000000 over 24 mechanism-fixed lags (clamped = True), n_eff = 72.0000, SEM = 1.460907 -> SEM_design = 1.460907, DetRate interval [0.949349, 1.000000] -> design-corrected [0.949349, 1.000000].
2026-09-04 20:16:00 | INFO | deff [Synth_ETH / Concept / c = 1.0]: the estimate is -0.200122 < 1, which would claim more independent readings than the 72 observations contain; clamped to 1.0.
2026-09-04 20:16:00 | INFO | C9 [Synth_ETH / Concept / c = 1.0]: n_detected = 72/72, deff = 1.000000 over 24 mechanism-fixed lags (clamped = True), n_eff = 72.0000, SEM = 1.241686 -> SEM_design = 1.241686, DetRate interval [0.949349, 1.000000] -> design-corrected [0.949349, 1.000000].
2026-09-04 20:16:00 | INFO | deff [Synth_ETH / Eco / c = 1.0]: the estimate is 0.270005 < 1, which would claim more independent readings than the 72 observations contain; clamped to 1.0.
2026-09-04 20:16:00 | INFO | C9 [Synth_ETH / Eco / c = 1.0]: n_detected = 72/72, deff = 1.000000 over 24 mechanism-fixed lags (clamped = True), n_eff = 72.0000, SEM = 0.942121 -> SEM_design = 0.942121, DetRate interval [0.949349, 1.000000] -> design-corrected [0.949349, 1.000000].
2026-09-04 20:16:00 | INFO | deff [Synth_ETH / Concept / c = 1.25]: the estimate is -0.424901 < 1, which would claim more independent readings than the 72 observations contain; clamped to 1.0.
2026-09-04 20:16:00 | INFO | C9 [Synth_ETH / Concept / c = 1.25]: n_detected = 72/72, deff = 1.000000 over 24 mechanism-fixed lags (clamped = True), n_eff = 72.0000, SEM = 0.828793 -> SEM_design = 0.828793, DetRate interval [0.949349, 1.000000] -> design-corrected [0.949349, 1.000000].
2026-09-04 20:16:00 | INFO | C9 [Synth_ETH / Eco / c = 1.25]: n_detected = 72/72, deff = 1.088379 over 24 mechanism-fixed lags (clamped = False), n_eff = 66.1534, SEM = 0.716315 -> SEM_design = 0.747298, DetRate interval [0.949349, 1.000000] -> design-corrected [0.945118, 1.000000].
2026-09-04 20:16:00 | INFO | deff [Synth_ETH / Concept / c = 1.5]: the estimate is -0.342620 < 1, which would claim more independent readings than the 72 observations contain; clamped to 1.0.
2026-09-04 20:16:00 | INFO | C9 [Synth_ETH / Concept / c = 1.5]: n_detected = 72/72, deff = 1.000000 over 24 mechanism-fixed lags (clamped = True), n_eff = 72.0000, SEM = 0.552965 -> SEM_design = 0.552965, DetRate interval [0.949349, 1.000000] -> design-corrected [0.949349, 1.000000].
2026-09-04 20:16:00 | INFO | C9 [Synth_ETH / Eco / c = 1.5]: n_detected = 72/72, deff = 2.431447 over 24 mechanism-fixed lags (clamped = False), n_eff = 29.6120, SEM = 0.543178 -> SEM_design = 0.846983, DetRate interval [0.949349, 1.000000] -> design-corrected [0.885170, 1.000000].
2026-09-04 20:16:00 | INFO | C2 -- the two arms of a source must realize the SAME false-alarm rate on the same placebo windows; without it the race is not iso-FPR and no speed comparison is interpretable. Exact equality, per source; deterministic, trigger probability 0 given the data.
2026-09-04 20:16:00 | INFO | C2 SCOPE, fixed before the run and read clause by clause off v87: the sources whose SPEED comparison the manuscript publishes are ['Real_BTC', 'Synth_BTC', 'Synth_ETH'] -- L345's 'the sign filter leads across the reliable range' on Real_BTC, its 'inverts the ordering to Eco-L1-faster' on the t_30 control, and its 'the synthetic control does not recover the light-tailed ordering at its 72 onsets' on Synth_ETH. v87 makes no delay and no ordering claim about REAL Ethereum. A failed match on one of the three stops the run; a failed match anywhere else makes that source's speed comparison uninterpretable and is reported, not repaired.
2026-09-04 20:16:00 | INFO | C2 [Real_BTC]: both arms at 0.04716981132075472 = 5/106 over all 22 rows.
2026-09-04 20:16:00 | WARNING | C2 FIRED on Real_ETH: the two arms realize different placebo counts, Concept 4/72 = 0.05555555555555555 and Eco 3/72 = 0.041666666666666664. The race on this source is NOT iso-FPR and no speed comparison on it is interpretable. v87 publishes no delay and no ordering claim on this source, so the failure is recorded rather than fatal: the source is stamped iso_fpr_matched = False on every row of the race CSV, no macro reads a speed comparison from it, and the audit reports it.
2026-09-04 20:16:00 | INFO | C2 [Synth_BTC]: both arms at 0.04716981132075472 = 5/106 over all 22 rows.
2026-09-04 20:16:00 | INFO | C2 [Synth_ETH]: both arms at 0.05555555555555555 = 4/72 over all 22 rows.
2026-09-04 20:16:00 | INFO | C2 FRAGILITY, logged whatever the outcome. `bisect_fpr` stops when |f - 0.05| <= 0.005, and f can only take values k/N. At N = 106 that admits exactly k = 5 (0.047170), so the BTC agreement is FORCED by the tolerance. At N = 72 it admits NO integer k -- 0.041667 and 0.055556 straddle the band -- so the bisection exhausts its 40 iterations and the ETH agreement is an OUTCOME OF THE BISECTION DYNAMICS, not a constraint the calibration enforces. The two agreements are not the same kind of fact and the audit reports them separately.
2026-09-04 20:16:00 | INFO | C1 -- no macro and no aggregate reads a cell with add_reliable == False. v87's L635 caption renders those cells as hollow markers precisely because their ADD is conditional on a detection rate below 0.9. Structural; trigger probability 0.
2026-09-04 20:16:00 | INFO | C1 [Real_BTC] pairwise-reliable grid: [0.35, 0.5, 0.6, 0.75, 1.0, 1.25, 1.5] (7 of 11 magnitudes). A magnitude qualifies when BOTH arms reach DetRate >= 0.9; no literal `c >= 0.35` is typed.
2026-09-04 20:16:00 | INFO | C1 [Real_ETH] pairwise-reliable grid: [0.35, 0.5, 0.6, 0.75, 1.0, 1.25, 1.5] (7 of 11 magnitudes). A magnitude qualifies when BOTH arms reach DetRate >= 0.9; no literal `c >= 0.35` is typed.
2026-09-04 20:16:00 | INFO | C1 [Synth_BTC] pairwise-reliable grid: [0.35, 0.5, 0.6, 0.75, 1.0, 1.25, 1.5] (7 of 11 magnitudes). A magnitude qualifies when BOTH arms reach DetRate >= 0.9; no literal `c >= 0.35` is typed.
2026-09-04 20:16:00 | INFO | C1 [Synth_ETH] pairwise-reliable grid: [0.35, 0.5, 0.6, 0.75, 1.0, 1.25, 1.5] (7 of 11 magnitudes). A magnitude qualifies when BOTH arms reach DetRate >= 0.9; no literal `c >= 0.35` is typed.
2026-09-04 20:16:00 | INFO | C1: 28 of 88 cells are unreliable. The derived rule `both arms reach DetRate >= 0.9` selects [0.35, 0.5, 0.6, 0.75, 1.0, 1.25, 1.5] on Real_BTC and [0.35, 0.5, 0.6, 0.75, 1.0, 1.25, 1.5] on Synth_BTC, which is the range the delivered `c >= 0.35` literal hard-codes; the rule reproduces it without typing it.
2026-09-04 20:16:00 | INFO | C5 [Real_BTC] ADD_Concept / ADD_Eco at each pairwise-reliable magnitude: c = 0.35: 0.740713, c = 0.5: 0.794573, c = 0.6: 0.837873, c = 0.75: 0.851008, c = 1.0: 0.896472, c = 1.25: 0.949538, c = 1.5: 1.007429 | mean 0.8682292705270857
2026-09-04 20:16:00 | INFO | C5 [Real_ETH] ADD_Concept / ADD_Eco at each pairwise-reliable magnitude: c = 0.35: 0.572842, c = 0.5: 0.513587, c = 0.6: 0.524386, c = 0.75: 0.526528, c = 1.0: 0.534637, c = 1.25: 0.556311, c = 1.5: 0.582786 | mean 0.5444396653647001 | NOT ISO-FPR (control C2 fired on this source): the two arms ran at different realized false-alarm rates, so this ratio series compares two detectors at two operating points and is DESCRIPTIVE ONLY. No macro reads it and no claim rests on it.
2026-09-04 20:16:00 | INFO | C5 [Synth_BTC] ADD_Concept / ADD_Eco at each pairwise-reliable magnitude: c = 0.35: 1.238414, c = 0.5: 1.105380, c = 0.6: 1.014735, c = 0.75: 0.961244, c = 1.0: 0.954491, c = 1.25: 0.980563, c = 1.5: 1.032463 | mean 1.041041514153539
2026-09-04 20:16:00 | INFO | C5 [Synth_ETH] ADD_Concept / ADD_Eco at each pairwise-reliable magnitude: c = 0.35: 1.150370, c = 0.5: 0.967629, c = 0.6: 0.905331, c = 0.75: 0.863239, c = 1.0: 0.836904, c = 1.25: 0.847936, c = 1.5: 0.861030 | mean 0.9189199350683375
2026-09-04 20:16:00 | INFO | C5 -- the direction of the ordering, CHARACTERISED AND NOT CORRECTED. The delivered Control (d) reads the synthetic ratio at min(reliable c) and exits when it is at or below 1.05; a minimum over a grid is an extremum statistic with no sampling distribution, which S4bis's fourth corollary bans outright, and the R14 prompt's own C5 says characterise, do not correct. What replaces it: the ratio at every pairwise-reliable magnitude, its mean, and a paired moving-block bootstrap envelope. NOTHING HALTS ON IT except a falsified qualitative claim of v87.
2026-09-04 20:16:00 | INFO | C5 FAMILY-WISE ARITHMETIC, logged BEFORE the result is read: over the 7 paired magnitudes of Real_BTC, a sign test has trigger probability 2 * 0.5^7 = 0.015625 under exchangeability of the two arms, i.e. 1.56%. The same arithmetic for the per-magnitude envelope: reading a 95% band as a maximum over 7 points would trigger with probability 1 - 0.95^7 = 30.17% under its own null, which is why the extrema below are DESCRIPTIVE and gate nothing.
2026-09-04 20:16:00 | INFO | C5 [Real_BTC] paired moving-block bootstrap: B = 2000, block = 24 onsets, one resampled index vector shared by both arms and all 7 magnitudes. Mean ratio 0.8682292705270857, 95% percentile interval [0.8350803750442194, 0.8936608935052103], 6 of 7 magnitudes below parity.
2026-09-04 20:16:00 | INFO | C5 [Real_ETH] paired moving-block bootstrap: B = 2000, block = 24 onsets, one resampled index vector shared by both arms and all 7 magnitudes. Mean ratio 0.5444396653647001, 95% percentile interval [0.5067010096256889, 0.5556076703212517], 7 of 7 magnitudes below parity.
2026-09-04 20:16:00 | INFO | C5 [Synth_BTC] paired moving-block bootstrap: B = 2000, block = 24 onsets, one resampled index vector shared by both arms and all 7 magnitudes. Mean ratio 1.041041514153539, 95% percentile interval [0.9792954429533721, 1.068777876438032], 3 of 7 magnitudes below parity.
2026-09-04 20:16:00 | INFO | C5 [Synth_ETH] paired moving-block bootstrap: B = 2000, block = 24 onsets, one resampled index vector shared by both arms and all 7 magnitudes. Mean ratio 0.9189199350683375, 95% percentile interval [0.7876523389282832, 0.9615749561648425], 6 of 7 magnitudes below parity.
2026-09-04 20:16:00 | INFO | S3 -- a moved numeral and a falsified claim are different thresholds and are evaluated separately. On L345's synthetic control the QUALITATIVE claim is that the t_30 control INVERTS the ordering to Eco-L1-faster, so its falsification condition is that the 95% interval of the regenerated mean ratio lies ENTIRELY BELOW 1. The printed numeral 1.06 is a different question: it is D2 when the interval excludes 1.06 while the claim still holds. An interval that excludes 1.06 and covers 1 is a D2 on the numeral and falsifies nothing. A single magnitude below 1 falsifies nothing at all: v87 itself prints the range 0.98-1.14, which already contains a point on the other side of parity.
2026-09-04 20:16:00 | INFO | S3 D3 TEST [Real_BTC]: v87's qualitative claim is that the sign filter leads across the reliable range (ratio below 1). Regenerated mean ratio 0.8682292705270857, 95% interval [0.8350803750442194, 0.8936608935052103]. The interval lies entirely on the wrong side of parity: False.
2026-09-04 20:16:00 | INFO | S3 D3 TEST [Synth_BTC]: v87's qualitative claim is that the quasi-Gaussian control inverts the ordering to Eco-L1-faster (ratio above 1). Regenerated mean ratio 1.041041514153539, 95% interval [0.9792954429533721, 1.068777876438032]. The interval lies entirely on the wrong side of parity: False.
2026-09-04 20:16:00 | INFO | S3 D2 TEST [Real_BTC]: v87 prints the mean ratio 0.87. The regenerated 95% interval [0.8350803750442194, 0.8936608935052103] excludes it: False.
2026-09-04 20:16:00 | INFO | S3 D2 TEST [Synth_BTC]: v87 prints the mean ratio 1.06. The regenerated 95% interval [0.9792954429533721, 1.068777876438032] excludes it: False.
2026-09-04 20:16:00 | INFO | The two magnitudes L345 NAMES: ratio 0.7407126611068993 at c = 0.35 and 1.0074285714285713 at c = 1.5. They are read at the named grid points and never at an argmin, so they carry a stable sampling distribution. The minimum of the regenerated ratio over the reliable grid sits at c = 0.35; if that is not 0.35 it is a finding to report, not a reason to rename a macro.
2026-09-04 20:16:00 | INFO | R14_crypto_diagnostics.csv: 2 rows, 12 columns.
2026-09-04 20:16:00 | INFO | R14_crypto_isofpr_race.csv: 88 rows, 26 columns.
2026-09-04 20:16:00 | INFO | R14_qmle_recovery.csv: 7 rows, 2 columns.
2026-09-04 20:16:00 | INFO | R14_onset_delays.csv: 7832 rows, 8 columns.
2026-09-04 20:16:00 | INFO | C1: the pairwise-reliable grids re-derive identically from R14_crypto_isofpr_race.csv, and every aggregate above was taken over them.
2026-09-04 20:16:01 | INFO | Figure 16 panel (A) Real_BTC: 106 onsets, realized FPR 0.04716981132075472, 15 of 22 cells reliable and drawn filled, the rest hollow on a dashed connector, band = SEM_design.
2026-09-04 20:16:01 | INFO | Figure 16 panel (B) Synth_BTC: 106 onsets, realized FPR 0.04716981132075472, 15 of 22 cells reliable and drawn filled, the rest hollow on a dashed connector, band = SEM_design.
2026-09-04 20:16:01 | INFO | Figure 16 written to fig16_crypto_race.png. Cosmetic divergence from the submitted Fig28_Crypto_HeavyTail_Race.png, per preamble S6: bold horizontally centred panel titles prefixed (A) and (B), the panel subject named in the title, and the band drawn at SEM_design rather than SEM. No numerical value moves on that account.
2026-09-04 20:16:01 | INFO | Emitted 17 macros to R14_claims.tex, cardinal prefix \RFourteen per preamble S6. Every value is computed from an object in memory.
2026-09-04 20:16:01 | INFO | ======================== ARTIFACT INTEGRITY MANIFEST ========================
2026-09-04 20:16:01 | INFO | results/R14_crypto_isofpr/
2026-09-04 20:16:01 | INFO | ├── data/
2026-09-04 20:16:01 | INFO | │   ├── R14_crypto_diagnostics.csv          [e598dd2d4b0d58f09d704dc65d960db9cb169d9e27bdbfc39a36815c8f629bf7]
2026-09-04 20:16:01 | INFO | │   ├── R14_crypto_isofpr_race.csv          [f6d037d6e0316d3ff494459fd92debc878ec518f831bab8c20bd1f99302e681e]
2026-09-04 20:16:01 | INFO | │   ├── R14_qmle_recovery.csv               [671bc7377c69ed8aacf9ceb336255d15df1ef0e92d38e39fd39b804afbf574db]
2026-09-04 20:16:01 | INFO | │   └── R14_onset_delays.csv                [8c763481cf351213824b7ae844fdc3cff763e7d501164c054533cd85d9214d31]
2026-09-04 20:16:01 | INFO | ├── figures/
2026-09-04 20:16:01 | INFO | │   └── fig16_crypto_race.png               [96d3c9f381c4f91aafb52456df207f08769f4b3a914a2e3b8f8830cfc8f7187d]
2026-09-04 20:16:01 | INFO | └── tables/
2026-09-04 20:16:01 | INFO |     └── R14_claims.tex                      [2fe6fd0a43004c72e46b2f8f6397bfa39cc220cd98c102a2f4b2d3679a257544]
2026-09-04 20:16:01 | INFO | =============================================================================
2026-09-04 20:16:01 | INFO | Witness protocol_24a_crypto_diagnostics.csv: 2 rows, SHA-256 9940385c6180aad8db1eea795433aa6b5a42957250fec82f6efd073e1e01bf20.
2026-09-04 20:16:01 | INFO | Witness protocol_24b_crypto_isofpr_race.csv: 88 rows, SHA-256 1d589cd3d3a0fdc8b3bd2c599f540f884f4151fa5161ea89777327f365d94d06.
2026-09-04 20:16:01 | INFO | Witness protocol_24c_qmle_recovery_crypto.csv: 2 rows, SHA-256 c5bf3ca2b92a8799b143c8b29ec47ad7756daee26741a440214f8fb634221c23.
2026-09-04 20:16:01 | INFO | Witness [Real_BTC]: pairwise-reliable grid [0.35, 0.5, 0.6, 0.75, 1.0, 1.25, 1.5] (7 magnitudes), ratios [0.7407126611068993, 0.794573229355838, 0.8378734043953152, 0.8510075982821275, 0.8964715825058103, 0.9495378466150388, 1.0074285714285713], mean 0.8682292705270857.
2026-09-04 20:16:01 | INFO | Witness [Synth_BTC]: pairwise-reliable grid [0.35, 0.5, 0.6, 0.75, 1.0, 1.25, 1.5] (7 magnitudes), ratios [1.1426127128069126, 1.098004615175784, 1.0686985172981878, 1.0399070945945947, 0.9818435754189944, 1.0089717046238786, 1.082080455099553], mean 1.0603026678597007.
2026-09-04 20:16:01 | INFO | Witness [Synth_ETH]: pairwise-reliable grid [0.25, 0.35, 0.5, 0.6, 0.75, 1.0, 1.25, 1.5] (8 magnitudes), ratios [0.7374496291664495, 0.5493623051487955, 0.4754866091028831, 0.4818900533186247, 0.49089619295341685, 0.5315572470662862, 0.5333588957055214, 0.534737785746302], mean 0.5418423397760349.
2026-09-04 20:16:01 | INFO | Witness Synth_ETH: mean ratio 0.5418423397760349 over 8 pairwise-reliable magnitudes -- the submitted campaign's own evidence for L345's 'the synthetic control does not recover the light-tailed ordering at its 72 onsets'.
2026-09-04 20:16:01 | INFO | S3 [nu_hat BTC]: v87 prints 2.78 at 2 decimals; witness 2.7791143512276766; regenerated 2.7791143512276766 -> rounds to 2.78. Class D0.
2026-09-04 20:16:01 | INFO | S3 [iso-FPR BTC, percent]: v87 prints 4.7 at 1 decimals; witness 4.716981132075472; regenerated 4.716981132075472 -> rounds to 4.7. Class D0.
2026-09-04 20:16:01 | INFO | S3 [Ljung-Box p, ETH]: v87 prints 0.019 at 3 decimals; witness 0.018785617996181257; regenerated 0.018785617996181257 -> rounds to 0.019. Class D0.
2026-09-04 20:16:01 | INFO | S3 [onsets BTC]: v87 prints 106 at 0 decimals; witness 106; regenerated 106.0 -> rounds to 106.0. Class D0.
2026-09-04 20:16:01 | INFO | S3 [onsets ETH]: v87 prints 72 at 0 decimals; witness 72; regenerated 72.0 -> rounds to 72.0. Class D0.
2026-09-04 20:16:01 | INFO | S3 [Real_BTC ratio at c = 0.35]: v87 prints 0.74 at 2 decimals; witness 0.7407126611068993; regenerated 0.7407126611068993 -> rounds to 0.74. Class D0.
2026-09-04 20:16:01 | INFO | S3 [Real_BTC ratio at c = 1.5]: v87 prints 1.01 at 2 decimals; witness 1.0074285714285713; regenerated 1.0074285714285713 -> rounds to 1.01. Class D0.
2026-09-04 20:16:01 | INFO | S3 [Real_BTC mean ratio]: v87 prints 0.87 at 2 decimals; witness 0.8682292705270857; regenerated 0.8682292705270857 -> rounds to 0.87. Class D0.
2026-09-04 20:16:01 | INFO | S3 [Synth_BTC mean ratio]: v87 prints 1.06 at 2 decimals; witness 1.0603026678597007; regenerated 1.041041514153539 -> rounds to 1.04. Class D2 or worse -- the qualitative claim is examined separately.
2026-09-04 20:16:01 | INFO | S3 [Synth_BTC ratio minimum]: v87 prints 0.98 at 2 decimals; witness 0.9818435754189944; regenerated 0.9544910179640719 -> rounds to 0.95. Class D2 or worse -- the qualitative claim is examined separately.
2026-09-04 20:16:01 | INFO | S3 [Synth_BTC ratio maximum]: v87 prints 1.14 at 2 decimals; witness 1.1426127128069126; regenerated 1.2384142067139186 -> rounds to 1.24. Class D2 or worse -- the qualitative claim is examined separately.
2026-09-04 20:16:01 | INFO | S3 [QMLE median bias]: no v87 numeral; witness 0.033618304213452764, regenerated 0.022842375390446375. The entropy migration redraws the twenty recovery streams, so this moves by construction and is pre-classified Class A / D2 under `R14-campaign-redraw`.
2026-09-04 20:16:01 | INFO | S3 [QMLE fallback fraction]: witness 0.0, regenerated 0.0 (control C3, reported even at zero).
2026-09-04 20:16:01 | INFO | S3 [unreliable cells]: v87 prints no such count; the R14 prompt states 25 of 88. Witness 25 of 88, regenerated 28 of 88.
2026-09-04 20:16:01 | INFO | S3 [ETH synthetic control]: L345 states that the synthetic control does not recover the light-tailed ordering at ETH's onsets. Witness mean ratio 0.5418423397760349 over 8 magnitudes; regenerated 0.9189199350683375 over 7 magnitudes, 95% interval [0.7876523389282832, 0.9615749561648425]. The claim is v87's own limitation, so reproducing it reproduces a self-critical statement.
2026-09-04 20:16:01 | INFO | SHA-256 R14_crypto_diagnostics.csv               : e598dd2d4b0d58f09d704dc65d960db9cb169d9e27bdbfc39a36815c8f629bf7
2026-09-04 20:16:01 | INFO | SHA-256 R14_crypto_isofpr_race.csv               : f6d037d6e0316d3ff494459fd92debc878ec518f831bab8c20bd1f99302e681e
2026-09-04 20:16:01 | INFO | SHA-256 R14_qmle_recovery.csv                    : 671bc7377c69ed8aacf9ceb336255d15df1ef0e92d38e39fd39b804afbf574db
2026-09-04 20:16:01 | INFO | SHA-256 R14_onset_delays.csv                     : 8c763481cf351213824b7ae844fdc3cff763e7d501164c054533cd85d9214d31
2026-09-04 20:16:01 | INFO | SHA-256 fig16_crypto_race.png                    : 96d3c9f381c4f91aafb52456df207f08769f4b3a914a2e3b8f8830cfc8f7187d
2026-09-04 20:16:01 | INFO | SHA-256 R14_claims.tex                           : 2fe6fd0a43004c72e46b2f8f6397bfa39cc220cd98c102a2f4b2d3679a257544
2026-09-04 20:16:01 | INFO | Execution completed in 11.7s (migrated default arm).
