2026-08-23 09:35:43 | INFO | PYTHONHASHSEED correctly pinned to 42 before interpreter start.
2026-08-23 09:35:43 | INFO | Python: 3.12.9
2026-08-23 09:35:43 | INFO |   numpy: 1.26.4
2026-08-23 09:35:43 | INFO |   pandas: 2.3.2
2026-08-23 09:35:43 | INFO |   scipy: 1.16.2
2026-08-23 09:35:43 | INFO |   matplotlib: 3.10.6
2026-08-23 09:35:43 | INFO |   joblib: 1.4.2
2026-08-23 09:35:43 | INFO |   river: 0.23.0
2026-08-23 09:35:43 | INFO | C3: river is a hard dependency, version 0.23.0, written into every CSV that carries a river detector. Trigger probability: deterministic. The submitted `hasattr(drift, 'binary')` fork is replaced by an explicit path.
2026-08-23 09:35:43 | INFO | C8 verbatim-copy check: all 6 untouched primitives ('compute_gamma_exact', 'solve_beta_for_gamma', 'strict_cusum', 'strict_pht', 'adwin_like_detector', 'wilson_interval') are byte-identical to Priorite_12_multi_detector.py (2206 characters compared).
2026-08-23 09:35:43 | INFO | C8 adapted-primitive check: simulate_garch11 is byte-identical to the witness from its `sigma2_unc` line down (440 characters compared). The two heads differ by the RNG construction alone and are quoted in full below.
2026-08-23 09:35:43 | INFO | C8 witness head of simulate_garch11:
def simulate_garch11(n, omega, alpha, beta, nu=7.0, seed=42):
    # Strict temporal reproducibility: Generator algorithms mutate across NumPy versions.
    # We MUST use the legacy RandomState (MT19937) API, which is mathematically frozen.
    rng = np.random.RandomState(seed)
2026-08-23 09:35:43 | INFO | C8 ported head of simulate_garch11:
def simulate_garch11(n, omega, alpha, beta, nu=7.0, rng=None):
    """
    ADAPTED. The submitted signature is `(n, omega, alpha, beta, nu=7.0,
    seed=42)` and builds `np.random.RandomState(seed)` on its first statement.
    Prompt S2.1 requires the migration to a 128-bit SeedSequence keyed on role
    and index, so the generator is constructed by the caller and passed in.

    Every line from `sigma2_unc` to `return eps` is asserted byte-identical to
    the witness at start-up (control C8), and both source segments are quoted in
    the log.
    """
2026-08-23 09:35:43 | INFO | C8 shared tail of simulate_garch11:
    sigma2_unc = omega / (1 - alpha - beta)
    eps = np.zeros(n); sigma2 = np.zeros(n)
    sigma2[0] = sigma2_unc
    scale = np.sqrt((nu - 2) / nu)
    z = rng.standard_t(df=nu, size=n) * scale
    eps[0] = np.sqrt(sigma2[0]) * z[0]
    for t in range(1, n):
        sigma2[t] = omega + alpha * eps[t-1]**2 + beta * sigma2[t-1]
        sigma2[t] = min(sigma2[t], 1e4 * sigma2_unc)
        eps[t] = np.sqrt(sigma2[t]) * z[t]
    return eps
2026-08-23 09:35:43 | INFO | Specification check: 20 Gamma from 1.0 to 200.0, alpha = 0.08, nu = 7.0, 7000 steps (14000 for experiment D), onset 2000, n_seeds A/B/C/D = 5000/5000/5000/1000, CUSUM Data (65.0, 0.5), CUSUM Concept (10.0, 0.1), ADWIN local delta 0.0005 min_window 30, ADWIN river delta 0.002, drift c = 1.5 (B) and 2.0 (D).
2026-08-23 09:35:43 | INFO | Argument-order check (C8): solve_beta_for_gamma(alpha, target_gamma) is called as solve_beta_for_gamma(0.08, gamma) at every site, which matches the signature. The transposition of exactly this signature ran an entire other stream at a single penalty (docs/DEVIATIONS.md entry 13).
2026-08-23 09:35:43 | INFO | Attainable penalty floor at alpha = 0.08: compute_gamma_exact(alpha, 0) = 1.1739130434782608. A target below it has no root in beta.
2026-08-23 09:35:43 | INFO | Realised penalty against target (C2): 1.0 -> beta = 0 -> 1.1739130435, 6.444444444444445 -> beta = 0.870667486875 -> 6.4444444444, 11.88888888888889 -> beta = 0.889551048152 -> 11.8888888889, 17.333333333333336 -> beta = 0.896771275755 -> 17.3333333333, 22.77777777777778 -> beta = 0.900759002706 -> 22.7777777778, 28.22222222222222 -> beta = 0.903348706685 -> 28.2222222222, 33.66666666666667 -> beta = 0.905193068149 -> 33.6666666667, 39.111111111111114 -> beta = 0.906587486475 -> 39.1111111111, 44.55555555555556 -> beta = 0.907686821813 -> 44.5555555556, 50.0 -> beta = 0.908580800051 -> 50.0000000000, 60.0 -> beta = 0.909860615534 -> 60.0000000000, 75.55555555555556 -> beta = 0.911273803193 -> 75.5555555556, 91.11111111111111 -> beta = 0.91227659687 -> 91.1111111111, 106.66666666666666 -> beta = 0.91303337803 -> 106.6666666667, 122.22222222222223 -> beta = 0.913629415181 -> 122.2222222222, 137.77777777777777 -> beta = 0.914113808522 -> 137.7777777778, 153.33333333333331 -> beta = 0.914517041001 -> 153.3333333333, 168.88888888888889 -> beta = 0.91485914629 -> 168.8888888889, 184.44444444444446 -> beta = 0.915153892026 -> 184.4444444444, 200.0 -> beta = 0.915411086445 -> 200.0000000000
2026-08-23 09:35:43 | INFO | Grid-relation check: rounding the realised penalty of each target to two decimals gives (1.17, 6.44, 11.89, 17.33, 22.78, 28.22, 33.67, 39.11, 44.56, 50.0, 60.0, 75.56, 91.11, 106.67, 122.22, 137.78, 153.33, 168.89, 184.44, 200.0), and the R11 prompt prints (1.17, 6.44, 11.89, 17.33, 22.78, 28.22, 33.67, 39.11, 44.56, 50.0, 60.0, 75.56, 91.11, 106.67, 122.22, 137.78, 153.33, 168.89, 184.44, 200.0). Identical: True. The prompt's S1 lists those literals as the imperative grid; they are the submitted campaign's realised penalties, and the targets that produced them are concat(linspace(1, 50, 10), linspace(60, 200, 10)). This script solves for the targets, which moves beta at the points where the printed literal was a rounding of the realised value and changes nothing where the two coincide.
2026-08-23 09:35:43 | ERROR | C2 FINDING at Gamma = 1.0: the target lies BELOW the attainable penalty floor 1.1739130435 = compute_gamma_exact(0.08, 0), so it has no root in beta and the bisection converges to beta = 0. The realised penalty is 1.1739130435, a relative excess of 17.3913%. This is not a solver failure and no tolerance is widened for it: the grid point is an ARCH(1) process at the attainable floor, exactly as docs/DEVIATIONS.md entry 7 records for R03. The sensitivity arm of prompt S2.3 excludes it at Gamma > 1.5, and the macros carrying that restriction are named ExLowGamma rather than ExIid because the point is ARCH(1) and not i.i.d.
2026-08-23 09:35:43 | INFO | C2 at experiment C's fixed penalty: target 11.58, beta = 0.8889517521997994, realised 11.5800000000.
2026-08-23 09:35:43 | INFO | Identity check: simulate_garch11_instrumented returns eps bit-identical to simulate_garch11 on 20 probe streams of 7000 steps spanning the grid (0 variance-clamp bindings over the probes).
2026-08-23 09:35:44 | INFO | Identity check: the naive window ADWIN, its prefix-sum replica and the instrumented variant return the same alarm index on all 50 probe streams (0 mismatches).
2026-08-23 09:35:44 | INFO | Identity check: instrumented_cusum reproduces strict_cusum on 50 probe streams (0 mismatches) and instrumented_pht reproduces strict_pht at onset 200 (0 mismatches).
2026-08-23 09:35:44 | INFO | C1 (a): a PHT with mean_x frozen at 0.0 returns the same alarm index as strict_cusum on 200 of 200 streams, of which 100 alarm at all. Required: 200 of 200, margin 0 streams.
2026-08-23 09:35:44 | INFO | C1 (b): with mean_x live the alarm index differs from the CUSUM's on 76 of 200 streams. Required: at least 1, margin 75 streams. The adaptive reference is therefore active and the PHT is not a relabelled CUSUM.
2026-08-23 09:35:46 | INFO | PHT calibration, empirical 95th percentile over 2000 i.i.d. streams of 5000 steps: Data continuous (delta = 0.5) lambda = 41.451539, submitted log printed 39.01; Concept binary (delta = 0.1) lambda = 10.317954, submitted log printed 10.34. Both thresholds are read on fresh streams, so every PHT interval carries the sqrt(2) inflation of C5.
2026-08-23 09:35:48 | WARNING | H0 CONCEPT UNDER COMMON RANDOM NUMBERS IS DEGENERATE, AND THIS IS ASSERTED. On 200 seeds the binary stream (eps[2000:] > 0) is bit-identical across all 20 Gamma for 200 of them: eps[t] = sqrt(sigma2[t]) * z[t] with sigma2[t] > 0, so sign(eps_t) = sign(z_t) exactly and the penalty leaves no trace on the sign. R11_concept_fpr_vs_gamma.csv therefore carries one number repeated 20 times, its effective sample size is 5000 and not 100000, and it supports no claim: it is an identity witness. Every published H0 Concept rate, interval and macro is taken from R11_concept_fpr_vs_gamma_independent_seeds.csv, whose key breaks the pairing.
2026-08-23 09:35:48 | INFO | Experiment A: Data pipeline, PHT under H0, 100000 streams. Reset by construction -- the submitted worker standardises on the warm-up and monitors eps[2000:] alone, so no detector sees the warm-up and the pre-onset leak is zero for all three thresholds by construction.
2026-08-23 09:36:52 | INFO | Experiment B, H0, common-random-numbers key ('R11', 'expB_H0', s): 100000 streams x 2 onset arms.
2026-08-23 09:41:20 | INFO | Experiment B, H0, independent key ('R11', 'expB_H0_indep', gamma, s): 100000 streams, reset arm. This is the measurement arm.
2026-08-23 09:45:43 | INFO | Experiment B, H1 at c = 1.5: 100000 streams x 2 onset arms. The H1 arm is NOT degenerate under common random numbers: Delta = c * sigma_unc is constant across Gamma by variance targeting, but the crossing z_t > -Delta/sqrt(sigma2_t) retains the penalty, so the pairing here is the intended design and its effect is measured rather than assumed.
2026-08-23 09:48:06 | INFO | Experiment C: ADWIN magnitude grid at Gamma = 11.58, 35000 streams, warmstart only (the submitted convention). The two panels compare a LOCAL ADWIN on the Data statistic against a river ADWIN on the Concept stream -- two different detectors under one name, kept apart by the adwin_impl columns.
2026-08-23 09:48:41 | INFO | Experiment D: Data pipeline tax at c = 2.0, 20000 streams of 14000 steps x 2 onset arms, H0 and H1 paired within a seed.
2026-08-23 09:50:09 | INFO | C7 positive control: Concept pipeline at the median grid point Gamma = 60.0, amplitudes (0.0, 0.5, 1.0, 1.5, 2.0, 3.0), 1000 seeds, reset arm. A flatness claim passes through any monitor that does not observe the relevant quantity, including a dead one (R05 measured a diagnostic arm saturating at FPR = DetRate = 1.0000 that read as confirmed orthogonality).
2026-08-23 09:50:15 | INFO | Silent-branch counters (prompt S2.4, logged at zero as well as above it). Bindings of the undocumented variance clamp sigma2[t] = min(sigma2[t], 1e4 * sigma2_unc), which appears in no specification of v87: 6 over 465000 monitored streams (A 0, B H0 CRN 0, B H0 independent 0, B H1 6, C 0, D 0). Activations of the floor max(sig_f, 1e-8) on the warm-up standard deviation: 0 (A 0, C 0, D 0). Activations of the floor max(np.std(z_sq), 1e-8) in the PHT calibration: 0 over 4000 calibration streams.
2026-08-23 09:50:15 | INFO | Block A: PHT on the Data statistic under H0. Raw threshold, mean over Gamma > 20: 84.0700% (maximum over the grid 84.8800%; the submitted log printed a maximum of 85.94%). Under sqrt(Gamma) scaling the grid mean is 28.1790%, against v87 L171's 'plateaus near 30%'. Under the full Gamma inflation: 14.4600% at Gamma = 1.1739130434782608 and 2.0962% averaged over Gamma > 20, against a nominal 5%. Every interval on this arm carries C5's sqrt(2) inflation.
2026-08-23 09:50:15 | INFO | Block B, H0 Concept CUSUM: CRN arm reset 7.6600% with a grid spread of 0.00e+00 (identity witness, 1 distinct values over 20 rows); independent-seed arm 7.9930%, spread 1.9200%. The second is the measurement.
2026-08-23 09:50:15 | INFO | Block B, H0 Concept PHT: CRN arm reset 5.1800% with a grid spread of 0.00e+00 (identity witness, 1 distinct values over 20 rows); independent-seed arm 5.8520%, spread 1.3600%. The second is the measurement.
2026-08-23 09:50:15 | INFO | Block B, H0 Concept ADWIN: CRN arm reset 0.0200% with a grid spread of 0.00e+00 (identity witness, 1 distinct values over 20 rows); independent-seed arm 0.0470%, spread 0.1000%. The second is the measurement.
2026-08-23 09:50:15 | INFO | Block B, H0 Concept DDM: CRN arm reset 10.3400% with a grid spread of 0.00e+00 (identity witness, 1 distinct values over 20 rows); independent-seed arm 10.4430%, spread 1.6800%. The second is the measurement.
2026-08-23 09:50:15 | INFO | Block B, H0 Concept EDDM: CRN arm reset 93.1600% with a grid spread of 0.00e+00 (identity witness, 1 distinct values over 20 rows); independent-seed arm 92.1000%, spread 0.8000%. The second is the measurement.
2026-08-23 09:50:15 | INFO | Block B: EDDM holds a mean H0 Concept FPR of 92.1000% on the independent-seed arm, lowest Wilson bound 90.9862%. v87 L296 describes it as 'permanently triggered (>90% FPR)'.
2026-08-23 09:50:15 | INFO | Block B, Kish design effect of the H0 Concept pooled level, paired against independent keys: CUSUM: 20.0040 vs 1.0034, PHT: 20.0040 vs 0.9808, ADWIN: 20.0040 vs 0.9913, DDM: 20.0040 vs 1.0014, EDDM: 20.0040 vs 1.0087. A CRN arm whose readings are bit-identical carries a design effect of 20 by construction, so its 100000 streams hold the information of 5000.
2026-08-23 09:50:15 | INFO | Block C, mean Concept ADD over the grid, by arm: CUSUM reset 28.4078 / warmstart 25.4347 / as_submitted 28.4078 (reset); PHT reset nan / warmstart 27.0517 / as_submitted 27.0517 (warmstart); ADWIN reset 2023.7500 / warmstart 61.2123 / as_submitted 61.2123 (warmstart); DDM reset 1873.6072 / warmstart 249.6010 / as_submitted 249.6010 (warmstart); EDDM reset 352.8913 / warmstart 133.8235 / as_submitted 133.8235 (warmstart). v87's Figure 15B caption prints CUSUM ~28.3, PHT ~27.1, ADWIN ~61, DDM ~250. Those four numerals were produced under a MIXED convention -- the CUSUM at reset, the four adaptive detectors at warmstart -- so they are reproduced on the as_submitted arm and on no other. Neither matched arm reproduces the submitted campaign, and a comparison taken across the four numerals is a comparison across two conventions.
2026-08-23 09:50:27 | INFO | Block C, peak-to-peak ADD spread (max - min)/mean on the as_submitted arm, DESCRIPTIVE with a paired seed-cluster interval and never a gate: CUSUM 1.1279% [0.5888%, 2.4832%]; PHT 0.8184% [0.4959%, 2.2740%]; ADWIN 13.1555% [11.7655%, 14.5489%]; DDM 4.2215% [3.1269%, 5.1918%]; EDDM 1.2926% [1.0636%, 3.4510%]. v87 L296 prints below 3.2% for the cumulative detectors and 13% for ADWIN, and those figures come from the same mixed convention as the ADD numerals.
2026-08-23 09:50:27 | INFO | Block C, the same spread on the matched reset arm, for the comparability finding and not for comparison with v87: CUSUM 1.1279%; PHT nan%; ADWIN 31.4795%; DDM 7.1377%; EDDM 101.9761%
2026-08-23 09:50:27 | INFO | Block C, the same spread on the matched warmstart arm, for the comparability finding and not for comparison with v87: CUSUM 1.0403%; PHT 0.8184%; ADWIN 13.1555%; DDM 4.2215%; EDDM 1.2926%
2026-08-23 09:50:27 | INFO | Block D: the PHT's detection rate on the Data arm falls below 50% first at Gamma = 91.1111, against v87 L298's 'beyond Gamma ~ 75 ... collapsing detection below 50%'. 12 of 20 grid points survive the censor on the as_submitted arm, which gives the PHT the warmstart convention (warmstart) and the CUSUM the reset one (reset).
2026-08-23 09:50:27 | INFO | Block E: at c = 0 the local ADWIN on the Data statistic alarms on 2.9000% of streams and the river ADWIN on the Concept stream on 0.0600%. The two panels of this grid carry two different detectors under one name; the CSV separates them by adwin_impl_Data = local and adwin_impl_Concept = river. This artefact certifies no number, figure or table of v87.
