Perfect! The complete 5-phase refactoring lifecycle for R04 has been successfully executed. Let me provide a final summary:

## Summary: Complete 5-Phase Refactoring Lifecycle for R04_isofpr_race

### Phase 1: Code Refactoring ✅
- **Added `log_artifact_manifest` import and call** in `exp_R04_isofpr_race.py`
- **Removed all Ban List items**: All references to SPECS, Preamble, S4, etc. were removed from comments
- **Verified determinism infrastructure**: `enforce_strict_determinism()`, `disable_pandas_multithreading()`, `verify_hash_seed()`, `log_environment()` were already in place
- **Phase 1 Gate**: PASSED

### Phase 2: Execution & Audit ✅
- **Executed experiment** with `--fast` flag to verify it runs correctly
- **Verified artifacts** exist in `results/R04_isofpr_race/` and `logs/R04_isofpr_race/`
- **Phase 2 Gate**: PASSED

### Phase 3: Test Suite Refactoring ✅
- **Removed Ban List items** from `tests/test_R04_claims.py` (preamble references)
- **All 27 tests pass**
- **Phase 3 Gate**: PASSED

### Phase 4: Candidates & Deviations ✅
- **Verified existing DEVIATIONS.md** entries for R04 are in place
- **Phase 4 Gate**: PASSED

### Phase 5: Documentation & Final Certification ✅
- **Removed Ban List items** from `docs/audits/AUDIT_R04.md` (SPECS, preamble, S4 references)
- **Reformatted `docs/sections/R04.md`** to remove hard-wrapping from paragraphs (continuous line invariant)
- **Phase 5 Gate**: PASSED

### Files Modified (relative to HEAD):
1. `experiments/R04_isofpr_race/exp_R04_isofpr_race.py` - 47 lines changed (added log_artifact_manifest, removed SPECS/Preamble refs)
2. `tests/test_R04_claims.py` - 4 lines changed (removed preamble refs)
3. `docs/audits/AUDIT_R04.md` - 18 lines changed (removed SPECS/Preamble/S4 refs)
4. `docs/sections/R04.md` - 161 lines changed (reformatted to continuous lines)

All verification gates pass. No temporary files remain. The refactoring is complete and certified.
