2026-09-05 07:01:47 | INFO | PYTHONHASHSEED correctly pinned to 42 before interpreter start.
2026-09-05 07:01:47 | INFO | Python: 3.12.9
2026-09-05 07:01:47 | INFO |   numpy: 1.26.4
2026-09-05 07:01:47 | INFO |   pandas: 2.3.2
2026-09-05 07:01:47 | INFO |   scipy: 1.16.2
2026-09-05 07:01:47 | INFO |   matplotlib: 3.10.6
2026-09-05 07:01:47 | INFO |   joblib: 1.4.2
2026-09-05 07:01:47 | INFO |   pytest: 9.0.3
2026-09-05 07:01:47 | INFO | R09 measures v87 Figure 9 (fig:anytime) and the paragraph at L243: what happens to a fixed-horizon sign-CUSUM when the monitoring does not stop at the horizon it was calibrated for, and what a mixture martingale delivers instead. Three arms -- CUSUM, MIX, e-CUSUM -- on 20,000 fair-coin streams over [1, 4H], seven nominal levels, and a 10-point drift grid on 2,000 drift streams per cell.
2026-09-05 07:01:47 | INFO | N_ALT STAYS AT 2000. L243's 409 and 539 are themselves 2000-stream measurements: `simulate_h1` loops on N_ALT and the delivered log line 'Control (g): ... ADD=409.11' is that loop's output. Raising N_ALT to 20000 would displace two printed numerals that the witness configuration reproduces exactly, which is a self-inflicted D2 against the non-regression role preamble S1 gives v87's results. L243's '2x10^4 fair-coin streams per level' scopes 2e4 to the H0 arm, and a fair-coin stream is by definition an H0 stream. The Figure 9 caption's '(2x10^4 streams per cell)' is IMPRECISE, NOT FALSE -- it describes neither the calibration (N_CAL = 50000) nor panel B (N_ALT = 2000) -- so the R09 prompt's perimeter filter keeps it out of docs/DEVIATIONS.md and it is carried as a camera-ready candidate instead.
2026-09-05 07:01:47 | INFO | RESOLUTION THAT DECISION BUYS, PANEL BY PANEL. Panels A and C carry Wilson intervals at n = 20000; panel B carries SEMs at n = 2000, i.e. sqrt(20000/2000) = 3.16x wider for the same underlying dispersion. Panel B's axis is labelled with its own n so the figure is not read against the caption's single number.
2026-09-05 07:01:47 | INFO | DRAW MECHANISM, A DELIBERATE CHANGE FROM THE WITNESS. Every Bernoulli draw is `y_t = (rng.random(size) < p)` rather than `rng.binomial(1, p, size)`. Exact Bernoulli either way, but with a threshold on a shared uniform two eta values consume the IDENTICAL uniform stream and differ only where the threshold moves, which makes the common-random-numbers plan structural rather than incidental. `Generator.binomial`'s consumption pattern for n = 1 is an implementation detail that must not be relied upon.
2026-09-05 07:01:47 | INFO | ENTROPY. Keys carry ROLE AND INDEX ONLY, never alpha and never eta: ('R09','m1_expectation'), ('R09','m1_ville',i), ('R09','cusum_calibration',i), ('R09','h0',i), ('R09','h1_sides'), ('R09','h1',i), ('R09','c4_matched_rate_bootstrap'). Because no key carries a process parameter, the same key serves every grid point: every comparison between arms at fixed (alpha, eta), and every comparison across eta and across alpha, is PAIRED. No pooled interval is published; the design effect of the one paired comparison control C4 reads is measured and logged beside it.
2026-09-05 07:01:47 | INFO | C5 (i) CARRIED PRIMITIVES: 1 byte-identical to Priorite_22_eprocess_anytime.py (442 characters compared) -- wilson_ci. Preamble S4.2 forbids hoisting any of them into experiments/common/, so the duplication is deliberate. Deterministic; trigger probability 0 unless a copy has drifted.
2026-09-05 07:01:47 | INFO | C5 (ii) ADAPTED ROUTINES. ['_process_m1_chunk', '_process_h0_chunk', 'calibrate_cusum', 'simulate_h1', 'run_m1_certificate'] each take an injected generator keyed on role and index where Priorite_22_eprocess_anytime.py spawns one from a master SeedSequence, and each replaces `rng.binomial(1, p, size)` by a threshold on a shared uniform, so byte identity is not assertable on them and the witness source of each is quoted in full below instead. This is the treatment exp_R13_oracle_ceiling_a.py gives process_episode. The witness segments total 10047 characters.
2026-09-05 07:01:47 | INFO | C5 witness SHA-256 of _process_m1_chunk: 3b238fd994fcdb5182fe5871c8e7991770bfb0338fc5792ce2dd90dd79371636
2026-09-05 07:01:47 | INFO | C5 witness source of _process_m1_chunk:
def _process_m1_chunk(seq_chunk, chunk_size, start_times, log_inc_1, log_inc_0):
    rng = np.random.default_rng(seq_chunk)
    log_w = np.log(MIX_W)
    logM_mix = np.full((chunk_size, C_MIX), log_w)
    first_alarm_mix = {a: np.full(chunk_size, np.inf) for a in ALPHAS}
    
    for t in range(T_EXT):
        y_t = rng.binomial(1, 0.5, size=chunk_size)
        active_idx = np.where(t >= start_times)[0]
        if len(active_idx) > 0:
            inc = np.where(y_t[:, None] == 1, log_inc_1[active_idx], log_inc_0[active_idx])
            logM_mix[:, active_idx] += inc
        
        logE_t = logsumexp(logM_mix, axis=1)
        if np.any(np.isnan(logE_t)) or np.any(np.isinf(logE_t)):
            raise ValueError("NaN/Inf encountered in MIX logE_t.")
            
        for a in ALPHAS:
            cross = (logE_t >= -np.log(a))
            mask = cross & (first_alarm_mix[a] == np.inf)
            first_alarm_mix[a][mask] = t + 1
    return first_alarm_mix
2026-09-05 07:01:47 | INFO | C5 witness SHA-256 of _process_h0_chunk: 5f5fdea9f45c86faaaf8a186e5d21de96cd94d73e473e48ef0d6866e8976ecc4
2026-09-05 07:01:47 | INFO | C5 witness source of _process_h0_chunk:
def _process_h0_chunk(seq_chunk, chunk_size, lambda_star, start_times, log_inc_1, log_inc_0, inc_p_1, inc_p_0, inc_m_1, inc_m_0):
    rng = np.random.default_rng(seq_chunk)
    S_pos = np.zeros(chunk_size)
    S_neg = np.zeros(chunk_size)
    logM_mix = np.full((chunk_size, C_MIX), np.log(MIX_W))
    logMp = np.zeros(chunk_size)
    logMm = np.zeros(chunk_size)
    
    fa_cusum = {a: np.full(chunk_size, np.inf) for a in ALPHAS}
    fa_mix = {a: np.full(chunk_size, np.inf) for a in ALPHAS}
    fa_ecusum = {a: np.full(chunk_size, np.inf) for a in ALPHAS}
    xt_cusum = {a: np.zeros(chunk_size, dtype=bool) for a in ALPHAS}
    xt_mix = {a: np.zeros(chunk_size, dtype=bool) for a in ALPHAS}
    xt_ecusum = {a: np.zeros(chunk_size, dtype=bool) for a in ALPHAS}
    
    for t in range(T_EXT):
        y_t = rng.binomial(1, 0.5, size=chunk_size)
        
        # CUSUM
        dev = y_t - 0.5
        S_pos = np.maximum(0, S_pos + dev - DELTA_CUSUM)
        S_neg = np.maximum(0, S_neg - dev - DELTA_CUSUM)
        M_cusum = np.maximum(S_pos, S_neg)
        
        # MIX
        active_idx = np.where(t >= start_times)[0]
        if len(active_idx) > 0:
            inc_mix = np.where(y_t[:, None] == 1, log_inc_1[active_idx], log_inc_0[active_idx])
            logM_mix[:, active_idx] += inc_mix
        logE_mix = logsumexp(logM_mix, axis=1)
        
        # eCUSUM
        ip = np.where(y_t == 1, inc_p_1, inc_p_0)
        im = np.where(y_t == 1, inc_m_1, inc_m_0)
        logMp = np.maximum(0, logMp + ip)
        logMm = np.maximum(0, logMm + im)
        M_ecusum = np.maximum(logMp, logMm)
        
        for a in ALPHAS:
            c_cross = (M_cusum >= lambda_star[a])
            m_cross = (logE_mix >= -np.log(a))
            e_cross = (M_ecusum >= -np.log(a))
            
            fa_cusum[a][c_cross & (fa_cusum[a] == np.inf)] = t + 1
            fa_mix[a][m_cross & (fa_mix[a] == np.inf)] = t + 1
            fa_ecusum[a][e_cross & (fa_ecusum[a] == np.inf)] = t + 1
            
            if t == T_EXT - 1:
                xt_cusum[a] = c_cross
                xt_mix[a] = m_cross
                xt_ecusum[a] = e_cross
                
    return fa_cusum, fa_mix, fa_ecusum, xt_cusum, xt_mix, xt_ecusum
2026-09-05 07:01:47 | INFO | C5 witness SHA-256 of calibrate_cusum: 742644fd9cc19fae405daffae3b1fcba69c03278ad6f5a264f6dba080b476290
2026-09-05 07:01:47 | INFO | C5 witness source of calibrate_cusum:
def calibrate_cusum(seq):
    logging.info("Calibrating CUSUM threshold on lattice...")
    child_seq = seq.spawn(1)
    register_seeds(child_seq, "CUSUM_calib")
    rng = np.random.default_rng(child_seq[0])
    max_M = np.zeros(N_CAL)
    
    S_pos = np.zeros(N_CAL)
    S_neg = np.zeros(N_CAL)
    
    for t in range(H):
        y_t = rng.binomial(1, 0.5, size=N_CAL)
        dev = y_t - 0.5
        S_pos = np.maximum(0, S_pos + dev - DELTA_CUSUM)
        S_neg = np.maximum(0, S_neg - dev - DELTA_CUSUM)
        M_t = np.maximum(S_pos, S_neg)
        max_M = np.maximum(max_M, M_t)
        
    lambda_star = {}
    actual_level = {}
    for a in ALPHAS:
        # float lattice behavior emulation
        l_star = np.quantile(max_M, 1 - a)
        lambda_star[a] = l_star
        # The prompt requires raw floats >= lambda_star (Yielding ~5.03% on alpha=0.05)
        achieved = np.mean(max_M >= l_star)
        actual_level[a] = achieved
        logging.info(f"Calibration alpha={a}: lambda_star={l_star:.4f}, achieved={achieved:.4f}")
    
    logging.info("CUSUM comparison semantics: flottants bruts >= lambda_star (niveau effectif ~5.03%)")
    return lambda_star, actual_level
2026-09-05 07:01:47 | INFO | C5 witness SHA-256 of simulate_h1: ed7917df28fc2c1dbb2b30bba6a97c169b529e0e68d19989e7fb609f15ee0601
2026-09-05 07:01:47 | INFO | C5 witness source of simulate_h1:
def simulate_h1(seq, lambda_star):
    logging.info("Simulating H1 streams for M4...")
    child_seq = seq.spawn(1)
    register_seeds(child_seq, "H1_sim")
    rng = np.random.default_rng(child_seq[0])
    
    log_inc_1 = np.zeros(C_MIX)
    log_inc_0 = np.zeros(C_MIX)
    idx = 0
    start_times = np.zeros(C_MIX, dtype=int)
    for st in START_GRID:
        for e0 in ETA0_MIX_GRID:
            for sd in SIDES:
                start_times[idx] = st
                log_inc_1[idx] = np.log(2 * (0.5 + sd * e0))
                log_inc_0[idx] = np.log(2 * (0.5 - sd * e0))
                idx += 1
                
    results = {}
    
    for eta in ETAS:
        # Pre-assign sides randomly per stream
        stream_sides = rng.choice(SIDES, size=N_ALT)
        p_alt = 0.5 + stream_sides * eta
        
        S_pos = np.zeros(N_ALT)
        S_neg = np.zeros(N_ALT)
        logM_mix = np.full((N_ALT, C_MIX), np.log(MIX_W))
        
        fa_cusum = {a: np.full(N_ALT, np.inf) for a in ALPHAS}
        fa_mix = {a: np.full(N_ALT, np.inf) for a in ALPHAS}
        
        for t in range(H):
            if t < TAU:
                y_t = rng.binomial(1, 0.5, size=N_ALT)
            else:
                y_t = rng.binomial(1, p_alt)
                
            dev = y_t - 0.5
            S_pos = np.maximum(0, S_pos + dev - DELTA_CUSUM)
            S_neg = np.maximum(0, S_neg - dev - DELTA_CUSUM)
            M_cusum = np.maximum(S_pos, S_neg)
            
            active_idx = np.where(t >= start_times)[0]
            if len(active_idx) > 0:
                inc_mix = np.where(y_t[:, None] == 1, log_inc_1[active_idx], log_inc_0[active_idx])
                logM_mix[:, active_idx] += inc_mix
            logE_mix = logsumexp(logM_mix, axis=1)
            
            for a in ALPHAS:
                c_cross = (M_cusum >= lambda_star[a])
                m_cross = (logE_mix >= -np.log(a))
                
                fa_cusum[a][c_cross & (fa_cusum[a] == np.inf)] = t + 1
                fa_mix[a][m_cross & (fa_mix[a] == np.inf)] = t + 1
                
        for a in ALPHAS:
            valid_c = (fa_cusum[a] > TAU) & (fa_cusum[a] <= H)
            valid_m = (fa_mix[a] > TAU) & (fa_mix[a] <= H)
            
            det_c = np.mean(valid_c)
            det_m = np.mean(valid_m)
            
            add_c = np.mean(fa_cusum[a][valid_c] - TAU) if np.sum(valid_c) > 0 else np.nan
            add_m = np.mean(fa_mix[a][valid_m] - TAU) if np.sum(valid_m) > 0 else np.nan
            
            sem_c = np.std(fa_cusum[a][valid_c] - TAU)/np.sqrt(np.sum(valid_c)) if np.sum(valid_c) > 0 else np.nan
            sem_m = np.std(fa_mix[a][valid_m] - TAU)/np.sqrt(np.sum(valid_m)) if np.sum(valid_m) > 0 else np.nan
            
            ci_c = wilson_ci(np.sum(valid_c), N_ALT)
            ci_m = wilson_ci(np.sum(valid_m), N_ALT)
            
            results[("CUSUM", a, eta)] = (det_c, ci_c[0], ci_c[1], add_c, sem_c)
            results[("MIX", a, eta)] = (det_m, ci_m[0], ci_m[1], add_m, sem_m)
            
    return results
2026-09-05 07:01:47 | INFO | C5 witness SHA-256 of run_m1_certificate: eba0ed5d53aa855cd2a85050dd4ad9c62fd988a4d290b3ee94fe45282358ef9b
2026-09-05 07:01:47 | INFO | C5 witness source of run_m1_certificate:
def run_m1_certificate(seq):
    logging.info("Executing M1 Certificate (Parallelized via invariant PRNG spawning)...")
    child_seqs_main = seq.spawn(2)
    register_seeds(child_seqs_main, "M1_main")
    rng = np.random.default_rng(child_seqs_main[0])
    
    # M1 (i): Expectation of lambda_t
    n_steps = 2000000
    y = rng.binomial(1, 0.5, size=n_steps)
    eta0_draws = rng.choice(ETA0_MIX_GRID, size=n_steps)
    side_draws = rng.choice(SIDES, size=n_steps)
    
    lambda_t = np.where(y == 1, 2 * (0.5 + side_draws * eta0_draws), 2 * (0.5 - side_draws * eta0_draws))
    mean_lambda = np.mean(lambda_t)
    logging.info(f"M1(i) Mean of lambda_t over 2e6 steps: {mean_lambda:.5f}")
    if abs(mean_lambda - 1.0) > 3e-3:
        logging.error("FATAL: M1(i) violated. E[lambda_t] != 1.0.")
        sys.exit(1)
        
    # M1 (ii): Ville's Bound via fast simulation
    n_ville = N_NULL
    log_w = np.log(MIX_W)
    logM_mix = np.full((n_ville, C_MIX), log_w)
    
    # Precompute log increments
    log_inc_1 = np.zeros(C_MIX)
    log_inc_0 = np.zeros(C_MIX)
    idx = 0
    start_times = np.zeros(C_MIX, dtype=int)
    for st in START_GRID:
        for e0 in ETA0_MIX_GRID:
            for sd in SIDES:
                start_times[idx] = st
                log_inc_1[idx] = np.log(2 * (0.5 + sd * e0))
                log_inc_0[idx] = np.log(2 * (0.5 - sd * e0))
                idx += 1
                
    # Ensure NUM_CHUNKS invariantly determines execution graph for absolute reproducibility
    n_jobs = min(cpu_count(), NUM_CHUNKS)
    child_seqs = child_seqs_main[1].spawn(NUM_CHUNKS)
    register_seeds(child_seqs, "M1_chunks")
    
    base_chunk = n_ville // NUM_CHUNKS
    rem = n_ville % NUM_CHUNKS
    chunk_sizes = [base_chunk + 1 if i < rem else base_chunk for i in range(NUM_CHUNKS)]
    
    res_chunks = Parallel(n_jobs=n_jobs)(
        delayed(_process_m1_chunk)(child_seqs[i], chunk_sizes[i], start_times, log_inc_1, log_inc_0)
        for i in range(NUM_CHUNKS)
    )
    
    first_alarm_mix = {a: np.concatenate([res[a] for res in res_chunks]) for a in ALPHAS}

    for a in ALPHAS:
        fpr = np.mean(first_alarm_mix[a] <= T_EXT)
        ci_low, ci_high = wilson_ci(np.sum(first_alarm_mix[a] <= T_EXT), n_ville)
        logging.info(f"M1(ii) alpha={a}: FPR anytime over T_EXT = {fpr:.4f} (Wilson CI: [{ci_low:.4f}, {ci_high:.4f}])")
        if fpr > a + 0.005:
            logging.error(f"FATAL: M1(ii) Ville's bound violated for alpha={a}. FPR={fpr:.4f}")
            sys.exit(1)
            
    logging.info("M1 Certificate PASS.")
2026-09-05 07:01:47 | INFO | C5 (iii) STATEMENT IDENTITY: 27 recursion statements extracted from the witness AST and found verbatim in exp_R09_eprocess_anytime.py -- the three CUSUM lines, the four MIX lines, the five e-CUSUM lines, the two mixture log-increments, the four e-CUSUM increment definitions and the calibration quantile. Deterministic; trigger probability 0 unless a copy has drifted.
2026-09-05 07:01:47 | INFO | C2 (i) `arl0_bound_respected` is the computed comparison `arl0 >= 1.0 / a`, located in this file's own AST: a single `>=` whose right-hand side is `1.0 / a`. It is NEITHER a definitional tautology NOR a literal -- it is a computed comparison that is ARITHMETICALLY NECESSARY for the censored arms, because arl0 = mean(min(fa, T_EXT)) is bounded below by censored_frac * T_EXT, i.e. by at least 13000 at a censored fraction of 0.65, against a 1/alpha of at most 100. The per-row implied lower bound and whether the flag carried information are logged with the ARL0 table. Deterministic; trigger probability 0. This answers R09 prompt section 2.1.
2026-09-05 07:01:47 | INFO | ==============================================================================
2026-09-05 07:01:47 | INFO | CONTROL DESIGN, FIXED BEFORE THE FIRST NUMBER IS READ (S4bis, S4.10)
2026-09-05 07:01:47 | INFO | ==============================================================================
2026-09-05 07:01:47 | INFO | C1 -- CENSORING IS INSEPARABLE FROM EVERY ARL0. No ARL0_mean is written to any frame, plotted, or passed to the macro emitter without censored_frac on the same row. Asserted on the frame schema and on the emitter's input. Deterministic; trigger probability 0.
2026-09-05 07:01:47 | INFO | C2 -- `arl0_bound_respected` IS COMPUTED, NOT A LITERAL. Asserted on this file's own AST and, independently, in tests/test_R09_claims.py. Deterministic; trigger probability 0.
2026-09-05 07:01:47 | INFO | C3 -- THE MARTINGALE BOUND, AS ONE STATISTIC WITH AN EXACT NULL. Seven binary gates at 5% would ring on a compliant campaign with probability 1 - 0.95^7 = 0.3017; worse, the submitted MIX peeking rate sits at 0.94-0.99 of alpha, so at alpha = 0.05 the margin to the bound is 0.00055 against a binomial SE of 0.00154 -- 0.36 sigma, a ~36% chance of a spurious exceedance at that level alone. A KS test of seven p-values against Uniform(0,1) is the wrong instrument too: under Ville the p-values are STOCHASTICALLY LARGE by construction, so a two-sided uniformity test would reject precisely because the bound is conservative. DESIGN: let Z = sup_(1<=t<=T_EXT) E_t per H0 stream and U = min(1, 1/Z). Ville gives P(Z >= 1/alpha) <= alpha for EVERY alpha, i.e. F_U(alpha) <= alpha over the whole range. Tested with the ONE-SIDED Kolmogorov statistic D+ = sup_alpha (F_n(alpha) - alpha) on n = 20000, exact null scipy.stats.ksone.sf(D+, n) at the least-favourable boundary F_U = Id. GATE AT 0.01; trigger probability under its own null is EXACTLY 0.01, and strictly below it because the true F_U is bounded away from the identity and U has atoms.
2026-09-05 07:01:47 | INFO | C3 DERIVATION, one line as S4.6 requires: each mixture component is a non-negative martingale with E_0 = 1 (a component not yet started holds value 1), a convex combination of martingales is a martingale, and Ville's inequality on a non-negative martingale gives P(sup_t E_t >= c) <= E_0 / c = 1/c.
2026-09-05 07:01:47 | INFO | C3 NEGATIVE CONTROL, same statistic, on the CUSUM arm, with U_cusum the calibration survival probability of the peeking maximum read off the N_CAL = 50000 sample. It must reject decisively -- that is v87's own claim that fixed-horizon CUSUM does not control the time-uniform rate -- which is what establishes the test has power against the alternative it is used on. U_cusum uses an ESTIMATED CDF and therefore carries the double variance of S4bis's second corollary; this direction is a control on power, not an acceptance gate.
2026-09-05 07:01:47 | INFO | C4 -- THE POSITIVE CONTROL, PER ARM, WITH AN AGGREGATE RATHER THAN NINE GATES. Nine adjacent-pair comparisons per arm would ring with probability 1 - (1 - p)^9 = 0.0865 at p = 0.01, and strict adjacent monotonicity is unusable anyway: in the submitted campaign the CUSUM pair eta = 0.02 -> 0.04 moves 1244.36 -> 1234.90, a difference of -9.5 against a difference SE of order 77, which inverts roughly half the time. INSTEAD, per arm: a Spearman rank correlation of ADD against eta over the 10 grid points, ONE-SIDED, with its EXACT permutation null (3628800 permutations, enumerated in full). GATE AT 0.01 on each of the arms; rho, the exact p-value, the nine pairwise z-margins and a weighted least-squares slope are reported descriptively. The same test runs on detection rate against eta, one-sided increasing, and is reported without gating.
2026-09-05 07:01:47 | INFO | C4 THE CONFOUNDER IS NAMED, NOT BURIED. ADD is conditional on (fa > TAU) & (fa <= H), and detection rates run from about 0.057 to 0.98 across the grid, so at small eta a slower arm that detects MORE streams necessarily averages over slower ones. THE PRIMARY INSTRUMENT IS A MATCHED-DETECTION-RATE QUANTILE, not the common-detection subset: the intersection of two detection events whose rates differ by a factor of 2.8 is dominated by the streams both arms find easy, its composition depends on both detectors, and it is therefore itself a selected sample that cannot carry a D3. At each eta, q = min(p_CUSUM, p_MIX) and the q-quantile of each arm's alarm-time distribution is compared with non-detections placed at +inf. This asks 'to reach the same detection rate, which arm needs fewer steps', is well defined for every q <= min(p), conditions on nothing, and is the same iso-rate comparison the paper's own iso-FPR race uses. Reported with a paired bootstrap interval over the 2000 trajectory indices, 2000 replicates at the 5% level. The common-detection paired difference is computed and reported BESIDE it as a second reading and gates nothing.
2026-09-05 07:01:47 | INFO | C4 DECISION RULE, FIXED BEFORE THE FIRST NUMBER. (1) If MIX's matched-rate quantile is at or below CUSUM's at eta in (0.02, 0.04), the marginal ADD reversal is an artefact of conditioning on detection; L243's 'ceding ground only for abrupt shifts' and the caption's 'matches ... for eta <= 0.10' stand, and the caveat is a Class A entry with no severity. (2) If MIX's matched-rate quantile is strictly above CUSUM's with the paired bootstrap interval excluding zero, a printed qualitative claim is contradicted: D3, full stop, full report, no parameter moved.
2026-09-05 07:01:47 | INFO | C5 -- `ast` SOURCE IDENTITY, run before any compute so a transcription error costs no time. Deterministic; trigger probability 0 unless a copy has drifted.
2026-09-05 07:01:47 | INFO | C6 -- REPRODUCIBILITY, THREE AXES. (1) two successive runs, SHA-256 identical on every artefact; (2) --n-jobs 1 against the default, byte-identical, since NUM_CHUNKS = 10 fixes the decomposition; (3) the run WITHOUT --control-arms reproduces the four published CSVs byte for byte, proving the control arm leaks no state into the published path. Verified outside the process, from the digests this log records.
2026-09-05 07:01:47 | INFO | CALIBRATION COHERENCE, REPLACING THE DELIVERED CONTROLS (b) AND (e). The delivered gates `0.046 <= FPR <= 0.055` and `|FPR_M2 - calib| <= 3 sqrt(alpha(1-alpha)/N_NULL)` both ignore that lambda_star is ITSELF ESTIMATED on N_CAL = 50000 streams (S4bis, second corollary). The correct variance of the difference is alpha(1-alpha)(1/N_NULL + 1/N_CAL) = 3.325e-06 at alpha = 0.05, i.e. an SE of 0.001823 against the delivered 0.001541. The tolerance is z(1 - 0.001/2) times that SE and is derived from the mechanism, never from an observed gap; its trigger probability under its own null is 0.001.
2026-09-05 07:01:47 | INFO | M1(i) GATE. |E[lambda_t] - 1| > 0.003 halts the run. Var(lambda_t) = 4 E[eta0^2] = 0.046667 exactly, so the SE over 2e+06 draws is 1.528e-04 and the delivered tolerance is 19.6 standard errors; two-sided trigger probability 7.094e-86. The tolerance is derived, so it is kept; the delivered M1(ii) gate `if fpr > a + 0.005` is NOT, and it is removed as a gate and replaced by C3.
2026-09-05 07:01:47 | INFO | STREAM-LEVEL FAMILY-WISE TRIGGER PROBABILITY, LOGGED ONCE BEFORE ANY RESULT IS READ. C3 gates at 0.01 on one arm; C4 gates on a one-sided Spearman at 0.01 on each of 3 arms. 4 gates whose nulls are, by construction, exact or conservative, so the probability that at least one fires on a compliant campaign is bounded by 1 - (1 - 0.01)^4 = 3.940399%, below the 5% ceiling S4bis fixes. Including the calibration coherence gate at 0.001 and the M1(i) gate the full stream-level figure is 4.036459%, still below the ceiling. No level is chosen after a result is seen.
2026-09-05 07:01:47 | INFO | HALT CONDITION. If C4's matched-detection-rate quantile shows MIX strictly slower than CUSUM at eta <= 0.04 with its paired bootstrap interval excluding zero, or if C3's D+ rejects on the MIX arm, that is a D3: stop, report in full, change no parameter, tolerance, seed or bound. A reversal visible only in the marginal conditional ADD, or only on the common-detection subset, is NOT a halt condition and is reported under `R09-add-conditioning`.
2026-09-05 07:01:47 | INFO | Worker processes requested: 10; control arm computed: True. NUM_CHUNKS = 10 is fixed, so neither value can move a number.
2026-09-05 07:01:47 | INFO | ==============================================================================
2026-09-05 07:01:47 | INFO | Mixture kernel: 96 = 16 start times x 3 betting fractions x 2 sides, uniform weight 0.010416666666666666. e-CUSUM increments: log(2*(0.5+eta0)) = 0.1823215567939546, log(2*(0.5-eta0)) = -0.2231435513142097 at eta0 = 0.1.
2026-09-05 07:01:47 | INFO | M1(i) mean of lambda_t over 2e+06 steps: 0.9997734, displaced from 1 by 1.483 standard errors (analytic SD 0.216025, SE 1.528e-04).
2026-09-05 07:03:58 | INFO | M1 completed in 130.8s over 10 chunks of 2000 streams.
2026-09-05 07:03:58 | INFO | Calibration alpha=0.1: lambda_star=10.4000, achieved=0.1003 on N_CAL = 50000 streams over [1, H].
2026-09-05 07:03:58 | INFO | Calibration alpha=0.07: lambda_star=10.8000, achieved=0.0701 on N_CAL = 50000 streams over [1, H].
2026-09-05 07:03:58 | INFO | Calibration alpha=0.05: lambda_star=11.2000, achieved=0.0503 on N_CAL = 50000 streams over [1, H].
2026-09-05 07:03:58 | INFO | Calibration alpha=0.035: lambda_star=11.6000, achieved=0.0351 on N_CAL = 50000 streams over [1, H].
2026-09-05 07:03:58 | INFO | Calibration alpha=0.025: lambda_star=12.2000, achieved=0.0253 on N_CAL = 50000 streams over [1, H].
2026-09-05 07:03:58 | INFO | Calibration alpha=0.015: lambda_star=12.8000, achieved=0.0151 on N_CAL = 50000 streams over [1, H].
2026-09-05 07:03:58 | INFO | Calibration alpha=0.01: lambda_star=13.2000, achieved=0.0101 on N_CAL = 50000 streams over [1, H].
2026-09-05 07:03:58 | INFO | CUSUM comparison semantics, carried from the witness: raw float64 max_M >= lambda_star. Calibration completed in 0.4s.
2026-09-05 07:06:11 | INFO | H0 campaign completed in 133.1s: 20000 fair-coin streams over [1, 20000], three arms on the SAME stream, so every between-arm comparison at fixed alpha is paired.
2026-09-05 07:06:30 | INFO | H1 campaign completed in 18.4s: 2000 drift streams per cell, 10 drift magnitudes, arms ['CUSUM', 'MIX', 'eCUSUM']. The side of every stream is drawn once from the key ('R09', 'h1_sides') and is SHARED across every eta, and one uniform block per chunk is drawn before the eta loop, so the drift grid is traversed under common random numbers.
2026-09-05 07:06:30 | INFO | CROSS-CHECK: 21 (arm, alpha) cells -- the first-alarm indicator over [1, T_EXT] and the running-maximum indicator are IDENTICAL stream by stream on all 20000 streams. Deterministic; trigger probability 0.
2026-09-05 07:06:30 | INFO | CUSUM LATTICE. The increment `dev - DELTA_CUSUM` takes +0.4 or -0.6, so max_M lives on a 0.2 lattice; measured over the 50000 calibration streams, the largest distance from a lattice point is 6.253e-13 in lattice units, i.e. floating-point accumulation and not a second support. 1628 distinct values are realised, giving 1628 attainable levels.
2026-09-05 07:06:30 | INFO | CUSUM LATTICE [alpha=0.1] nearest attainable levels: 0.099620 at or below, 0.100280 above; alpha itself attainable exactly: False.
2026-09-05 07:06:30 | INFO | CUSUM LATTICE [alpha=0.07] nearest attainable levels: 0.069800 at or below, 0.070100 above; alpha itself attainable exactly: False.
2026-09-05 07:06:30 | INFO | CUSUM LATTICE [alpha=0.05] nearest attainable levels: 0.049980 at or below, 0.050340 above; alpha itself attainable exactly: False.
2026-09-05 07:06:30 | INFO | CUSUM LATTICE [alpha=0.035] nearest attainable levels: 0.034980 at or below, 0.035100 above; alpha itself attainable exactly: False.
2026-09-05 07:06:30 | INFO | CUSUM LATTICE [alpha=0.025] nearest attainable levels: 0.024980 at or below, 0.025260 above; alpha itself attainable exactly: False.
2026-09-05 07:06:30 | INFO | CUSUM LATTICE [alpha=0.015] nearest attainable levels: 0.014960 at or below, 0.015100 above; alpha itself attainable exactly: False.
2026-09-05 07:06:30 | INFO | CUSUM LATTICE [alpha=0.01] nearest attainable levels: 0.009980 at or below, 0.010080 above; alpha itself attainable exactly: False.
2026-09-05 07:06:30 | INFO | Censorship registered: CUSUM alpha=0.1 has right-censored fraction = 0.6510. ARL0_mean behaves strictly as a lower bound, and the censoring alone forces ARL0_mean >= 13019.0 against a 1/alpha of 10.0.
2026-09-05 07:06:30 | INFO | Censorship registered: CUSUM alpha=0.07 has right-censored fraction = 0.7415. ARL0_mean behaves strictly as a lower bound, and the censoring alone forces ARL0_mean >= 14830.0 against a 1/alpha of 14.3.
2026-09-05 07:06:30 | INFO | Censorship registered: CUSUM alpha=0.05 has right-censored fraction = 0.8012. ARL0_mean behaves strictly as a lower bound, and the censoring alone forces ARL0_mean >= 16024.0 against a 1/alpha of 20.0.
2026-09-05 07:06:30 | INFO | Censorship registered: CUSUM alpha=0.035 has right-censored fraction = 0.8518. ARL0_mean behaves strictly as a lower bound, and the censoring alone forces ARL0_mean >= 17036.0 against a 1/alpha of 28.6.
2026-09-05 07:06:30 | INFO | Censorship registered: CUSUM alpha=0.025 has right-censored fraction = 0.8949. ARL0_mean behaves strictly as a lower bound, and the censoring alone forces ARL0_mean >= 17898.0 against a 1/alpha of 40.0.
2026-09-05 07:06:30 | INFO | Censorship registered: CUSUM alpha=0.015 has right-censored fraction = 0.9355. ARL0_mean behaves strictly as a lower bound, and the censoring alone forces ARL0_mean >= 18709.0 against a 1/alpha of 66.7.
2026-09-05 07:06:30 | INFO | Censorship registered: CUSUM alpha=0.01 has right-censored fraction = 0.9554. ARL0_mean behaves strictly as a lower bound, and the censoring alone forces ARL0_mean >= 19107.0 against a 1/alpha of 100.0.
2026-09-05 07:06:30 | INFO | Censorship registered: MIX alpha=0.1 has right-censored fraction = 0.9052. ARL0_mean behaves strictly as a lower bound, and the censoring alone forces ARL0_mean >= 18104.0 against a 1/alpha of 10.0.
2026-09-05 07:06:30 | INFO | Censorship registered: MIX alpha=0.07 has right-censored fraction = 0.9324. ARL0_mean behaves strictly as a lower bound, and the censoring alone forces ARL0_mean >= 18647.0 against a 1/alpha of 14.3.
2026-09-05 07:06:30 | INFO | Censorship registered: MIX alpha=0.05 has right-censored fraction = 0.9509. ARL0_mean behaves strictly as a lower bound, and the censoring alone forces ARL0_mean >= 19018.0 against a 1/alpha of 20.0.
2026-09-05 07:06:30 | INFO | Censorship registered: MIX alpha=0.035 has right-censored fraction = 0.9660. ARL0_mean behaves strictly as a lower bound, and the censoring alone forces ARL0_mean >= 19321.0 against a 1/alpha of 28.6.
2026-09-05 07:06:30 | INFO | Censorship registered: MIX alpha=0.025 has right-censored fraction = 0.9759. ARL0_mean behaves strictly as a lower bound, and the censoring alone forces ARL0_mean >= 19519.0 against a 1/alpha of 40.0.
2026-09-05 07:06:30 | INFO | Censorship registered: MIX alpha=0.015 has right-censored fraction = 0.9850. ARL0_mean behaves strictly as a lower bound, and the censoring alone forces ARL0_mean >= 19700.0 against a 1/alpha of 66.7.
2026-09-05 07:06:30 | INFO | Censorship registered: MIX alpha=0.01 has right-censored fraction = 0.9906. ARL0_mean behaves strictly as a lower bound, and the censoring alone forces ARL0_mean >= 19811.0 against a 1/alpha of 100.0.
2026-09-05 07:06:30 | INFO | Censorship registered: eCUSUM alpha=0.01 has right-censored fraction = 0.0006. ARL0_mean behaves strictly as a lower bound, and the censoring alone forces ARL0_mean >= 11.0 against a 1/alpha of 100.0.
2026-09-05 07:06:30 | INFO | C1: all 21 rows of the ARL0 frame carry a finite ARL0_mean with its censored_frac on the same row. Censoring by arm: CUSUM 0.6510-0.9554; MIX 0.9052-0.9906; eCUSUM 0.0000-0.0006. Deterministic; trigger probability 0.
2026-09-05 07:06:30 | INFO | C2 (ii) THE FLAG CARRIES INFORMATION ON 7 OF 21 ROWS, and they are all on the ['eCUSUM'] arm(s). On every other row censored_frac * T_EXT already exceeds 1/alpha, so `arl0_bound_respected` could not have been False whatever the campaign measured.
2026-09-05 07:06:30 | INFO | C2 [CUSUM alpha=0.1] ARL0_mean = 16249.9884, censored_frac = 0.65095, implied lower bound censored_frac*T_EXT = 13019.0, 1/alpha = 10.0, flag = True, flag carried information = False.
2026-09-05 07:06:30 | INFO | C2 [CUSUM alpha=0.07] ARL0_mean = 17287.7517, censored_frac = 0.7415, implied lower bound censored_frac*T_EXT = 14830.000000000002, 1/alpha = 14.285714285714285, flag = True, flag carried information = False.
2026-09-05 07:06:30 | INFO | C2 [CUSUM alpha=0.05] ARL0_mean = 17932.99565, censored_frac = 0.8012, implied lower bound censored_frac*T_EXT = 16024.0, 1/alpha = 20.0, flag = True, flag carried information = False.
2026-09-05 07:06:30 | INFO | C2 [CUSUM alpha=0.035] ARL0_mean = 18475.4839, censored_frac = 0.8518, implied lower bound censored_frac*T_EXT = 17036.0, 1/alpha = 28.57142857142857, flag = True, flag carried information = False.
2026-09-05 07:06:30 | INFO | C2 [CUSUM alpha=0.025] ARL0_mean = 18926.9562, censored_frac = 0.8949, implied lower bound censored_frac*T_EXT = 17898.0, 1/alpha = 40.0, flag = True, flag carried information = False.
2026-09-05 07:06:30 | INFO | C2 [CUSUM alpha=0.015] ARL0_mean = 19352.17575, censored_frac = 0.93545, implied lower bound censored_frac*T_EXT = 18709.0, 1/alpha = 66.66666666666667, flag = True, flag carried information = False.
2026-09-05 07:06:30 | INFO | C2 [CUSUM alpha=0.01] ARL0_mean = 19552.55945, censored_frac = 0.95535, implied lower bound censored_frac*T_EXT = 19107.0, 1/alpha = 100.0, flag = True, flag carried information = False.
2026-09-05 07:06:30 | INFO | C2 [MIX alpha=0.1] ARL0_mean = 18383.5622, censored_frac = 0.9052, implied lower bound censored_frac*T_EXT = 18104.0, 1/alpha = 10.0, flag = True, flag carried information = False.
2026-09-05 07:06:30 | INFO | C2 [MIX alpha=0.07] ARL0_mean = 18850.76805, censored_frac = 0.93235, implied lower bound censored_frac*T_EXT = 18647.0, 1/alpha = 14.285714285714285, flag = True, flag carried information = False.
2026-09-05 07:06:30 | INFO | C2 [MIX alpha=0.05] ARL0_mean = 19169.7555, censored_frac = 0.9509, implied lower bound censored_frac*T_EXT = 19018.0, 1/alpha = 20.0, flag = True, flag carried information = False.
2026-09-05 07:06:30 | INFO | C2 [MIX alpha=0.035] ARL0_mean = 19429.5924, censored_frac = 0.96605, implied lower bound censored_frac*T_EXT = 19321.0, 1/alpha = 28.57142857142857, flag = True, flag carried information = False.
2026-09-05 07:06:30 | INFO | C2 [MIX alpha=0.025] ARL0_mean = 19596.3255, censored_frac = 0.97595, implied lower bound censored_frac*T_EXT = 19519.0, 1/alpha = 40.0, flag = True, flag carried information = False.
2026-09-05 07:06:30 | INFO | C2 [MIX alpha=0.015] ARL0_mean = 19748.8116, censored_frac = 0.985, implied lower bound censored_frac*T_EXT = 19700.0, 1/alpha = 66.66666666666667, flag = True, flag carried information = False.
2026-09-05 07:06:30 | INFO | C2 [MIX alpha=0.01] ARL0_mean = 19841.70305, censored_frac = 0.99055, implied lower bound censored_frac*T_EXT = 19811.0, 1/alpha = 100.0, flag = True, flag carried information = False.
2026-09-05 07:06:30 | INFO | C2 [eCUSUM alpha=0.1] ARL0_mean = 205.4299, censored_frac = 0.0, implied lower bound censored_frac*T_EXT = 0.0, 1/alpha = 10.0, flag = True, flag carried information = True.
2026-09-05 07:06:30 | INFO | C2 [eCUSUM alpha=0.07] ARL0_mean = 318.96575, censored_frac = 0.0, implied lower bound censored_frac*T_EXT = 0.0, 1/alpha = 14.285714285714285, flag = True, flag carried information = True.
2026-09-05 07:06:30 | INFO | C2 [eCUSUM alpha=0.05] ARL0_mean = 479.60855, censored_frac = 0.0, implied lower bound censored_frac*T_EXT = 0.0, 1/alpha = 20.0, flag = True, flag carried information = True.
2026-09-05 07:06:30 | INFO | C2 [eCUSUM alpha=0.035] ARL0_mean = 713.5942, censored_frac = 0.0, implied lower bound censored_frac*T_EXT = 0.0, 1/alpha = 28.57142857142857, flag = True, flag carried information = True.
2026-09-05 07:06:30 | INFO | C2 [eCUSUM alpha=0.025] ARL0_mean = 1033.2644, censored_frac = 0.0, implied lower bound censored_frac*T_EXT = 0.0, 1/alpha = 40.0, flag = True, flag carried information = True.
2026-09-05 07:06:30 | INFO | C2 [eCUSUM alpha=0.015] ARL0_mean = 1792.88175, censored_frac = 0.0, implied lower bound censored_frac*T_EXT = 0.0, 1/alpha = 66.66666666666667, flag = True, flag carried information = True.
2026-09-05 07:06:30 | INFO | C2 [eCUSUM alpha=0.01] ARL0_mean = 2751.05995, censored_frac = 0.00055, implied lower bound censored_frac*T_EXT = 11.0, 1/alpha = 100.0, flag = True, flag carried information = True.
2026-09-05 07:06:30 | INFO | CALIBRATION COHERENCE at alpha = 0.05: lambda_star = 11.200000000000031, calibration level on N_CAL = 0.05034, H0 level over [1, H] on N_NULL = 0.05345, gap = 0.003110 against a tolerance of 0.006000 = 3.2905 x 0.001823. The SE carries the variance of the estimated threshold; the delivered (e) used 0.001541 and understated it by a factor 1.1832. Gap in SE units: 1.706. Trigger probability under its own null: 0.001.
2026-09-05 07:06:30 | INFO | C3 [MIX, H0 campaign] D+ = 0.00024248795043670026 on n = 20000, exact one-sided p = 0.9974895113826439 against the least-favourable boundary F_U = Id. Gate at 0.01; verdict = no rejection. U = min(1, 1/sup_t E_t) has an atom at 1 of mass 0.0046 -- streams whose mixture never exceeds 1 -- which sits above every alpha and cannot inflate D+.
2026-09-05 07:06:30 | INFO | C3 [MIX, M1(ii) independent replicate on a disjoint key] D+ = 0.0007543091674924681, exact one-sided p = 0.9770065602005356. Both replicates are reported; neither is averaged into the other.
2026-09-05 07:06:30 | INFO | C3 DESCRIPTIVE [MIX peeking alpha=0.1] FPR = 0.0948, FPR/alpha = 0.9480, exact one-sided binomial p = 0.9934201987948659. Persisted in R09_validity_stopping.csv; NOT an acceptance criterion (S4bis point 3).
2026-09-05 07:06:30 | INFO | C3 DESCRIPTIVE [MIX peeking alpha=0.07] FPR = 0.06765, FPR/alpha = 0.9664, exact one-sided binomial p = 0.9064800285536176. Persisted in R09_validity_stopping.csv; NOT an acceptance criterion (S4bis point 3).
2026-09-05 07:06:30 | INFO | C3 DESCRIPTIVE [MIX peeking alpha=0.05] FPR = 0.0491, FPR/alpha = 0.9820, exact one-sided binomial p = 0.7247804479954912. Persisted in R09_validity_stopping.csv; NOT an acceptance criterion (S4bis point 3).
2026-09-05 07:06:30 | INFO | C3 DESCRIPTIVE [MIX peeking alpha=0.035] FPR = 0.03395, FPR/alpha = 0.9700, exact one-sided binomial p = 0.7954179612982899. Persisted in R09_validity_stopping.csv; NOT an acceptance criterion (S4bis point 3).
2026-09-05 07:06:30 | INFO | C3 DESCRIPTIVE [MIX peeking alpha=0.025] FPR = 0.02405, FPR/alpha = 0.9620, exact one-sided binomial p = 0.8110142777875646. Persisted in R09_validity_stopping.csv; NOT an acceptance criterion (S4bis point 3).
2026-09-05 07:06:30 | INFO | C3 DESCRIPTIVE [MIX peeking alpha=0.015] FPR = 0.015, FPR/alpha = 1.0000, exact one-sided binomial p = 0.5078520156676551. Persisted in R09_validity_stopping.csv; NOT an acceptance criterion (S4bis point 3).
2026-09-05 07:06:30 | INFO | C3 DESCRIPTIVE [MIX peeking alpha=0.01] FPR = 0.00945, FPR/alpha = 0.9450, exact one-sided binomial p = 0.7920294718971287. Persisted in R09_validity_stopping.csv; NOT an acceptance criterion (S4bis point 3).
2026-09-05 07:06:30 | INFO | M1(ii) alpha=0.1: FPR anytime over T_EXT = 0.0929 (Wilson CI: [0.0889, 0.0970]), ratio to alpha 0.9285. Reported; the delivered gate `if fpr > a + 0.005` is removed -- 0.005 is derived from nothing -- and C3 replaces it.
2026-09-05 07:06:30 | INFO | M1(ii) alpha=0.07: FPR anytime over T_EXT = 0.0654 (Wilson CI: [0.0621, 0.0689]), ratio to alpha 0.9343. Reported; the delivered gate `if fpr > a + 0.005` is removed -- 0.005 is derived from nothing -- and C3 replaces it.
2026-09-05 07:06:30 | INFO | M1(ii) alpha=0.05: FPR anytime over T_EXT = 0.0481 (Wilson CI: [0.0452, 0.0511]), ratio to alpha 0.9610. Reported; the delivered gate `if fpr > a + 0.005` is removed -- 0.005 is derived from nothing -- and C3 replaces it.
2026-09-05 07:06:30 | INFO | M1(ii) alpha=0.035: FPR anytime over T_EXT = 0.0340 (Wilson CI: [0.0316, 0.0366]), ratio to alpha 0.9714. Reported; the delivered gate `if fpr > a + 0.005` is removed -- 0.005 is derived from nothing -- and C3 replaces it.
2026-09-05 07:06:30 | INFO | M1(ii) alpha=0.025: FPR anytime over T_EXT = 0.0249 (Wilson CI: [0.0228, 0.0272]), ratio to alpha 0.9960. Reported; the delivered gate `if fpr > a + 0.005` is removed -- 0.005 is derived from nothing -- and C3 replaces it.
2026-09-05 07:06:30 | INFO | M1(ii) alpha=0.015: FPR anytime over T_EXT = 0.0147 (Wilson CI: [0.0132, 0.0165]), ratio to alpha 0.9833. Reported; the delivered gate `if fpr > a + 0.005` is removed -- 0.005 is derived from nothing -- and C3 replaces it.
2026-09-05 07:06:30 | INFO | M1(ii) alpha=0.01: FPR anytime over T_EXT = 0.0099 (Wilson CI: [0.0086, 0.0114]), ratio to alpha 0.9900. Reported; the delivered gate `if fpr > a + 0.005` is removed -- 0.005 is derived from nothing -- and C3 replaces it.
2026-09-05 07:06:30 | INFO | C3 NEGATIVE CONTROL [CUSUM] D+ = 0.4775 on n = 20000, nominal exact one-sided p = 0.0. The statistic must reject decisively, and it is what establishes the instrument has power against the alternative it is used on. Two caveats travel with it and neither is repaired: U_cusum is read off an ESTIMATED survival function on N_CAL = 50000 draws, which carries the double variance of S4bis's second corollary, and the CUSUM statistic lives on a lattice so U_cusum has heavy ties, under which the ksone tail is not exact. The effect size dwarfs both; this direction is a control on power, not an acceptance gate.
2026-09-05 07:06:31 | INFO | C4 exact permutation null materialised: 3628800 permutations of 10 grid points.
2026-09-05 07:06:31 | INFO | C4 [CUSUM, alpha=0.05] ADD vs eta: Spearman rho = -0.9999999999999999, exact one-sided p (decreasing) = 2.755731922398589e-07 over 3628800 permutations, 0 tied ADD values. Gate at 0.01: monotone decrease. Weighted least-squares slope = -2666.748098911913 steps per unit eta, SE 31.167170412628263.
2026-09-05 07:06:31 | INFO | C4 [CUSUM, alpha=0.05] DetRate vs eta: Spearman rho = 0.937436866561092, exact one-sided p (increasing) = 3.306878306878307e-05, 4 tied rates. Reported, not gated.
2026-09-05 07:06:31 | INFO | C4 [CUSUM] nine adjacent z-margins, DESCRIPTIVE and gating nothing: eta 0.02->0.04: dADD = +99.84, SE 72.74, z = +1.37; eta 0.04->0.06: dADD = +89.98, SE 39.14, z = +2.30; eta 0.06->0.08: dADD = +257.68, SE 25.34, z = +10.17; eta 0.08->0.10: dADD = +359.57, SE 17.66, z = +20.36; eta 0.10->0.12: dADD = +221.25, SE 10.82, z = +20.44; eta 0.12->0.14: dADD = +104.07, SE 5.85, z = +17.79; eta 0.14->0.16: dADD = +55.08, SE 3.37, z = +16.34; eta 0.16->0.18: dADD = +32.16, SE 2.21, z = +14.53; eta 0.18->0.20: dADD = +21.36, SE 1.63, z = +13.08
2026-09-05 07:06:31 | INFO | C4 [MIX, alpha=0.05] ADD vs eta: Spearman rho = -0.9999999999999999, exact one-sided p (decreasing) = 2.755731922398589e-07 over 3628800 permutations, 0 tied ADD values. Gate at 0.01: monotone decrease. Weighted least-squares slope = -2763.9377760575744 steps per unit eta, SE 22.314672455423743.
2026-09-05 07:06:31 | INFO | C4 [MIX, alpha=0.05] DetRate vs eta: Spearman rho = 0.812776759390954, exact one-sided p (increasing) = 0.001388888888888889, 6 tied rates. Reported, not gated.
2026-09-05 07:06:31 | INFO | C4 [MIX] nine adjacent z-margins, DESCRIPTIVE and gating nothing: eta 0.02->0.04: dADD = +182.36, SE 37.64, z = +4.84; eta 0.04->0.06: dADD = +470.05, SE 17.87, z = +26.30; eta 0.06->0.08: dADD = +324.60, SE 11.49, z = +28.25; eta 0.08->0.10: dADD = +164.39, SE 6.85, z = +23.99; eta 0.10->0.12: dADD = +90.60, SE 4.52, z = +20.07; eta 0.12->0.14: dADD = +57.70, SE 3.34, z = +17.29; eta 0.14->0.16: dADD = +39.50, SE 2.64, z = +14.94; eta 0.16->0.18: dADD = +29.65, SE 2.23, z = +13.27; eta 0.18->0.20: dADD = +23.08, SE 1.95, z = +11.82
2026-09-05 07:06:31 | INFO | C4 [eCUSUM, alpha=0.05] ADD vs eta: Spearman rho = -0.9999999999999999, exact one-sided p (decreasing) = 2.755731922398589e-07 over 3628800 permutations, 0 tied ADD values. Gate at 0.01: monotone decrease. Weighted least-squares slope = -558.5754837931555 steps per unit eta, SE 78.87419582565786.
2026-09-05 07:06:31 | INFO | C4 [eCUSUM, alpha=0.05] DetRate vs eta: Spearman rho = nan, exact one-sided p (increasing) = 1.0, 9 tied rates. Reported, not gated.
2026-09-05 07:06:31 | INFO | C4 [eCUSUM] nine adjacent z-margins, DESCRIPTIVE and gating nothing: eta 0.02->0.04: dADD = +5.67, SE 33.76, z = +0.17; eta 0.04->0.06: dADD = +16.33, SE 30.19, z = +0.54; eta 0.06->0.08: dADD = +20.00, SE 27.31, z = +0.73; eta 0.08->0.10: dADD = +9.83, SE 26.05, z = +0.38; eta 0.10->0.12: dADD = +8.50, SE 20.06, z = +0.42; eta 0.12->0.14: dADD = +8.50, SE 13.53, z = +0.63; eta 0.14->0.16: dADD = +8.83, SE 13.76, z = +0.64; eta 0.16->0.18: dADD = +18.83, SE 12.59, z = +1.50; eta 0.18->0.20: dADD = +4.17, SE 11.37, z = +0.37
2026-09-05 07:06:32 | INFO | C4 MATCHED-RATE QUANTILE [alpha=0.05, eta=0.02] q = min(0.0570, 0.1615) = 0.0570; CUSUM q-quantile of the delay = 2404.0, MIX = 1292.0, MIX - CUSUM = -1112.0 with a paired bootstrap 95% interval [-1242.0, -963.8000000000011] over 2000 resamples of the 2000 trajectory indices. Non-detections are placed at +inf and the comparison conditions on nothing.
2026-09-05 07:06:32 | INFO | C4 SECOND READING [eta=0.02] common-detection subset: 70 of 2000 streams detected by BOTH arms; paired mean ADD_MIX - ADD_CUSUM = 114.17142857142858, paired SE 53.01022223880579 against an unpaired SE of 73.32930140229651, Kish design effect (paired variance over unpaired variance) = 0.5225936818436633, within-pair correlation 0.7571217149310271. The subset is the intersection of two detection events whose rates differ, so it is itself a selected sample; it gates nothing.
2026-09-05 07:06:32 | INFO | C4 MATCHED-RATE QUANTILE [alpha=0.05, eta=0.04] q = min(0.2000, 0.7385) = 0.2000; CUSUM q-quantile of the delay = 2485.0, MIX = 981.0, MIX - CUSUM = -1504.0 with a paired bootstrap 95% interval [-1562.0, -1426.9750000000001] over 2000 resamples of the 2000 trajectory indices. Non-detections are placed at +inf and the comparison conditions on nothing.
2026-09-05 07:06:32 | INFO | C4 SECOND READING [eta=0.04] common-detection subset: 380 of 2000 streams detected by BOTH arms; paired mean ADD_MIX - ADD_CUSUM = -53.47894736842105, paired SE 31.77417709176085 against an unpaired SE of 36.48390408946543, Kish design effect (paired variance over unpaired variance) = 0.7584832819083998, within-pair correlation 0.5121390520102233. The subset is the intersection of two detection events whose rates differ, so it is itself a selected sample; it gates nothing.
2026-09-05 07:06:32 | INFO | C4 MATCHED-RATE QUANTILE [alpha=0.05, eta=0.06] q = min(0.5380, 0.9715) = 0.5380; CUSUM q-quantile of the delay = 2473.0, MIX = 902.0, MIX - CUSUM = -1571.0 with a paired bootstrap 95% interval [-1601.0, -1541.0] over 2000 resamples of the 2000 trajectory indices. Non-detections are placed at +inf and the comparison conditions on nothing.
2026-09-05 07:06:32 | INFO | C4 SECOND READING [eta=0.06] common-detection subset: 1057 of 2000 streams detected by BOTH arms; paired mean ADD_MIX - ADD_CUSUM = -360.54020813623464, paired SE 18.045948866248683 against an unpaired SE of 22.803399884913794, Kish design effect (paired variance over unpaired variance) = 0.626268024654053, within-pair correlation 0.498417834637583. The subset is the intersection of two detection events whose rates differ, so it is itself a selected sample; it gates nothing.
2026-09-05 07:06:32 | INFO | C4 MATCHED-RATE QUANTILE [alpha=0.05, eta=0.08] q = min(0.8700, 0.9760) = 0.8700; CUSUM q-quantile of the delay = 2495.0, MIX = 912.0, MIX - CUSUM = -1583.0 with a paired bootstrap 95% interval [-1616.025, -1533.0] over 2000 resamples of the 2000 trajectory indices. Non-detections are placed at +inf and the comparison conditions on nothing.
2026-09-05 07:06:32 | INFO | C4 SECOND READING [eta=0.08] common-detection subset: 1711 of 2000 streams detected by BOTH arms; paired mean ADD_MIX - ADD_CUSUM = -332.3454120397428, paired SE 13.277526246746314 against an unpaired SE of 15.945537308393481, Kish design effect (paired variance over unpaired variance) = 0.6933555897865947, within-pair correlation 0.46835369843917596. The subset is the intersection of two detection events whose rates differ, so it is itself a selected sample; it gates nothing.
2026-09-05 07:06:32 | INFO | C4 MATCHED-RATE QUANTILE [alpha=0.05, eta=0.1] q = min(0.9710, 0.9760) = 0.9710; CUSUM q-quantile of the delay = 2420.0, MIX = 959.0, MIX - CUSUM = -1461.0 with a paired bootstrap 95% interval [-1583.0, -1076.0] over 2000 resamples of the 2000 trajectory indices. Non-detections are placed at +inf and the comparison conditions on nothing.
2026-09-05 07:06:32 | INFO | C4 SECOND READING [eta=0.1] common-detection subset: 1913 of 2000 streams detected by BOTH arms; paired mean ADD_MIX - ADD_CUSUM = -124.170412963931, paired SE 8.42127529590738 against an unpaired SE of 10.222453692561837, Kish design effect (paired variance over unpaired variance) = 0.6786493321162663, within-pair correlation 0.5028259091978451. The subset is the intersection of two detection events whose rates differ, so it is itself a selected sample; it gates nothing.
2026-09-05 07:06:33 | INFO | C4 MATCHED-RATE QUANTILE [alpha=0.05, eta=0.12] q = min(0.9725, 0.9760) = 0.9725; CUSUM q-quantile of the delay = 2328.0, MIX = 711.0, MIX - CUSUM = -1617.0 with a paired bootstrap 95% interval [-1692.0, -401.0] over 2000 resamples of the 2000 trajectory indices. Non-detections are placed at +inf and the comparison conditions on nothing.
2026-09-05 07:06:33 | INFO | C4 SECOND READING [eta=0.12] common-detection subset: 1916 of 2000 streams detected by BOTH arms; paired mean ADD_MIX - ADD_CUSUM = 8.23956158663883, paired SE 4.289243728338737 against an unpaired SE of 5.749016111081937, Kish design effect (paired variance over unpaired variance) = 0.5566399833412751, within-pair correlation 0.5505973909373438. The subset is the intersection of two detection events whose rates differ, so it is itself a selected sample; it gates nothing.
2026-09-05 07:06:33 | INFO | C4 MATCHED-RATE QUANTILE [alpha=0.05, eta=0.14] q = min(0.9725, 0.9760) = 0.9725; CUSUM q-quantile of the delay = 1061.0, MIX = 575.0, MIX - CUSUM = -486.0 with a paired bootstrap 95% interval [-568.0, -53.0] over 2000 resamples of the 2000 trajectory indices. Non-detections are placed at +inf and the comparison conditions on nothing.
2026-09-05 07:06:33 | INFO | C4 SECOND READING [eta=0.14] common-detection subset: 1916 of 2000 streams detected by BOTH arms; paired mean ADD_MIX - ADD_CUSUM = 54.27400835073069, paired SE 2.4411458334836897 against an unpaired SE of 3.505419643128352, Kish design effect (paired variance over unpaired variance) = 0.48496167358126574, within-pair correlation 0.5535255029668251. The subset is the intersection of two detection events whose rates differ, so it is itself a selected sample; it gates nothing.
2026-09-05 07:06:33 | INFO | C4 MATCHED-RATE QUANTILE [alpha=0.05, eta=0.16] q = min(0.9725, 0.9760) = 0.9725; CUSUM q-quantile of the delay = 773.0, MIX = 451.0, MIX - CUSUM = -322.0 with a paired bootstrap 95% interval [-371.0, 106.0] over 2000 resamples of the 2000 trajectory indices. Non-detections are placed at +inf and the comparison conditions on nothing.
2026-09-05 07:06:33 | INFO | C4 SECOND READING [eta=0.16] common-detection subset: 1916 of 2000 streams detected by BOTH arms; paired mean ADD_MIX - ADD_CUSUM = 69.88726513569938, paired SE 1.7121362025253397 against an unpaired SE of 2.4630088584372687, Kish design effect (paired variance over unpaired variance) = 0.4832197464188599, within-pair correlation 0.5265912311519088. The subset is the intersection of two detection events whose rates differ, so it is itself a selected sample; it gates nothing.
2026-09-05 07:06:33 | INFO | C4 MATCHED-RATE QUANTILE [alpha=0.05, eta=0.18] q = min(0.9725, 0.9760) = 0.9725; CUSUM q-quantile of the delay = 472.0, MIX = 374.0, MIX - CUSUM = -98.0 with a paired bootstrap 95% interval [-125.0, 97.02499999999986] over 2000 resamples of the 2000 trajectory indices. Non-detections are placed at +inf and the comparison conditions on nothing.
2026-09-05 07:06:33 | INFO | C4 SECOND READING [eta=0.18] common-detection subset: 1916 of 2000 streams detected by BOTH arms; paired mean ADD_MIX - ADD_CUSUM = 72.6205636743215, paired SE 1.3563049430008474 against an unpaired SE of 1.9570301083600223, Kish design effect (paired variance over unpaired variance) = 0.4803078389038262, within-pair correlation 0.531932094508758. The subset is the intersection of two detection events whose rates differ, so it is itself a selected sample; it gates nothing.
2026-09-05 07:06:34 | INFO | C4 MATCHED-RATE QUANTILE [alpha=0.05, eta=0.2] q = min(0.9725, 0.9760) = 0.9725; CUSUM q-quantile of the delay = 382.0, MIX = 332.0, MIX - CUSUM = -50.0 with a paired bootstrap 95% interval [-82.0, 104.02499999999986] over 2000 resamples of the 2000 trajectory indices. Non-detections are placed at +inf and the comparison conditions on nothing.
2026-09-05 07:06:34 | INFO | C4 SECOND READING [eta=0.2] common-detection subset: 1916 of 2000 streams detected by BOTH arms; paired mean ADD_MIX - ADD_CUSUM = 71.08402922755741, paired SE 1.1790204608709796 against an unpaired SE of 1.626206475300285, Kish design effect (paired variance over unpaired variance) = 0.5256435163256534, within-pair correlation 0.500497303759621. The subset is the intersection of two detection events whose rates differ, so it is itself a selected sample; it gates nothing.
2026-09-05 07:06:34 | INFO | C4 HALT CONDITION NOT MET. At eta in (0.02, 0.04) the matched-rate quantile does not place MIX strictly above CUSUM with an interval excluding zero, so a marginal ADD reversal at those points is an artefact of conditioning on detection and is recorded under `R09-add-conditioning` with no severity.
2026-09-05 07:06:34 | INFO | DELIVERED CONTROL (c), REPORTED NOT GATED: e-CUSUM peeking FPR over [1, T_EXT] at alpha = 0.05 is 1.0 (Wilson [0.9998079639438954, 0.9999999999999999]). The delivered floor of 0.80 is derived from nothing and is not carried as a gate; the quantity is what v87's panel A shows for the e-CUSUM bar and it is reported with its interval.
2026-09-05 07:06:34 | INFO | DELIVERED CONTROL (d) [alpha=0.1] CUSUM peeking FPR 0.34905 vs MIX 0.0948; PAIRED difference 0.25425 on the same 20000 streams, paired SE 0.0037121889600342274, z = 68.49. v87's panel A prints 'Only MIX controls the time-uniform false-alarm probability'; an inversion here would falsify it and would be a D3.
2026-09-05 07:06:34 | INFO | DELIVERED CONTROL (d) [alpha=0.07] CUSUM peeking FPR 0.2585 vs MIX 0.06765; PAIRED difference 0.19085 on the same 20000 streams, paired SE 0.0033513152455416665, z = 56.95. v87's panel A prints 'Only MIX controls the time-uniform false-alarm probability'; an inversion here would falsify it and would be a D3.
2026-09-05 07:06:34 | INFO | DELIVERED CONTROL (d) [alpha=0.05] CUSUM peeking FPR 0.1988 vs MIX 0.0491; PAIRED difference 0.1497 on the same 20000 streams, paired SE 0.0030181940792467278, z = 49.60. v87's panel A prints 'Only MIX controls the time-uniform false-alarm probability'; an inversion here would falsify it and would be a D3.
2026-09-05 07:06:34 | INFO | DELIVERED CONTROL (d) [alpha=0.035] CUSUM peeking FPR 0.1482 vs MIX 0.03395; PAIRED difference 0.11425 on the same 20000 streams, paired SE 0.002672049190228354, z = 42.76. v87's panel A prints 'Only MIX controls the time-uniform false-alarm probability'; an inversion here would falsify it and would be a D3.
2026-09-05 07:06:34 | INFO | DELIVERED CONTROL (d) [alpha=0.025] CUSUM peeking FPR 0.1051 vs MIX 0.02405; PAIRED difference 0.08105 on the same 20000 streams, paired SE 0.0023019654374034377, z = 35.21. v87's panel A prints 'Only MIX controls the time-uniform false-alarm probability'; an inversion here would falsify it and would be a D3.
2026-09-05 07:06:34 | INFO | DELIVERED CONTROL (d) [alpha=0.015] CUSUM peeking FPR 0.06455 vs MIX 0.015; PAIRED difference 0.04955 on the same 20000 streams, paired SE 0.0018465480971260944, z = 26.83. v87's panel A prints 'Only MIX controls the time-uniform false-alarm probability'; an inversion here would falsify it and would be a D3.
2026-09-05 07:06:34 | INFO | DELIVERED CONTROL (d) [alpha=0.01] CUSUM peeking FPR 0.04465 vs MIX 0.00945; PAIRED difference 0.0352 on the same 20000 streams, paired SE 0.0015388463211120202, z = 22.87. v87's panel A prints 'Only MIX controls the time-uniform false-alarm probability'; an inversion here would falsify it and would be a D3.
2026-09-05 07:06:34 | INFO | DELIVERED CONTROL (d): the CUSUM peeking rate exceeds the MIX one at all 7 levels; the direction v87's panel A states holds.
2026-09-05 07:06:34 | INFO | PARITY THRESHOLD [eta=0.02] ADD_MIX - ADD_CUSUM = 211.8808049535603, unpaired SE 73.32930140229651, z = +2.89; on the common-detection subset the PAIRED mean difference is 114.17142857142858 with paired SE 53.01022223880579, design effect 0.5225936818436633.
2026-09-05 07:06:34 | INFO | PARITY THRESHOLD [eta=0.04] ADD_MIX - ADD_CUSUM = 129.3596123899797, unpaired SE 36.48390408946543, z = +3.55; on the common-detection subset the PAIRED mean difference is -53.47894736842105 with paired SE 31.77417709176085, design effect 0.7584832819083998.
2026-09-05 07:06:34 | INFO | PARITY THRESHOLD [eta=0.06] ADD_MIX - ADD_CUSUM = -250.71294150960375, unpaired SE 22.803399884913794, z = -10.99; on the common-detection subset the PAIRED mean difference is -360.54020813623464 with paired SE 18.045948866248683, design effect 0.626268024654053.
2026-09-05 07:06:34 | INFO | PARITY THRESHOLD [eta=0.08] ADD_MIX - ADD_CUSUM = -317.6288062935746, unpaired SE 15.945537308393481, z = -19.92; on the common-detection subset the PAIRED mean difference is -332.3454120397428 with paired SE 13.277526246746314, design effect 0.6933555897865947.
2026-09-05 07:06:34 | INFO | PARITY THRESHOLD [eta=0.1] ADD_MIX - ADD_CUSUM = -122.44852041160874, unpaired SE 10.222453692561837, z = -11.98; on the common-detection subset the PAIRED mean difference is -124.170412963931 with paired SE 8.42127529590738, design effect 0.6786493321162663.
2026-09-05 07:06:34 | INFO | PARITY THRESHOLD [eta=0.12] ADD_MIX - ADD_CUSUM = 8.204822948712547, unpaired SE 5.749016111081937, z = +1.43; on the common-detection subset the PAIRED mean difference is 8.23956158663883 with paired SE 4.289243728338737, design effect 0.5566399833412751.
2026-09-05 07:06:34 | INFO | PARITY THRESHOLD [eta=0.14] ADD_MIX - ADD_CUSUM = 54.57393906190734, unpaired SE 3.505419643128352, z = +15.57; on the common-detection subset the PAIRED mean difference is 54.27400835073069 with paired SE 2.4411458334836897, design effect 0.48496167358126574.
2026-09-05 07:06:34 | INFO | PARITY THRESHOLD [eta=0.16] ADD_MIX - ADD_CUSUM = 70.14747566269122, unpaired SE 2.4630088584372687, z = +28.48; on the common-detection subset the PAIRED mean difference is 69.88726513569938 with paired SE 1.7121362025253397, design effect 0.4832197464188599.
2026-09-05 07:06:34 | INFO | PARITY THRESHOLD [eta=0.18] ADD_MIX - ADD_CUSUM = 72.65830787222387, unpaired SE 1.9570301083600223, z = +37.13; on the common-detection subset the PAIRED mean difference is 72.6205636743215 with paired SE 1.3563049430008474, design effect 0.4803078389038262.
2026-09-05 07:06:34 | INFO | PARITY THRESHOLD [eta=0.2] ADD_MIX - ADD_CUSUM = 70.94136631337182, unpaired SE 1.626206475300285, z = +43.62; on the common-detection subset the PAIRED mean difference is 71.08402922755741 with paired SE 1.1790204608709796, design effect 0.5256435163256534.
2026-09-05 07:06:34 | INFO | PARITY THRESHOLD is a KNIFE-EDGE OVER A GRID. The first non-parity point is eta = 0.02 at ADD_MIX - ADD_CUSUM = 211.8808049535603, z = +2.89. A redraw can move the threshold by one grid step; moving it UP leaves the caption's eta <= 0.10 true.
2026-09-05 07:06:34 | INFO | MACRO SCOPE [CUSUM] the maximum peeking FPR over the WHOLE alpha grid is 0.34905 at alpha = 0.1, against 0.1988 at the figure's operating point alpha = 0.05. The macro binds the latter; the former is logged so the macro cannot be misread.
2026-09-05 07:06:34 | INFO | MACRO SCOPE [MIX] the maximum peeking FPR over the WHOLE alpha grid is 0.0948 at alpha = 0.1, against 0.0491 at the figure's operating point alpha = 0.05. The macro binds the latter; the former is logged so the macro cannot be misread.
2026-09-05 07:06:35 | INFO | Figure 9 written to fig09_anytime_valid.png: three panels drawn from the in-memory frames. Panel C makes the censoring visible, which is R09 prompt section 2.2's actual requirement -- a horizontal rule at the simulation horizon T_EXT = 20000, hollow markers and a lighter dashed line for every arm above 50% right-censoring, the per-arm censoring range in the legend entry, and a legend line naming the convention. Cosmetic divergence from the submitted Fig27_Eprocess_AnytimeValid.png, per preamble S6 and the `ALL-figure-presentation` register row: bold lettered panel titles, per-panel sample sizes on the axes, and the censoring markers. No numerical value moves on that account.
2026-09-05 07:06:35 | INFO | Emitted 7 macros to R09_claims.tex, prefix \RNine per preamble S6's ordinal-in-English rule; \RNinth appears nowhere. The section 2.3 guard was evaluated on the one ARL0-derived macro and its trigger probability under the published configuration is 0: e-CUSUM's censored fraction never exceeds 0.00055.
2026-09-05 07:06:35 | INFO | \RNineEcusumCensoredFracMax = 0.00055 CONTRADICTS the R09 prompt's parenthetical '(0 expected)' and its section 2 'against 0.0000 for eCUSUM': the submitted `protocol_22d` itself carries 0.0006 at alpha = 0.01. Reported in AUDIT_R09.md under findings that revise the prompt's premises. No manuscript claim is affected -- v87 prints no censored fraction.
2026-09-05 07:06:35 | INFO | ==============================================================================
2026-09-05 07:06:35 | INFO | DEVIATION CLASSIFICATION D0-D3 (preamble S3), AT v87'S PRINTING PRECISION
2026-09-05 07:06:35 | INFO | ==============================================================================
2026-09-05 07:06:35 | INFO | v87 site                                 printed          regenerated  witness      class  source cell
2026-09-05 07:06:35 | INFO | L243 / Fig. 9(A) CUSUM peeking FPR       18\%             20%          18%          D2     R09_validity_stopping.csv, CUSUM / 0.05 / peeking / FPR
2026-09-05 07:06:35 | INFO |                                          full float64: regenerated 0.1988, witness 0.1801
2026-09-05 07:06:35 | INFO | L243 CUSUM calibrated to 5% at H         5\%              5%           5%           D1     R09_level_granularity.csv, CUSUM / 0.05 / achieved_level
2026-09-05 07:06:35 | INFO |                                          full float64: regenerated 0.05345, witness 0.0493
2026-09-05 07:06:35 | INFO | L243 MIX ADD at eta = 0.10               409              410          409          D2     R09_eprocess_race.csv, MIX / 0.05 / 0.10 / ADD
2026-09-05 07:06:35 | INFO |                                          full float64: regenerated 410.40266393442624, witness 409.1131405377981
2026-09-05 07:06:35 | INFO | L243 CUSUM ADD at eta = 0.10             539              533          539          D2     R09_eprocess_race.csv, CUSUM / 0.05 / 0.10 / ADD
2026-09-05 07:06:35 | INFO |                                          full float64: regenerated 532.851184346035, witness 538.8051546391753
2026-09-05 07:06:35 | INFO | L243/L559 fair-coin streams per level    $2\times10^4$    20000        20000        D0     N_NULL, the H0 arm of panels A and C
2026-09-05 07:06:35 | INFO |                                          full float64: regenerated 20000, witness 20000
2026-09-05 07:06:35 | INFO | QUALITATIVE L243/L559 MIX 'remains bounded by $\alpha$' under peeking: 7 of 7 levels at or below alpha; ratios 0.948, 0.966, 0.982, 0.970, 0.962, 1.000, 0.945 -> holds
2026-09-05 07:06:35 | INFO | QUALITATIVE L559 'e-CUSUM satisfies $\mathrm{ARL}_0 \ge 1/\alpha$': 7 of 7 rows; minimum ratio 20.54 at alpha = 0.1 -> holds
2026-09-05 07:06:35 | INFO | QUALITATIVE L559 'Only MIX controls the time-uniform false-alarm probability': CUSUM peeking exceeds MIX peeking at 7 of 7 levels; e-CUSUM peeking at alpha = 0.05 is 1.0000 -> holds
2026-09-05 07:06:35 | INFO | QUALITATIVE L559 'MIX matches CUSUM speed for moderate drifts ($\eta \le 0.10$)': MIX at or below CUSUM at eta [0.06, 0.08, 0.1] of the five grid points at or below 0.10; the marginal ADD is conditional on detection and the matched-rate reading is control C4's -> see C4
2026-09-05 07:06:35 | INFO | ==============================================================================
2026-09-05 07:06:35 | INFO | R09_validity_stopping.csv: 63 rows, 12 columns.
2026-09-05 07:06:35 | INFO | R09_eprocess_race.csv: 140 rows, 9 columns.
2026-09-05 07:06:35 | INFO | R09_level_granularity.csv: 14 rows, 8 columns.
2026-09-05 07:06:35 | INFO | R09_arl0.csv: 21 rows, 11 columns.
2026-09-05 07:06:35 | INFO | R09_eprocess_race_control_ecusum.csv: 70 rows, 9 columns.
2026-09-05 07:06:35 | INFO | Re-serialisation reconciliation: all 5 CSVs re-serialise to the digests written above. The figure and the seven macros describe the persisted campaign.
2026-09-05 07:06:35 | INFO | ======================== ARTIFACT INTEGRITY MANIFEST ========================
2026-09-05 07:06:35 | INFO | results/R09_eprocess_anytime/
2026-09-05 07:06:35 | INFO | ├── data/
2026-09-05 07:06:35 | INFO | │   ├── R09_validity_stopping.csv           [27e296087afa6369ce93b3f9aaf402eec3c6b78c8c734202e910742d02f7c6df]
2026-09-05 07:06:35 | INFO | │   ├── R09_eprocess_race.csv               [dad44f3d05e14863c8fbbd9e91ba38a5298457255f02980891b56ad0ed544264]
2026-09-05 07:06:35 | INFO | │   ├── R09_level_granularity.csv           [af880acfcbe2136b4ccd10a17ff6f8058b72fe669a44e9acc6e2d3f7729c5c70]
2026-09-05 07:06:35 | INFO | │   ├── R09_arl0.csv                        [b0b486eca9404c8bc7c96799d20af9cf783ad4ec299ff7a2d7eedec623dbbcaa]
2026-09-05 07:06:35 | INFO | │   └── R09_eprocess_race_control_ecusum.csv  [90f7dd73e8d8f811113ddc629d88894d295cff05c9e481b9c7dbe629ada718f6]
2026-09-05 07:06:35 | INFO | ├── figures/
2026-09-05 07:06:35 | INFO | │   └── fig09_anytime_valid.png             [95dadf2706062b7b7ab406da6f97f13d5057849869e0dac4db7cae64836927ee]
2026-09-05 07:06:35 | INFO | └── tables/
2026-09-05 07:06:35 | INFO |     └── R09_claims.tex                      [34b92176ccefee604f8034a97463efe72a760b7f5326a6fb655b511d20e80cfe]
2026-09-05 07:06:35 | INFO | =============================================================================
2026-09-05 07:06:35 | INFO | --- SHA-256 of every artefact (preamble S2) ---
2026-09-05 07:06:35 | INFO | SHA-256 R09_validity_stopping.csv                    : 27e296087afa6369ce93b3f9aaf402eec3c6b78c8c734202e910742d02f7c6df
2026-09-05 07:06:35 | INFO | SHA-256 R09_eprocess_race.csv                        : dad44f3d05e14863c8fbbd9e91ba38a5298457255f02980891b56ad0ed544264
2026-09-05 07:06:35 | INFO | SHA-256 R09_level_granularity.csv                    : af880acfcbe2136b4ccd10a17ff6f8058b72fe669a44e9acc6e2d3f7729c5c70
2026-09-05 07:06:35 | INFO | SHA-256 R09_arl0.csv                                 : b0b486eca9404c8bc7c96799d20af9cf783ad4ec299ff7a2d7eedec623dbbcaa
2026-09-05 07:06:35 | INFO | SHA-256 R09_eprocess_race_control_ecusum.csv         : 90f7dd73e8d8f811113ddc629d88894d295cff05c9e481b9c7dbe629ada718f6
2026-09-05 07:06:35 | INFO | SHA-256 fig09_anytime_valid.png                      : 95dadf2706062b7b7ab406da6f97f13d5057849869e0dac4db7cae64836927ee
2026-09-05 07:06:35 | INFO | SHA-256 R09_claims.tex                               : 34b92176ccefee604f8034a97463efe72a760b7f5326a6fb655b511d20e80cfe
2026-09-05 07:06:35 | INFO | CONTROL SUMMARY. C3 gate on MIX: not fired (p = 0.9974895113826439). C4 Spearman gates not met on: none. C4 halt condition: not met.
2026-09-05 07:06:35 | INFO | Execution completed in 287.8s with 10 workers and control arm = ecusum. NUM_CHUNKS = 10 fixes the chunk decomposition, so a rerun at a different worker count must produce byte-identical artefacts.
