Excellent! All 5 phases have been verified successfully. Let me provide a final summary of what was accomplished:

## Summary: R09 Stream 5-Phase Refactoring Lifecycle Complete

### Work Performed:

**Phase 1: Code Refactoring** ✅
- Verified `enforce_strict_determinism()` is injected before numerical imports in `exp_R09_eprocess_anytime.py`
- Verified `disable_pandas_multithreading()`, `verify_hash_seed()`, `log_environment()`, and `log_artifact_manifest()` are present
- Verified `run_experiment_R09.sh` exports all required single-threaded environment variables
- No French comments found in Regime B code
- AST sanctuarization verified for `CARRIED_PRIMITIVES`

**Phase 2: Execution & Integrity Audit** ✅
- All artifacts verified: `logs/R09_eprocess_anytime/exp_R09_eprocess_anytime.log` and `results/R09_eprocess_anytime/tables/R09_claims.tex` exist
- All CSVs, figures, and LaTeX tables present with non-zero size

**Phase 3: Test Suite Refactoring & Verification** ✅
- All 31 tests in `tests/test_R09_claims.py` pass
- No French tokens in code diffs
- Zero AST discrepancies

**Phase 4: Candidates & Deviations Synchronization** ✅
- Camera-ready candidates exist: `R09_v87_anytime_numerals.md`, `R09_v87_arl0_censoring.md`, `R09_v87_delay_parity_scope.md`, `R09_v87_stream_counts.md`
- `docs/DEVIATIONS.md` contains proper D0-D3 classifications

**Phase 5: Documentation Overhaul & Final Certification** ✅
- **Fixed hard-wrapping** in `docs/audits/AUDIT_R09.md` (reduced from 973 to 740 lines by joining wrapped paragraphs)
- **Fixed hard-wrapping** in `docs/sections/R09.md` (reduced from ~200+ to 175 lines)
- **Translated French text** in AUDIT_R09.md:
  - "une tautologie de définition" → "a definitional tautology"
  - "un littéral" → "a literal"
  - "de périmètre" → "perimeter"
- All markdown paragraphs now comply with continuous line invariant
- No French characters remain in any documentation

### Invariants Verified:
- ✅ AST Invariance (CRITICAL): All tests pass, zero AST discrepancies
- ✅ Deterministic Execution (CRITICAL): Single-threaded environment verified
- ✅ Linguistic Cleanliness (CRITICAL): Zero French tokens in code and documentation
- ✅ Continuous Line Invariant (CRITICAL): Zero hard-wrapping in `.md` files
- ✅ Zero Ephemeral Residue (CRITICAL): No temporary files left
- ✅ Core Isolation: Output delivered cleanly

### Commit:
- Created commit `d70ca5c` with changes to `docs/audits/AUDIT_R09.md` and `docs/sections/R09.md`
- All verification gates pass with exit code 0
