── R01 (R01_real_world_backtest)
   [OK]
── R02 (R02_whitening_ljungbox)
   [OK]
── R02b (R02b_iid_arm_resolution)
   [OK]
── R02c (R02c_horizon_sweep)
   [OK]
── R03 (R03_fpr_explosion)
   [OK]
── R04 (R04_isofpr_race)
   [OK]
── R04b (R04b_nu_refinement)
   [OK]
── R05 (R05_scale_law)
   [OK]
── R06 (R06_validity_map)
   [OK]
── R07 (R07_estimated_mean)
   [OK]
── R08 (R08_adverse_lattice)
   [OK]
── R09 (R09_eprocess_anytime)
   [OK]
── R10 (R10_skew_robustness)
   [OK]
── R11 (R11_multi_detector)
   [OK]
── R12 (R12_gjr_student)
   [OK]
── R13 (R13_oracle_ceiling)
   [OK]
── R14 (R14_crypto_isofpr)
   [OK]
── R15 (R15_cross_sectional)
   [OK]
── R16 (R16_regime_census)
   [OK]
── R17 (R17_econometric_baseline)
   [OK]
── R18 (R18_ljungbox_power)
   [OK]

════════════════════════════════════════════
Streams with findings: 0/21
