2026-08-21 17:36:02 | INFO | PYTHONHASHSEED correctly pinned to 42 before interpreter start.
2026-08-21 17:36:02 | INFO | Python: 3.12.9
2026-08-21 17:36:02 | INFO |   numpy: 1.26.4
2026-08-21 17:36:02 | INFO |   pandas: 2.3.2
2026-08-21 17:36:02 | INFO |   scipy: 1.16.2
2026-08-21 17:36:02 | INFO |   statsmodels: 0.14.5
2026-08-21 17:36:02 | INFO |   matplotlib: 3.10.6
2026-08-21 17:36:02 | INFO |   pytest: 9.0.3
2026-08-21 17:36:02 | INFO | R08 (b) renders v87 Figure 8 (fig:adverse) and emits the macros of L241 and L311. The campaign is RE-RUN in memory rather than reloaded from CSV: preamble S7 forbids a disk round trip as a memory bridge, which is precisely what the delivered Priorite_21c_plot_adverse_lattice.py did, and without float_precision='round_trip' at that. The figure and every macro below are computed from the objects exp_R08_adverse_lattice_a.run_campaign returns.
2026-08-21 17:36:02 | INFO | C7 SOURCE IDENTITY: 6 primitives byte-identical to Priorite_21b_adverse_bias_and_null_law.py (wilson_ci, prop_test, lb_pvalue, compute_phi_hat_vectorized, cusum_concept_fast, generate_dgp) and 12 byte-identical to exp_R07_estimated_mean.py (exceeds, exceeds_units_strict, exceeds_units_weak, cusum_concept_lattice_units, lattice_exceedance_exact, lattice_exceedance_enumerated, lattice_survival, lambda_star_from_rule, get_deterministic_seed, seed_sequence_for, rng_for, sign_flip_null_max); 9086 characters compared, 0 differences. Preamble S4.2 forbids hoisting any of them into experiments/common/, so the duplication is deliberate and it cannot drift. Deterministic; trigger probability 0 unless a copy has drifted.
2026-08-21 17:36:02 | INFO | C7 CROSS-OWNER AST IDENTITY on generate_dgp: byte identity against exp_R07_estimated_mean.py is FALSE and is not asserted -- R07's copy carries 5 blank line(s) at positions [5, 10, 14, 18, 23] that the R08 witness does not, and every non-blank line is identical (True). `ast.dump(ast.parse(...))` of the two segments is EQUAL, so the two files compile the same instructions and control C6's cross-stream identity is a statement about entropy keys alone. SHA-256 witness 9772f0bc99705b56037dcdd863d1aa1d5c440f7420f7389e4d06fcc205ef7464, SHA-256 R07 8dda36b3707f8d9a152ec48e8c583b58eaaedb45b627ccca90d3d0c1412f6aec.
2026-08-21 17:36:02 | INFO | C7 CROSS-OWNER AST IDENTITY on compute_phi_hat_vectorized: byte identity against exp_R07_estimated_mean.py is FALSE and is not asserted -- R07's copy carries 4 blank line(s) at positions [5, 10, 13, 16] that the R08 witness does not, and every non-blank line is identical (True). `ast.dump(ast.parse(...))` of the two segments is EQUAL, so the two files compile the same instructions and control C6's cross-stream identity is a statement about entropy keys alone. SHA-256 witness ae5cf1ceefdfa7d0845dc1f9262dd380536cac8a60ea296639f41fa03321d1b8, SHA-256 R07 d960886a69b4f09b21619f4bedc4381b2e822f8a18a09997d8f844c85f94a629.
2026-08-21 17:36:02 | INFO | C7 ADAPTED ROUTINES. ['worker_mod_A', 'worker_mod_B', 'plot_adverse_and_lattice', 'main'] are restructured for the reasons stated in the module docstring -- keyed entropy, per-trajectory return values, the removal of the disk round trip, and the replacement of a certification block that gates on four literals the script itself produced -- so byte identity is not assertable on them. Each segment is passed through the S4.4 grep FIRST and quoted in full only if the grep is empty.
2026-08-21 17:36:02 | INFO | C7 witness SHA-256 of worker_mod_A [Priorite_21b_adverse_bias_and_null_law.py]: d6af86161fa6fced4acac99a9a7e1780f34697e92d5749548869e3ec65f8fc7b
2026-08-21 17:36:02 | INFO | C7 S4.4 grep on worker_mod_A: empty. Witness source of worker_mod_A:
def worker_mod_A(seed_sq: np.random.SeedSequence, lambda_star: float, B_GRID: list) -> list:
    phi = 0.00
    r = generate_dgp(6001, phi, seed_sq)
    r_prev = r[1000:6000]
    r_curr = r[1001:6001]
    
    n_ols = 250
    phi_hat = compute_phi_hat_vectorized(r, n_ols, 1001, 6001)
    
    res = []
    for b in B_GRID:
        phi_hat_biased = phi_hat + b
        mu_hat_biased = phi_hat_biased * r_prev
        y_ols_biased = (r_curr - mu_hat_biased > 0).astype(int)
        
        lb_pval = lb_pvalue(y_ols_biased, 20)
        m_val = cusum_concept_fast(y_ols_biased, 0.1)
        
        res.append({
            'b': b,
            'lb_reject': lb_pval < 0.05,
            'fpr_exceed': m_val > lambda_star
        })
    return res
2026-08-21 17:36:02 | INFO | C7 witness SHA-256 of worker_mod_B [Priorite_21b_adverse_bias_and_null_law.py]: e8f2ab6ac01d7a63f377d1de4624de7c7cfba0f7f43b2cd07e9f58cf1c96d034
2026-08-21 17:36:02 | INFO | C7 S4.4 grep on worker_mod_B: empty. Witness source of worker_mod_B:
def worker_mod_B(seed: np.random.SeedSequence, H: int) -> float:
    rng = np.random.default_rng(seed)
    y = rng.integers(0, 2, size=H)
    return cusum_concept_fast(y, 0.1)
2026-08-21 17:36:02 | INFO | C7 witness SHA-256 of plot_adverse_and_lattice [Priorite_21c_plot_adverse_lattice.py]: 3bf316364da0d528f911487b1ff1f3ae2c65acf4ccb21da39d5ddbe1253c82e2
2026-08-21 17:36:02 | INFO | C7 S4.4 grep on plot_adverse_and_lattice: empty. Witness source of plot_adverse_and_lattice:
def plot_adverse_and_lattice():
    import matplotlib.ticker as ticker
    
    csv_21c = FIGURES_DIR / 'protocol_21c_adverse_bias.csv'
    csv_21d = FIGURES_DIR / 'protocol_21d_null_law_lattice.csv'
    
    logging.info(f"MD5 protocol_21c_adverse_bias.csv: {get_md5(csv_21c)}")
    logging.info(f"MD5 protocol_21d_null_law_lattice.csv: {get_md5(csv_21d)}")

    df_21c = pd.read_csv(csv_21c)
    df_21d = pd.read_csv(csv_21d)

    fig, axes = plt.subplots(1, 3, figsize=(18, 5), dpi=300)

    # Panel A: Ljung-Box Rejection
    ax = axes[0]
    ax.grid(True, which='both', alpha=0.3)
    ax.axhline(0.05, color='gray', linestyle=':', label='Target 0.05')

    err_low_lb = np.maximum(0, df_21c['lb_reject_biased'] - df_21c['lb_ci_low'])
    err_high_lb = np.maximum(0, df_21c['lb_ci_high'] - df_21c['lb_reject_biased'])

    label_ols = r"Rolling OLS +" + "\n" + r"injected bias" + "\n" + r"(over-centering, $\phi=0$)"
    label_naive = r"Naive sign" + "\n" + r"(under-centering," + "\n" + r"$\hat\mu_t=0$ at $\phi=b$)"

    ax.errorbar(df_21c['b'], df_21c['lb_reject_biased'], yerr=[err_low_lb, err_high_lb],
                fmt='-o', color='blue', capsize=4, label=label_ols)
    ax.plot(df_21c['b'], df_21c['lb_reject_naive_ref'], '--s', color='red', alpha=0.7, label=label_naive)

    ax.set_xlabel(r'Systematic mis-centering magnitude $b$')
    ax.set_ylabel('Ljung-Box Rejection Rate')
    ax.set_yscale('log')
    ax.set_ylim(0.04, 1.2)
    ax.set_xticks(df_21c['b'])
    ax.set_yticks([0.05, 0.1, 0.2, 0.3, 0.4, 0.5, 0.6, 0.8, 1.0])
    ax.get_yaxis().set_major_formatter(ticker.ScalarFormatter())
    ax.get_yaxis().set_minor_formatter(ticker.NullFormatter())
    ax.legend(loc='upper left', frameon=False)

    # Panel B: FPR
    ax = axes[1]
    ax.grid(True, alpha=0.3)
    ax.axhline(0.05, color='gray', linestyle=':', label='Target 0.05')
    ax.axhspan(0.0429, 0.0503, color='gray', alpha=0.2)

    err_low_fpr = np.maximum(0, df_21c['fpr_biased'] - df_21c['fpr_ci_low'])
    err_high_fpr = np.maximum(0, df_21c['fpr_ci_high'] - df_21c['fpr_biased'])

    ax.errorbar(df_21c['b'], df_21c['fpr_biased'], yerr=[err_low_fpr, err_high_fpr],
                fmt='-o', color='blue', capsize=4, label=label_ols)
    ax.plot(df_21c['b'], df_21c['fpr_naive_ref'], '--s', color='red', alpha=0.7, label=label_naive)

    ax.set_xlabel(r'Systematic mis-centering magnitude $b$')
    ax.set_ylabel('False Positive Rate (FPR)')
    ax.set_ylim(0, 0.22)
    ax.set_xticks(df_21c['b'])
    ax.legend(loc='upper left', frameon=False)

    # Panel C: Lattice
    ax = axes[2]
    ax.grid(True, alpha=0.3)
    ax.axhline(0.05, color='gray', linestyle=':', label='Target 0.05')

    ax.plot(df_21d['lambda'], df_21d['P_exceed'], drawstyle='steps-post', color='black', linewidth=1.5)
    ax.plot(df_21d['lambda'], df_21d['P_exceed'], 'ko')

    df_highlight = df_21d[df_21d['lambda'].isin([11.2, 11.4])]
    ax.plot(df_highlight['lambda'], df_highlight['P_exceed'], 'ro', markersize=8, label='Quantile Brackets')

    ax.set_xlabel(r'Critical Value ($\lambda$)')
    ax.set_ylabel(r'Empirical Survival Probability $P(M > \lambda)$')
    ax.set_xticks(df_21d['lambda'])
    ax.legend(loc='upper right', frameon=False)

    plt.tight_layout()
    plt.savefig(FIGURES_DIR / 'Fig26_Adverse_Bias_and_Lattice.png')
    plt.close()
2026-08-21 17:36:02 | INFO | C7 witness SHA-256 of main [Priorite_21b_adverse_bias_and_null_law.py]: ba4a2bb353600e3ceb64fdd49fdba9a20b6ebb014f3cad73dcc1756b4299ee4d
2026-08-21 17:36:02 | INFO | C7 main is NOT quoted: the S4.4 grep returns 1 line(s) carrying proscribed wording inside the segment, and preamble S4.2 makes the grep a precondition of the citation precisely so that a quotation cannot import that wording into this log. The routine is pinned by the SHA-256 above and its adaptation is described in the module docstring and in docs/audits/AUDIT_R08.md instead. Line numbers in Priorite_21b_adverse_bias_and_null_law.py: [123].
2026-08-21 17:36:02 | INFO | C7 SUPERSEDED ROUTINES. ['setup_logging', 'get_sha256', 'dump_requirements', 'get_md5'] are NOT carried at all: the FAIR harness supplies `setup_logging`, `compute_sha256` and `save_fair_csv`, the version relevé goes through `importlib.metadata.version()` in `log_environment`, and `get_md5` is superseded by SHA-256 outright. Preamble S4.2 pins a superseded routine by its digest and does not quote it.
2026-08-21 17:36:02 | INFO | C7 superseded SHA-256 of setup_logging [Priorite_21b_adverse_bias_and_null_law.py]: b17e76eb0e5ea543f08fd31e2f83148242cb18afb0a26cdeb3ac4b8089d75cda
2026-08-21 17:36:02 | INFO | C7 superseded SHA-256 of get_sha256 [Priorite_21b_adverse_bias_and_null_law.py]: 9e8dee911c4d2ddf2a406fc68fa13cf3ed9df36fbade580c715852c48ade5c83
2026-08-21 17:36:02 | INFO | C7 superseded SHA-256 of dump_requirements [Priorite_21b_adverse_bias_and_null_law.py]: a4e83925eda906d84fec83bb14ab290454ebe98ff7b18adee24678234ab88cc4
2026-08-21 17:36:02 | INFO | C7 superseded SHA-256 of get_md5 [Priorite_21c_plot_adverse_lattice.py]: 92465a5b7a879855c83bbbcffba899bd6b958d862a15ce4211af56c0a126e272
2026-08-21 17:36:02 | INFO | C1 (i)-(iii) OPERATOR IDENTITY, by AST, over BOTH modules of this stream. `exceeds` is a single `Compare` carrying `ast.Gt`; of the 138 comparisons in exp_R08_adverse_lattice_a.py and exp_R08_adverse_lattice_b.py, the 3 inside ['exceeds', 'exceeds_units_strict', 'exceeds_units_weak'] are the only ones that may ORDER a threshold name against anything, and none of the others does. `worker_mod_A` calls `exceeds`; `operator_levels_at` calls all three helpers; `lattice_exceedance_enumerated` calls `exceeds_units_strict`. lambda* itself comes from `lambda_star_from_rule` on the EXACT law, so the selection path and the evaluation path test the same operator by construction. Deterministic; trigger probability 0.
2026-08-21 17:36:02 | INFO | FAMILY-WISE ARITHMETIC, LOGGED BEFORE ANY RESULT IS INTERPRETED (S4bis.1). Control C4 compares the two arms at 6 values of b. Gating on 'no test rejects' at the 0.05 level would trigger with probability 1 - (1 - 0.05)^6 = 26.4908% under the hypothesis of equality itself -- far above the 5% ceiling S4bis fixes. 'No test rejects' is therefore NOT used as a gate, and neither is 'two tests reject' used as a refutation. The substitute is a KS calibration of the six p-values against Uniform(0,1), read against a null built by sign-flip resampling on the trajectory index, because the six p-values are dependent twice over and the tabulated Kolmogorov distribution assumes neither dependence.
2026-08-21 17:36:02 | INFO | C1/C2 THE EXACT LATTICE LAW. With delta = 0.1 the two CUSUM branches move by +0.4 and -0.6, i.e. by +2 and -3 in units of 2delta = 0.2, so (S_pos, S_neg) is a Markov chain on the non-negative integer quadrant and M_H is an integer multiple of 0.2. An absorbing-chain dynamic program over that state space at H = 5000 gives P(M_H > lambda) exactly. No Monte-Carlo is involved and no entropy is consumed; the trigger probability of every assertion resting on it is 0.
2026-08-21 17:36:04 | INFO | C1 lambda* BY L241's OWN RULE, evaluated on the exact law in 2.3s: 'we take the nearest attainable level at or below nominal' selects the SMALLEST lattice threshold whose exact level is at or below 0.05, which is 57 lattice units = 11.4. v87 prints lambda* = 11.4, and 57 * 0.2 == 11.4 is True bit-for-bit in float64. The delivered `float(np.quantile(Ms_cal, 0.95))` on 20,000 fair-coin streams (witness l.228-233) is a superseded estimator: it sits astride a lattice boundary and docs/DEVIATIONS.md `R07-lambda-star-estimator` already registers it with the exact probability that it returns 11.4. R08 cites that entry and opens no duplicate.
2026-08-21 17:36:04 | INFO | IS_LATTICE_POINT IS COMPUTED, NOT WRITTEN (prompt section 2.6). The witness line 373 is the bare assignment `is_lattice = True` -- an `ast.Constant`, not a computation -- so the column carries no information in the delivered CSV. Here the verdict is taken in exact rational arithmetic on the decimal v87 prints: 5*lambda must be an integer. On the six grid points the verdict is [('11.0', 55, True), ('11.2', 56, True), ('11.4', 57, True), ('11.6', 58, True), ('11.8', 59, True), ('12.0', 60, True)]; on the probe 11.3, which is not a multiple of 2delta, it is False with units None. The probe is a negative control of the column and enters no artefact. Neither float route decides this: 11.2 / 0.2 = 55.99999999999999 and 56 * 0.2 = 11.200000000000001.
2026-08-21 17:36:04 | INFO | C3, BEFORE ANY RESULT IS READ. The bracketing roles are computed on the EXACT law, where the trigger probability is 0. The SAME roles are then required of the MEASURED strict levels, and that leg has a computable trigger probability under its own null: the exact level at lambda = 11.2 is 5.1021%, which is only 2.07 binomial standard errors above the 0.05 nominal at 200000 streams, so a Monte-Carlo realisation on the wrong side of nominal is an ordinary event. Summed over the 6 grid points the probability that at least one lands on the wrong side of nominal is 1.9017%. S4bis forbids reading a gate whose trigger probability under its own null is of that size: the measured leg is a REPORTED control, it logs an error and the run continues, and only the exact leg exits.
2026-08-21 17:36:04 | INFO | C4, BEFORE ANY RESULT IS READ. The three-point bound of L311 is a MAXIMUM over the 6 values of b of a paired difference measured on shared trajectories. S4bis's 4th corollary forbids reading it against the tolerance of one point: the sampling envelope of the maximum is built by resampling trajectories (2000 replicates) and preamble S3 fixes what it is for -- a printed bound is crossed at D3 only when the 95% interval of the regenerated value EXCLUDES it. The null law of the same maximum under exchangeability of the two arms is built separately by sign-flip resampling (10000 replicates), read at level 0.001, whose trigger probability under that null is exactly 0.001 by construction.
2026-08-21 17:36:04 | INFO | MODULE A: 10000 trajectories, phi = 0.0, n_ols = 250, T = 6001, evaluation on [1001:6001], b in [0.0, 0.02, 0.05, 0.075, 0.1, 0.15]. Each trajectory carries BOTH arms: the injected-bias arm mu_hat = (phi_hat + b) r_prev at phi = 0, and the naive pairing diagnostic r_naive[t] > 0 at phi = b on the SAME key.
2026-08-21 17:37:05 | INFO | Module A completed in 60.8s on 48 workers (200 chunks of 50).
2026-08-21 17:37:05 | INFO | MODULE B: 200000 fair-coin streams at H = 5000, keyed ('lattice_stream', index). Each stream yields BOTH the float statistic and the exact integer one. Both are required: the integer form gives the two exact-operator levels, the float form gives the level the implemented test delivers and the boundary count. The delivered module B computed the float form alone and rounded it to six decimals before comparing, which reports the strict lattice level without saying so.
2026-08-21 17:37:14 | INFO | Module B completed in 8.8s on 48 workers (100 chunks of 2000). The delivered module B computed the float statistic alone; computing both forms is the cost this stream pays to measure the operator instead of inferring it.
2026-08-21 17:37:14 | INFO | NO DEGRADED PATH ON THE CARRIED lb_pvalue (S4.3): a constant sign stream would take its `np.std(series) < 1e-12` branch and return the non-rejection 1.0 without any test being run. Over the 120000 module-A streams the branch was taken 0 times. The other two fallbacks of the carried primitives -- `compute_phi_hat_vectorized`'s `sum_den >= 1e-12` mask and `generate_dgp`'s `h[t] = max(..., 1e-12)` floor -- are established unreachable on this DGP and these keys by control C7 of exp_R07_estimated_mean.py, which runs the same recursion on the same trajectory keys; R08 cites that measurement and does not re-run it.
2026-08-21 17:37:19 | INFO | Figure 8 written to fig08_adverse_lattice.png. Panel (A) both arms' Ljung-Box rejection on a log ordinate with the gap annotated in points and the proportion-test rejections marked. Panel (B) both arms' false-alarm rate with the 5% rule REMOVED and the two operator levels drawn in its place -- strict 4.3230% and weak 5.0815% at lambda* = 11.4 -- with the band between them shaded and each line labelled by its operator. Panel (C) the survival function over the 16 scanned lattice points as a step function on multiples of 0.2, the two bracketing levels marked, and the 5% rule kept here only. Cosmetic divergence from the submitted Fig26_Adverse_Bias_and_Lattice.png, declared per preamble S6: bold horizontally centred panel titles prefixed (A)-(C). The removal of the 5% rule from panels (A) and (B) is NOT cosmetic and is recorded in docs/audits/AUDIT_R08.md.
2026-08-21 17:37:19 | INFO | Emitted 13 macros to R08_claims.tex, prefix \REight per preamble S6's ordinal-in-English rule; \REighth appears nowhere. Every value is computed from an object in memory. Two of them -- \REightFprInflate and \REightPenaltyAtResidualMomentum -- are computed from R07 cells and the comment block says so. No macro names eta_rmse_over_sigma, the 'seven times' ratio or the constant 2.5.
2026-08-21 17:37:19 | INFO | SHA-256 R08_adverse_bias.csv               : 167bc67f6913ebea6fe5023c62a9638259a1036028821d0fa051339ea772f675
2026-08-21 17:37:19 | INFO | SHA-256 R08_null_law_lattice.csv           : 01abacb1f055f2006d4cf32f3f630003813180f0bdb3da5bb3b839c76e7df611
2026-08-21 17:37:19 | INFO | SHA-256 R08_operator_levels.csv            : f80e06d2d24de02b0878a840e89acfd6aa622c633468a0032c0cce93141913d6
2026-08-21 17:37:19 | INFO | SHA-256 R08_lattice_exact_law.csv          : 7134ae5e2cc683f18fbbf7efb0c32dbebd68cabbf36e06fc5b880d1710e00893
2026-08-21 17:37:19 | INFO | SHA-256 R08_pairing_diagnostic.csv         : 0492b16f924e68779a22bfdb60820ef1c531483b09c211e425c06422f895b917
2026-08-21 17:37:19 | INFO | Re-run reconciliation: all 5 CSVs re-serialise to the digests exp_R08_adverse_lattice_a wrote. The figure and the macros describe the persisted campaign.
2026-08-21 17:37:19 | INFO | SHA-256 fig08_adverse_lattice.png          : 74966cbc8610970f25dc7597664002b7c34d4d2c75a1a5106689543b7fc277f5
2026-08-21 17:37:19 | INFO | SHA-256 R08_claims.tex                     : 6a5f743e5920c8043358e20a3013026f994a94f5e019f186fca52e0a4c1dc9c6
2026-08-21 17:37:19 | INFO | ======================== ARTIFACT INTEGRITY MANIFEST ========================
2026-08-21 17:37:19 | INFO | results/R08_adverse_lattice/
2026-08-21 17:37:19 | INFO | ├── data/
2026-08-21 17:37:19 | INFO | │   ├── R08_adverse_bias.csv                [167bc67f6913ebea6fe5023c62a9638259a1036028821d0fa051339ea772f675]
2026-08-21 17:37:19 | INFO | │   ├── R08_null_law_lattice.csv            [01abacb1f055f2006d4cf32f3f630003813180f0bdb3da5bb3b839c76e7df611]
2026-08-21 17:37:19 | INFO | │   ├── R08_operator_levels.csv             [f80e06d2d24de02b0878a840e89acfd6aa622c633468a0032c0cce93141913d6]
2026-08-21 17:37:19 | INFO | │   ├── R08_lattice_exact_law.csv           [7134ae5e2cc683f18fbbf7efb0c32dbebd68cabbf36e06fc5b880d1710e00893]
2026-08-21 17:37:19 | INFO | │   └── R08_pairing_diagnostic.csv          [0492b16f924e68779a22bfdb60820ef1c531483b09c211e425c06422f895b917]
2026-08-21 17:37:19 | INFO | ├── figures/
2026-08-21 17:37:19 | INFO | │   └── fig08_adverse_lattice.png           [74966cbc8610970f25dc7597664002b7c34d4d2c75a1a5106689543b7fc277f5]
2026-08-21 17:37:19 | INFO | └── tables/
2026-08-21 17:37:19 | INFO |     └── R08_claims.tex                      [6a5f743e5920c8043358e20a3013026f994a94f5e019f186fca52e0a4c1dc9c6]
2026-08-21 17:37:19 | INFO | =============================================================================
2026-08-21 17:37:19 | INFO | Execution completed in 77.5s.
