[2026-07-19 13:17:25] INFO: Fetching 102 tickers 2005-01-01..2025-07-01 (1d).
[2026-07-19 13:17:25] INFO: AAPL: 5154 rows [2005-01-04..2025-06-30]
[2026-07-19 13:17:27] INFO: MSFT: 5154 rows [2005-01-04..2025-06-30]
[2026-07-19 13:17:29] INFO: AMZN: 5154 rows [2005-01-04..2025-06-30]
[2026-07-19 13:17:32] INFO: GOOGL: 5154 rows [2005-01-04..2025-06-30]
[2026-07-19 13:17:34] INFO: JPM: 5154 rows [2005-01-04..2025-06-30]
[2026-07-19 13:17:36] INFO: JNJ: 5154 rows [2005-01-04..2025-06-30]
[2026-07-19 13:17:39] INFO: V: 4347 rows [2008-03-20..2025-06-30]
[2026-07-19 13:17:41] INFO: PG: 5154 rows [2005-01-04..2025-06-30]
[2026-07-19 13:17:43] INFO: HD: 5154 rows [2005-01-04..2025-06-30]
[2026-07-19 13:17:46] INFO: MA: 4803 rows [2006-05-26..2025-06-30]
[2026-07-19 13:17:48] INFO: BAC: 5154 rows [2005-01-04..2025-06-30]
[2026-07-19 13:17:50] INFO: DIS: 5154 rows [2005-01-04..2025-06-30]
[2026-07-19 13:17:53] INFO: ADBE: 5154 rows [2005-01-04..2025-06-30]
[2026-07-19 13:17:55] INFO: XOM: 5154 rows [2005-01-04..2025-06-30]
[2026-07-19 13:17:57] INFO: CVX: 5154 rows [2005-01-04..2025-06-30]
[2026-07-19 13:18:00] INFO: KO: 5154 rows [2005-01-04..2025-06-30]
[2026-07-19 13:18:02] INFO: PEP: 5154 rows [2005-01-04..2025-06-30]
[2026-07-19 13:18:05] INFO: WMT: 5154 rows [2005-01-04..2025-06-30]
[2026-07-19 13:18:07] INFO: CSCO: 5154 rows [2005-01-04..2025-06-30]
[2026-07-19 13:18:09] INFO: INTC: 5154 rows [2005-01-04..2025-06-30]
[2026-07-19 13:18:11] INFO: CMCSA: 5154 rows [2005-01-04..2025-06-30]
[2026-07-19 13:18:14] INFO: PFE: 5154 rows [2005-01-04..2025-06-30]
[2026-07-19 13:18:16] INFO: ABT: 5154 rows [2005-01-04..2025-06-30]
[2026-07-19 13:18:19] INFO: MRK: 5154 rows [2005-01-04..2025-06-30]
[2026-07-19 13:18:21] INFO: WFC: 5154 rows [2005-01-04..2025-06-30]
[2026-07-19 13:18:23] INFO: TMO: 5154 rows [2005-01-04..2025-06-30]
[2026-07-19 13:18:26] INFO: COST: 5154 rows [2005-01-04..2025-06-30]
[2026-07-19 13:18:28] INFO: MCD: 5154 rows [2005-01-04..2025-06-30]
[2026-07-19 13:18:30] INFO: NKE: 5154 rows [2005-01-04..2025-06-30]
[2026-07-19 13:18:33] INFO: DHR: 5154 rows [2005-01-04..2025-06-30]
[2026-07-19 13:18:35] INFO: TXN: 5154 rows [2005-01-04..2025-06-30]
[2026-07-19 13:18:37] INFO: NEE: 5154 rows [2005-01-04..2025-06-30]
[2026-07-19 13:18:40] INFO: ORCL: 5154 rows [2005-01-04..2025-06-30]
[2026-07-19 13:18:42] INFO: QCOM: 5154 rows [2005-01-04..2025-06-30]
[2026-07-19 13:18:44] INFO: HON: 5154 rows [2005-01-04..2025-06-30]
[2026-07-19 13:18:47] INFO: UNH: 5154 rows [2005-01-04..2025-06-30]
[2026-07-19 13:18:49] INFO: AMGN: 5154 rows [2005-01-04..2025-06-30]
[2026-07-19 13:18:51] INFO: IBM: 5154 rows [2005-01-04..2025-06-30]
[2026-07-19 13:18:54] INFO: GE: 5154 rows [2005-01-04..2025-06-30]
[2026-07-19 13:18:56] INFO: CAT: 5154 rows [2005-01-04..2025-06-30]
[2026-07-19 13:18:59] INFO: MMM: 5154 rows [2005-01-04..2025-06-30]
[2026-07-19 13:19:01] INFO: GS: 5154 rows [2005-01-04..2025-06-30]
[2026-07-19 13:19:03] INFO: BA: 5154 rows [2005-01-04..2025-06-30]
[2026-07-19 13:19:06] INFO: SBUX: 5154 rows [2005-01-04..2025-06-30]
[2026-07-19 13:19:08] INFO: LOW: 5154 rows [2005-01-04..2025-06-30]
[2026-07-19 13:19:10] INFO: AXP: 5154 rows [2005-01-04..2025-06-30]
[2026-07-19 13:19:13] INFO: BLK: 5154 rows [2005-01-04..2025-06-30]
[2026-07-19 13:19:15] INFO: GILD: 5154 rows [2005-01-04..2025-06-30]
[2026-07-19 13:19:17] INFO: MDLZ: 5154 rows [2005-01-04..2025-06-30]
[2026-07-19 13:19:19] INFO: ISRG: 5154 rows [2005-01-04..2025-06-30]
[2026-07-19 13:19:22] INFO: AMD: 5154 rows [2005-01-04..2025-06-30]
[2026-07-19 13:19:24] INFO: ADP: 5154 rows [2005-01-04..2025-06-30]
[2026-07-19 13:19:26] INFO: C: 5154 rows [2005-01-04..2025-06-30]
[2026-07-19 13:19:29] INFO: MS: 5154 rows [2005-01-04..2025-06-30]
[2026-07-19 13:19:31] INFO: SPGI: 5154 rows [2005-01-04..2025-06-30]
[2026-07-19 13:19:33] INFO: CB: 5154 rows [2005-01-04..2025-06-30]
[2026-07-19 13:19:36] INFO: MO: 5154 rows [2005-01-04..2025-06-30]
[2026-07-19 13:19:38] INFO: DUK: 5154 rows [2005-01-04..2025-06-30]
[2026-07-19 13:19:41] INFO: SO: 5154 rows [2005-01-04..2025-06-30]
[2026-07-19 13:19:43] INFO: BDX: 5154 rows [2005-01-04..2025-06-30]
[2026-07-19 13:19:45] INFO: CL: 5154 rows [2005-01-04..2025-06-30]
[2026-07-19 13:19:48] INFO: USB: 5154 rows [2005-01-04..2025-06-30]
[2026-07-19 13:19:50] INFO: PNC: 5154 rows [2005-01-04..2025-06-30]
[2026-07-19 13:19:52] INFO: TGT: 5154 rows [2005-01-04..2025-06-30]
[2026-07-19 13:19:55] INFO: FDX: 5154 rows [2005-01-04..2025-06-30]
[2026-07-19 13:19:57] INFO: CSX: 5154 rows [2005-01-04..2025-06-30]
[2026-07-19 13:19:59] INFO: EMR: 5154 rows [2005-01-04..2025-06-30]
[2026-07-19 13:20:02] INFO: ITW: 5154 rows [2005-01-04..2025-06-30]
[2026-07-19 13:20:04] INFO: AON: 5154 rows [2005-01-04..2025-06-30]
[2026-07-19 13:20:06] ERROR: $MMC: possibly delisted; no timezone found
[2026-07-19 13:20:06] WARNING: MMC attempt 1/3: empty frame
[2026-07-19 13:20:08] ERROR: $MMC: possibly delisted; no timezone found
[2026-07-19 13:20:08] WARNING: MMC attempt 2/3: empty frame
[2026-07-19 13:20:12] ERROR: $MMC: possibly delisted; no timezone found
[2026-07-19 13:20:12] WARNING: MMC attempt 3/3: empty frame
[2026-07-19 13:20:18] ERROR: MMC: giving up
[2026-07-19 13:20:21] INFO: SLB: 5154 rows [2005-01-04..2025-06-30]
[2026-07-19 13:20:23] INFO: EOG: 5154 rows [2005-01-04..2025-06-30]
[2026-07-19 13:20:25] INFO: COP: 5154 rows [2005-01-04..2025-06-30]
[2026-07-19 13:20:28] INFO: APD: 5154 rows [2005-01-04..2025-06-30]
[2026-07-19 13:20:30] INFO: SHW: 5154 rows [2005-01-04..2025-06-30]
[2026-07-19 13:20:32] INFO: ECL: 5154 rows [2005-01-04..2025-06-30]
[2026-07-19 13:20:35] INFO: NSC: 5154 rows [2005-01-04..2025-06-30]
[2026-07-19 13:20:37] INFO: WM: 5154 rows [2005-01-04..2025-06-30]
[2026-07-19 13:20:39] INFO: PSA: 5154 rows [2005-01-04..2025-06-30]
[2026-07-19 13:20:42] INFO: AEP: 5154 rows [2005-01-04..2025-06-30]
[2026-07-19 13:20:44] INFO: D: 5154 rows [2005-01-04..2025-06-30]
[2026-07-19 13:20:46] INFO: EXC: 5154 rows [2005-01-04..2025-06-30]
[2026-07-19 13:20:49] INFO: F: 5154 rows [2005-01-04..2025-06-30]
[2026-07-19 13:20:51] INFO: GM: 3673 rows [2010-11-19..2025-06-30]
[2026-07-19 13:20:53] INFO: DD: 5154 rows [2005-01-04..2025-06-30]
[2026-07-19 13:20:56] INFO: KMB: 5154 rows [2005-01-04..2025-06-30]
[2026-07-19 13:20:58] INFO: GIS: 5154 rows [2005-01-04..2025-06-30]
[2026-07-19 13:21:00] ERROR: $K: possibly delisted; no timezone found
[2026-07-19 13:21:00] WARNING: K attempt 1/3: empty frame
[2026-07-19 13:21:02] ERROR: $K: possibly delisted; no timezone found
[2026-07-19 13:21:02] WARNING: K attempt 2/3: empty frame
[2026-07-19 13:21:06] ERROR: $K: possibly delisted; no timezone found
[2026-07-19 13:21:06] WARNING: K attempt 3/3: empty frame
[2026-07-19 13:21:12] ERROR: K: giving up
[2026-07-19 13:21:15] INFO: HSY: 5154 rows [2005-01-04..2025-06-30]
[2026-07-19 13:21:17] INFO: SYY: 5154 rows [2005-01-04..2025-06-30]
[2026-07-19 13:21:19] INFO: ADI: 5154 rows [2005-01-04..2025-06-30]
[2026-07-19 13:21:21] INFO: MU: 5154 rows [2005-01-04..2025-06-30]
[2026-07-19 13:21:24] INFO: LRCX: 5154 rows [2005-01-04..2025-06-30]
[2026-07-19 13:21:26] INFO: KLAC: 5154 rows [2005-01-04..2025-06-30]
[2026-07-19 13:21:28] INFO: AMAT: 5154 rows [2005-01-04..2025-06-30]
[2026-07-19 13:21:31] INFO: ROP: 5154 rows [2005-01-04..2025-06-30]
[2026-07-19 13:21:33] INFO: INTU: 5154 rows [2005-01-04..2025-06-30]
[2026-07-19 13:21:35] INFO: UPS: 5154 rows [2005-01-04..2025-06-30]
[2026-07-19 13:21:38] INFO: RTX: 5154 rows [2005-01-04..2025-06-30]
[2026-07-19 13:21:40] INFO: NVDA: 5154 rows [2005-01-04..2025-06-30]
[2026-07-19 13:21:42] INFO: CRM: 5154 rows [2005-01-04..2025-06-30]
[2026-07-19 13:21:44] INFO: LLY: 5154 rows [2005-01-04..2025-06-30]
[2026-07-19 13:21:47] INFO: panel_logreturns.csv: 97 tickers x 5154 days [2005-01-04..2025-06-30] (dropped 3 low-coverage). SURVIVORSHIP: fixed current universe.
[2026-07-19 15:07:04] INFO: Fetching 102 tickers 2005-01-01..2025-07-01 (1d).
[2026-07-19 15:07:05] INFO: AAPL: 5154 rows [2005-01-04..2025-06-30]
[2026-07-19 15:07:07] INFO: MSFT: 5154 rows [2005-01-04..2025-06-30]
[2026-07-19 15:07:09] INFO: AMZN: 5154 rows [2005-01-04..2025-06-30]
[2026-07-19 15:07:12] INFO: GOOGL: 5154 rows [2005-01-04..2025-06-30]
[2026-07-19 15:07:14] INFO: JPM: 5154 rows [2005-01-04..2025-06-30]
[2026-07-19 15:07:59] INFO: Fetching 102 tickers 2005-01-01..2025-07-01 (1d).
[2026-07-19 15:07:59] INFO: AAPL: 5154 rows [2005-01-04..2025-06-30]
[2026-07-19 15:08:01] INFO: MSFT: 5154 rows [2005-01-04..2025-06-30]
[2026-07-19 15:08:04] INFO: AMZN: 5154 rows [2005-01-04..2025-06-30]
[2026-07-19 15:08:06] INFO: GOOGL: 5154 rows [2005-01-04..2025-06-30]
[2026-07-19 15:08:08] INFO: JPM: 5154 rows [2005-01-04..2025-06-30]
