2026-08-22 07:20:34 | INFO | PYTHONHASHSEED correctly pinned to 42 before interpreter start.
2026-08-22 07:20:34 | INFO | Python: 3.12.9
2026-08-22 07:20:34 | INFO |   numpy: 1.26.4
2026-08-22 07:20:34 | INFO |   pandas: 2.3.2
2026-08-22 07:20:34 | INFO |   scipy: 1.16.2
2026-08-22 07:20:34 | INFO |   statsmodels: 0.14.5
2026-08-22 07:20:34 | INFO |   matplotlib: 3.10.6
2026-08-22 07:20:34 | INFO |   joblib: 1.4.2
2026-08-22 07:20:34 | INFO |   river: 0.23.0
2026-08-22 07:20:34 | INFO |   pytest: 9.0.3
2026-08-22 07:20:34 | INFO | R18 reproduces no figure, table or number of v87. It bounds what the manuscript's Ljung-Box NON-REJECTIONS exclude, at the four sites that carry them: L278, L290, the Figure 6 caption at L286, and L318. Its output is a bound.
2026-08-22 07:20:34 | INFO | Source-identity check: 8 primitives byte-identical to their owning experiment (3628 characters compared), and the 21 carried statements of arm (a) all present in exp_R02_whitening_ljungbox.py::simulate_task. Preamble S4.2 forbids hoisting any of them into experiments/common/, so the duplication is deliberate; the two `solve_beta_for_gamma` copies are compared with their `def` line renamed, which is the only token that differs.
2026-08-22 07:20:34 | INFO | Specification: 36 amplitudes from 0.0 to 0.25 (16 per decade on [0.0025, 0.25] plus the null point and the anchors (0.05, 0.1)), horizons (2000, 8000, 32000, 128000), 1000 streams per point, Ljung-Box at lag 20, nominal level 0.05, chi2 quantile q = 31.410432844230918.
2026-08-22 07:20:34 | INFO | Theta grid: 0.000000, 0.002500, 0.002887, 0.003334, 0.003850, 0.004446, 0.005134, 0.005928, 0.006846, 0.007906, 0.009129, 0.010542, 0.012174, 0.014059, 0.016235, 0.018747, 0.021649, 0.025000, 0.028870, 0.033338, 0.038498, 0.044457, 0.050000, 0.051338, 0.059284, 0.068460, 0.079057, 0.091294, 0.100000, 0.105424, 0.121742, 0.140585, 0.162345, 0.187474, 0.216491, 0.250000
2026-08-22 07:20:34 | INFO | C4 is structural: the seed key is ('R18', 'power', index) with NO theta and NO n_steps, so one uniform vector of length 128000 generates the chain at every amplitude by re-thresholding and its first n entries generate every horizon. The grid is paired by construction.
2026-08-22 07:20:35 | INFO | Instrument cross-check: 150 Ljung-Box p-values from the carried R02 `lb_pvalue` against statsmodels.acorr_ljungbox. Worst deviation is 0.0001 of its own budget (stream 11, theta = 0.0, n = 8000: 0.2686012061368037 against 0.2686012061367379, budget 1.097e-09). The budget is chi2.pdf(q) * q * 1e-09, the float64 reassociation error of a sum over n <= 8000 terms propagated to the p-value scale.
2026-08-22 07:20:37 | INFO | C5 generator check, 10000 streams of 8000 steps at theta = 0.1: pooled lag-1 autocorrelation 0.19996860625004817 against the exact 0.2, deviation -3.139e-05 for a tolerance of 4.472e-04 = 4/sqrt(10000*8000), i.e. 0.070 of the budget. Marginal rate 0.49992356, Wilson [0.49981400, 0.50003313] on 80000000 observations, and [0.49978937, 0.50005775] after the sqrt((1+rho)/(1-rho)) = 1.2247 inflation the chain's own dependence imposes. The tolerance is four standard errors of a sample autocorrelation on N observations, 1/sqrt(N); it comes from the estimator, not from this draw.
2026-08-22 07:20:37 | INFO | C5 elapsed 2.0s. Trigger probability under a correct generator: the autocorrelation arm is a four-sigma band, so 6.3e-5 two-sided; the marginal arm is a 95% Wilson interval, so 5%. Both are single tests, below the 5% threshold of preamble S4bis for the first and at it for the second.
2026-08-22 07:20:37 | INFO | Pass 1 of the grid: horizon 128000 alone, 36 amplitudes x 1000 streams. Roughly 4.6e9 values enter autocorrelation estimation for this slice; A4 of the plan requires it measured and reported before the rest of the grid is launched.
2026-08-22 07:22:46 | INFO | Pass 1 elapsed 129.3s on n_jobs = -1. The measured cost of the largest horizon is reported rather than used to trim the design.
2026-08-22 07:22:46 | INFO | Pass 2 of the grid: horizons (2000, 8000, 32000), same 1000 stream indices and therefore the same uniform vectors.
2026-08-22 07:22:49 | INFO | Pass 2 elapsed 2.9s. Grid total 132.1s over 144000 Ljung-Box readings.
2026-08-22 07:22:49 | INFO | Degenerate-stream branch of `lb_pvalue` (denom == 0 -> p = 1.0, biased towards white per AUDIT_R06.md section 2.3): 0 occurrences over 144000 readings.
2026-08-22 07:22:49 | INFO | C1 multiplicity, computed and logged BEFORE any interpretation per preamble S4bis: 4 simultaneous 95% statements reject at least once with probability 1 - 0.95^4 = 0.1855, above the 5% threshold. The binary gate is therefore replaced by a Kolmogorov-Smirnov calibration test of the 1000 p-values against Uniform(0,1) at each horizon, and the four rates are reported with their Wilson intervals as description.
2026-08-22 07:22:49 | INFO | C1 at n = 2000: rejection rate 0.0510 (51/1000), Wilson [0.0390, 0.0664], covers 0.05: True. KS distance to Uniform(0,1) 0.0223, p = 0.6919.
2026-08-22 07:22:49 | INFO | C1 at n = 8000: rejection rate 0.0450 (45/1000), Wilson [0.0338, 0.0597], covers 0.05: True. KS distance to Uniform(0,1) 0.0333, p = 0.2140.
2026-08-22 07:22:49 | INFO | C1 at n = 32000: rejection rate 0.0520 (52/1000), Wilson [0.0399, 0.0676], covers 0.05: True. KS distance to Uniform(0,1) 0.0286, p = 0.3790.
2026-08-22 07:22:49 | INFO | C1 at n = 128000: rejection rate 0.0470 (47/1000), Wilson [0.0355, 0.0619], covers 0.05: True. KS distance to Uniform(0,1) 0.0207, p = 0.7745.
2026-08-22 07:22:49 | INFO | C1 across horizons: max KS distance 0.0333, bootstrap p = 0.5665 over 2000 resamples of WHOLE STREAM INDICES. The four horizons are nested prefixes of the same 1000 streams, so their KS statistics are dependent and a pooled KS over 4000 p-values would be invalid; resampling stream indices carries the dependence. A1 of the plan is answered: four rates and four KS p-values, one per horizon, none dropped.
2026-08-22 07:22:49 | INFO | C2, largest inversion in theta at fixed n measured in paired standard errors: 1.50, against the margin of 2.0. Reported whether or not it reaches the margin, so that an absent inversion and a small one stay distinguishable in the log.
2026-08-22 07:22:49 | INFO | C2, monotonicity in theta at fixed n: 3 local inversions on 144 readings, of which 0 exceed 2.0 paired standard errors. Inversions below that margin are the sampling noise of a paired proportion and are listed in the CSV rather than in a gate.
2026-08-22 07:22:49 | INFO | C2, largest inversion in n at fixed theta measured in paired standard errors: 0.63, against the margin of 2.0. Reported whether or not it reaches the margin, so that an absent inversion and a small one stay distinguishable in the log.
2026-08-22 07:22:49 | INFO | C2, monotonicity in n at fixed theta: 2 local inversions on 144 readings, of which 0 exceed 2.0 paired standard errors. Inversions below that margin are the sampling noise of a paired proportion and are listed in the CSV rather than in a gate.
2026-08-22 07:22:50 | INFO | C3 sign pattern, descriptive and NOT a gate: the empirical rate exceeds the analytic prediction at 48 of 67 amplitudes inside the domain, sign-test p = 5.216e-04 under independence, which the C4 pairing violates so the p-value understates. The local chi-square limit is an approximation from below at these horizons on a binary stream; the direction is reported and no term is added to the prediction to absorb it.
2026-08-22 07:22:50 | INFO | C3: maximum |empirical - analytic| is 0.0421 on the domain power_analytic < 0.95 (n = 2000, theta = 0.025000), against a tolerance of 0.0474 = 3 * 0.5/sqrt(1000), i.e. three standard errors of a proportion at its worst variance. Over the WHOLE grid, including the saturated region where the local chi-square limit is not justified and no tolerance is applied, the maximum is 0.0421.
2026-08-22 07:22:50 | INFO | C4 design effect at n = 8000, measured BEFORE any interval pooled over the grid: Kish 1.962 on 36000 readings, so an effective sample size of 18351. Cluster standard error 0.00362 against 0.00258 for a simple random sample, ratio 1.401. Mean correlation of the rejection indicator between two of the 21 amplitudes whose indicator varies 0.350, max 0.868. NO INTERVAL POOLED OVER THE GRID IS PUBLISHED; the per-point Wilson intervals remain valid, each resting on 1000 independent streams.
2026-08-22 07:22:50 | INFO | Detectable amplitude at n = 2000: theta_80 = 0.051145 by grid interpolation and 0.050921 by brentq on the analytic expression, a relative gap of +0.4400%; rho_80 = 2*theta_80 = 0.102290 (analytic 0.101842). Cluster-bootstrap 95% interval on theta_80 [0.049610, 0.052492], resampling whole stream indices so that the C4 pairing across the grid is preserved; it covers the analytic root: True. Of that gap, +0.0133% is the bias of the interpolator itself, measured by running it on the analytic curve over the same grid, and the remainder is Monte-Carlo error.
2026-08-22 07:22:50 | INFO | Detectable amplitude at n = 8000: theta_80 = 0.025297 by grid interpolation and 0.025560 by brentq on the analytic expression, a relative gap of -1.0285%; rho_80 = 2*theta_80 = 0.050594 (analytic 0.051120). Cluster-bootstrap 95% interval on theta_80 [0.024685, 0.025916], resampling whole stream indices so that the C4 pairing across the grid is preserved; it covers the analytic root: True. Of that gap, +0.3507% is the bias of the interpolator itself, measured by running it on the analytic curve over the same grid, and the remainder is Monte-Carlo error.
2026-08-22 07:22:50 | INFO | Detectable amplitude at n = 32000: theta_80 = 0.013226 by grid interpolation and 0.012793 by brentq on the analytic expression, a relative gap of +3.3904%; rho_80 = 2*theta_80 = 0.026453 (analytic 0.025585). Cluster-bootstrap 95% interval on theta_80 [0.012956, 0.013490], resampling whole stream indices so that the C4 pairing across the grid is preserved; it covers the analytic root: False. Of that gap, +0.5089% is the bias of the interpolator itself, measured by running it on the analytic curve over the same grid, and the remainder is Monte-Carlo error.
2026-08-22 07:22:50 | INFO | Detectable amplitude at n = 128000: theta_80 = 0.006348 by grid interpolation and 0.006398 by brentq on the analytic expression, a relative gap of -0.7857%; rho_80 = 2*theta_80 = 0.012695 (analytic 0.012796). Cluster-bootstrap 95% interval on theta_80 [0.006220, 0.006471], resampling whole stream indices so that the C4 pairing across the grid is preserved; it covers the analytic root: True. Of that gap, +0.4678% is the bias of the interpolator itself, measured by running it on the analytic curve over the same grid, and the remainder is Monte-Carlo error.
2026-08-22 07:22:50 | INFO | Interpolation bias of the amplitude grid, isolated from any Monte-Carlo term by running the interpolator on the analytic curve: at most 0.5089% over the four horizons, against a bootstrap half-width on theta_80 of 2.8299% in relative terms. The grid resolution rests on that ordering and it holds.
2026-08-22 07:22:50 | WARNING | FINDING: the cluster-bootstrap interval on theta_80 does not cover the analytic root at n = [32000]. Four intervals at 95% miss at least once with probability 0.1855 under their own null, so the event is unremarkable in itself; it is recorded because the point estimate and the analytic root are then two different statements about the same quantity, and docs/sections/R18.md reports both. No draw, grid or tolerance is touched (preamble S4.7). The macro file carries the grid estimate, the analytic root and the bootstrap interval as three separate values, so that a reader is never handed one in place of another.
2026-08-22 07:22:50 | INFO | The non-centrality at 80% power is a constant of the test and not of the horizon: ['20.9608', '20.9608', '20.9608', '20.9608'], which is why theta_80 follows an n^{-1/2} law. Ratios of consecutive analytic theta_80 against the predicted 0.5: 0.5020, 0.5005, 0.5001.
2026-08-22 07:22:50 | INFO | Attainable penalty floor at alpha = 0.08: 1 + 2*alpha/(1-alpha) = 1.1739130434782608. Arm (b) inherits R11's 20-point target grid, whose first target 1.0 lies below it; Gamma_target, Gamma_realised and attainable are carried as three distinct columns and the finding itself is docs/DEVIATIONS.md `R11-gamma-grid-floor`, cited rather than restated.
2026-08-22 07:23:01 | INFO | Arm classifier_error, Gamma target 1 (realised 1.000000, attainable True): pooled lag-1 autocorrelation +0.000214 [-0.000460, +0.000872], |rho|/rho_80 = 0.0042, Ljung-Box rejection 39/1000 = 0.039 [0.029, 0.053], analytic power of the instrument at that autocorrelation 0.0500 [0.0500, 0.0501].
2026-08-22 07:23:11 | INFO | Arm classifier_error, Gamma target 2 (realised 2.000000, attainable True): pooled lag-1 autocorrelation -0.000029 [-0.000692, +0.000692], |rho|/rho_80 = 0.0006, Ljung-Box rejection 53/1000 = 0.053 [0.041, 0.069], analytic power of the instrument at that autocorrelation 0.0500 [0.0500, 0.0501].
2026-08-22 07:23:21 | INFO | Arm classifier_error, Gamma target 5 (realised 5.000000, attainable True): pooled lag-1 autocorrelation -0.000297 [-0.000999, +0.000382], |rho|/rho_80 = 0.0058, Ljung-Box rejection 48/1000 = 0.048 [0.036, 0.063], analytic power of the instrument at that autocorrelation 0.0500 [0.0500, 0.0502].
2026-08-22 07:23:31 | INFO | Arm classifier_error, Gamma target 8.16 (realised 8.160000, attainable True): pooled lag-1 autocorrelation -0.000566 [-0.001266, +0.000139], |rho|/rho_80 = 0.0111, Ljung-Box rejection 48/1000 = 0.048 [0.036, 0.063], analytic power of the instrument at that autocorrelation 0.0500 [0.0500, 0.0502].
2026-08-22 07:23:41 | INFO | Arm classifier_error, Gamma target 11.58 (realised 11.580000, attainable True): pooled lag-1 autocorrelation +0.000268 [-0.000473, +0.000995], |rho|/rho_80 = 0.0052, Ljung-Box rejection 63/1000 = 0.063 [0.050, 0.080], analytic power of the instrument at that autocorrelation 0.0500 [0.0500, 0.0502].
2026-08-22 07:23:51 | INFO | Arm classifier_error, Gamma target 20 (realised 20.000000, attainable True): pooled lag-1 autocorrelation -0.000040 [-0.000763, +0.000705], |rho|/rho_80 = 0.0008, Ljung-Box rejection 56/1000 = 0.056 [0.043, 0.072], analytic power of the instrument at that autocorrelation 0.0500 [0.0500, 0.0501].
2026-08-22 07:24:01 | INFO | Arm classifier_error, Gamma target 30.85 (realised 30.850000, attainable True): pooled lag-1 autocorrelation +0.000818 [+0.000160, +0.001506], |rho|/rho_80 = 0.0160, Ljung-Box rejection 54/1000 = 0.054 [0.042, 0.070], analytic power of the instrument at that autocorrelation 0.0501 [0.0500, 0.0503].
2026-08-22 07:24:11 | INFO | Arm classifier_error, Gamma target 41 (realised 41.000000, attainable True): pooled lag-1 autocorrelation +0.000128 [-0.000588, +0.000848], |rho|/rho_80 = 0.0025, Ljung-Box rejection 58/1000 = 0.058 [0.045, 0.074], analytic power of the instrument at that autocorrelation 0.0500 [0.0500, 0.0501].
2026-08-22 07:24:21 | INFO | Arm classifier_error, Gamma target 60 (realised 60.000000, attainable True): pooled lag-1 autocorrelation -0.000439 [-0.001079, +0.000262], |rho|/rho_80 = 0.0086, Ljung-Box rejection 55/1000 = 0.055 [0.042, 0.071], analytic power of the instrument at that autocorrelation 0.0500 [0.0500, 0.0502].
2026-08-22 07:24:31 | INFO | Arm classifier_error, Gamma target 90 (realised 90.000000, attainable True): pooled lag-1 autocorrelation -0.000050 [-0.000716, +0.000626], |rho|/rho_80 = 0.0010, Ljung-Box rejection 52/1000 = 0.052 [0.040, 0.068], analytic power of the instrument at that autocorrelation 0.0500 [0.0500, 0.0501].
2026-08-22 07:24:42 | INFO | Arm classifier_error, Gamma target 120 (realised 120.000000, attainable True): pooled lag-1 autocorrelation +0.000227 [-0.000451, +0.000940], |rho|/rho_80 = 0.0044, Ljung-Box rejection 55/1000 = 0.055 [0.042, 0.071], analytic power of the instrument at that autocorrelation 0.0500 [0.0500, 0.0501].
2026-08-22 07:24:52 | INFO | Arm classifier_error, Gamma target 160 (realised 160.000000, attainable True): pooled lag-1 autocorrelation +0.000076 [-0.000631, +0.000773], |rho|/rho_80 = 0.0015, Ljung-Box rejection 57/1000 = 0.057 [0.044, 0.073], analytic power of the instrument at that autocorrelation 0.0500 [0.0500, 0.0501].
2026-08-22 07:25:02 | INFO | Arm classifier_error, Gamma target 200 (realised 200.000000, attainable True): pooled lag-1 autocorrelation -0.000077 [-0.000761, +0.000644], |rho|/rho_80 = 0.0015, Ljung-Box rejection 56/1000 = 0.056 [0.043, 0.072], analytic power of the instrument at that autocorrelation 0.0500 [0.0500, 0.0501].
2026-08-22 07:25:02 | INFO | Arm classifier_error elapsed 131.4s over 13000 streams of 8000 steps.
2026-08-22 07:25:03 | INFO | Arm raw_sign, Gamma target 1.0 (realised 1.173913, attainable False): pooled lag-1 autocorrelation +0.000010 [-0.000654, +0.000694], |rho|/rho_80 = 0.0002, Ljung-Box rejection 36/1000 = 0.036 [0.026, 0.049], analytic power of the instrument at that autocorrelation 0.0500 [0.0500, 0.0501].
2026-08-22 07:25:04 | INFO | Arm raw_sign, Gamma target 6.444444444444445 (realised 6.444444, attainable True): pooled lag-1 autocorrelation +0.000350 [-0.000343, +0.001032], |rho|/rho_80 = 0.0068, Ljung-Box rejection 52/1000 = 0.052 [0.040, 0.068], analytic power of the instrument at that autocorrelation 0.0500 [0.0500, 0.0502].
2026-08-22 07:25:05 | INFO | Arm raw_sign, Gamma target 11.88888888888889 (realised 11.888889, attainable True): pooled lag-1 autocorrelation -0.000474 [-0.001129, +0.000207], |rho|/rho_80 = 0.0093, Ljung-Box rejection 56/1000 = 0.056 [0.043, 0.072], analytic power of the instrument at that autocorrelation 0.0500 [0.0500, 0.0502].
2026-08-22 07:25:06 | INFO | Arm raw_sign, Gamma target 17.333333333333336 (realised 17.333333, attainable True): pooled lag-1 autocorrelation -0.000056 [-0.000764, +0.000591], |rho|/rho_80 = 0.0011, Ljung-Box rejection 56/1000 = 0.056 [0.043, 0.072], analytic power of the instrument at that autocorrelation 0.0500 [0.0500, 0.0501].
2026-08-22 07:25:07 | INFO | Arm raw_sign, Gamma target 22.77777777777778 (realised 22.777778, attainable True): pooled lag-1 autocorrelation -0.000515 [-0.001205, +0.000218], |rho|/rho_80 = 0.0101, Ljung-Box rejection 43/1000 = 0.043 [0.032, 0.057], analytic power of the instrument at that autocorrelation 0.0500 [0.0500, 0.0502].
2026-08-22 07:25:08 | INFO | Arm raw_sign, Gamma target 28.22222222222222 (realised 28.222222, attainable True): pooled lag-1 autocorrelation +0.000444 [-0.000273, +0.001131], |rho|/rho_80 = 0.0087, Ljung-Box rejection 44/1000 = 0.044 [0.033, 0.059], analytic power of the instrument at that autocorrelation 0.0500 [0.0500, 0.0502].
2026-08-22 07:25:09 | INFO | Arm raw_sign, Gamma target 33.66666666666667 (realised 33.666667, attainable True): pooled lag-1 autocorrelation +0.000728 [-0.000025, +0.001448], |rho|/rho_80 = 0.0142, Ljung-Box rejection 58/1000 = 0.058 [0.045, 0.074], analytic power of the instrument at that autocorrelation 0.0501 [0.0500, 0.0503].
2026-08-22 07:25:10 | INFO | Arm raw_sign, Gamma target 39.111111111111114 (realised 39.111111, attainable True): pooled lag-1 autocorrelation -0.000050 [-0.000752, +0.000629], |rho|/rho_80 = 0.0010, Ljung-Box rejection 45/1000 = 0.045 [0.034, 0.060], analytic power of the instrument at that autocorrelation 0.0500 [0.0500, 0.0501].
2026-08-22 07:25:11 | INFO | Arm raw_sign, Gamma target 44.55555555555556 (realised 44.555556, attainable True): pooled lag-1 autocorrelation -0.000540 [-0.001230, +0.000132], |rho|/rho_80 = 0.0106, Ljung-Box rejection 47/1000 = 0.047 [0.036, 0.062], analytic power of the instrument at that autocorrelation 0.0500 [0.0500, 0.0502].
2026-08-22 07:25:13 | INFO | Arm raw_sign, Gamma target 50.0 (realised 50.000000, attainable True): pooled lag-1 autocorrelation +0.000334 [-0.000372, +0.001024], |rho|/rho_80 = 0.0065, Ljung-Box rejection 45/1000 = 0.045 [0.034, 0.060], analytic power of the instrument at that autocorrelation 0.0500 [0.0500, 0.0502].
2026-08-22 07:25:14 | INFO | Arm raw_sign, Gamma target 60.0 (realised 60.000000, attainable True): pooled lag-1 autocorrelation -0.000124 [-0.000793, +0.000527], |rho|/rho_80 = 0.0024, Ljung-Box rejection 54/1000 = 0.054 [0.042, 0.070], analytic power of the instrument at that autocorrelation 0.0500 [0.0500, 0.0501].
2026-08-22 07:25:15 | INFO | Arm raw_sign, Gamma target 75.55555555555556 (realised 75.555556, attainable True): pooled lag-1 autocorrelation -0.000379 [-0.001067, +0.000345], |rho|/rho_80 = 0.0074, Ljung-Box rejection 45/1000 = 0.045 [0.034, 0.060], analytic power of the instrument at that autocorrelation 0.0500 [0.0500, 0.0502].
2026-08-22 07:25:16 | INFO | Arm raw_sign, Gamma target 91.11111111111111 (realised 91.111111, attainable True): pooled lag-1 autocorrelation -0.000201 [-0.000943, +0.000486], |rho|/rho_80 = 0.0039, Ljung-Box rejection 59/1000 = 0.059 [0.046, 0.075], analytic power of the instrument at that autocorrelation 0.0500 [0.0500, 0.0501].
2026-08-22 07:25:17 | INFO | Arm raw_sign, Gamma target 106.66666666666666 (realised 106.666667, attainable True): pooled lag-1 autocorrelation -0.000350 [-0.001020, +0.000318], |rho|/rho_80 = 0.0068, Ljung-Box rejection 45/1000 = 0.045 [0.034, 0.060], analytic power of the instrument at that autocorrelation 0.0500 [0.0500, 0.0502].
2026-08-22 07:25:18 | INFO | Arm raw_sign, Gamma target 122.22222222222223 (realised 122.222222, attainable True): pooled lag-1 autocorrelation -0.000230 [-0.000953, +0.000477], |rho|/rho_80 = 0.0045, Ljung-Box rejection 72/1000 = 0.072 [0.058, 0.090], analytic power of the instrument at that autocorrelation 0.0500 [0.0500, 0.0501].
2026-08-22 07:25:19 | INFO | Arm raw_sign, Gamma target 137.77777777777777 (realised 137.777778, attainable True): pooled lag-1 autocorrelation +0.000187 [-0.000490, +0.000900], |rho|/rho_80 = 0.0037, Ljung-Box rejection 45/1000 = 0.045 [0.034, 0.060], analytic power of the instrument at that autocorrelation 0.0500 [0.0500, 0.0501].
2026-08-22 07:25:21 | INFO | Arm raw_sign, Gamma target 153.33333333333331 (realised 153.333333, attainable True): pooled lag-1 autocorrelation +0.000074 [-0.000615, +0.000760], |rho|/rho_80 = 0.0015, Ljung-Box rejection 56/1000 = 0.056 [0.043, 0.072], analytic power of the instrument at that autocorrelation 0.0500 [0.0500, 0.0501].
2026-08-22 07:25:22 | INFO | Arm raw_sign, Gamma target 168.88888888888889 (realised 168.888889, attainable True): pooled lag-1 autocorrelation -0.000017 [-0.000719, +0.000656], |rho|/rho_80 = 0.0003, Ljung-Box rejection 43/1000 = 0.043 [0.032, 0.057], analytic power of the instrument at that autocorrelation 0.0500 [0.0500, 0.0501].
2026-08-22 07:25:23 | INFO | Arm raw_sign, Gamma target 184.44444444444446 (realised 184.444444, attainable True): pooled lag-1 autocorrelation +0.000577 [-0.000098, +0.001243], |rho|/rho_80 = 0.0113, Ljung-Box rejection 49/1000 = 0.049 [0.037, 0.064], analytic power of the instrument at that autocorrelation 0.0501 [0.0500, 0.0502].
2026-08-22 07:25:24 | INFO | Arm raw_sign, Gamma target 200.0 (realised 200.000000, attainable True): pooled lag-1 autocorrelation -0.000406 [-0.001091, +0.000312], |rho|/rho_80 = 0.0079, Ljung-Box rejection 55/1000 = 0.055 [0.042, 0.071], analytic power of the instrument at that autocorrelation 0.0500 [0.0500, 0.0502].
2026-08-22 07:25:24 | INFO | Arm raw_sign elapsed 22.3s over 20000 streams of 8000 steps.
2026-08-22 07:25:24 | INFO | Application summary at n = 8000: the largest |lag-1 autocorrelation| over the 13 classifier-arm penalties is 0.000818, which is 0.0160 of rho_80 = 0.051120 and at which the instrument has analytic power 0.0501. Over the 20 sign-arm penalties the largest is 0.000728, power 0.0501. A non-rejection at those sites therefore excludes an autocorrelation above rho_80 with probability 0.8, and excludes nothing at the amplitudes measured here.
2026-08-22 07:25:24 | INFO | Cardinality check: R18_power_vs_theta = 36, R18_power_vs_horizon = 144, R18_detectable_amplitude = 4, R18_applied_to_sign_streams = 33, R18_size_at_null = 4
2026-08-22 07:25:25 | INFO | Emitted 23 macros to R18_claims.tex, prefix \REighteen per preamble S6's ordinal-in-English rule. The R18 prompt prints \REighteenth, which does not follow it and which no other stream of this repository uses; the defect is recorded in AUDIT_R18.md section 7. Every value is computed from objects in memory; no literal is hard-coded.
2026-08-22 07:25:25 | INFO | Camera-ready trigger condition of prompt section 8, evaluated on the measured arms rather than assumed: rho_80 = 0.051120 against the largest measured |rho_1| of 0.000818. Condition holds: True. A candidate is parked under docs/camera_ready_candidates/ when it holds, with the header PARKED -- do not apply.
2026-08-22 07:25:25 | INFO | ======================== ARTIFACT INTEGRITY MANIFEST ========================
2026-08-22 07:25:25 | INFO | results/R18_ljungbox_power/
2026-08-22 07:25:25 | INFO | ├── data/
2026-08-22 07:25:25 | INFO | │   ├── R18_power_vs_theta.csv              [a6396d87f0abbb5feb66f7d552a4ca4d6df710fa51ace334afe7baa9e40fc2b1]
2026-08-22 07:25:25 | INFO | │   ├── R18_power_vs_horizon.csv            [d6f9b388a3c66fa639de8afc4657eb26de0827746692df2f3bd395071927a438]
2026-08-22 07:25:25 | INFO | │   ├── R18_detectable_amplitude.csv        [765ba366e79afe696501668aa775a2bfc30fb4f9c69a3cf1d16946c9b347540a]
2026-08-22 07:25:25 | INFO | │   ├── R18_applied_to_sign_streams.csv     [4315c1467c1aec815b3064196fb23d616d0e8095f1962a467ec4312c2b54a552]
2026-08-22 07:25:25 | INFO | │   └── R18_size_at_null.csv                [38f76e7a0b97f47879869bfeb6067701254a7fe418eaafd1834e7208ead06957]
2026-08-22 07:25:25 | INFO | ├── figures/
2026-08-22 07:25:25 | INFO | │   └── figA05_ljungbox_power.png           [2651f59d05594cb0cd4607c9daba9fb8903c635d0fd8cb2e5d15bbfd4de8e366]
2026-08-22 07:25:25 | INFO | └── tables/
2026-08-22 07:25:25 | INFO |     └── R18_claims.tex                      [671faf44c05edb1f55fc132e7b89c397d11bccc09437bcf0f5ac4aaea3e26307]
2026-08-22 07:25:25 | INFO | =============================================================================
2026-08-22 07:25:25 | INFO | SHA-256 R18_power_vs_theta.csv                   : a6396d87f0abbb5feb66f7d552a4ca4d6df710fa51ace334afe7baa9e40fc2b1
2026-08-22 07:25:25 | INFO | SHA-256 R18_power_vs_horizon.csv                 : d6f9b388a3c66fa639de8afc4657eb26de0827746692df2f3bd395071927a438
2026-08-22 07:25:25 | INFO | SHA-256 R18_detectable_amplitude.csv             : 765ba366e79afe696501668aa775a2bfc30fb4f9c69a3cf1d16946c9b347540a
2026-08-22 07:25:25 | INFO | SHA-256 R18_applied_to_sign_streams.csv          : 4315c1467c1aec815b3064196fb23d616d0e8095f1962a467ec4312c2b54a552
2026-08-22 07:25:25 | INFO | SHA-256 R18_size_at_null.csv                     : 38f76e7a0b97f47879869bfeb6067701254a7fe418eaafd1834e7208ead06957
2026-08-22 07:25:25 | INFO | SHA-256 figA05_ljungbox_power.png                : 2651f59d05594cb0cd4607c9daba9fb8903c635d0fd8cb2e5d15bbfd4de8e366
2026-08-22 07:25:25 | INFO | SHA-256 R18_claims.tex                           : 671faf44c05edb1f55fc132e7b89c397d11bccc09437bcf0f5ac4aaea3e26307
2026-08-22 07:25:25 | INFO | Execution completed in 291.3s over 45000 generated streams: 1000 common-random-number streams read at 36 amplitudes x 4 horizons in two passes (129.3s for n = 128000 alone, 2.9s for the other three), 10000 for C5, 13000 classifier streams (131.4s) and 20000 sign streams (22.3s).
